[0.016s] Invoking command in '/home/swayanshree/projects/Makara-AUV-ROS2/src/build/auv_description': CMAKE_PREFIX_PATH=${CMAKE_PREFIX_PATH}:/home/swayanshree/projects/Makara-AUV-ROS2/install/makara_vision:/home/swayanshree/projects/Makara-AUV-ROS2/install/makara_serial:/home/swayanshree/projects/Makara-AUV-ROS2/install/makara_bringup:/home/swayanshree/projects/Makara-AUV-ROS2/install/hammerhead_serial:/home/swayanshree/projects/Makara-AUV-ROS2/install/data_sync:/opt/ros/jazzy DEBUGINFOD_URLS=https://debuginfod.ubuntu.com /usr/bin/cmake /home/swayanshree/projects/Makara-AUV-ROS2/src/auv_description -DCMAKE_INSTALL_PREFIX=/home/swayanshree/projects/Makara-AUV-ROS2/src/install/auv_description
[0.306s] -- The C compiler identification is GNU 13.3.0
[0.306s] -- The CXX compiler identification is GNU 13.3.0
[0.306s] -- Detecting C compiler ABI info
[0.306s] -- Detecting C compiler ABI info - done
[0.306s] -- Check for working C compiler: /usr/bin/cc - skipped
[0.306s] -- Detecting C compile features
[0.306s] -- Detecting C compile features - done
[0.306s] -- Detecting CXX compiler ABI info
[0.306s] -- Detecting CXX compiler ABI info - done
[0.306s] -- Check for working CXX compiler: /usr/bin/c++ - skipped
[0.306s] -- Detecting CXX compile features
[0.306s] -- Detecting CXX compile features - done
[0.306s] -- Found ament_cmake: 2.5.5 (/opt/ros/jazzy/share/ament_cmake/cmake)
[0.404s] -- Found Python3: /usr/bin/python3 (found version "3.12.3") found components: Interpreter 
[0.492s] -- Found ament_lint_auto: 0.17.4 (/opt/ros/jazzy/share/ament_lint_auto/cmake)
[0.586s] -- Added test 'flake8' to check Python code syntax and style conventions
[0.586s] -- Configured 'flake8' exclude dirs and/or files: 
[0.587s] -- Added test 'lint_cmake' to check CMake code style
[0.588s] -- Added test 'pep257' to check Python code against some of the docstring style conventions in PEP 257
[0.589s] -- Added test 'xmllint' to check XML markup files
[0.591s] -- Configuring done (0.6s)
[0.592s] -- Generating done (0.0s)
[0.593s] -- Build files have been written to: /home/swayanshree/projects/Makara-AUV-ROS2/src/build/auv_description
[0.598s] Invoked command in '/home/swayanshree/projects/Makara-AUV-ROS2/src/build/auv_description' returned '0': CMAKE_PREFIX_PATH=${CMAKE_PREFIX_PATH}:/home/swayanshree/projects/Makara-AUV-ROS2/install/makara_vision:/home/swayanshree/projects/Makara-AUV-ROS2/install/makara_serial:/home/swayanshree/projects/Makara-AUV-ROS2/install/makara_bringup:/home/swayanshree/projects/Makara-AUV-ROS2/install/hammerhead_serial:/home/swayanshree/projects/Makara-AUV-ROS2/install/data_sync:/opt/ros/jazzy DEBUGINFOD_URLS=https://debuginfod.ubuntu.com /usr/bin/cmake /home/swayanshree/projects/Makara-AUV-ROS2/src/auv_description -DCMAKE_INSTALL_PREFIX=/home/swayanshree/projects/Makara-AUV-ROS2/src/install/auv_description
[0.599s] Invoking command in '/home/swayanshree/projects/Makara-AUV-ROS2/src/build/auv_description': CMAKE_PREFIX_PATH=${CMAKE_PREFIX_PATH}:/home/swayanshree/projects/Makara-AUV-ROS2/install/makara_vision:/home/swayanshree/projects/Makara-AUV-ROS2/install/makara_serial:/home/swayanshree/projects/Makara-AUV-ROS2/install/makara_bringup:/home/swayanshree/projects/Makara-AUV-ROS2/install/hammerhead_serial:/home/swayanshree/projects/Makara-AUV-ROS2/install/data_sync:/opt/ros/jazzy DEBUGINFOD_URLS=https://debuginfod.ubuntu.com /usr/bin/cmake --build /home/swayanshree/projects/Makara-AUV-ROS2/src/build/auv_description -- -j16 -l16
[0.627s] Invoked command in '/home/swayanshree/projects/Makara-AUV-ROS2/src/build/auv_description' returned '0': CMAKE_PREFIX_PATH=${CMAKE_PREFIX_PATH}:/home/swayanshree/projects/Makara-AUV-ROS2/install/makara_vision:/home/swayanshree/projects/Makara-AUV-ROS2/install/makara_serial:/home/swayanshree/projects/Makara-AUV-ROS2/install/makara_bringup:/home/swayanshree/projects/Makara-AUV-ROS2/install/hammerhead_serial:/home/swayanshree/projects/Makara-AUV-ROS2/install/data_sync:/opt/ros/jazzy DEBUGINFOD_URLS=https://debuginfod.ubuntu.com /usr/bin/cmake --build /home/swayanshree/projects/Makara-AUV-ROS2/src/build/auv_description -- -j16 -l16
[0.634s] Invoking command in '/home/swayanshree/projects/Makara-AUV-ROS2/src/build/auv_description': CMAKE_PREFIX_PATH=${CMAKE_PREFIX_PATH}:/home/swayanshree/projects/Makara-AUV-ROS2/install/makara_vision:/home/swayanshree/projects/Makara-AUV-ROS2/install/makara_serial:/home/swayanshree/projects/Makara-AUV-ROS2/install/makara_bringup:/home/swayanshree/projects/Makara-AUV-ROS2/install/hammerhead_serial:/home/swayanshree/projects/Makara-AUV-ROS2/install/data_sync:/opt/ros/jazzy DEBUGINFOD_URLS=https://debuginfod.ubuntu.com /usr/bin/cmake --install /home/swayanshree/projects/Makara-AUV-ROS2/src/build/auv_description
[0.640s] -- Install configuration: ""
[0.640s] -- Installing: /home/swayanshree/projects/Makara-AUV-ROS2/src/install/auv_description/share/auv_description/launch
[0.640s] -- Installing: /home/swayanshree/projects/Makara-AUV-ROS2/src/install/auv_description/share/auv_description/launch/teleop_keyboard_launch.py
[0.640s] -- Installing: /home/swayanshree/projects/Makara-AUV-ROS2/src/install/auv_description/share/auv_description/launch/gazebo_auv_launch.py.bak
[0.640s] -- Installing: /home/swayanshree/projects/Makara-AUV-ROS2/src/install/auv_description/share/auv_description/launch/gazebo_auv_launch.py
[0.640s] -- Installing: /home/swayanshree/projects/Makara-AUV-ROS2/src/install/auv_description/share/auv_description/urdf
[0.640s] -- Installing: /home/swayanshree/projects/Makara-AUV-ROS2/src/install/auv_description/share/auv_description/urdf/auv.urdf.xacro
[0.640s] -- Installing: /home/swayanshree/projects/Makara-AUV-ROS2/src/install/auv_description/share/auv_description/worlds
[0.640s] -- Installing: /home/swayanshree/projects/Makara-AUV-ROS2/src/install/auv_description/share/auv_description/worlds/pool.world
[0.640s] -- Installing: /home/swayanshree/projects/Makara-AUV-ROS2/src/install/auv_description/lib/auv_description/thruster_mixer.py
[0.640s] -- Installing: /home/swayanshree/projects/Makara-AUV-ROS2/src/install/auv_description/lib/auv_description/sim_bridge.py
[0.640s] -- Installing: /home/swayanshree/projects/Makara-AUV-ROS2/src/install/auv_description/lib/auv_description/setpoint_publisher.py
[0.640s] -- Installing: /home/swayanshree/projects/Makara-AUV-ROS2/src/install/auv_description/lib/auv_description/pid_publisher.py
[0.640s] -- Installing: /home/swayanshree/projects/Makara-AUV-ROS2/src/install/auv_description/lib/auv_description/makara_gui.py
[0.641s] -- Installing: /home/swayanshree/projects/Makara-AUV-ROS2/src/install/auv_description/share/ament_index/resource_index/package_run_dependencies/auv_description
[0.641s] -- Installing: /home/swayanshree/projects/Makara-AUV-ROS2/src/install/auv_description/share/ament_index/resource_index/parent_prefix_path/auv_description
[0.641s] -- Installing: /home/swayanshree/projects/Makara-AUV-ROS2/src/install/auv_description/share/auv_description/environment/ament_prefix_path.sh
[0.641s] -- Installing: /home/swayanshree/projects/Makara-AUV-ROS2/src/install/auv_description/share/auv_description/environment/ament_prefix_path.dsv
[0.641s] -- Installing: /home/swayanshree/projects/Makara-AUV-ROS2/src/install/auv_description/share/auv_description/environment/path.sh
[0.641s] -- Installing: /home/swayanshree/projects/Makara-AUV-ROS2/src/install/auv_description/share/auv_description/environment/path.dsv
[0.641s] -- Installing: /home/swayanshree/projects/Makara-AUV-ROS2/src/install/auv_description/share/auv_description/local_setup.bash
[0.641s] -- Installing: /home/swayanshree/projects/Makara-AUV-ROS2/src/install/auv_description/share/auv_description/local_setup.sh
[0.641s] -- Installing: /home/swayanshree/projects/Makara-AUV-ROS2/src/install/auv_description/share/auv_description/local_setup.zsh
[0.641s] -- Installing: /home/swayanshree/projects/Makara-AUV-ROS2/src/install/auv_description/share/auv_description/local_setup.dsv
[0.641s] -- Installing: /home/swayanshree/projects/Makara-AUV-ROS2/src/install/auv_description/share/auv_description/package.dsv
[0.641s] -- Installing: /home/swayanshree/projects/Makara-AUV-ROS2/src/install/auv_description/share/ament_index/resource_index/packages/auv_description
[0.641s] -- Installing: /home/swayanshree/projects/Makara-AUV-ROS2/src/install/auv_description/share/auv_description/cmake/auv_descriptionConfig.cmake
[0.641s] -- Installing: /home/swayanshree/projects/Makara-AUV-ROS2/src/install/auv_description/share/auv_description/cmake/auv_descriptionConfig-version.cmake
[0.641s] -- Installing: /home/swayanshree/projects/Makara-AUV-ROS2/src/install/auv_description/share/auv_description/package.xml
[0.642s] Invoked command in '/home/swayanshree/projects/Makara-AUV-ROS2/src/build/auv_description' returned '0': CMAKE_PREFIX_PATH=${CMAKE_PREFIX_PATH}:/home/swayanshree/projects/Makara-AUV-ROS2/install/makara_vision:/home/swayanshree/projects/Makara-AUV-ROS2/install/makara_serial:/home/swayanshree/projects/Makara-AUV-ROS2/install/makara_bringup:/home/swayanshree/projects/Makara-AUV-ROS2/install/hammerhead_serial:/home/swayanshree/projects/Makara-AUV-ROS2/install/data_sync:/opt/ros/jazzy DEBUGINFOD_URLS=https://debuginfod.ubuntu.com /usr/bin/cmake --install /home/swayanshree/projects/Makara-AUV-ROS2/src/build/auv_description
