[0.027s] Invoking command in '/home/swayanshree/projects/Makara-AUV-ROS2/build/hammerhead_interfaces': CMAKE_PREFIX_PATH=${CMAKE_PREFIX_PATH}:/home/swayanshree/projects/Makara-AUV-ROS2/install/uuv_simulator:/home/swayanshree/projects/Makara-AUV-ROS2/install/makara_serial:/home/swayanshree/projects/Makara-AUV-ROS2/install/hammerhead_serial:/home/swayanshree/projects/Makara-AUV-ROS2/install/data_sync:/home/swayanshree/projects/Makara-AUV-ROS2/install/makara_vision:/home/swayanshree/projects/Makara-AUV-ROS2/install/makara_bringup:/opt/ros/jazzy DEBUGINFOD_URLS=https://debuginfod.ubuntu.com /usr/bin/cmake /home/swayanshree/projects/Makara-AUV-ROS2/src/hammerhead_interfaces -DCMAKE_INSTALL_PREFIX=/home/swayanshree/projects/Makara-AUV-ROS2/install/hammerhead_interfaces
[0.720s] -- The C compiler identification is GNU 13.3.0
[0.720s] -- The CXX compiler identification is GNU 13.3.0
[0.720s] -- Detecting C compiler ABI info
[0.720s] -- Detecting C compiler ABI info - done
[0.721s] -- Check for working C compiler: /usr/bin/cc - skipped
[0.721s] -- Detecting C compile features
[0.721s] -- Detecting C compile features - done
[0.721s] -- Detecting CXX compiler ABI info
[0.721s] -- Detecting CXX compiler ABI info - done
[0.721s] -- Check for working CXX compiler: /usr/bin/c++ - skipped
[0.721s] -- Detecting CXX compile features
[0.721s] -- Detecting CXX compile features - done
[0.721s] -- Found ament_cmake: 2.5.5 (/opt/ros/jazzy/share/ament_cmake/cmake)
[0.721s] -- Found Python3: /usr/bin/python3 (found version "3.12.3") found components: Interpreter 
[0.721s] -- Found rosidl_default_generators: 1.6.0 (/opt/ros/jazzy/share/rosidl_default_generators/cmake)
[0.721s] -- Using all available rosidl_typesupport_c: rosidl_typesupport_fastrtps_c;rosidl_typesupport_introspection_c
[0.721s] -- Using all available rosidl_typesupport_cpp: rosidl_typesupport_fastrtps_cpp;rosidl_typesupport_introspection_cpp
[0.721s] -- Found rosidl_adapter: 4.6.7 (/opt/ros/jazzy/share/rosidl_adapter/cmake)
[0.721s] -- Found std_msgs: 5.3.6 (/opt/ros/jazzy/share/std_msgs/cmake)
[1.021s] -- Found ament_cmake_ros: 0.12.0 (/opt/ros/jazzy/share/ament_cmake_ros/cmake)
[1.438s] -- Using all available rosidl_typesupport_c: rosidl_typesupport_fastrtps_c;rosidl_typesupport_introspection_c
[1.908s] -- Using all available rosidl_typesupport_cpp: rosidl_typesupport_fastrtps_cpp;rosidl_typesupport_introspection_cpp
[1.910s] -- Found python_cmake_module: 0.11.1 (/opt/ros/jazzy/share/python_cmake_module/cmake)
[2.017s] -- Found PythonExtra: /usr/bin/python3  
[2.444s] -- Found Python3: /usr/bin/python3 (found version "3.12.3") found components: Interpreter Development NumPy Development.Module Development.Embed 
[2.478s] -- Configuring done (2.4s)
[2.508s] -- Generating done (0.0s)
[2.516s] -- Build files have been written to: /home/swayanshree/projects/Makara-AUV-ROS2/build/hammerhead_interfaces
[2.521s] Invoked command in '/home/swayanshree/projects/Makara-AUV-ROS2/build/hammerhead_interfaces' returned '0': CMAKE_PREFIX_PATH=${CMAKE_PREFIX_PATH}:/home/swayanshree/projects/Makara-AUV-ROS2/install/uuv_simulator:/home/swayanshree/projects/Makara-AUV-ROS2/install/makara_serial:/home/swayanshree/projects/Makara-AUV-ROS2/install/hammerhead_serial:/home/swayanshree/projects/Makara-AUV-ROS2/install/data_sync:/home/swayanshree/projects/Makara-AUV-ROS2/install/makara_vision:/home/swayanshree/projects/Makara-AUV-ROS2/install/makara_bringup:/opt/ros/jazzy DEBUGINFOD_URLS=https://debuginfod.ubuntu.com /usr/bin/cmake /home/swayanshree/projects/Makara-AUV-ROS2/src/hammerhead_interfaces -DCMAKE_INSTALL_PREFIX=/home/swayanshree/projects/Makara-AUV-ROS2/install/hammerhead_interfaces
[2.522s] Invoking command in '/home/swayanshree/projects/Makara-AUV-ROS2/build/hammerhead_interfaces': CMAKE_PREFIX_PATH=${CMAKE_PREFIX_PATH}:/home/swayanshree/projects/Makara-AUV-ROS2/install/uuv_simulator:/home/swayanshree/projects/Makara-AUV-ROS2/install/makara_serial:/home/swayanshree/projects/Makara-AUV-ROS2/install/hammerhead_serial:/home/swayanshree/projects/Makara-AUV-ROS2/install/data_sync:/home/swayanshree/projects/Makara-AUV-ROS2/install/makara_vision:/home/swayanshree/projects/Makara-AUV-ROS2/install/makara_bringup:/opt/ros/jazzy DEBUGINFOD_URLS=https://debuginfod.ubuntu.com /usr/bin/cmake --build /home/swayanshree/projects/Makara-AUV-ROS2/build/hammerhead_interfaces -- -j16 -l16
[2.568s] [  1%] [34m[1mGenerating type hashes for ROS interfaces[0m
[2.571s] [  1%] Built target ament_cmake_python_copy_hammerhead_interfaces
[2.703s] running egg_info
[2.704s] creating hammerhead_interfaces.egg-info
[2.714s] writing hammerhead_interfaces.egg-info/PKG-INFO
[2.714s] writing dependency_links to hammerhead_interfaces.egg-info/dependency_links.txt
[2.714s] writing top-level names to hammerhead_interfaces.egg-info/top_level.txt
[2.715s] writing manifest file 'hammerhead_interfaces.egg-info/SOURCES.txt'
[2.745s] reading manifest file 'hammerhead_interfaces.egg-info/SOURCES.txt'
[2.745s] writing manifest file 'hammerhead_interfaces.egg-info/SOURCES.txt'
[2.764s] [  1%] Built target ament_cmake_python_build_hammerhead_interfaces_egg
[2.773s] [  1%] Built target hammerhead_interfaces__rosidl_generator_type_description
[2.783s] [  2%] [34m[1mGenerating C code for ROS interfaces[0m
[2.793s] [  2%] [34m[1mGenerating C++ code for ROS interfaces[0m
[3.218s] [  2%] Built target hammerhead_interfaces__cpp
[3.295s] [  2%] [32mBuilding C object CMakeFiles/hammerhead_interfaces__rosidl_generator_c.dir/rosidl_generator_c/hammerhead_interfaces/msg/detail/depth__type_support.c.o[0m
[3.295s] [  4%] [32mBuilding C object CMakeFiles/hammerhead_interfaces__rosidl_generator_c.dir/rosidl_generator_c/hammerhead_interfaces/msg/detail/depth__functions.c.o[0m
[3.296s] [  4%] [32mBuilding C object CMakeFiles/hammerhead_interfaces__rosidl_generator_c.dir/rosidl_generator_c/hammerhead_interfaces/msg/detail/combined__functions.c.o[0m
[3.296s] [  4%] [32mBuilding C object CMakeFiles/hammerhead_interfaces__rosidl_generator_c.dir/rosidl_generator_c/hammerhead_interfaces/msg/detail/battery_status__functions.c.o[0m
[3.296s] [  4%] [32mBuilding C object CMakeFiles/hammerhead_interfaces__rosidl_generator_c.dir/rosidl_generator_c/hammerhead_interfaces/msg/detail/battery_status__description.c.o[0m
[3.296s] [  5%] [32mBuilding C object CMakeFiles/hammerhead_interfaces__rosidl_generator_c.dir/rosidl_generator_c/hammerhead_interfaces/msg/detail/combined__description.c.o[0m
[3.296s] [  6%] [32mBuilding C object CMakeFiles/hammerhead_interfaces__rosidl_generator_c.dir/rosidl_generator_c/hammerhead_interfaces/msg/detail/ins_vel__description.c.o[0m
[3.296s] [  7%] [32mBuilding C object CMakeFiles/hammerhead_interfaces__rosidl_generator_c.dir/rosidl_generator_c/hammerhead_interfaces/msg/detail/ins_vel__type_support.c.o[0m
[3.296s] [  7%] [32mBuilding C object CMakeFiles/hammerhead_interfaces__rosidl_generator_c.dir/rosidl_generator_c/hammerhead_interfaces/msg/detail/move_cmd__description.c.o[0m
[3.296s] [  8%] [32mBuilding C object CMakeFiles/hammerhead_interfaces__rosidl_generator_c.dir/rosidl_generator_c/hammerhead_interfaces/msg/detail/depth__description.c.o[0m
[3.296s] [  9%] [32mBuilding C object CMakeFiles/hammerhead_interfaces__rosidl_generator_c.dir/rosidl_generator_c/hammerhead_interfaces/msg/detail/ins_vel__functions.c.o[0m
[3.296s] [ 10%] [32mBuilding C object CMakeFiles/hammerhead_interfaces__rosidl_generator_c.dir/rosidl_generator_c/hammerhead_interfaces/msg/detail/battery_status__type_support.c.o[0m
[3.300s] [ 11%] [32mBuilding C object CMakeFiles/hammerhead_interfaces__rosidl_generator_c.dir/rosidl_generator_c/hammerhead_interfaces/msg/detail/combined__type_support.c.o[0m
[3.300s] [ 12%] [32mBuilding C object CMakeFiles/hammerhead_interfaces__rosidl_generator_c.dir/rosidl_generator_c/hammerhead_interfaces/msg/detail/move_cmd__functions.c.o[0m
[3.302s] [ 13%] [32mBuilding C object CMakeFiles/hammerhead_interfaces__rosidl_generator_c.dir/rosidl_generator_c/hammerhead_interfaces/msg/detail/move_cmds__description.c.o[0m
[3.308s] [ 14%] [32mBuilding C object CMakeFiles/hammerhead_interfaces__rosidl_generator_c.dir/rosidl_generator_c/hammerhead_interfaces/msg/detail/move_cmd__type_support.c.o[0m
[3.327s] [ 14%] [32mBuilding C object CMakeFiles/hammerhead_interfaces__rosidl_generator_c.dir/rosidl_generator_c/hammerhead_interfaces/msg/detail/move_cmds__functions.c.o[0m
[3.330s] [ 15%] [32mBuilding C object CMakeFiles/hammerhead_interfaces__rosidl_generator_c.dir/rosidl_generator_c/hammerhead_interfaces/msg/detail/move_cmds__type_support.c.o[0m
[3.331s] [ 16%] [32mBuilding C object CMakeFiles/hammerhead_interfaces__rosidl_generator_c.dir/rosidl_generator_c/hammerhead_interfaces/msg/detail/pid__functions.c.o[0m
[3.331s] [ 17%] [32mBuilding C object CMakeFiles/hammerhead_interfaces__rosidl_generator_c.dir/rosidl_generator_c/hammerhead_interfaces/msg/detail/pid__description.c.o[0m
[3.336s] [ 17%] [32mBuilding C object CMakeFiles/hammerhead_interfaces__rosidl_generator_c.dir/rosidl_generator_c/hammerhead_interfaces/msg/detail/pid__type_support.c.o[0m
[3.336s] [ 18%] [32mBuilding C object CMakeFiles/hammerhead_interfaces__rosidl_generator_c.dir/rosidl_generator_c/hammerhead_interfaces/msg/detail/position__description.c.o[0m
[3.349s] [ 18%] [32mBuilding C object CMakeFiles/hammerhead_interfaces__rosidl_generator_c.dir/rosidl_generator_c/hammerhead_interfaces/msg/detail/setpoint__description.c.o[0m
[3.350s] [ 20%] [32mBuilding C object CMakeFiles/hammerhead_interfaces__rosidl_generator_c.dir/rosidl_generator_c/hammerhead_interfaces/msg/detail/setpoint__functions.c.o[0m
[3.350s] [ 20%] [32mBuilding C object CMakeFiles/hammerhead_interfaces__rosidl_generator_c.dir/rosidl_generator_c/hammerhead_interfaces/msg/detail/setpoint__type_support.c.o[0m
[3.365s] [ 21%] [32mBuilding C object CMakeFiles/hammerhead_interfaces__rosidl_generator_c.dir/rosidl_generator_c/hammerhead_interfaces/msg/detail/position__functions.c.o[0m
[3.365s] [ 21%] [32mBuilding C object CMakeFiles/hammerhead_interfaces__rosidl_generator_c.dir/rosidl_generator_c/hammerhead_interfaces/msg/detail/thruster_speeds__functions.c.o[0m
[3.366s] [ 22%] [32mBuilding C object CMakeFiles/hammerhead_interfaces__rosidl_generator_c.dir/rosidl_generator_c/hammerhead_interfaces/msg/detail/position__type_support.c.o[0m
[3.368s] [ 25%] [32mBuilding C object CMakeFiles/hammerhead_interfaces__rosidl_generator_c.dir/rosidl_generator_c/hammerhead_interfaces/msg/detail/thruster_speeds__type_support.c.o[0m
[3.369s] [ 23%] [32mBuilding C object CMakeFiles/hammerhead_interfaces__rosidl_generator_c.dir/rosidl_generator_c/hammerhead_interfaces/msg/detail/vector_nav_data__description.c.o[0m
[3.369s] [ 24%] [32mBuilding C object CMakeFiles/hammerhead_interfaces__rosidl_generator_c.dir/rosidl_generator_c/hammerhead_interfaces/msg/detail/thruster_speeds__description.c.o[0m
[3.376s] [ 26%] [32mBuilding C object CMakeFiles/hammerhead_interfaces__rosidl_generator_c.dir/rosidl_generator_c/hammerhead_interfaces/msg/detail/vector_nav_data__functions.c.o[0m
[3.381s] [ 26%] [32mBuilding C object CMakeFiles/hammerhead_interfaces__rosidl_generator_c.dir/rosidl_generator_c/hammerhead_interfaces/msg/detail/vector_nav_data__type_support.c.o[0m
[3.426s] [ 27%] [32m[1mLinking C shared library libhammerhead_interfaces__rosidl_generator_c.so[0m
[3.460s] [ 27%] Built target hammerhead_interfaces__rosidl_generator_c
[3.473s] [ 28%] [34m[1mGenerating C type support dispatch for ROS interfaces[0m
[3.473s] [ 29%] [34m[1mGenerating C++ type support for eProsima Fast-RTPS[0m
[3.480s] [ 29%] [34m[1mGenerating C++ type support dispatch for ROS interfaces[0m
[3.480s] [ 30%] [34m[1mGenerating C++ introspection for ROS interfaces[0m
[3.480s] [ 30%] [34m[1mGenerating C introspection for ROS interfaces[0m
[3.480s] [ 31%] [34m[1mGenerating C type support for eProsima Fast-RTPS[0m
[3.869s] [ 32%] [32mBuilding C object CMakeFiles/hammerhead_interfaces__rosidl_typesupport_introspection_c.dir/rosidl_typesupport_introspection_c/hammerhead_interfaces/msg/detail/battery_status__type_support.c.o[0m
[3.871s] [ 33%] [32mBuilding C object CMakeFiles/hammerhead_interfaces__rosidl_typesupport_introspection_c.dir/rosidl_typesupport_introspection_c/hammerhead_interfaces/msg/detail/combined__type_support.c.o[0m
[3.883s] [ 34%] [32mBuilding C object CMakeFiles/hammerhead_interfaces__rosidl_typesupport_introspection_c.dir/rosidl_typesupport_introspection_c/hammerhead_interfaces/msg/detail/move_cmd__type_support.c.o[0m
[3.884s] [ 35%] [32mBuilding C object CMakeFiles/hammerhead_interfaces__rosidl_typesupport_introspection_c.dir/rosidl_typesupport_introspection_c/hammerhead_interfaces/msg/detail/depth__type_support.c.o[0m
[3.889s] [ 35%] [32mBuilding C object CMakeFiles/hammerhead_interfaces__rosidl_typesupport_introspection_c.dir/rosidl_typesupport_introspection_c/hammerhead_interfaces/msg/detail/ins_vel__type_support.c.o[0m
[3.895s] [ 36%] [32mBuilding C object CMakeFiles/hammerhead_interfaces__rosidl_typesupport_introspection_c.dir/rosidl_typesupport_introspection_c/hammerhead_interfaces/msg/detail/pid__type_support.c.o[0m
[3.897s] [ 37%] [32mBuilding C object CMakeFiles/hammerhead_interfaces__rosidl_typesupport_introspection_c.dir/rosidl_typesupport_introspection_c/hammerhead_interfaces/msg/detail/move_cmds__type_support.c.o[0m
[3.912s] [ 37%] [32mBuilding C object CMakeFiles/hammerhead_interfaces__rosidl_typesupport_introspection_c.dir/rosidl_typesupport_introspection_c/hammerhead_interfaces/msg/detail/position__type_support.c.o[0m
[3.912s] [ 38%] [32mBuilding C object CMakeFiles/hammerhead_interfaces__rosidl_typesupport_introspection_c.dir/rosidl_typesupport_introspection_c/hammerhead_interfaces/msg/detail/setpoint__type_support.c.o[0m
[3.923s] [ 39%] [32mBuilding C object CMakeFiles/hammerhead_interfaces__rosidl_typesupport_introspection_c.dir/rosidl_typesupport_introspection_c/hammerhead_interfaces/msg/detail/thruster_speeds__type_support.c.o[0m
[3.927s] [ 39%] [32mBuilding CXX object CMakeFiles/hammerhead_interfaces__rosidl_typesupport_c.dir/rosidl_typesupport_c/hammerhead_interfaces/msg/battery_status__type_support.cpp.o[0m
[3.938s] [ 40%] [32mBuilding C object CMakeFiles/hammerhead_interfaces__rosidl_typesupport_introspection_c.dir/rosidl_typesupport_introspection_c/hammerhead_interfaces/msg/detail/vector_nav_data__type_support.c.o[0m
[3.942s] [ 41%] [32mBuilding CXX object CMakeFiles/hammerhead_interfaces__rosidl_typesupport_c.dir/rosidl_typesupport_c/hammerhead_interfaces/msg/combined__type_support.cpp.o[0m
[3.944s] [ 42%] [32mBuilding CXX object CMakeFiles/hammerhead_interfaces__rosidl_typesupport_introspection_cpp.dir/rosidl_typesupport_introspection_cpp/hammerhead_interfaces/msg/detail/battery_status__type_support.cpp.o[0m
[3.959s] [ 43%] [32mBuilding CXX object CMakeFiles/hammerhead_interfaces__rosidl_typesupport_introspection_cpp.dir/rosidl_typesupport_introspection_cpp/hammerhead_interfaces/msg/detail/combined__type_support.cpp.o[0m
[3.970s] [ 45%] [32mBuilding CXX object CMakeFiles/hammerhead_interfaces__rosidl_typesupport_c.dir/rosidl_typesupport_c/hammerhead_interfaces/msg/move_cmd__type_support.cpp.o[0m
[3.970s] [ 45%] [32mBuilding CXX object CMakeFiles/hammerhead_interfaces__rosidl_typesupport_cpp.dir/rosidl_typesupport_cpp/hammerhead_interfaces/msg/battery_status__type_support.cpp.o[0m
[3.971s] [ 45%] [32mBuilding CXX object CMakeFiles/hammerhead_interfaces__rosidl_typesupport_c.dir/rosidl_typesupport_c/hammerhead_interfaces/msg/ins_vel__type_support.cpp.o[0m
[3.979s] [ 46%] [32mBuilding CXX object CMakeFiles/hammerhead_interfaces__rosidl_typesupport_c.dir/rosidl_typesupport_c/hammerhead_interfaces/msg/depth__type_support.cpp.o[0m
[3.986s] [ 47%] [32mBuilding CXX object CMakeFiles/hammerhead_interfaces__rosidl_typesupport_c.dir/rosidl_typesupport_c/hammerhead_interfaces/msg/move_cmds__type_support.cpp.o[0m
[3.987s] [ 48%] [32mBuilding CXX object CMakeFiles/hammerhead_interfaces__rosidl_typesupport_cpp.dir/rosidl_typesupport_cpp/hammerhead_interfaces/msg/depth__type_support.cpp.o[0m
[3.988s] [ 49%] [32mBuilding CXX object CMakeFiles/hammerhead_interfaces__rosidl_typesupport_cpp.dir/rosidl_typesupport_cpp/hammerhead_interfaces/msg/combined__type_support.cpp.o[0m
[3.997s] [ 50%] [32mBuilding CXX object CMakeFiles/hammerhead_interfaces__rosidl_typesupport_c.dir/rosidl_typesupport_c/hammerhead_interfaces/msg/pid__type_support.cpp.o[0m
[4.002s] [ 50%] [32mBuilding CXX object CMakeFiles/hammerhead_interfaces__rosidl_typesupport_cpp.dir/rosidl_typesupport_cpp/hammerhead_interfaces/msg/ins_vel__type_support.cpp.o[0m
[4.007s] [ 51%] [32mBuilding CXX object CMakeFiles/hammerhead_interfaces__rosidl_typesupport_cpp.dir/rosidl_typesupport_cpp/hammerhead_interfaces/msg/move_cmd__type_support.cpp.o[0m
[4.026s] [ 51%] [32m[1mLinking C shared library libhammerhead_interfaces__rosidl_typesupport_introspection_c.so[0m
[4.031s] [ 52%] [32mBuilding CXX object CMakeFiles/hammerhead_interfaces__rosidl_typesupport_cpp.dir/rosidl_typesupport_cpp/hammerhead_interfaces/msg/move_cmds__type_support.cpp.o[0m
[4.048s] [ 53%] [32mBuilding CXX object CMakeFiles/hammerhead_interfaces__rosidl_typesupport_c.dir/rosidl_typesupport_c/hammerhead_interfaces/msg/position__type_support.cpp.o[0m
[4.056s] [ 53%] [32mBuilding CXX object CMakeFiles/hammerhead_interfaces__rosidl_typesupport_cpp.dir/rosidl_typesupport_cpp/hammerhead_interfaces/msg/pid__type_support.cpp.o[0m
[4.080s] [ 53%] [32mBuilding CXX object CMakeFiles/hammerhead_interfaces__rosidl_typesupport_c.dir/rosidl_typesupport_c/hammerhead_interfaces/msg/setpoint__type_support.cpp.o[0m
[4.080s] [ 54%] [32mBuilding CXX object CMakeFiles/hammerhead_interfaces__rosidl_typesupport_cpp.dir/rosidl_typesupport_cpp/hammerhead_interfaces/msg/setpoint__type_support.cpp.o[0m
[4.080s] [ 55%] [32mBuilding CXX object CMakeFiles/hammerhead_interfaces__rosidl_typesupport_cpp.dir/rosidl_typesupport_cpp/hammerhead_interfaces/msg/position__type_support.cpp.o[0m
[4.125s] [ 55%] Built target hammerhead_interfaces__rosidl_typesupport_introspection_c
[4.140s] [ 56%] [32mBuilding CXX object CMakeFiles/hammerhead_interfaces__rosidl_typesupport_cpp.dir/rosidl_typesupport_cpp/hammerhead_interfaces/msg/thruster_speeds__type_support.cpp.o[0m
[4.142s] [ 56%] [32mBuilding CXX object CMakeFiles/hammerhead_interfaces__rosidl_typesupport_introspection_cpp.dir/rosidl_typesupport_introspection_cpp/hammerhead_interfaces/msg/detail/depth__type_support.cpp.o[0m
[4.196s] [ 57%] [32mBuilding CXX object CMakeFiles/hammerhead_interfaces__rosidl_typesupport_c.dir/rosidl_typesupport_c/hammerhead_interfaces/msg/thruster_speeds__type_support.cpp.o[0m
[4.334s] [ 58%] [32mBuilding CXX object CMakeFiles/hammerhead_interfaces__rosidl_typesupport_c.dir/rosidl_typesupport_c/hammerhead_interfaces/msg/vector_nav_data__type_support.cpp.o[0m
[4.389s] [ 59%] [32mBuilding CXX object CMakeFiles/hammerhead_interfaces__rosidl_typesupport_introspection_cpp.dir/rosidl_typesupport_introspection_cpp/hammerhead_interfaces/msg/detail/ins_vel__type_support.cpp.o[0m
[4.463s] [ 60%] [32m[1mLinking CXX shared library libhammerhead_interfaces__rosidl_typesupport_c.so[0m
[4.470s] [ 61%] [32mBuilding CXX object CMakeFiles/hammerhead_interfaces__rosidl_typesupport_introspection_cpp.dir/rosidl_typesupport_introspection_cpp/hammerhead_interfaces/msg/detail/move_cmd__type_support.cpp.o[0m
[4.574s] [ 61%] [32mBuilding CXX object CMakeFiles/hammerhead_interfaces__rosidl_typesupport_cpp.dir/rosidl_typesupport_cpp/hammerhead_interfaces/msg/vector_nav_data__type_support.cpp.o[0m
[4.574s] [ 61%] Built target hammerhead_interfaces__rosidl_typesupport_c
[4.586s] [ 62%] [32mBuilding CXX object CMakeFiles/hammerhead_interfaces__rosidl_typesupport_introspection_cpp.dir/rosidl_typesupport_introspection_cpp/hammerhead_interfaces/msg/detail/move_cmds__type_support.cpp.o[0m
[4.616s] [ 62%] [32mBuilding CXX object CMakeFiles/hammerhead_interfaces__rosidl_typesupport_introspection_cpp.dir/rosidl_typesupport_introspection_cpp/hammerhead_interfaces/msg/detail/pid__type_support.cpp.o[0m
[4.703s] [ 63%] [32mBuilding CXX object CMakeFiles/hammerhead_interfaces__rosidl_typesupport_introspection_cpp.dir/rosidl_typesupport_introspection_cpp/hammerhead_interfaces/msg/detail/position__type_support.cpp.o[0m
[4.722s] [ 64%] [32mBuilding CXX object CMakeFiles/hammerhead_interfaces__rosidl_typesupport_introspection_cpp.dir/rosidl_typesupport_introspection_cpp/hammerhead_interfaces/msg/detail/setpoint__type_support.cpp.o[0m
[4.740s] [ 65%] [32mBuilding CXX object CMakeFiles/hammerhead_interfaces__rosidl_typesupport_introspection_cpp.dir/rosidl_typesupport_introspection_cpp/hammerhead_interfaces/msg/detail/thruster_speeds__type_support.cpp.o[0m
[4.797s] [ 65%] [32mBuilding CXX object CMakeFiles/hammerhead_interfaces__rosidl_typesupport_introspection_cpp.dir/rosidl_typesupport_introspection_cpp/hammerhead_interfaces/msg/detail/vector_nav_data__type_support.cpp.o[0m
[4.823s] [ 65%] [32mBuilding CXX object CMakeFiles/hammerhead_interfaces__rosidl_typesupport_fastrtps_cpp.dir/rosidl_typesupport_fastrtps_cpp/hammerhead_interfaces/msg/detail/dds_fastrtps/battery_status__type_support.cpp.o[0m
[4.830s] [ 66%] [32mBuilding CXX object CMakeFiles/hammerhead_interfaces__rosidl_typesupport_fastrtps_cpp.dir/rosidl_typesupport_fastrtps_cpp/hammerhead_interfaces/msg/detail/dds_fastrtps/combined__type_support.cpp.o[0m
[4.845s] [ 67%] [32mBuilding CXX object CMakeFiles/hammerhead_interfaces__rosidl_typesupport_fastrtps_cpp.dir/rosidl_typesupport_fastrtps_cpp/hammerhead_interfaces/msg/detail/dds_fastrtps/depth__type_support.cpp.o[0m
[4.848s] [ 68%] [32mBuilding CXX object CMakeFiles/hammerhead_interfaces__rosidl_typesupport_fastrtps_cpp.dir/rosidl_typesupport_fastrtps_cpp/hammerhead_interfaces/msg/detail/dds_fastrtps/ins_vel__type_support.cpp.o[0m
[4.875s] [ 69%] [32mBuilding CXX object CMakeFiles/hammerhead_interfaces__rosidl_typesupport_fastrtps_c.dir/rosidl_typesupport_fastrtps_c/hammerhead_interfaces/msg/detail/battery_status__type_support_c.cpp.o[0m
[4.882s] [ 69%] [32mBuilding CXX object CMakeFiles/hammerhead_interfaces__rosidl_typesupport_fastrtps_cpp.dir/rosidl_typesupport_fastrtps_cpp/hammerhead_interfaces/msg/detail/dds_fastrtps/move_cmd__type_support.cpp.o[0m
[4.896s] [ 70%] [32mBuilding CXX object CMakeFiles/hammerhead_interfaces__rosidl_typesupport_fastrtps_cpp.dir/rosidl_typesupport_fastrtps_cpp/hammerhead_interfaces/msg/detail/dds_fastrtps/move_cmds__type_support.cpp.o[0m
[5.049s] [ 70%] [32mBuilding CXX object CMakeFiles/hammerhead_interfaces__rosidl_typesupport_fastrtps_c.dir/rosidl_typesupport_fastrtps_c/hammerhead_interfaces/msg/detail/combined__type_support_c.cpp.o[0m
[5.121s] [ 71%] [32m[1mLinking CXX shared library libhammerhead_interfaces__rosidl_typesupport_cpp.so[0m
[5.235s] [ 71%] Built target hammerhead_interfaces__rosidl_typesupport_cpp
[5.259s] [ 72%] [32mBuilding CXX object CMakeFiles/hammerhead_interfaces__rosidl_typesupport_fastrtps_c.dir/rosidl_typesupport_fastrtps_c/hammerhead_interfaces/msg/detail/depth__type_support_c.cpp.o[0m
[5.341s] [ 73%] [32mBuilding CXX object CMakeFiles/hammerhead_interfaces__rosidl_typesupport_fastrtps_cpp.dir/rosidl_typesupport_fastrtps_cpp/hammerhead_interfaces/msg/detail/dds_fastrtps/pid__type_support.cpp.o[0m
[5.344s] [ 74%] [32mBuilding CXX object CMakeFiles/hammerhead_interfaces__rosidl_typesupport_fastrtps_c.dir/rosidl_typesupport_fastrtps_c/hammerhead_interfaces/msg/detail/ins_vel__type_support_c.cpp.o[0m
[5.454s] [ 75%] [32mBuilding CXX object CMakeFiles/hammerhead_interfaces__rosidl_typesupport_fastrtps_cpp.dir/rosidl_typesupport_fastrtps_cpp/hammerhead_interfaces/msg/detail/dds_fastrtps/position__type_support.cpp.o[0m
[5.557s] [ 75%] [32mBuilding CXX object CMakeFiles/hammerhead_interfaces__rosidl_typesupport_fastrtps_cpp.dir/rosidl_typesupport_fastrtps_cpp/hammerhead_interfaces/msg/detail/dds_fastrtps/setpoint__type_support.cpp.o[0m
[5.614s] [ 76%] [32mBuilding CXX object CMakeFiles/hammerhead_interfaces__rosidl_typesupport_fastrtps_c.dir/rosidl_typesupport_fastrtps_c/hammerhead_interfaces/msg/detail/move_cmd__type_support_c.cpp.o[0m
[5.649s] [ 76%] [32mBuilding CXX object CMakeFiles/hammerhead_interfaces__rosidl_typesupport_fastrtps_c.dir/rosidl_typesupport_fastrtps_c/hammerhead_interfaces/msg/detail/move_cmds__type_support_c.cpp.o[0m
[5.674s] [ 77%] [32mBuilding CXX object CMakeFiles/hammerhead_interfaces__rosidl_typesupport_fastrtps_cpp.dir/rosidl_typesupport_fastrtps_cpp/hammerhead_interfaces/msg/detail/dds_fastrtps/thruster_speeds__type_support.cpp.o[0m
[5.776s] [ 78%] [32mBuilding CXX object CMakeFiles/hammerhead_interfaces__rosidl_typesupport_fastrtps_cpp.dir/rosidl_typesupport_fastrtps_cpp/hammerhead_interfaces/msg/detail/dds_fastrtps/vector_nav_data__type_support.cpp.o[0m
[5.809s] [ 79%] [32m[1mLinking CXX shared library libhammerhead_interfaces__rosidl_typesupport_introspection_cpp.so[0m
[5.984s] [ 79%] Built target hammerhead_interfaces__rosidl_typesupport_introspection_cpp
[6.021s] [ 80%] [32mBuilding CXX object CMakeFiles/hammerhead_interfaces__rosidl_typesupport_fastrtps_c.dir/rosidl_typesupport_fastrtps_c/hammerhead_interfaces/msg/detail/position__type_support_c.cpp.o[0m
[6.026s] [ 81%] [32mBuilding CXX object CMakeFiles/hammerhead_interfaces__rosidl_typesupport_fastrtps_c.dir/rosidl_typesupport_fastrtps_c/hammerhead_interfaces/msg/detail/pid__type_support_c.cpp.o[0m
[6.037s] [ 82%] [32mBuilding CXX object CMakeFiles/hammerhead_interfaces__rosidl_typesupport_fastrtps_c.dir/rosidl_typesupport_fastrtps_c/hammerhead_interfaces/msg/detail/setpoint__type_support_c.cpp.o[0m
[6.090s] [ 82%] [32mBuilding CXX object CMakeFiles/hammerhead_interfaces__rosidl_typesupport_fastrtps_c.dir/rosidl_typesupport_fastrtps_c/hammerhead_interfaces/msg/detail/thruster_speeds__type_support_c.cpp.o[0m
[6.188s] [ 83%] [32mBuilding CXX object CMakeFiles/hammerhead_interfaces__rosidl_typesupport_fastrtps_c.dir/rosidl_typesupport_fastrtps_c/hammerhead_interfaces/msg/detail/vector_nav_data__type_support_c.cpp.o[0m
[7.024s] [ 84%] [32m[1mLinking CXX shared library libhammerhead_interfaces__rosidl_typesupport_fastrtps_cpp.so[0m
[7.152s] [ 84%] Built target hammerhead_interfaces__rosidl_typesupport_fastrtps_cpp
[7.202s] [ 85%] [32m[1mLinking CXX shared library libhammerhead_interfaces__rosidl_typesupport_fastrtps_c.so[0m
[7.244s] [ 85%] Built target hammerhead_interfaces__rosidl_typesupport_fastrtps_c
[7.259s] [ 85%] Built target hammerhead_interfaces
[7.275s] [ 86%] [34m[1mGenerating Python code for ROS interfaces[0m
[7.836s] [ 86%] Built target hammerhead_interfaces__py
[7.854s] [ 87%] [32mBuilding C object CMakeFiles/hammerhead_interfaces__rosidl_generator_py.dir/rosidl_generator_py/hammerhead_interfaces/msg/_move_cmd_s.c.o[0m
[7.855s] [ 87%] [32mBuilding C object CMakeFiles/hammerhead_interfaces__rosidl_generator_py.dir/rosidl_generator_py/hammerhead_interfaces/msg/_vector_nav_data_s.c.o[0m
[7.855s] [ 88%] [32mBuilding C object CMakeFiles/hammerhead_interfaces__rosidl_generator_py.dir/rosidl_generator_py/hammerhead_interfaces/msg/_battery_status_s.c.o[0m
[7.855s] [ 89%] [32mBuilding C object CMakeFiles/hammerhead_interfaces__rosidl_generator_py.dir/rosidl_generator_py/hammerhead_interfaces/msg/_move_cmds_s.c.o[0m
[7.856s] [ 89%] [32mBuilding C object CMakeFiles/hammerhead_interfaces__rosidl_generator_py.dir/rosidl_generator_py/hammerhead_interfaces/msg/_depth_s.c.o[0m
[7.856s] [ 90%] [32mBuilding C object CMakeFiles/hammerhead_interfaces__rosidl_generator_py.dir/rosidl_generator_py/hammerhead_interfaces/msg/_combined_s.c.o[0m
[7.856s] [ 90%] [32mBuilding C object CMakeFiles/hammerhead_interfaces__rosidl_generator_py.dir/rosidl_generator_py/hammerhead_interfaces/msg/_pid_s.c.o[0m
[7.856s] [ 91%] [32mBuilding C object CMakeFiles/hammerhead_interfaces__rosidl_generator_py.dir/rosidl_generator_py/hammerhead_interfaces/msg/_ins_vel_s.c.o[0m
[7.856s] [ 92%] [32mBuilding C object CMakeFiles/hammerhead_interfaces__rosidl_generator_py.dir/rosidl_generator_py/hammerhead_interfaces/msg/_position_s.c.o[0m
[7.857s] [ 93%] [32mBuilding C object CMakeFiles/hammerhead_interfaces__rosidl_generator_py.dir/rosidl_generator_py/hammerhead_interfaces/msg/_setpoint_s.c.o[0m
[7.858s] [ 94%] [32mBuilding C object CMakeFiles/hammerhead_interfaces__rosidl_generator_py.dir/rosidl_generator_py/hammerhead_interfaces/msg/_thruster_speeds_s.c.o[0m
[8.010s] [ 95%] [32m[1mLinking C shared library libhammerhead_interfaces__rosidl_generator_py.so[0m
[8.054s] [ 95%] Built target hammerhead_interfaces__rosidl_generator_py
[8.076s] [ 96%] [32mBuilding C object CMakeFiles/hammerhead_interfaces_s__rosidl_typesupport_introspection_c.dir/rosidl_generator_py/hammerhead_interfaces/_hammerhead_interfaces_s.ep.rosidl_typesupport_introspection_c.c.o[0m
[8.076s] [ 96%] [32mBuilding C object CMakeFiles/hammerhead_interfaces_s__rosidl_typesupport_fastrtps_c.dir/rosidl_generator_py/hammerhead_interfaces/_hammerhead_interfaces_s.ep.rosidl_typesupport_fastrtps_c.c.o[0m
[8.076s] [ 97%] [32mBuilding C object CMakeFiles/hammerhead_interfaces_s__rosidl_typesupport_c.dir/rosidl_generator_py/hammerhead_interfaces/_hammerhead_interfaces_s.ep.rosidl_typesupport_c.c.o[0m
[8.206s] [ 99%] [32m[1mLinking C shared module rosidl_generator_py/hammerhead_interfaces/hammerhead_interfaces_s__rosidl_typesupport_c.so[0m
[8.206s] [ 99%] [32m[1mLinking C shared module rosidl_generator_py/hammerhead_interfaces/hammerhead_interfaces_s__rosidl_typesupport_introspection_c.so[0m
[8.209s] [100%] [32m[1mLinking C shared module rosidl_generator_py/hammerhead_interfaces/hammerhead_interfaces_s__rosidl_typesupport_fastrtps_c.so[0m
[8.228s] [100%] Built target hammerhead_interfaces_s__rosidl_typesupport_fastrtps_c
[8.232s] [100%] Built target hammerhead_interfaces_s__rosidl_typesupport_c
[8.235s] [100%] Built target hammerhead_interfaces_s__rosidl_typesupport_introspection_c
[8.246s] Invoked command in '/home/swayanshree/projects/Makara-AUV-ROS2/build/hammerhead_interfaces' returned '0': CMAKE_PREFIX_PATH=${CMAKE_PREFIX_PATH}:/home/swayanshree/projects/Makara-AUV-ROS2/install/uuv_simulator:/home/swayanshree/projects/Makara-AUV-ROS2/install/makara_serial:/home/swayanshree/projects/Makara-AUV-ROS2/install/hammerhead_serial:/home/swayanshree/projects/Makara-AUV-ROS2/install/data_sync:/home/swayanshree/projects/Makara-AUV-ROS2/install/makara_vision:/home/swayanshree/projects/Makara-AUV-ROS2/install/makara_bringup:/opt/ros/jazzy DEBUGINFOD_URLS=https://debuginfod.ubuntu.com /usr/bin/cmake --build /home/swayanshree/projects/Makara-AUV-ROS2/build/hammerhead_interfaces -- -j16 -l16
[8.247s] Invoking command in '/home/swayanshree/projects/Makara-AUV-ROS2/build/hammerhead_interfaces': CMAKE_PREFIX_PATH=${CMAKE_PREFIX_PATH}:/home/swayanshree/projects/Makara-AUV-ROS2/install/uuv_simulator:/home/swayanshree/projects/Makara-AUV-ROS2/install/makara_serial:/home/swayanshree/projects/Makara-AUV-ROS2/install/hammerhead_serial:/home/swayanshree/projects/Makara-AUV-ROS2/install/data_sync:/home/swayanshree/projects/Makara-AUV-ROS2/install/makara_vision:/home/swayanshree/projects/Makara-AUV-ROS2/install/makara_bringup:/opt/ros/jazzy DEBUGINFOD_URLS=https://debuginfod.ubuntu.com /usr/bin/cmake --install /home/swayanshree/projects/Makara-AUV-ROS2/build/hammerhead_interfaces
[8.255s] -- Install configuration: ""
[8.256s] -- Installing: /home/swayanshree/projects/Makara-AUV-ROS2/install/hammerhead_interfaces/share/ament_index/resource_index/rosidl_interfaces/hammerhead_interfaces
[8.256s] -- Installing: /home/swayanshree/projects/Makara-AUV-ROS2/install/hammerhead_interfaces/share/hammerhead_interfaces/msg/BatteryStatus.json
[8.256s] -- Installing: /home/swayanshree/projects/Makara-AUV-ROS2/install/hammerhead_interfaces/share/hammerhead_interfaces/msg/Combined.json
[8.256s] -- Installing: /home/swayanshree/projects/Makara-AUV-ROS2/install/hammerhead_interfaces/share/hammerhead_interfaces/msg/Depth.json
[8.256s] -- Installing: /home/swayanshree/projects/Makara-AUV-ROS2/install/hammerhead_interfaces/share/hammerhead_interfaces/msg/InsVel.json
[8.256s] -- Installing: /home/swayanshree/projects/Makara-AUV-ROS2/install/hammerhead_interfaces/share/hammerhead_interfaces/msg/MoveCmd.json
[8.256s] -- Installing: /home/swayanshree/projects/Makara-AUV-ROS2/install/hammerhead_interfaces/share/hammerhead_interfaces/msg/MoveCmds.json
[8.256s] -- Installing: /home/swayanshree/projects/Makara-AUV-ROS2/install/hammerhead_interfaces/share/hammerhead_interfaces/msg/PID.json
[8.256s] -- Installing: /home/swayanshree/projects/Makara-AUV-ROS2/install/hammerhead_interfaces/share/hammerhead_interfaces/msg/Position.json
[8.257s] -- Installing: /home/swayanshree/projects/Makara-AUV-ROS2/install/hammerhead_interfaces/share/hammerhead_interfaces/msg/Setpoint.json
[8.257s] -- Installing: /home/swayanshree/projects/Makara-AUV-ROS2/install/hammerhead_interfaces/share/hammerhead_interfaces/msg/ThrusterSpeeds.json
[8.257s] -- Installing: /home/swayanshree/projects/Makara-AUV-ROS2/install/hammerhead_interfaces/share/hammerhead_interfaces/msg/VectorNavData.json
[8.257s] -- Installing: /home/swayanshree/projects/Makara-AUV-ROS2/install/hammerhead_interfaces/include/hammerhead_interfaces/hammerhead_interfaces
[8.257s] -- Installing: /home/swayanshree/projects/Makara-AUV-ROS2/install/hammerhead_interfaces/include/hammerhead_interfaces/hammerhead_interfaces/msg
[8.257s] -- Installing: /home/swayanshree/projects/Makara-AUV-ROS2/install/hammerhead_interfaces/include/hammerhead_interfaces/hammerhead_interfaces/msg/position.h
[8.257s] -- Installing: /home/swayanshree/projects/Makara-AUV-ROS2/install/hammerhead_interfaces/include/hammerhead_interfaces/hammerhead_interfaces/msg/rosidl_generator_c__visibility_control.h
[8.257s] -- Installing: /home/swayanshree/projects/Makara-AUV-ROS2/install/hammerhead_interfaces/include/hammerhead_interfaces/hammerhead_interfaces/msg/ins_vel.h
[8.257s] -- Installing: /home/swayanshree/projects/Makara-AUV-ROS2/install/hammerhead_interfaces/include/hammerhead_interfaces/hammerhead_interfaces/msg/thruster_speeds.h
[8.257s] -- Installing: /home/swayanshree/projects/Makara-AUV-ROS2/install/hammerhead_interfaces/include/hammerhead_interfaces/hammerhead_interfaces/msg/move_cmds.h
[8.257s] -- Installing: /home/swayanshree/projects/Makara-AUV-ROS2/install/hammerhead_interfaces/include/hammerhead_interfaces/hammerhead_interfaces/msg/detail
[8.257s] -- Installing: /home/swayanshree/projects/Makara-AUV-ROS2/install/hammerhead_interfaces/include/hammerhead_interfaces/hammerhead_interfaces/msg/detail/ins_vel__functions.h
[8.257s] -- Installing: /home/swayanshree/projects/Makara-AUV-ROS2/install/hammerhead_interfaces/include/hammerhead_interfaces/hammerhead_interfaces/msg/detail/thruster_speeds__type_support.c
[8.257s] -- Installing: /home/swayanshree/projects/Makara-AUV-ROS2/install/hammerhead_interfaces/include/hammerhead_interfaces/hammerhead_interfaces/msg/detail/vector_nav_data__type_support.h
[8.257s] -- Installing: /home/swayanshree/projects/Makara-AUV-ROS2/install/hammerhead_interfaces/include/hammerhead_interfaces/hammerhead_interfaces/msg/detail/ins_vel__description.c
[8.257s] -- Installing: /home/swayanshree/projects/Makara-AUV-ROS2/install/hammerhead_interfaces/include/hammerhead_interfaces/hammerhead_interfaces/msg/detail/move_cmd__type_support.h
[8.258s] -- Installing: /home/swayanshree/projects/Makara-AUV-ROS2/install/hammerhead_interfaces/include/hammerhead_interfaces/hammerhead_interfaces/msg/detail/setpoint__type_support.c
[8.258s] -- Installing: /home/swayanshree/projects/Makara-AUV-ROS2/install/hammerhead_interfaces/include/hammerhead_interfaces/hammerhead_interfaces/msg/detail/pid__description.c
[8.258s] -- Installing: /home/swayanshree/projects/Makara-AUV-ROS2/install/hammerhead_interfaces/include/hammerhead_interfaces/hammerhead_interfaces/msg/detail/vector_nav_data__type_support.c
[8.258s] -- Installing: /home/swayanshree/projects/Makara-AUV-ROS2/install/hammerhead_interfaces/include/hammerhead_interfaces/hammerhead_interfaces/msg/detail/battery_status__type_support.h
[8.258s] -- Installing: /home/swayanshree/projects/Makara-AUV-ROS2/install/hammerhead_interfaces/include/hammerhead_interfaces/hammerhead_interfaces/msg/detail/position__functions.h
[8.258s] -- Installing: /home/swayanshree/projects/Makara-AUV-ROS2/install/hammerhead_interfaces/include/hammerhead_interfaces/hammerhead_interfaces/msg/detail/combined__struct.h
[8.258s] -- Installing: /home/swayanshree/projects/Makara-AUV-ROS2/install/hammerhead_interfaces/include/hammerhead_interfaces/hammerhead_interfaces/msg/detail/thruster_speeds__struct.h
[8.258s] -- Installing: /home/swayanshree/projects/Makara-AUV-ROS2/install/hammerhead_interfaces/include/hammerhead_interfaces/hammerhead_interfaces/msg/detail/vector_nav_data__functions.h
[8.258s] -- Installing: /home/swayanshree/projects/Makara-AUV-ROS2/install/hammerhead_interfaces/include/hammerhead_interfaces/hammerhead_interfaces/msg/detail/move_cmds__type_support.c
[8.258s] -- Installing: /home/swayanshree/projects/Makara-AUV-ROS2/install/hammerhead_interfaces/include/hammerhead_interfaces/hammerhead_interfaces/msg/detail/thruster_speeds__functions.h
[8.258s] -- Installing: /home/swayanshree/projects/Makara-AUV-ROS2/install/hammerhead_interfaces/include/hammerhead_interfaces/hammerhead_interfaces/msg/detail/battery_status__type_support.c
[8.258s] -- Installing: /home/swayanshree/projects/Makara-AUV-ROS2/install/hammerhead_interfaces/include/hammerhead_interfaces/hammerhead_interfaces/msg/detail/ins_vel__type_support.c
[8.258s] -- Installing: /home/swayanshree/projects/Makara-AUV-ROS2/install/hammerhead_interfaces/include/hammerhead_interfaces/hammerhead_interfaces/msg/detail/pid__struct.h
[8.258s] -- Installing: /home/swayanshree/projects/Makara-AUV-ROS2/install/hammerhead_interfaces/include/hammerhead_interfaces/hammerhead_interfaces/msg/detail/vector_nav_data__description.c
[8.259s] -- Installing: /home/swayanshree/projects/Makara-AUV-ROS2/install/hammerhead_interfaces/include/hammerhead_interfaces/hammerhead_interfaces/msg/detail/ins_vel__type_support.h
[8.259s] -- Installing: /home/swayanshree/projects/Makara-AUV-ROS2/install/hammerhead_interfaces/include/hammerhead_interfaces/hammerhead_interfaces/msg/detail/ins_vel__struct.h
[8.259s] -- Installing: /home/swayanshree/projects/Makara-AUV-ROS2/install/hammerhead_interfaces/include/hammerhead_interfaces/hammerhead_interfaces/msg/detail/setpoint__functions.c
[8.259s] -- Installing: /home/swayanshree/projects/Makara-AUV-ROS2/install/hammerhead_interfaces/include/hammerhead_interfaces/hammerhead_interfaces/msg/detail/setpoint__type_support.h
[8.259s] -- Installing: /home/swayanshree/projects/Makara-AUV-ROS2/install/hammerhead_interfaces/include/hammerhead_interfaces/hammerhead_interfaces/msg/detail/battery_status__functions.h
[8.259s] -- Installing: /home/swayanshree/projects/Makara-AUV-ROS2/install/hammerhead_interfaces/include/hammerhead_interfaces/hammerhead_interfaces/msg/detail/position__description.c
[8.259s] -- Installing: /home/swayanshree/projects/Makara-AUV-ROS2/install/hammerhead_interfaces/include/hammerhead_interfaces/hammerhead_interfaces/msg/detail/thruster_speeds__type_support.h
[8.259s] -- Installing: /home/swayanshree/projects/Makara-AUV-ROS2/install/hammerhead_interfaces/include/hammerhead_interfaces/hammerhead_interfaces/msg/detail/battery_status__description.c
[8.259s] -- Installing: /home/swayanshree/projects/Makara-AUV-ROS2/install/hammerhead_interfaces/include/hammerhead_interfaces/hammerhead_interfaces/msg/detail/combined__functions.c
[8.259s] -- Installing: /home/swayanshree/projects/Makara-AUV-ROS2/install/hammerhead_interfaces/include/hammerhead_interfaces/hammerhead_interfaces/msg/detail/move_cmd__functions.h
[8.260s] -- Installing: /home/swayanshree/projects/Makara-AUV-ROS2/install/hammerhead_interfaces/include/hammerhead_interfaces/hammerhead_interfaces/msg/detail/vector_nav_data__struct.h
[8.260s] -- Installing: /home/swayanshree/projects/Makara-AUV-ROS2/install/hammerhead_interfaces/include/hammerhead_interfaces/hammerhead_interfaces/msg/detail/combined__type_support.h
[8.260s] -- Installing: /home/swayanshree/projects/Makara-AUV-ROS2/install/hammerhead_interfaces/include/hammerhead_interfaces/hammerhead_interfaces/msg/detail/depth__functions.c
[8.260s] -- Installing: /home/swayanshree/projects/Makara-AUV-ROS2/install/hammerhead_interfaces/include/hammerhead_interfaces/hammerhead_interfaces/msg/detail/combined__description.c
[8.260s] -- Installing: /home/swayanshree/projects/Makara-AUV-ROS2/install/hammerhead_interfaces/include/hammerhead_interfaces/hammerhead_interfaces/msg/detail/thruster_speeds__functions.c
[8.260s] -- Installing: /home/swayanshree/projects/Makara-AUV-ROS2/install/hammerhead_interfaces/include/hammerhead_interfaces/hammerhead_interfaces/msg/detail/move_cmds__description.c
[8.260s] -- Installing: /home/swayanshree/projects/Makara-AUV-ROS2/install/hammerhead_interfaces/include/hammerhead_interfaces/hammerhead_interfaces/msg/detail/move_cmd__struct.h
[8.260s] -- Installing: /home/swayanshree/projects/Makara-AUV-ROS2/install/hammerhead_interfaces/include/hammerhead_interfaces/hammerhead_interfaces/msg/detail/position__type_support.c
[8.260s] -- Installing: /home/swayanshree/projects/Makara-AUV-ROS2/install/hammerhead_interfaces/include/hammerhead_interfaces/hammerhead_interfaces/msg/detail/move_cmds__struct.h
[8.260s] -- Installing: /home/swayanshree/projects/Makara-AUV-ROS2/install/hammerhead_interfaces/include/hammerhead_interfaces/hammerhead_interfaces/msg/detail/depth__description.c
[8.260s] -- Installing: /home/swayanshree/projects/Makara-AUV-ROS2/install/hammerhead_interfaces/include/hammerhead_interfaces/hammerhead_interfaces/msg/detail/combined__functions.h
[8.260s] -- Installing: /home/swayanshree/projects/Makara-AUV-ROS2/install/hammerhead_interfaces/include/hammerhead_interfaces/hammerhead_interfaces/msg/detail/setpoint__functions.h
[8.260s] -- Installing: /home/swayanshree/projects/Makara-AUV-ROS2/install/hammerhead_interfaces/include/hammerhead_interfaces/hammerhead_interfaces/msg/detail/vector_nav_data__functions.c
[8.260s] -- Installing: /home/swayanshree/projects/Makara-AUV-ROS2/install/hammerhead_interfaces/include/hammerhead_interfaces/hammerhead_interfaces/msg/detail/move_cmd__type_support.c
[8.260s] -- Installing: /home/swayanshree/projects/Makara-AUV-ROS2/install/hammerhead_interfaces/include/hammerhead_interfaces/hammerhead_interfaces/msg/detail/move_cmds__type_support.h
[8.260s] -- Installing: /home/swayanshree/projects/Makara-AUV-ROS2/install/hammerhead_interfaces/include/hammerhead_interfaces/hammerhead_interfaces/msg/detail/pid__functions.c
[8.260s] -- Installing: /home/swayanshree/projects/Makara-AUV-ROS2/install/hammerhead_interfaces/include/hammerhead_interfaces/hammerhead_interfaces/msg/detail/position__struct.h
[8.260s] -- Installing: /home/swayanshree/projects/Makara-AUV-ROS2/install/hammerhead_interfaces/include/hammerhead_interfaces/hammerhead_interfaces/msg/detail/battery_status__struct.h
[8.260s] -- Installing: /home/swayanshree/projects/Makara-AUV-ROS2/install/hammerhead_interfaces/include/hammerhead_interfaces/hammerhead_interfaces/msg/detail/pid__type_support.h
[8.260s] -- Installing: /home/swayanshree/projects/Makara-AUV-ROS2/install/hammerhead_interfaces/include/hammerhead_interfaces/hammerhead_interfaces/msg/detail/position__functions.c
[8.260s] -- Installing: /home/swayanshree/projects/Makara-AUV-ROS2/install/hammerhead_interfaces/include/hammerhead_interfaces/hammerhead_interfaces/msg/detail/move_cmds__functions.h
[8.260s] -- Installing: /home/swayanshree/projects/Makara-AUV-ROS2/install/hammerhead_interfaces/include/hammerhead_interfaces/hammerhead_interfaces/msg/detail/move_cmds__functions.c
[8.260s] -- Installing: /home/swayanshree/projects/Makara-AUV-ROS2/install/hammerhead_interfaces/include/hammerhead_interfaces/hammerhead_interfaces/msg/detail/depth__struct.h
[8.261s] -- Installing: /home/swayanshree/projects/Makara-AUV-ROS2/install/hammerhead_interfaces/include/hammerhead_interfaces/hammerhead_interfaces/msg/detail/setpoint__description.c
[8.261s] -- Installing: /home/swayanshree/projects/Makara-AUV-ROS2/install/hammerhead_interfaces/include/hammerhead_interfaces/hammerhead_interfaces/msg/detail/depth__type_support.h
[8.261s] -- Installing: /home/swayanshree/projects/Makara-AUV-ROS2/install/hammerhead_interfaces/include/hammerhead_interfaces/hammerhead_interfaces/msg/detail/setpoint__struct.h
[8.261s] -- Installing: /home/swayanshree/projects/Makara-AUV-ROS2/install/hammerhead_interfaces/include/hammerhead_interfaces/hammerhead_interfaces/msg/detail/battery_status__functions.c
[8.261s] -- Installing: /home/swayanshree/projects/Makara-AUV-ROS2/install/hammerhead_interfaces/include/hammerhead_interfaces/hammerhead_interfaces/msg/detail/position__type_support.h
[8.261s] -- Installing: /home/swayanshree/projects/Makara-AUV-ROS2/install/hammerhead_interfaces/include/hammerhead_interfaces/hammerhead_interfaces/msg/detail/move_cmd__description.c
[8.261s] -- Installing: /home/swayanshree/projects/Makara-AUV-ROS2/install/hammerhead_interfaces/include/hammerhead_interfaces/hammerhead_interfaces/msg/detail/depth__functions.h
[8.261s] -- Installing: /home/swayanshree/projects/Makara-AUV-ROS2/install/hammerhead_interfaces/include/hammerhead_interfaces/hammerhead_interfaces/msg/detail/move_cmd__functions.c
[8.261s] -- Installing: /home/swayanshree/projects/Makara-AUV-ROS2/install/hammerhead_interfaces/include/hammerhead_interfaces/hammerhead_interfaces/msg/detail/pid__type_support.c
[8.261s] -- Installing: /home/swayanshree/projects/Makara-AUV-ROS2/install/hammerhead_interfaces/include/hammerhead_interfaces/hammerhead_interfaces/msg/detail/ins_vel__functions.c
[8.261s] -- Installing: /home/swayanshree/projects/Makara-AUV-ROS2/install/hammerhead_interfaces/include/hammerhead_interfaces/hammerhead_interfaces/msg/detail/pid__functions.h
[8.261s] -- Installing: /home/swayanshree/projects/Makara-AUV-ROS2/install/hammerhead_interfaces/include/hammerhead_interfaces/hammerhead_interfaces/msg/detail/thruster_speeds__description.c
[8.261s] -- Installing: /home/swayanshree/projects/Makara-AUV-ROS2/install/hammerhead_interfaces/include/hammerhead_interfaces/hammerhead_interfaces/msg/detail/depth__type_support.c
[8.261s] -- Installing: /home/swayanshree/projects/Makara-AUV-ROS2/install/hammerhead_interfaces/include/hammerhead_interfaces/hammerhead_interfaces/msg/detail/combined__type_support.c
[8.261s] -- Installing: /home/swayanshree/projects/Makara-AUV-ROS2/install/hammerhead_interfaces/include/hammerhead_interfaces/hammerhead_interfaces/msg/vector_nav_data.h
[8.261s] -- Installing: /home/swayanshree/projects/Makara-AUV-ROS2/install/hammerhead_interfaces/include/hammerhead_interfaces/hammerhead_interfaces/msg/move_cmd.h
[8.261s] -- Installing: /home/swayanshree/projects/Makara-AUV-ROS2/install/hammerhead_interfaces/include/hammerhead_interfaces/hammerhead_interfaces/msg/battery_status.h
[8.261s] -- Installing: /home/swayanshree/projects/Makara-AUV-ROS2/install/hammerhead_interfaces/include/hammerhead_interfaces/hammerhead_interfaces/msg/setpoint.h
[8.261s] -- Installing: /home/swayanshree/projects/Makara-AUV-ROS2/install/hammerhead_interfaces/include/hammerhead_interfaces/hammerhead_interfaces/msg/combined.h
[8.261s] -- Installing: /home/swayanshree/projects/Makara-AUV-ROS2/install/hammerhead_interfaces/include/hammerhead_interfaces/hammerhead_interfaces/msg/pid.h
[8.261s] -- Installing: /home/swayanshree/projects/Makara-AUV-ROS2/install/hammerhead_interfaces/include/hammerhead_interfaces/hammerhead_interfaces/msg/depth.h
[8.262s] -- Installing: /home/swayanshree/projects/Makara-AUV-ROS2/install/hammerhead_interfaces/share/hammerhead_interfaces/environment/library_path.sh
[8.262s] -- Installing: /home/swayanshree/projects/Makara-AUV-ROS2/install/hammerhead_interfaces/share/hammerhead_interfaces/environment/library_path.dsv
[8.262s] -- Installing: /home/swayanshree/projects/Makara-AUV-ROS2/install/hammerhead_interfaces/lib/libhammerhead_interfaces__rosidl_generator_c.so
[8.262s] -- Set non-toolchain portion of runtime path of "/home/swayanshree/projects/Makara-AUV-ROS2/install/hammerhead_interfaces/lib/libhammerhead_interfaces__rosidl_generator_c.so" to ""
[8.262s] -- Up-to-date: /home/swayanshree/projects/Makara-AUV-ROS2/install/hammerhead_interfaces/include/hammerhead_interfaces/hammerhead_interfaces
[8.262s] -- Up-to-date: /home/swayanshree/projects/Makara-AUV-ROS2/install/hammerhead_interfaces/include/hammerhead_interfaces/hammerhead_interfaces/msg
[8.262s] -- Installing: /home/swayanshree/projects/Makara-AUV-ROS2/install/hammerhead_interfaces/include/hammerhead_interfaces/hammerhead_interfaces/msg/rosidl_typesupport_fastrtps_c__visibility_control.h
[8.262s] -- Up-to-date: /home/swayanshree/projects/Makara-AUV-ROS2/install/hammerhead_interfaces/include/hammerhead_interfaces/hammerhead_interfaces/msg/detail
[8.262s] -- Installing: /home/swayanshree/projects/Makara-AUV-ROS2/install/hammerhead_interfaces/include/hammerhead_interfaces/hammerhead_interfaces/msg/detail/thruster_speeds__rosidl_typesupport_fastrtps_c.h
[8.262s] -- Installing: /home/swayanshree/projects/Makara-AUV-ROS2/install/hammerhead_interfaces/include/hammerhead_interfaces/hammerhead_interfaces/msg/detail/combined__rosidl_typesupport_fastrtps_c.h
[8.262s] -- Installing: /home/swayanshree/projects/Makara-AUV-ROS2/install/hammerhead_interfaces/include/hammerhead_interfaces/hammerhead_interfaces/msg/detail/setpoint__rosidl_typesupport_fastrtps_c.h
[8.262s] -- Installing: /home/swayanshree/projects/Makara-AUV-ROS2/install/hammerhead_interfaces/include/hammerhead_interfaces/hammerhead_interfaces/msg/detail/move_cmds__rosidl_typesupport_fastrtps_c.h
[8.262s] -- Installing: /home/swayanshree/projects/Makara-AUV-ROS2/install/hammerhead_interfaces/include/hammerhead_interfaces/hammerhead_interfaces/msg/detail/ins_vel__rosidl_typesupport_fastrtps_c.h
[8.262s] -- Installing: /home/swayanshree/projects/Makara-AUV-ROS2/install/hammerhead_interfaces/include/hammerhead_interfaces/hammerhead_interfaces/msg/detail/pid__rosidl_typesupport_fastrtps_c.h
[8.262s] -- Installing: /home/swayanshree/projects/Makara-AUV-ROS2/install/hammerhead_interfaces/include/hammerhead_interfaces/hammerhead_interfaces/msg/detail/depth__rosidl_typesupport_fastrtps_c.h
[8.262s] -- Installing: /home/swayanshree/projects/Makara-AUV-ROS2/install/hammerhead_interfaces/include/hammerhead_interfaces/hammerhead_interfaces/msg/detail/vector_nav_data__rosidl_typesupport_fastrtps_c.h
[8.262s] -- Installing: /home/swayanshree/projects/Makara-AUV-ROS2/install/hammerhead_interfaces/include/hammerhead_interfaces/hammerhead_interfaces/msg/detail/battery_status__rosidl_typesupport_fastrtps_c.h
[8.262s] -- Installing: /home/swayanshree/projects/Makara-AUV-ROS2/install/hammerhead_interfaces/include/hammerhead_interfaces/hammerhead_interfaces/msg/detail/position__rosidl_typesupport_fastrtps_c.h
[8.263s] -- Installing: /home/swayanshree/projects/Makara-AUV-ROS2/install/hammerhead_interfaces/include/hammerhead_interfaces/hammerhead_interfaces/msg/detail/move_cmd__rosidl_typesupport_fastrtps_c.h
[8.263s] -- Installing: /home/swayanshree/projects/Makara-AUV-ROS2/install/hammerhead_interfaces/lib/libhammerhead_interfaces__rosidl_typesupport_fastrtps_c.so
[8.263s] -- Set non-toolchain portion of runtime path of "/home/swayanshree/projects/Makara-AUV-ROS2/install/hammerhead_interfaces/lib/libhammerhead_interfaces__rosidl_typesupport_fastrtps_c.so" to ""
[8.263s] -- Up-to-date: /home/swayanshree/projects/Makara-AUV-ROS2/install/hammerhead_interfaces/include/hammerhead_interfaces/hammerhead_interfaces
[8.263s] -- Up-to-date: /home/swayanshree/projects/Makara-AUV-ROS2/install/hammerhead_interfaces/include/hammerhead_interfaces/hammerhead_interfaces/msg
[8.263s] -- Up-to-date: /home/swayanshree/projects/Makara-AUV-ROS2/install/hammerhead_interfaces/include/hammerhead_interfaces/hammerhead_interfaces/msg/detail
[8.263s] -- Installing: /home/swayanshree/projects/Makara-AUV-ROS2/install/hammerhead_interfaces/include/hammerhead_interfaces/hammerhead_interfaces/msg/detail/thruster_speeds__type_support.c
[8.263s] -- Installing: /home/swayanshree/projects/Makara-AUV-ROS2/install/hammerhead_interfaces/include/hammerhead_interfaces/hammerhead_interfaces/msg/detail/setpoint__type_support.c
[8.263s] -- Installing: /home/swayanshree/projects/Makara-AUV-ROS2/install/hammerhead_interfaces/include/hammerhead_interfaces/hammerhead_interfaces/msg/detail/vector_nav_data__type_support.c
[8.263s] -- Installing: /home/swayanshree/projects/Makara-AUV-ROS2/install/hammerhead_interfaces/include/hammerhead_interfaces/hammerhead_interfaces/msg/detail/move_cmds__rosidl_typesupport_introspection_c.h
[8.263s] -- Installing: /home/swayanshree/projects/Makara-AUV-ROS2/install/hammerhead_interfaces/include/hammerhead_interfaces/hammerhead_interfaces/msg/detail/move_cmds__type_support.c
[8.263s] -- Installing: /home/swayanshree/projects/Makara-AUV-ROS2/install/hammerhead_interfaces/include/hammerhead_interfaces/hammerhead_interfaces/msg/detail/setpoint__rosidl_typesupport_introspection_c.h
[8.264s] -- Installing: /home/swayanshree/projects/Makara-AUV-ROS2/install/hammerhead_interfaces/include/hammerhead_interfaces/hammerhead_interfaces/msg/detail/battery_status__rosidl_typesupport_introspection_c.h
[8.264s] -- Installing: /home/swayanshree/projects/Makara-AUV-ROS2/install/hammerhead_interfaces/include/hammerhead_interfaces/hammerhead_interfaces/msg/detail/battery_status__type_support.c
[8.264s] -- Installing: /home/swayanshree/projects/Makara-AUV-ROS2/install/hammerhead_interfaces/include/hammerhead_interfaces/hammerhead_interfaces/msg/detail/ins_vel__type_support.c
[8.264s] -- Installing: /home/swayanshree/projects/Makara-AUV-ROS2/install/hammerhead_interfaces/include/hammerhead_interfaces/hammerhead_interfaces/msg/detail/thruster_speeds__rosidl_typesupport_introspection_c.h
[8.264s] -- Installing: /home/swayanshree/projects/Makara-AUV-ROS2/install/hammerhead_interfaces/include/hammerhead_interfaces/hammerhead_interfaces/msg/detail/pid__rosidl_typesupport_introspection_c.h
[8.264s] -- Installing: /home/swayanshree/projects/Makara-AUV-ROS2/install/hammerhead_interfaces/include/hammerhead_interfaces/hammerhead_interfaces/msg/detail/move_cmd__rosidl_typesupport_introspection_c.h
[8.264s] -- Installing: /home/swayanshree/projects/Makara-AUV-ROS2/install/hammerhead_interfaces/include/hammerhead_interfaces/hammerhead_interfaces/msg/detail/ins_vel__rosidl_typesupport_introspection_c.h
[8.264s] -- Installing: /home/swayanshree/projects/Makara-AUV-ROS2/install/hammerhead_interfaces/include/hammerhead_interfaces/hammerhead_interfaces/msg/detail/position__type_support.c
[8.264s] -- Installing: /home/swayanshree/projects/Makara-AUV-ROS2/install/hammerhead_interfaces/include/hammerhead_interfaces/hammerhead_interfaces/msg/detail/depth__rosidl_typesupport_introspection_c.h
[8.264s] -- Installing: /home/swayanshree/projects/Makara-AUV-ROS2/install/hammerhead_interfaces/include/hammerhead_interfaces/hammerhead_interfaces/msg/detail/move_cmd__type_support.c
[8.265s] -- Installing: /home/swayanshree/projects/Makara-AUV-ROS2/install/hammerhead_interfaces/include/hammerhead_interfaces/hammerhead_interfaces/msg/detail/combined__rosidl_typesupport_introspection_c.h
[8.265s] -- Installing: /home/swayanshree/projects/Makara-AUV-ROS2/install/hammerhead_interfaces/include/hammerhead_interfaces/hammerhead_interfaces/msg/detail/pid__type_support.c
[8.265s] -- Installing: /home/swayanshree/projects/Makara-AUV-ROS2/install/hammerhead_interfaces/include/hammerhead_interfaces/hammerhead_interfaces/msg/detail/depth__type_support.c
[8.265s] -- Installing: /home/swayanshree/projects/Makara-AUV-ROS2/install/hammerhead_interfaces/include/hammerhead_interfaces/hammerhead_interfaces/msg/detail/position__rosidl_typesupport_introspection_c.h
[8.265s] -- Installing: /home/swayanshree/projects/Makara-AUV-ROS2/install/hammerhead_interfaces/include/hammerhead_interfaces/hammerhead_interfaces/msg/detail/vector_nav_data__rosidl_typesupport_introspection_c.h
[8.265s] -- Installing: /home/swayanshree/projects/Makara-AUV-ROS2/install/hammerhead_interfaces/include/hammerhead_interfaces/hammerhead_interfaces/msg/detail/combined__type_support.c
[8.265s] -- Installing: /home/swayanshree/projects/Makara-AUV-ROS2/install/hammerhead_interfaces/include/hammerhead_interfaces/hammerhead_interfaces/msg/rosidl_typesupport_introspection_c__visibility_control.h
[8.265s] -- Installing: /home/swayanshree/projects/Makara-AUV-ROS2/install/hammerhead_interfaces/lib/libhammerhead_interfaces__rosidl_typesupport_introspection_c.so
[8.265s] -- Set non-toolchain portion of runtime path of "/home/swayanshree/projects/Makara-AUV-ROS2/install/hammerhead_interfaces/lib/libhammerhead_interfaces__rosidl_typesupport_introspection_c.so" to ""
[8.265s] -- Installing: /home/swayanshree/projects/Makara-AUV-ROS2/install/hammerhead_interfaces/lib/libhammerhead_interfaces__rosidl_typesupport_c.so
[8.266s] -- Set non-toolchain portion of runtime path of "/home/swayanshree/projects/Makara-AUV-ROS2/install/hammerhead_interfaces/lib/libhammerhead_interfaces__rosidl_typesupport_c.so" to ""
[8.266s] -- Up-to-date: /home/swayanshree/projects/Makara-AUV-ROS2/install/hammerhead_interfaces/include/hammerhead_interfaces/hammerhead_interfaces
[8.266s] -- Up-to-date: /home/swayanshree/projects/Makara-AUV-ROS2/install/hammerhead_interfaces/include/hammerhead_interfaces/hammerhead_interfaces/msg
[8.266s] -- Installing: /home/swayanshree/projects/Makara-AUV-ROS2/install/hammerhead_interfaces/include/hammerhead_interfaces/hammerhead_interfaces/msg/move_cmds.hpp
[8.266s] -- Installing: /home/swayanshree/projects/Makara-AUV-ROS2/install/hammerhead_interfaces/include/hammerhead_interfaces/hammerhead_interfaces/msg/move_cmd.hpp
[8.266s] -- Up-to-date: /home/swayanshree/projects/Makara-AUV-ROS2/install/hammerhead_interfaces/include/hammerhead_interfaces/hammerhead_interfaces/msg/detail
[8.266s] -- Installing: /home/swayanshree/projects/Makara-AUV-ROS2/install/hammerhead_interfaces/include/hammerhead_interfaces/hammerhead_interfaces/msg/detail/ins_vel__builder.hpp
[8.266s] -- Installing: /home/swayanshree/projects/Makara-AUV-ROS2/install/hammerhead_interfaces/include/hammerhead_interfaces/hammerhead_interfaces/msg/detail/move_cmds__builder.hpp
[8.266s] -- Installing: /home/swayanshree/projects/Makara-AUV-ROS2/install/hammerhead_interfaces/include/hammerhead_interfaces/hammerhead_interfaces/msg/detail/battery_status__traits.hpp
[8.266s] -- Installing: /home/swayanshree/projects/Makara-AUV-ROS2/install/hammerhead_interfaces/include/hammerhead_interfaces/hammerhead_interfaces/msg/detail/vector_nav_data__traits.hpp
[8.267s] -- Installing: /home/swayanshree/projects/Makara-AUV-ROS2/install/hammerhead_interfaces/include/hammerhead_interfaces/hammerhead_interfaces/msg/detail/position__struct.hpp
[8.267s] -- Installing: /home/swayanshree/projects/Makara-AUV-ROS2/install/hammerhead_interfaces/include/hammerhead_interfaces/hammerhead_interfaces/msg/detail/move_cmd__builder.hpp
[8.267s] -- Installing: /home/swayanshree/projects/Makara-AUV-ROS2/install/hammerhead_interfaces/include/hammerhead_interfaces/hammerhead_interfaces/msg/detail/move_cmd__traits.hpp
[8.267s] -- Installing: /home/swayanshree/projects/Makara-AUV-ROS2/install/hammerhead_interfaces/include/hammerhead_interfaces/hammerhead_interfaces/msg/detail/combined__builder.hpp
[8.267s] -- Installing: /home/swayanshree/projects/Makara-AUV-ROS2/install/hammerhead_interfaces/include/hammerhead_interfaces/hammerhead_interfaces/msg/detail/battery_status__builder.hpp
[8.267s] -- Installing: /home/swayanshree/projects/Makara-AUV-ROS2/install/hammerhead_interfaces/include/hammerhead_interfaces/hammerhead_interfaces/msg/detail/pid__type_support.hpp
[8.267s] -- Installing: /home/swayanshree/projects/Makara-AUV-ROS2/install/hammerhead_interfaces/include/hammerhead_interfaces/hammerhead_interfaces/msg/detail/thruster_speeds__struct.hpp
[8.267s] -- Installing: /home/swayanshree/projects/Makara-AUV-ROS2/install/hammerhead_interfaces/include/hammerhead_interfaces/hammerhead_interfaces/msg/detail/depth__struct.hpp
[8.267s] -- Installing: /home/swayanshree/projects/Makara-AUV-ROS2/install/hammerhead_interfaces/include/hammerhead_interfaces/hammerhead_interfaces/msg/detail/depth__traits.hpp
[8.267s] -- Installing: /home/swayanshree/projects/Makara-AUV-ROS2/install/hammerhead_interfaces/include/hammerhead_interfaces/hammerhead_interfaces/msg/detail/combined__traits.hpp
[8.268s] -- Installing: /home/swayanshree/projects/Makara-AUV-ROS2/install/hammerhead_interfaces/include/hammerhead_interfaces/hammerhead_interfaces/msg/detail/position__type_support.hpp
[8.268s] -- Installing: /home/swayanshree/projects/Makara-AUV-ROS2/install/hammerhead_interfaces/include/hammerhead_interfaces/hammerhead_interfaces/msg/detail/move_cmds__struct.hpp
[8.268s] -- Installing: /home/swayanshree/projects/Makara-AUV-ROS2/install/hammerhead_interfaces/include/hammerhead_interfaces/hammerhead_interfaces/msg/detail/ins_vel__struct.hpp
[8.268s] -- Installing: /home/swayanshree/projects/Makara-AUV-ROS2/install/hammerhead_interfaces/include/hammerhead_interfaces/hammerhead_interfaces/msg/detail/setpoint__type_support.hpp
[8.268s] -- Installing: /home/swayanshree/projects/Makara-AUV-ROS2/install/hammerhead_interfaces/include/hammerhead_interfaces/hammerhead_interfaces/msg/detail/combined__type_support.hpp
[8.268s] -- Installing: /home/swayanshree/projects/Makara-AUV-ROS2/install/hammerhead_interfaces/include/hammerhead_interfaces/hammerhead_interfaces/msg/detail/battery_status__struct.hpp
[8.268s] -- Installing: /home/swayanshree/projects/Makara-AUV-ROS2/install/hammerhead_interfaces/include/hammerhead_interfaces/hammerhead_interfaces/msg/detail/position__traits.hpp
[8.268s] -- Installing: /home/swayanshree/projects/Makara-AUV-ROS2/install/hammerhead_interfaces/include/hammerhead_interfaces/hammerhead_interfaces/msg/detail/move_cmds__type_support.hpp
[8.268s] -- Installing: /home/swayanshree/projects/Makara-AUV-ROS2/install/hammerhead_interfaces/include/hammerhead_interfaces/hammerhead_interfaces/msg/detail/position__builder.hpp
[8.268s] -- Installing: /home/swayanshree/projects/Makara-AUV-ROS2/install/hammerhead_interfaces/include/hammerhead_interfaces/hammerhead_interfaces/msg/detail/vector_nav_data__struct.hpp
[8.268s] -- Installing: /home/swayanshree/projects/Makara-AUV-ROS2/install/hammerhead_interfaces/include/hammerhead_interfaces/hammerhead_interfaces/msg/detail/depth__type_support.hpp
[8.269s] -- Installing: /home/swayanshree/projects/Makara-AUV-ROS2/install/hammerhead_interfaces/include/hammerhead_interfaces/hammerhead_interfaces/msg/detail/thruster_speeds__traits.hpp
[8.269s] -- Installing: /home/swayanshree/projects/Makara-AUV-ROS2/install/hammerhead_interfaces/include/hammerhead_interfaces/hammerhead_interfaces/msg/detail/setpoint__struct.hpp
[8.269s] -- Installing: /home/swayanshree/projects/Makara-AUV-ROS2/install/hammerhead_interfaces/include/hammerhead_interfaces/hammerhead_interfaces/msg/detail/setpoint__builder.hpp
[8.269s] -- Installing: /home/swayanshree/projects/Makara-AUV-ROS2/install/hammerhead_interfaces/include/hammerhead_interfaces/hammerhead_interfaces/msg/detail/pid__traits.hpp
[8.269s] -- Installing: /home/swayanshree/projects/Makara-AUV-ROS2/install/hammerhead_interfaces/include/hammerhead_interfaces/hammerhead_interfaces/msg/detail/combined__struct.hpp
[8.269s] -- Installing: /home/swayanshree/projects/Makara-AUV-ROS2/install/hammerhead_interfaces/include/hammerhead_interfaces/hammerhead_interfaces/msg/detail/thruster_speeds__builder.hpp
[8.269s] -- Installing: /home/swayanshree/projects/Makara-AUV-ROS2/install/hammerhead_interfaces/include/hammerhead_interfaces/hammerhead_interfaces/msg/detail/depth__builder.hpp
[8.269s] -- Installing: /home/swayanshree/projects/Makara-AUV-ROS2/install/hammerhead_interfaces/include/hammerhead_interfaces/hammerhead_interfaces/msg/detail/battery_status__type_support.hpp
[8.269s] -- Installing: /home/swayanshree/projects/Makara-AUV-ROS2/install/hammerhead_interfaces/include/hammerhead_interfaces/hammerhead_interfaces/msg/detail/move_cmds__traits.hpp
[8.269s] -- Installing: /home/swayanshree/projects/Makara-AUV-ROS2/install/hammerhead_interfaces/include/hammerhead_interfaces/hammerhead_interfaces/msg/detail/pid__builder.hpp
[8.270s] -- Installing: /home/swayanshree/projects/Makara-AUV-ROS2/install/hammerhead_interfaces/include/hammerhead_interfaces/hammerhead_interfaces/msg/detail/setpoint__traits.hpp
[8.270s] -- Installing: /home/swayanshree/projects/Makara-AUV-ROS2/install/hammerhead_interfaces/include/hammerhead_interfaces/hammerhead_interfaces/msg/detail/ins_vel__traits.hpp
[8.270s] -- Installing: /home/swayanshree/projects/Makara-AUV-ROS2/install/hammerhead_interfaces/include/hammerhead_interfaces/hammerhead_interfaces/msg/detail/move_cmd__struct.hpp
[8.270s] -- Installing: /home/swayanshree/projects/Makara-AUV-ROS2/install/hammerhead_interfaces/include/hammerhead_interfaces/hammerhead_interfaces/msg/detail/pid__struct.hpp
[8.270s] -- Installing: /home/swayanshree/projects/Makara-AUV-ROS2/install/hammerhead_interfaces/include/hammerhead_interfaces/hammerhead_interfaces/msg/detail/vector_nav_data__builder.hpp
[8.270s] -- Installing: /home/swayanshree/projects/Makara-AUV-ROS2/install/hammerhead_interfaces/include/hammerhead_interfaces/hammerhead_interfaces/msg/detail/vector_nav_data__type_support.hpp
[8.270s] -- Installing: /home/swayanshree/projects/Makara-AUV-ROS2/install/hammerhead_interfaces/include/hammerhead_interfaces/hammerhead_interfaces/msg/detail/ins_vel__type_support.hpp
[8.270s] -- Installing: /home/swayanshree/projects/Makara-AUV-ROS2/install/hammerhead_interfaces/include/hammerhead_interfaces/hammerhead_interfaces/msg/detail/move_cmd__type_support.hpp
[8.270s] -- Installing: /home/swayanshree/projects/Makara-AUV-ROS2/install/hammerhead_interfaces/include/hammerhead_interfaces/hammerhead_interfaces/msg/detail/thruster_speeds__type_support.hpp
[8.270s] -- Installing: /home/swayanshree/projects/Makara-AUV-ROS2/install/hammerhead_interfaces/include/hammerhead_interfaces/hammerhead_interfaces/msg/thruster_speeds.hpp
[8.270s] -- Installing: /home/swayanshree/projects/Makara-AUV-ROS2/install/hammerhead_interfaces/include/hammerhead_interfaces/hammerhead_interfaces/msg/combined.hpp
[8.270s] -- Installing: /home/swayanshree/projects/Makara-AUV-ROS2/install/hammerhead_interfaces/include/hammerhead_interfaces/hammerhead_interfaces/msg/depth.hpp
[8.270s] -- Installing: /home/swayanshree/projects/Makara-AUV-ROS2/install/hammerhead_interfaces/include/hammerhead_interfaces/hammerhead_interfaces/msg/battery_status.hpp
[8.270s] -- Installing: /home/swayanshree/projects/Makara-AUV-ROS2/install/hammerhead_interfaces/include/hammerhead_interfaces/hammerhead_interfaces/msg/position.hpp
[8.270s] -- Installing: /home/swayanshree/projects/Makara-AUV-ROS2/install/hammerhead_interfaces/include/hammerhead_interfaces/hammerhead_interfaces/msg/ins_vel.hpp
[8.270s] -- Installing: /home/swayanshree/projects/Makara-AUV-ROS2/install/hammerhead_interfaces/include/hammerhead_interfaces/hammerhead_interfaces/msg/setpoint.hpp
[8.270s] -- Installing: /home/swayanshree/projects/Makara-AUV-ROS2/install/hammerhead_interfaces/include/hammerhead_interfaces/hammerhead_interfaces/msg/vector_nav_data.hpp
[8.270s] -- Installing: /home/swayanshree/projects/Makara-AUV-ROS2/install/hammerhead_interfaces/include/hammerhead_interfaces/hammerhead_interfaces/msg/rosidl_generator_cpp__visibility_control.hpp
[8.270s] -- Installing: /home/swayanshree/projects/Makara-AUV-ROS2/install/hammerhead_interfaces/include/hammerhead_interfaces/hammerhead_interfaces/msg/pid.hpp
[8.270s] -- Up-to-date: /home/swayanshree/projects/Makara-AUV-ROS2/install/hammerhead_interfaces/include/hammerhead_interfaces/hammerhead_interfaces
[8.270s] -- Up-to-date: /home/swayanshree/projects/Makara-AUV-ROS2/install/hammerhead_interfaces/include/hammerhead_interfaces/hammerhead_interfaces/msg
[8.270s] -- Installing: /home/swayanshree/projects/Makara-AUV-ROS2/install/hammerhead_interfaces/include/hammerhead_interfaces/hammerhead_interfaces/msg/rosidl_typesupport_fastrtps_cpp__visibility_control.h
[8.270s] -- Up-to-date: /home/swayanshree/projects/Makara-AUV-ROS2/install/hammerhead_interfaces/include/hammerhead_interfaces/hammerhead_interfaces/msg/detail
[8.270s] -- Installing: /home/swayanshree/projects/Makara-AUV-ROS2/install/hammerhead_interfaces/include/hammerhead_interfaces/hammerhead_interfaces/msg/detail/move_cmd__rosidl_typesupport_fastrtps_cpp.hpp
[8.270s] -- Installing: /home/swayanshree/projects/Makara-AUV-ROS2/install/hammerhead_interfaces/include/hammerhead_interfaces/hammerhead_interfaces/msg/detail/combined__rosidl_typesupport_fastrtps_cpp.hpp
[8.270s] -- Installing: /home/swayanshree/projects/Makara-AUV-ROS2/install/hammerhead_interfaces/include/hammerhead_interfaces/hammerhead_interfaces/msg/detail/ins_vel__rosidl_typesupport_fastrtps_cpp.hpp
[8.270s] -- Installing: /home/swayanshree/projects/Makara-AUV-ROS2/install/hammerhead_interfaces/include/hammerhead_interfaces/hammerhead_interfaces/msg/detail/position__rosidl_typesupport_fastrtps_cpp.hpp
[8.270s] -- Installing: /home/swayanshree/projects/Makara-AUV-ROS2/install/hammerhead_interfaces/include/hammerhead_interfaces/hammerhead_interfaces/msg/detail/pid__rosidl_typesupport_fastrtps_cpp.hpp
[8.271s] -- Installing: /home/swayanshree/projects/Makara-AUV-ROS2/install/hammerhead_interfaces/include/hammerhead_interfaces/hammerhead_interfaces/msg/detail/dds_fastrtps
[8.271s] -- Installing: /home/swayanshree/projects/Makara-AUV-ROS2/install/hammerhead_interfaces/include/hammerhead_interfaces/hammerhead_interfaces/msg/detail/move_cmds__rosidl_typesupport_fastrtps_cpp.hpp
[8.271s] -- Installing: /home/swayanshree/projects/Makara-AUV-ROS2/install/hammerhead_interfaces/include/hammerhead_interfaces/hammerhead_interfaces/msg/detail/thruster_speeds__rosidl_typesupport_fastrtps_cpp.hpp
[8.271s] -- Installing: /home/swayanshree/projects/Makara-AUV-ROS2/install/hammerhead_interfaces/include/hammerhead_interfaces/hammerhead_interfaces/msg/detail/setpoint__rosidl_typesupport_fastrtps_cpp.hpp
[8.271s] -- Installing: /home/swayanshree/projects/Makara-AUV-ROS2/install/hammerhead_interfaces/include/hammerhead_interfaces/hammerhead_interfaces/msg/detail/battery_status__rosidl_typesupport_fastrtps_cpp.hpp
[8.271s] -- Installing: /home/swayanshree/projects/Makara-AUV-ROS2/install/hammerhead_interfaces/include/hammerhead_interfaces/hammerhead_interfaces/msg/detail/depth__rosidl_typesupport_fastrtps_cpp.hpp
[8.271s] -- Installing: /home/swayanshree/projects/Makara-AUV-ROS2/install/hammerhead_interfaces/include/hammerhead_interfaces/hammerhead_interfaces/msg/detail/vector_nav_data__rosidl_typesupport_fastrtps_cpp.hpp
[8.271s] -- Installing: /home/swayanshree/projects/Makara-AUV-ROS2/install/hammerhead_interfaces/lib/libhammerhead_interfaces__rosidl_typesupport_fastrtps_cpp.so
[8.271s] -- Set non-toolchain portion of runtime path of "/home/swayanshree/projects/Makara-AUV-ROS2/install/hammerhead_interfaces/lib/libhammerhead_interfaces__rosidl_typesupport_fastrtps_cpp.so" to ""
[8.271s] -- Up-to-date: /home/swayanshree/projects/Makara-AUV-ROS2/install/hammerhead_interfaces/include/hammerhead_interfaces/hammerhead_interfaces
[8.271s] -- Up-to-date: /home/swayanshree/projects/Makara-AUV-ROS2/install/hammerhead_interfaces/include/hammerhead_interfaces/hammerhead_interfaces/msg
[8.271s] -- Up-to-date: /home/swayanshree/projects/Makara-AUV-ROS2/install/hammerhead_interfaces/include/hammerhead_interfaces/hammerhead_interfaces/msg/detail
[8.271s] -- Installing: /home/swayanshree/projects/Makara-AUV-ROS2/install/hammerhead_interfaces/include/hammerhead_interfaces/hammerhead_interfaces/msg/detail/battery_status__type_support.cpp
[8.271s] -- Installing: /home/swayanshree/projects/Makara-AUV-ROS2/install/hammerhead_interfaces/include/hammerhead_interfaces/hammerhead_interfaces/msg/detail/combined__type_support.cpp
[8.271s] -- Installing: /home/swayanshree/projects/Makara-AUV-ROS2/install/hammerhead_interfaces/include/hammerhead_interfaces/hammerhead_interfaces/msg/detail/vector_nav_data__type_support.cpp
[8.271s] -- Installing: /home/swayanshree/projects/Makara-AUV-ROS2/install/hammerhead_interfaces/include/hammerhead_interfaces/hammerhead_interfaces/msg/detail/vector_nav_data__rosidl_typesupport_introspection_cpp.hpp
[8.271s] -- Installing: /home/swayanshree/projects/Makara-AUV-ROS2/install/hammerhead_interfaces/include/hammerhead_interfaces/hammerhead_interfaces/msg/detail/move_cmds__type_support.cpp
[8.271s] -- Installing: /home/swayanshree/projects/Makara-AUV-ROS2/install/hammerhead_interfaces/include/hammerhead_interfaces/hammerhead_interfaces/msg/detail/depth__rosidl_typesupport_introspection_cpp.hpp
[8.271s] -- Installing: /home/swayanshree/projects/Makara-AUV-ROS2/install/hammerhead_interfaces/include/hammerhead_interfaces/hammerhead_interfaces/msg/detail/ins_vel__type_support.cpp
[8.271s] -- Installing: /home/swayanshree/projects/Makara-AUV-ROS2/install/hammerhead_interfaces/include/hammerhead_interfaces/hammerhead_interfaces/msg/detail/combined__rosidl_typesupport_introspection_cpp.hpp
[8.271s] -- Installing: /home/swayanshree/projects/Makara-AUV-ROS2/install/hammerhead_interfaces/include/hammerhead_interfaces/hammerhead_interfaces/msg/detail/thruster_speeds__rosidl_typesupport_introspection_cpp.hpp
[8.271s] -- Installing: /home/swayanshree/projects/Makara-AUV-ROS2/install/hammerhead_interfaces/include/hammerhead_interfaces/hammerhead_interfaces/msg/detail/thruster_speeds__type_support.cpp
[8.271s] -- Installing: /home/swayanshree/projects/Makara-AUV-ROS2/install/hammerhead_interfaces/include/hammerhead_interfaces/hammerhead_interfaces/msg/detail/pid__type_support.cpp
[8.271s] -- Installing: /home/swayanshree/projects/Makara-AUV-ROS2/install/hammerhead_interfaces/include/hammerhead_interfaces/hammerhead_interfaces/msg/detail/depth__type_support.cpp
[8.271s] -- Installing: /home/swayanshree/projects/Makara-AUV-ROS2/install/hammerhead_interfaces/include/hammerhead_interfaces/hammerhead_interfaces/msg/detail/setpoint__type_support.cpp
[8.271s] -- Installing: /home/swayanshree/projects/Makara-AUV-ROS2/install/hammerhead_interfaces/include/hammerhead_interfaces/hammerhead_interfaces/msg/detail/ins_vel__rosidl_typesupport_introspection_cpp.hpp
[8.271s] -- Installing: /home/swayanshree/projects/Makara-AUV-ROS2/install/hammerhead_interfaces/include/hammerhead_interfaces/hammerhead_interfaces/msg/detail/move_cmds__rosidl_typesupport_introspection_cpp.hpp
[8.271s] -- Installing: /home/swayanshree/projects/Makara-AUV-ROS2/install/hammerhead_interfaces/include/hammerhead_interfaces/hammerhead_interfaces/msg/detail/position__type_support.cpp
[8.271s] -- Installing: /home/swayanshree/projects/Makara-AUV-ROS2/install/hammerhead_interfaces/include/hammerhead_interfaces/hammerhead_interfaces/msg/detail/move_cmd__type_support.cpp
[8.272s] -- Installing: /home/swayanshree/projects/Makara-AUV-ROS2/install/hammerhead_interfaces/include/hammerhead_interfaces/hammerhead_interfaces/msg/detail/move_cmd__rosidl_typesupport_introspection_cpp.hpp
[8.272s] -- Installing: /home/swayanshree/projects/Makara-AUV-ROS2/install/hammerhead_interfaces/include/hammerhead_interfaces/hammerhead_interfaces/msg/detail/battery_status__rosidl_typesupport_introspection_cpp.hpp
[8.272s] -- Installing: /home/swayanshree/projects/Makara-AUV-ROS2/install/hammerhead_interfaces/include/hammerhead_interfaces/hammerhead_interfaces/msg/detail/position__rosidl_typesupport_introspection_cpp.hpp
[8.272s] -- Installing: /home/swayanshree/projects/Makara-AUV-ROS2/install/hammerhead_interfaces/include/hammerhead_interfaces/hammerhead_interfaces/msg/detail/pid__rosidl_typesupport_introspection_cpp.hpp
[8.272s] -- Installing: /home/swayanshree/projects/Makara-AUV-ROS2/install/hammerhead_interfaces/include/hammerhead_interfaces/hammerhead_interfaces/msg/detail/setpoint__rosidl_typesupport_introspection_cpp.hpp
[8.272s] -- Installing: /home/swayanshree/projects/Makara-AUV-ROS2/install/hammerhead_interfaces/lib/libhammerhead_interfaces__rosidl_typesupport_introspection_cpp.so
[8.272s] -- Set non-toolchain portion of runtime path of "/home/swayanshree/projects/Makara-AUV-ROS2/install/hammerhead_interfaces/lib/libhammerhead_interfaces__rosidl_typesupport_introspection_cpp.so" to ""
[8.272s] -- Installing: /home/swayanshree/projects/Makara-AUV-ROS2/install/hammerhead_interfaces/lib/libhammerhead_interfaces__rosidl_typesupport_cpp.so
[8.272s] -- Set non-toolchain portion of runtime path of "/home/swayanshree/projects/Makara-AUV-ROS2/install/hammerhead_interfaces/lib/libhammerhead_interfaces__rosidl_typesupport_cpp.so" to ""
[8.272s] -- Installing: /home/swayanshree/projects/Makara-AUV-ROS2/install/hammerhead_interfaces/share/hammerhead_interfaces/environment/pythonpath.sh
[8.272s] -- Installing: /home/swayanshree/projects/Makara-AUV-ROS2/install/hammerhead_interfaces/share/hammerhead_interfaces/environment/pythonpath.dsv
[8.272s] -- Installing: /home/swayanshree/projects/Makara-AUV-ROS2/install/hammerhead_interfaces/lib/python3.12/site-packages/hammerhead_interfaces-0.0.0-py3.12.egg-info
[8.272s] -- Installing: /home/swayanshree/projects/Makara-AUV-ROS2/install/hammerhead_interfaces/lib/python3.12/site-packages/hammerhead_interfaces-0.0.0-py3.12.egg-info/PKG-INFO
[8.272s] -- Installing: /home/swayanshree/projects/Makara-AUV-ROS2/install/hammerhead_interfaces/lib/python3.12/site-packages/hammerhead_interfaces-0.0.0-py3.12.egg-info/dependency_links.txt
[8.272s] -- Installing: /home/swayanshree/projects/Makara-AUV-ROS2/install/hammerhead_interfaces/lib/python3.12/site-packages/hammerhead_interfaces-0.0.0-py3.12.egg-info/SOURCES.txt
[8.272s] -- Installing: /home/swayanshree/projects/Makara-AUV-ROS2/install/hammerhead_interfaces/lib/python3.12/site-packages/hammerhead_interfaces-0.0.0-py3.12.egg-info/top_level.txt
[8.272s] -- Installing: /home/swayanshree/projects/Makara-AUV-ROS2/install/hammerhead_interfaces/lib/python3.12/site-packages/hammerhead_interfaces
[8.272s] -- Installing: /home/swayanshree/projects/Makara-AUV-ROS2/install/hammerhead_interfaces/lib/python3.12/site-packages/hammerhead_interfaces/hammerhead_interfaces_s__rosidl_typesupport_fastrtps_c.so
[8.272s] -- Installing: /home/swayanshree/projects/Makara-AUV-ROS2/install/hammerhead_interfaces/lib/python3.12/site-packages/hammerhead_interfaces/hammerhead_interfaces_s__rosidl_typesupport_c.so
[8.272s] -- Installing: /home/swayanshree/projects/Makara-AUV-ROS2/install/hammerhead_interfaces/lib/python3.12/site-packages/hammerhead_interfaces/_hammerhead_interfaces_s.ep.rosidl_typesupport_c.c
[8.272s] -- Installing: /home/swayanshree/projects/Makara-AUV-ROS2/install/hammerhead_interfaces/lib/python3.12/site-packages/hammerhead_interfaces/_hammerhead_interfaces_s.ep.rosidl_typesupport_introspection_c.c
[8.272s] -- Installing: /home/swayanshree/projects/Makara-AUV-ROS2/install/hammerhead_interfaces/lib/python3.12/site-packages/hammerhead_interfaces/msg
[8.272s] -- Installing: /home/swayanshree/projects/Makara-AUV-ROS2/install/hammerhead_interfaces/lib/python3.12/site-packages/hammerhead_interfaces/msg/_depth.py
[8.272s] -- Installing: /home/swayanshree/projects/Makara-AUV-ROS2/install/hammerhead_interfaces/lib/python3.12/site-packages/hammerhead_interfaces/msg/_move_cmd.py
[8.272s] -- Installing: /home/swayanshree/projects/Makara-AUV-ROS2/install/hammerhead_interfaces/lib/python3.12/site-packages/hammerhead_interfaces/msg/_vector_nav_data_s.c
[8.272s] -- Installing: /home/swayanshree/projects/Makara-AUV-ROS2/install/hammerhead_interfaces/lib/python3.12/site-packages/hammerhead_interfaces/msg/_battery_status.py
[8.272s] -- Installing: /home/swayanshree/projects/Makara-AUV-ROS2/install/hammerhead_interfaces/lib/python3.12/site-packages/hammerhead_interfaces/msg/_combined.py
[8.273s] -- Installing: /home/swayanshree/projects/Makara-AUV-ROS2/install/hammerhead_interfaces/lib/python3.12/site-packages/hammerhead_interfaces/msg/_vector_nav_data.py
[8.273s] -- Installing: /home/swayanshree/projects/Makara-AUV-ROS2/install/hammerhead_interfaces/lib/python3.12/site-packages/hammerhead_interfaces/msg/_pid_s.c
[8.273s] -- Installing: /home/swayanshree/projects/Makara-AUV-ROS2/install/hammerhead_interfaces/lib/python3.12/site-packages/hammerhead_interfaces/msg/_depth_s.c
[8.273s] -- Installing: /home/swayanshree/projects/Makara-AUV-ROS2/install/hammerhead_interfaces/lib/python3.12/site-packages/hammerhead_interfaces/msg/_combined_s.c
[8.273s] -- Installing: /home/swayanshree/projects/Makara-AUV-ROS2/install/hammerhead_interfaces/lib/python3.12/site-packages/hammerhead_interfaces/msg/_ins_vel_s.c
[8.273s] -- Installing: /home/swayanshree/projects/Makara-AUV-ROS2/install/hammerhead_interfaces/lib/python3.12/site-packages/hammerhead_interfaces/msg/_move_cmds_s.c
[8.273s] -- Installing: /home/swayanshree/projects/Makara-AUV-ROS2/install/hammerhead_interfaces/lib/python3.12/site-packages/hammerhead_interfaces/msg/_move_cmd_s.c
[8.273s] -- Installing: /home/swayanshree/projects/Makara-AUV-ROS2/install/hammerhead_interfaces/lib/python3.12/site-packages/hammerhead_interfaces/msg/_ins_vel.py
[8.273s] -- Installing: /home/swayanshree/projects/Makara-AUV-ROS2/install/hammerhead_interfaces/lib/python3.12/site-packages/hammerhead_interfaces/msg/_move_cmds.py
[8.273s] -- Installing: /home/swayanshree/projects/Makara-AUV-ROS2/install/hammerhead_interfaces/lib/python3.12/site-packages/hammerhead_interfaces/msg/_thruster_speeds_s.c
[8.273s] -- Installing: /home/swayanshree/projects/Makara-AUV-ROS2/install/hammerhead_interfaces/lib/python3.12/site-packages/hammerhead_interfaces/msg/_pid.py
[8.273s] -- Installing: /home/swayanshree/projects/Makara-AUV-ROS2/install/hammerhead_interfaces/lib/python3.12/site-packages/hammerhead_interfaces/msg/_battery_status_s.c
[8.273s] -- Installing: /home/swayanshree/projects/Makara-AUV-ROS2/install/hammerhead_interfaces/lib/python3.12/site-packages/hammerhead_interfaces/msg/_setpoint.py
[8.273s] -- Installing: /home/swayanshree/projects/Makara-AUV-ROS2/install/hammerhead_interfaces/lib/python3.12/site-packages/hammerhead_interfaces/msg/_position_s.c
[8.273s] -- Installing: /home/swayanshree/projects/Makara-AUV-ROS2/install/hammerhead_interfaces/lib/python3.12/site-packages/hammerhead_interfaces/msg/_setpoint_s.c
[8.273s] -- Installing: /home/swayanshree/projects/Makara-AUV-ROS2/install/hammerhead_interfaces/lib/python3.12/site-packages/hammerhead_interfaces/msg/_position.py
[8.273s] -- Installing: /home/swayanshree/projects/Makara-AUV-ROS2/install/hammerhead_interfaces/lib/python3.12/site-packages/hammerhead_interfaces/msg/__init__.py
[8.273s] -- Installing: /home/swayanshree/projects/Makara-AUV-ROS2/install/hammerhead_interfaces/lib/python3.12/site-packages/hammerhead_interfaces/msg/_thruster_speeds.py
[8.273s] -- Installing: /home/swayanshree/projects/Makara-AUV-ROS2/install/hammerhead_interfaces/lib/python3.12/site-packages/hammerhead_interfaces/_hammerhead_interfaces_s.ep.rosidl_typesupport_fastrtps_c.c
[8.273s] -- Installing: /home/swayanshree/projects/Makara-AUV-ROS2/install/hammerhead_interfaces/lib/python3.12/site-packages/hammerhead_interfaces/hammerhead_interfaces_s__rosidl_typesupport_introspection_c.so
[8.273s] -- Installing: /home/swayanshree/projects/Makara-AUV-ROS2/install/hammerhead_interfaces/lib/python3.12/site-packages/hammerhead_interfaces/__init__.py
[8.315s] Listing '/home/swayanshree/projects/Makara-AUV-ROS2/install/hammerhead_interfaces/lib/python3.12/site-packages/hammerhead_interfaces'...
[8.315s] Compiling '/home/swayanshree/projects/Makara-AUV-ROS2/install/hammerhead_interfaces/lib/python3.12/site-packages/hammerhead_interfaces/__init__.py'...
[8.315s] Listing '/home/swayanshree/projects/Makara-AUV-ROS2/install/hammerhead_interfaces/lib/python3.12/site-packages/hammerhead_interfaces/msg'...
[8.315s] Compiling '/home/swayanshree/projects/Makara-AUV-ROS2/install/hammerhead_interfaces/lib/python3.12/site-packages/hammerhead_interfaces/msg/__init__.py'...
[8.315s] Compiling '/home/swayanshree/projects/Makara-AUV-ROS2/install/hammerhead_interfaces/lib/python3.12/site-packages/hammerhead_interfaces/msg/_battery_status.py'...
[8.315s] Compiling '/home/swayanshree/projects/Makara-AUV-ROS2/install/hammerhead_interfaces/lib/python3.12/site-packages/hammerhead_interfaces/msg/_combined.py'...
[8.315s] Compiling '/home/swayanshree/projects/Makara-AUV-ROS2/install/hammerhead_interfaces/lib/python3.12/site-packages/hammerhead_interfaces/msg/_depth.py'...
[8.316s] Compiling '/home/swayanshree/projects/Makara-AUV-ROS2/install/hammerhead_interfaces/lib/python3.12/site-packages/hammerhead_interfaces/msg/_ins_vel.py'...
[8.316s] Compiling '/home/swayanshree/projects/Makara-AUV-ROS2/install/hammerhead_interfaces/lib/python3.12/site-packages/hammerhead_interfaces/msg/_move_cmd.py'...
[8.316s] Compiling '/home/swayanshree/projects/Makara-AUV-ROS2/install/hammerhead_interfaces/lib/python3.12/site-packages/hammerhead_interfaces/msg/_move_cmds.py'...
[8.316s] Compiling '/home/swayanshree/projects/Makara-AUV-ROS2/install/hammerhead_interfaces/lib/python3.12/site-packages/hammerhead_interfaces/msg/_pid.py'...
[8.316s] Compiling '/home/swayanshree/projects/Makara-AUV-ROS2/install/hammerhead_interfaces/lib/python3.12/site-packages/hammerhead_interfaces/msg/_position.py'...
[8.316s] Compiling '/home/swayanshree/projects/Makara-AUV-ROS2/install/hammerhead_interfaces/lib/python3.12/site-packages/hammerhead_interfaces/msg/_setpoint.py'...
[8.316s] Compiling '/home/swayanshree/projects/Makara-AUV-ROS2/install/hammerhead_interfaces/lib/python3.12/site-packages/hammerhead_interfaces/msg/_thruster_speeds.py'...
[8.316s] Compiling '/home/swayanshree/projects/Makara-AUV-ROS2/install/hammerhead_interfaces/lib/python3.12/site-packages/hammerhead_interfaces/msg/_vector_nav_data.py'...
[8.320s] -- Installing: /home/swayanshree/projects/Makara-AUV-ROS2/install/hammerhead_interfaces/lib/python3.12/site-packages/hammerhead_interfaces/hammerhead_interfaces_s__rosidl_typesupport_fastrtps_c.so
[8.320s] -- Set non-toolchain portion of runtime path of "/home/swayanshree/projects/Makara-AUV-ROS2/install/hammerhead_interfaces/lib/python3.12/site-packages/hammerhead_interfaces/hammerhead_interfaces_s__rosidl_typesupport_fastrtps_c.so" to ""
[8.320s] -- Installing: /home/swayanshree/projects/Makara-AUV-ROS2/install/hammerhead_interfaces/lib/python3.12/site-packages/hammerhead_interfaces/hammerhead_interfaces_s__rosidl_typesupport_introspection_c.so
[8.320s] -- Set non-toolchain portion of runtime path of "/home/swayanshree/projects/Makara-AUV-ROS2/install/hammerhead_interfaces/lib/python3.12/site-packages/hammerhead_interfaces/hammerhead_interfaces_s__rosidl_typesupport_introspection_c.so" to ""
[8.320s] -- Installing: /home/swayanshree/projects/Makara-AUV-ROS2/install/hammerhead_interfaces/lib/python3.12/site-packages/hammerhead_interfaces/hammerhead_interfaces_s__rosidl_typesupport_c.so
[8.320s] -- Set non-toolchain portion of runtime path of "/home/swayanshree/projects/Makara-AUV-ROS2/install/hammerhead_interfaces/lib/python3.12/site-packages/hammerhead_interfaces/hammerhead_interfaces_s__rosidl_typesupport_c.so" to ""
[8.320s] -- Installing: /home/swayanshree/projects/Makara-AUV-ROS2/install/hammerhead_interfaces/lib/libhammerhead_interfaces__rosidl_generator_py.so
[8.321s] -- Set non-toolchain portion of runtime path of "/home/swayanshree/projects/Makara-AUV-ROS2/install/hammerhead_interfaces/lib/libhammerhead_interfaces__rosidl_generator_py.so" to ""
[8.321s] -- Installing: /home/swayanshree/projects/Makara-AUV-ROS2/install/hammerhead_interfaces/share/hammerhead_interfaces/msg/BatteryStatus.idl
[8.321s] -- Installing: /home/swayanshree/projects/Makara-AUV-ROS2/install/hammerhead_interfaces/share/hammerhead_interfaces/msg/Combined.idl
[8.321s] -- Installing: /home/swayanshree/projects/Makara-AUV-ROS2/install/hammerhead_interfaces/share/hammerhead_interfaces/msg/Depth.idl
[8.321s] -- Installing: /home/swayanshree/projects/Makara-AUV-ROS2/install/hammerhead_interfaces/share/hammerhead_interfaces/msg/InsVel.idl
[8.321s] -- Installing: /home/swayanshree/projects/Makara-AUV-ROS2/install/hammerhead_interfaces/share/hammerhead_interfaces/msg/MoveCmd.idl
[8.321s] -- Installing: /home/swayanshree/projects/Makara-AUV-ROS2/install/hammerhead_interfaces/share/hammerhead_interfaces/msg/MoveCmds.idl
[8.321s] -- Installing: /home/swayanshree/projects/Makara-AUV-ROS2/install/hammerhead_interfaces/share/hammerhead_interfaces/msg/PID.idl
[8.321s] -- Installing: /home/swayanshree/projects/Makara-AUV-ROS2/install/hammerhead_interfaces/share/hammerhead_interfaces/msg/Position.idl
[8.321s] -- Installing: /home/swayanshree/projects/Makara-AUV-ROS2/install/hammerhead_interfaces/share/hammerhead_interfaces/msg/Setpoint.idl
[8.321s] -- Installing: /home/swayanshree/projects/Makara-AUV-ROS2/install/hammerhead_interfaces/share/hammerhead_interfaces/msg/ThrusterSpeeds.idl
[8.321s] -- Installing: /home/swayanshree/projects/Makara-AUV-ROS2/install/hammerhead_interfaces/share/hammerhead_interfaces/msg/VectorNavData.idl
[8.321s] -- Installing: /home/swayanshree/projects/Makara-AUV-ROS2/install/hammerhead_interfaces/share/hammerhead_interfaces/msg/BatteryStatus.msg
[8.321s] -- Installing: /home/swayanshree/projects/Makara-AUV-ROS2/install/hammerhead_interfaces/share/hammerhead_interfaces/msg/Combined.msg
[8.321s] -- Installing: /home/swayanshree/projects/Makara-AUV-ROS2/install/hammerhead_interfaces/share/hammerhead_interfaces/msg/Depth.msg
[8.321s] -- Installing: /home/swayanshree/projects/Makara-AUV-ROS2/install/hammerhead_interfaces/share/hammerhead_interfaces/msg/InsVel.msg
[8.321s] -- Installing: /home/swayanshree/projects/Makara-AUV-ROS2/install/hammerhead_interfaces/share/hammerhead_interfaces/msg/MoveCmd.msg
[8.321s] -- Installing: /home/swayanshree/projects/Makara-AUV-ROS2/install/hammerhead_interfaces/share/hammerhead_interfaces/msg/MoveCmds.msg
[8.322s] -- Installing: /home/swayanshree/projects/Makara-AUV-ROS2/install/hammerhead_interfaces/share/hammerhead_interfaces/msg/PID.msg
[8.322s] -- Installing: /home/swayanshree/projects/Makara-AUV-ROS2/install/hammerhead_interfaces/share/hammerhead_interfaces/msg/Position.msg
[8.322s] -- Installing: /home/swayanshree/projects/Makara-AUV-ROS2/install/hammerhead_interfaces/share/hammerhead_interfaces/msg/Setpoint.msg
[8.322s] -- Installing: /home/swayanshree/projects/Makara-AUV-ROS2/install/hammerhead_interfaces/share/hammerhead_interfaces/msg/ThrusterSpeeds.msg
[8.322s] -- Installing: /home/swayanshree/projects/Makara-AUV-ROS2/install/hammerhead_interfaces/share/hammerhead_interfaces/msg/VectorNavData.msg
[8.322s] -- Installing: /home/swayanshree/projects/Makara-AUV-ROS2/install/hammerhead_interfaces/share/ament_index/resource_index/package_run_dependencies/hammerhead_interfaces
[8.322s] -- Installing: /home/swayanshree/projects/Makara-AUV-ROS2/install/hammerhead_interfaces/share/ament_index/resource_index/parent_prefix_path/hammerhead_interfaces
[8.322s] -- Installing: /home/swayanshree/projects/Makara-AUV-ROS2/install/hammerhead_interfaces/share/hammerhead_interfaces/environment/ament_prefix_path.sh
[8.322s] -- Installing: /home/swayanshree/projects/Makara-AUV-ROS2/install/hammerhead_interfaces/share/hammerhead_interfaces/environment/ament_prefix_path.dsv
[8.322s] -- Installing: /home/swayanshree/projects/Makara-AUV-ROS2/install/hammerhead_interfaces/share/hammerhead_interfaces/environment/path.sh
[8.322s] -- Installing: /home/swayanshree/projects/Makara-AUV-ROS2/install/hammerhead_interfaces/share/hammerhead_interfaces/environment/path.dsv
[8.322s] -- Installing: /home/swayanshree/projects/Makara-AUV-ROS2/install/hammerhead_interfaces/share/hammerhead_interfaces/local_setup.bash
[8.322s] -- Installing: /home/swayanshree/projects/Makara-AUV-ROS2/install/hammerhead_interfaces/share/hammerhead_interfaces/local_setup.sh
[8.322s] -- Installing: /home/swayanshree/projects/Makara-AUV-ROS2/install/hammerhead_interfaces/share/hammerhead_interfaces/local_setup.zsh
[8.322s] -- Installing: /home/swayanshree/projects/Makara-AUV-ROS2/install/hammerhead_interfaces/share/hammerhead_interfaces/local_setup.dsv
[8.322s] -- Installing: /home/swayanshree/projects/Makara-AUV-ROS2/install/hammerhead_interfaces/share/hammerhead_interfaces/package.dsv
[8.322s] -- Installing: /home/swayanshree/projects/Makara-AUV-ROS2/install/hammerhead_interfaces/share/ament_index/resource_index/packages/hammerhead_interfaces
[8.322s] -- Installing: /home/swayanshree/projects/Makara-AUV-ROS2/install/hammerhead_interfaces/share/hammerhead_interfaces/cmake/export_hammerhead_interfaces__rosidl_generator_cExport.cmake
[8.323s] -- Installing: /home/swayanshree/projects/Makara-AUV-ROS2/install/hammerhead_interfaces/share/hammerhead_interfaces/cmake/export_hammerhead_interfaces__rosidl_generator_cExport-noconfig.cmake
[8.323s] -- Installing: /home/swayanshree/projects/Makara-AUV-ROS2/install/hammerhead_interfaces/share/hammerhead_interfaces/cmake/export_hammerhead_interfaces__rosidl_typesupport_fastrtps_cExport.cmake
[8.323s] -- Installing: /home/swayanshree/projects/Makara-AUV-ROS2/install/hammerhead_interfaces/share/hammerhead_interfaces/cmake/export_hammerhead_interfaces__rosidl_typesupport_fastrtps_cExport-noconfig.cmake
[8.323s] -- Installing: /home/swayanshree/projects/Makara-AUV-ROS2/install/hammerhead_interfaces/share/hammerhead_interfaces/cmake/hammerhead_interfaces__rosidl_typesupport_introspection_cExport.cmake
[8.323s] -- Installing: /home/swayanshree/projects/Makara-AUV-ROS2/install/hammerhead_interfaces/share/hammerhead_interfaces/cmake/hammerhead_interfaces__rosidl_typesupport_introspection_cExport-noconfig.cmake
[8.323s] -- Installing: /home/swayanshree/projects/Makara-AUV-ROS2/install/hammerhead_interfaces/share/hammerhead_interfaces/cmake/hammerhead_interfaces__rosidl_typesupport_cExport.cmake
[8.323s] -- Installing: /home/swayanshree/projects/Makara-AUV-ROS2/install/hammerhead_interfaces/share/hammerhead_interfaces/cmake/hammerhead_interfaces__rosidl_typesupport_cExport-noconfig.cmake
[8.323s] -- Installing: /home/swayanshree/projects/Makara-AUV-ROS2/install/hammerhead_interfaces/share/hammerhead_interfaces/cmake/export_hammerhead_interfaces__rosidl_generator_cppExport.cmake
[8.323s] -- Installing: /home/swayanshree/projects/Makara-AUV-ROS2/install/hammerhead_interfaces/share/hammerhead_interfaces/cmake/export_hammerhead_interfaces__rosidl_typesupport_fastrtps_cppExport.cmake
[8.323s] -- Installing: /home/swayanshree/projects/Makara-AUV-ROS2/install/hammerhead_interfaces/share/hammerhead_interfaces/cmake/export_hammerhead_interfaces__rosidl_typesupport_fastrtps_cppExport-noconfig.cmake
[8.323s] -- Installing: /home/swayanshree/projects/Makara-AUV-ROS2/install/hammerhead_interfaces/share/hammerhead_interfaces/cmake/hammerhead_interfaces__rosidl_typesupport_introspection_cppExport.cmake
[8.323s] -- Installing: /home/swayanshree/projects/Makara-AUV-ROS2/install/hammerhead_interfaces/share/hammerhead_interfaces/cmake/hammerhead_interfaces__rosidl_typesupport_introspection_cppExport-noconfig.cmake
[8.323s] -- Installing: /home/swayanshree/projects/Makara-AUV-ROS2/install/hammerhead_interfaces/share/hammerhead_interfaces/cmake/hammerhead_interfaces__rosidl_typesupport_cppExport.cmake
[8.323s] -- Installing: /home/swayanshree/projects/Makara-AUV-ROS2/install/hammerhead_interfaces/share/hammerhead_interfaces/cmake/hammerhead_interfaces__rosidl_typesupport_cppExport-noconfig.cmake
[8.324s] -- Installing: /home/swayanshree/projects/Makara-AUV-ROS2/install/hammerhead_interfaces/share/hammerhead_interfaces/cmake/export_hammerhead_interfaces__rosidl_generator_pyExport.cmake
[8.324s] -- Installing: /home/swayanshree/projects/Makara-AUV-ROS2/install/hammerhead_interfaces/share/hammerhead_interfaces/cmake/export_hammerhead_interfaces__rosidl_generator_pyExport-noconfig.cmake
[8.324s] -- Installing: /home/swayanshree/projects/Makara-AUV-ROS2/install/hammerhead_interfaces/share/hammerhead_interfaces/cmake/rosidl_cmake-extras.cmake
[8.324s] -- Installing: /home/swayanshree/projects/Makara-AUV-ROS2/install/hammerhead_interfaces/share/hammerhead_interfaces/cmake/ament_cmake_export_dependencies-extras.cmake
[8.324s] -- Installing: /home/swayanshree/projects/Makara-AUV-ROS2/install/hammerhead_interfaces/share/hammerhead_interfaces/cmake/ament_cmake_export_include_directories-extras.cmake
[8.324s] -- Installing: /home/swayanshree/projects/Makara-AUV-ROS2/install/hammerhead_interfaces/share/hammerhead_interfaces/cmake/ament_cmake_export_libraries-extras.cmake
[8.324s] -- Installing: /home/swayanshree/projects/Makara-AUV-ROS2/install/hammerhead_interfaces/share/hammerhead_interfaces/cmake/ament_cmake_export_targets-extras.cmake
[8.324s] -- Installing: /home/swayanshree/projects/Makara-AUV-ROS2/install/hammerhead_interfaces/share/hammerhead_interfaces/cmake/rosidl_cmake_export_typesupport_targets-extras.cmake
[8.324s] -- Installing: /home/swayanshree/projects/Makara-AUV-ROS2/install/hammerhead_interfaces/share/hammerhead_interfaces/cmake/rosidl_cmake_export_typesupport_libraries-extras.cmake
[8.324s] -- Installing: /home/swayanshree/projects/Makara-AUV-ROS2/install/hammerhead_interfaces/share/hammerhead_interfaces/cmake/hammerhead_interfacesConfig.cmake
[8.324s] -- Installing: /home/swayanshree/projects/Makara-AUV-ROS2/install/hammerhead_interfaces/share/hammerhead_interfaces/cmake/hammerhead_interfacesConfig-version.cmake
[8.324s] -- Installing: /home/swayanshree/projects/Makara-AUV-ROS2/install/hammerhead_interfaces/share/hammerhead_interfaces/package.xml
[8.326s] Invoked command in '/home/swayanshree/projects/Makara-AUV-ROS2/build/hammerhead_interfaces' returned '0': CMAKE_PREFIX_PATH=${CMAKE_PREFIX_PATH}:/home/swayanshree/projects/Makara-AUV-ROS2/install/uuv_simulator:/home/swayanshree/projects/Makara-AUV-ROS2/install/makara_serial:/home/swayanshree/projects/Makara-AUV-ROS2/install/hammerhead_serial:/home/swayanshree/projects/Makara-AUV-ROS2/install/data_sync:/home/swayanshree/projects/Makara-AUV-ROS2/install/makara_vision:/home/swayanshree/projects/Makara-AUV-ROS2/install/makara_bringup:/opt/ros/jazzy DEBUGINFOD_URLS=https://debuginfod.ubuntu.com /usr/bin/cmake --install /home/swayanshree/projects/Makara-AUV-ROS2/build/hammerhead_interfaces
