running egg_info
creating ../build/hammerhead_serial/hammerhead_serial.egg-info
writing ../build/hammerhead_serial/hammerhead_serial.egg-info/PKG-INFO
writing dependency_links to ../build/hammerhead_serial/hammerhead_serial.egg-info/dependency_links.txt
writing entry points to ../build/hammerhead_serial/hammerhead_serial.egg-info/entry_points.txt
writing requirements to ../build/hammerhead_serial/hammerhead_serial.egg-info/requires.txt
writing top-level names to ../build/hammerhead_serial/hammerhead_serial.egg-info/top_level.txt
writing manifest file '../build/hammerhead_serial/hammerhead_serial.egg-info/SOURCES.txt'
reading manifest file '../build/hammerhead_serial/hammerhead_serial.egg-info/SOURCES.txt'
writing manifest file '../build/hammerhead_serial/hammerhead_serial.egg-info/SOURCES.txt'
running build
running build_py
creating /home/swayanshree/projects/Makara-AUV-ROS2/src/build/hammerhead_serial/build
creating /home/swayanshree/projects/Makara-AUV-ROS2/src/build/hammerhead_serial/build/lib
creating /home/swayanshree/projects/Makara-AUV-ROS2/src/build/hammerhead_serial/build/lib/hammerhead_serial
copying hammerhead_serial/serial_node.py -> /home/swayanshree/projects/Makara-AUV-ROS2/src/build/hammerhead_serial/build/lib/hammerhead_serial
copying hammerhead_serial/__init__.py -> /home/swayanshree/projects/Makara-AUV-ROS2/src/build/hammerhead_serial/build/lib/hammerhead_serial
running install
running install_lib
creating /home/swayanshree/projects/Makara-AUV-ROS2/src/install/hammerhead_serial/lib/python3.12/site-packages/hammerhead_serial
copying /home/swayanshree/projects/Makara-AUV-ROS2/src/build/hammerhead_serial/build/lib/hammerhead_serial/serial_node.py -> /home/swayanshree/projects/Makara-AUV-ROS2/src/install/hammerhead_serial/lib/python3.12/site-packages/hammerhead_serial
copying /home/swayanshree/projects/Makara-AUV-ROS2/src/build/hammerhead_serial/build/lib/hammerhead_serial/__init__.py -> /home/swayanshree/projects/Makara-AUV-ROS2/src/install/hammerhead_serial/lib/python3.12/site-packages/hammerhead_serial
byte-compiling /home/swayanshree/projects/Makara-AUV-ROS2/src/install/hammerhead_serial/lib/python3.12/site-packages/hammerhead_serial/serial_node.py to serial_node.cpython-312.pyc
byte-compiling /home/swayanshree/projects/Makara-AUV-ROS2/src/install/hammerhead_serial/lib/python3.12/site-packages/hammerhead_serial/__init__.py to __init__.cpython-312.pyc
running install_data
creating /home/swayanshree/projects/Makara-AUV-ROS2/src/install/hammerhead_serial/share/ament_index
creating /home/swayanshree/projects/Makara-AUV-ROS2/src/install/hammerhead_serial/share/ament_index/resource_index
creating /home/swayanshree/projects/Makara-AUV-ROS2/src/install/hammerhead_serial/share/ament_index/resource_index/packages
copying resource/hammerhead_serial -> /home/swayanshree/projects/Makara-AUV-ROS2/src/install/hammerhead_serial/share/ament_index/resource_index/packages
copying package.xml -> /home/swayanshree/projects/Makara-AUV-ROS2/src/install/hammerhead_serial/share/hammerhead_serial
running install_egg_info
Copying ../build/hammerhead_serial/hammerhead_serial.egg-info to /home/swayanshree/projects/Makara-AUV-ROS2/src/install/hammerhead_serial/lib/python3.12/site-packages/hammerhead_serial-0.0.0-py3.12.egg-info
running install_scripts
Installing serial_node script to /home/swayanshree/projects/Makara-AUV-ROS2/src/install/hammerhead_serial/lib/hammerhead_serial
writing list of installed files to '/home/swayanshree/projects/Makara-AUV-ROS2/src/build/hammerhead_serial/install.log'
