[0.653s] Invoking command in '/home/swayanshree/projects/Makara-AUV-ROS2/src/hammerhead_serial': AMENT_PREFIX_PATH=/home/swayanshree/projects/Makara-AUV-ROS2/src/install/hammerhead_interfaces:${AMENT_PREFIX_PATH} CMAKE_PREFIX_PATH=/home/swayanshree/projects/Makara-AUV-ROS2/src/install/hammerhead_interfaces:${CMAKE_PREFIX_PATH} DEBUGINFOD_URLS=https://debuginfod.ubuntu.com LD_LIBRARY_PATH=/home/swayanshree/projects/Makara-AUV-ROS2/src/install/hammerhead_interfaces/lib:${LD_LIBRARY_PATH} PYTHONPATH=/home/swayanshree/projects/Makara-AUV-ROS2/src/build/hammerhead_serial/prefix_override:/usr/lib/python3/dist-packages/colcon_core/task/python/colcon_distutils_commands:/home/swayanshree/projects/Makara-AUV-ROS2/src/install/hammerhead_serial/lib/python3.12/site-packages:/home/swayanshree/projects/Makara-AUV-ROS2/src/install/hammerhead_interfaces/lib/python3.12/site-packages:${PYTHONPATH} /usr/bin/python3 -W ignore:setup.py install is deprecated -W ignore:easy_install command is deprecated setup.py egg_info --egg-base ../build/hammerhead_serial build --build-base /home/swayanshree/projects/Makara-AUV-ROS2/src/build/hammerhead_serial/build install --record /home/swayanshree/projects/Makara-AUV-ROS2/src/build/hammerhead_serial/install.log --single-version-externally-managed install_data
[0.828s] running egg_info
[0.828s] creating ../build/hammerhead_serial/hammerhead_serial.egg-info
[0.839s] writing ../build/hammerhead_serial/hammerhead_serial.egg-info/PKG-INFO
[0.839s] writing dependency_links to ../build/hammerhead_serial/hammerhead_serial.egg-info/dependency_links.txt
[0.839s] writing entry points to ../build/hammerhead_serial/hammerhead_serial.egg-info/entry_points.txt
[0.839s] writing requirements to ../build/hammerhead_serial/hammerhead_serial.egg-info/requires.txt
[0.839s] writing top-level names to ../build/hammerhead_serial/hammerhead_serial.egg-info/top_level.txt
[0.839s] writing manifest file '../build/hammerhead_serial/hammerhead_serial.egg-info/SOURCES.txt'
[0.861s] reading manifest file '../build/hammerhead_serial/hammerhead_serial.egg-info/SOURCES.txt'
[0.861s] writing manifest file '../build/hammerhead_serial/hammerhead_serial.egg-info/SOURCES.txt'
[0.861s] running build
[0.862s] running build_py
[0.862s] creating /home/swayanshree/projects/Makara-AUV-ROS2/src/build/hammerhead_serial/build
[0.862s] creating /home/swayanshree/projects/Makara-AUV-ROS2/src/build/hammerhead_serial/build/lib
[0.862s] creating /home/swayanshree/projects/Makara-AUV-ROS2/src/build/hammerhead_serial/build/lib/hammerhead_serial
[0.862s] copying hammerhead_serial/serial_node.py -> /home/swayanshree/projects/Makara-AUV-ROS2/src/build/hammerhead_serial/build/lib/hammerhead_serial
[0.862s] copying hammerhead_serial/__init__.py -> /home/swayanshree/projects/Makara-AUV-ROS2/src/build/hammerhead_serial/build/lib/hammerhead_serial
[0.862s] running install
[0.866s] running install_lib
[0.879s] creating /home/swayanshree/projects/Makara-AUV-ROS2/src/install/hammerhead_serial/lib/python3.12/site-packages/hammerhead_serial
[0.879s] copying /home/swayanshree/projects/Makara-AUV-ROS2/src/build/hammerhead_serial/build/lib/hammerhead_serial/serial_node.py -> /home/swayanshree/projects/Makara-AUV-ROS2/src/install/hammerhead_serial/lib/python3.12/site-packages/hammerhead_serial
[0.879s] copying /home/swayanshree/projects/Makara-AUV-ROS2/src/build/hammerhead_serial/build/lib/hammerhead_serial/__init__.py -> /home/swayanshree/projects/Makara-AUV-ROS2/src/install/hammerhead_serial/lib/python3.12/site-packages/hammerhead_serial
[0.879s] byte-compiling /home/swayanshree/projects/Makara-AUV-ROS2/src/install/hammerhead_serial/lib/python3.12/site-packages/hammerhead_serial/serial_node.py to serial_node.cpython-312.pyc
[0.880s] byte-compiling /home/swayanshree/projects/Makara-AUV-ROS2/src/install/hammerhead_serial/lib/python3.12/site-packages/hammerhead_serial/__init__.py to __init__.cpython-312.pyc
[0.880s] running install_data
[0.880s] creating /home/swayanshree/projects/Makara-AUV-ROS2/src/install/hammerhead_serial/share/ament_index
[0.881s] creating /home/swayanshree/projects/Makara-AUV-ROS2/src/install/hammerhead_serial/share/ament_index/resource_index
[0.881s] creating /home/swayanshree/projects/Makara-AUV-ROS2/src/install/hammerhead_serial/share/ament_index/resource_index/packages
[0.881s] copying resource/hammerhead_serial -> /home/swayanshree/projects/Makara-AUV-ROS2/src/install/hammerhead_serial/share/ament_index/resource_index/packages
[0.881s] copying package.xml -> /home/swayanshree/projects/Makara-AUV-ROS2/src/install/hammerhead_serial/share/hammerhead_serial
[0.881s] running install_egg_info
[0.893s] Copying ../build/hammerhead_serial/hammerhead_serial.egg-info to /home/swayanshree/projects/Makara-AUV-ROS2/src/install/hammerhead_serial/lib/python3.12/site-packages/hammerhead_serial-0.0.0-py3.12.egg-info
[0.894s] running install_scripts
[0.971s] Installing serial_node script to /home/swayanshree/projects/Makara-AUV-ROS2/src/install/hammerhead_serial/lib/hammerhead_serial
[0.971s] writing list of installed files to '/home/swayanshree/projects/Makara-AUV-ROS2/src/build/hammerhead_serial/install.log'
[0.991s] Invoked command in '/home/swayanshree/projects/Makara-AUV-ROS2/src/hammerhead_serial' returned '0': AMENT_PREFIX_PATH=/home/swayanshree/projects/Makara-AUV-ROS2/src/install/hammerhead_interfaces:${AMENT_PREFIX_PATH} CMAKE_PREFIX_PATH=/home/swayanshree/projects/Makara-AUV-ROS2/src/install/hammerhead_interfaces:${CMAKE_PREFIX_PATH} DEBUGINFOD_URLS=https://debuginfod.ubuntu.com LD_LIBRARY_PATH=/home/swayanshree/projects/Makara-AUV-ROS2/src/install/hammerhead_interfaces/lib:${LD_LIBRARY_PATH} PYTHONPATH=/home/swayanshree/projects/Makara-AUV-ROS2/src/build/hammerhead_serial/prefix_override:/usr/lib/python3/dist-packages/colcon_core/task/python/colcon_distutils_commands:/home/swayanshree/projects/Makara-AUV-ROS2/src/install/hammerhead_serial/lib/python3.12/site-packages:/home/swayanshree/projects/Makara-AUV-ROS2/src/install/hammerhead_interfaces/lib/python3.12/site-packages:${PYTHONPATH} /usr/bin/python3 -W ignore:setup.py install is deprecated -W ignore:easy_install command is deprecated setup.py egg_info --egg-base ../build/hammerhead_serial build --build-base /home/swayanshree/projects/Makara-AUV-ROS2/src/build/hammerhead_serial/build install --record /home/swayanshree/projects/Makara-AUV-ROS2/src/build/hammerhead_serial/install.log --single-version-externally-managed install_data
