[0.022s] Invoking command in '/home/swayanshree/projects/Makara-AUV-ROS2/build/bluerov2_description': CMAKE_PREFIX_PATH=${CMAKE_PREFIX_PATH}:/opt/ros/jazzy DEBUGINFOD_URLS=https://debuginfod.ubuntu.com /usr/bin/cmake --build /home/swayanshree/projects/Makara-AUV-ROS2/build/bluerov2_description -- -j16 -l16
[0.672s] Invoked command in '/home/swayanshree/projects/Makara-AUV-ROS2/build/bluerov2_description' returned '0': CMAKE_PREFIX_PATH=${CMAKE_PREFIX_PATH}:/opt/ros/jazzy DEBUGINFOD_URLS=https://debuginfod.ubuntu.com /usr/bin/cmake --build /home/swayanshree/projects/Makara-AUV-ROS2/build/bluerov2_description -- -j16 -l16
[0.672s] Invoking command in '/home/swayanshree/projects/Makara-AUV-ROS2/build/bluerov2_description': CMAKE_PREFIX_PATH=${CMAKE_PREFIX_PATH}:/opt/ros/jazzy DEBUGINFOD_URLS=https://debuginfod.ubuntu.com /usr/bin/cmake --install /home/swayanshree/projects/Makara-AUV-ROS2/build/bluerov2_description
[0.803s] -- Install configuration: ""
[0.803s] -- Up-to-date: /home/swayanshree/projects/Makara-AUV-ROS2/install/bluerov2_description/share/bluerov2_description/launch
[0.803s] -- Up-to-date: /home/swayanshree/projects/Makara-AUV-ROS2/install/bluerov2_description/share/bluerov2_description/launch/upload_bluerov2.launch
[0.803s] -- Up-to-date: /home/swayanshree/projects/Makara-AUV-ROS2/install/bluerov2_description/share/bluerov2_description/meshes
[0.803s] -- Up-to-date: /home/swayanshree/projects/Makara-AUV-ROS2/install/bluerov2_description/share/bluerov2_description/meshes/bluerov2_propccw.dae
[0.803s] -- Up-to-date: /home/swayanshree/projects/Makara-AUV-ROS2/install/bluerov2_description/share/bluerov2_description/meshes/bluerov2_propcw.dae
[0.803s] -- Up-to-date: /home/swayanshree/projects/Makara-AUV-ROS2/install/bluerov2_description/share/bluerov2_description/meshes/README.md
[0.803s] -- Up-to-date: /home/swayanshree/projects/Makara-AUV-ROS2/install/bluerov2_description/share/bluerov2_description/meshes/bluerov2_noprop.stl
[0.803s] -- Up-to-date: /home/swayanshree/projects/Makara-AUV-ROS2/install/bluerov2_description/share/bluerov2_description/meshes/bluerov2_noprop.dae
[0.803s] -- Up-to-date: /home/swayanshree/projects/Makara-AUV-ROS2/install/bluerov2_description/share/bluerov2_description/robots
[0.803s] -- Up-to-date: /home/swayanshree/projects/Makara-AUV-ROS2/install/bluerov2_description/share/bluerov2_description/robots/bluerov2_default.xacro
[0.804s] -- Up-to-date: /home/swayanshree/projects/Makara-AUV-ROS2/install/bluerov2_description/share/bluerov2_description/urdf
[0.804s] -- Up-to-date: /home/swayanshree/projects/Makara-AUV-ROS2/install/bluerov2_description/share/bluerov2_description/urdf/actuators.xacro
[0.804s] -- Up-to-date: /home/swayanshree/projects/Makara-AUV-ROS2/install/bluerov2_description/share/bluerov2_description/urdf/base.xacro
[0.804s] -- Up-to-date: /home/swayanshree/projects/Makara-AUV-ROS2/install/bluerov2_description/share/bluerov2_description/urdf/sensors.xacro
[0.804s] -- Up-to-date: /home/swayanshree/projects/Makara-AUV-ROS2/install/bluerov2_description/share/bluerov2_description/urdf/gazebo.xacro
[0.804s] -- Up-to-date: /home/swayanshree/projects/Makara-AUV-ROS2/install/bluerov2_description/share/bluerov2_description/urdf/snippets.xacro
[0.804s] -- Up-to-date: /home/swayanshree/projects/Makara-AUV-ROS2/install/bluerov2_description/share/ament_index/resource_index/package_run_dependencies/bluerov2_description
[0.804s] -- Up-to-date: /home/swayanshree/projects/Makara-AUV-ROS2/install/bluerov2_description/share/ament_index/resource_index/parent_prefix_path/bluerov2_description
[0.804s] -- Up-to-date: /home/swayanshree/projects/Makara-AUV-ROS2/install/bluerov2_description/share/bluerov2_description/environment/ament_prefix_path.sh
[0.804s] -- Up-to-date: /home/swayanshree/projects/Makara-AUV-ROS2/install/bluerov2_description/share/bluerov2_description/environment/ament_prefix_path.dsv
[0.804s] -- Up-to-date: /home/swayanshree/projects/Makara-AUV-ROS2/install/bluerov2_description/share/bluerov2_description/environment/path.sh
[0.804s] -- Up-to-date: /home/swayanshree/projects/Makara-AUV-ROS2/install/bluerov2_description/share/bluerov2_description/environment/path.dsv
[0.804s] -- Up-to-date: /home/swayanshree/projects/Makara-AUV-ROS2/install/bluerov2_description/share/bluerov2_description/local_setup.bash
[0.804s] -- Up-to-date: /home/swayanshree/projects/Makara-AUV-ROS2/install/bluerov2_description/share/bluerov2_description/local_setup.sh
[0.804s] -- Up-to-date: /home/swayanshree/projects/Makara-AUV-ROS2/install/bluerov2_description/share/bluerov2_description/local_setup.zsh
[0.804s] -- Up-to-date: /home/swayanshree/projects/Makara-AUV-ROS2/install/bluerov2_description/share/bluerov2_description/local_setup.dsv
[0.804s] -- Up-to-date: /home/swayanshree/projects/Makara-AUV-ROS2/install/bluerov2_description/share/bluerov2_description/package.dsv
[0.804s] -- Up-to-date: /home/swayanshree/projects/Makara-AUV-ROS2/install/bluerov2_description/share/ament_index/resource_index/packages/bluerov2_description
[0.804s] -- Up-to-date: /home/swayanshree/projects/Makara-AUV-ROS2/install/bluerov2_description/share/bluerov2_description/cmake/bluerov2_descriptionConfig.cmake
[0.804s] -- Up-to-date: /home/swayanshree/projects/Makara-AUV-ROS2/install/bluerov2_description/share/bluerov2_description/cmake/bluerov2_descriptionConfig-version.cmake
[0.804s] -- Up-to-date: /home/swayanshree/projects/Makara-AUV-ROS2/install/bluerov2_description/share/bluerov2_description/package.xml
[0.853s] Invoked command in '/home/swayanshree/projects/Makara-AUV-ROS2/build/bluerov2_description' returned '0': CMAKE_PREFIX_PATH=${CMAKE_PREFIX_PATH}:/opt/ros/jazzy DEBUGINFOD_URLS=https://debuginfod.ubuntu.com /usr/bin/cmake --install /home/swayanshree/projects/Makara-AUV-ROS2/build/bluerov2_description
