[100%] Built target makara_control_node
-- Install configuration: ""
-- Up-to-date: /home/swayanshree/projects/Makara-AUV-ROS2/install/makara_control/lib/makara_control/makara_control_node
-- Up-to-date: /home/swayanshree/projects/Makara-AUV-ROS2/install/makara_control/share/makara_control/launch
-- Up-to-date: /home/swayanshree/projects/Makara-AUV-ROS2/install/makara_control/share/makara_control/launch/makara_control_launch.py
-- Up-to-date: /home/swayanshree/projects/Makara-AUV-ROS2/install/makara_control/share/ament_index/resource_index/package_run_dependencies/makara_control
-- Up-to-date: /home/swayanshree/projects/Makara-AUV-ROS2/install/makara_control/share/ament_index/resource_index/parent_prefix_path/makara_control
-- Up-to-date: /home/swayanshree/projects/Makara-AUV-ROS2/install/makara_control/share/makara_control/environment/ament_prefix_path.sh
-- Up-to-date: /home/swayanshree/projects/Makara-AUV-ROS2/install/makara_control/share/makara_control/environment/ament_prefix_path.dsv
-- Up-to-date: /home/swayanshree/projects/Makara-AUV-ROS2/install/makara_control/share/makara_control/environment/path.sh
-- Up-to-date: /home/swayanshree/projects/Makara-AUV-ROS2/install/makara_control/share/makara_control/environment/path.dsv
-- Up-to-date: /home/swayanshree/projects/Makara-AUV-ROS2/install/makara_control/share/makara_control/local_setup.bash
-- Up-to-date: /home/swayanshree/projects/Makara-AUV-ROS2/install/makara_control/share/makara_control/local_setup.sh
-- Up-to-date: /home/swayanshree/projects/Makara-AUV-ROS2/install/makara_control/share/makara_control/local_setup.zsh
-- Up-to-date: /home/swayanshree/projects/Makara-AUV-ROS2/install/makara_control/share/makara_control/local_setup.dsv
-- Installing: /home/swayanshree/projects/Makara-AUV-ROS2/install/makara_control/share/makara_control/package.dsv
-- Up-to-date: /home/swayanshree/projects/Makara-AUV-ROS2/install/makara_control/share/ament_index/resource_index/packages/makara_control
-- Up-to-date: /home/swayanshree/projects/Makara-AUV-ROS2/install/makara_control/share/makara_control/cmake/makara_controlConfig.cmake
-- Up-to-date: /home/swayanshree/projects/Makara-AUV-ROS2/install/makara_control/share/makara_control/cmake/makara_controlConfig-version.cmake
-- Up-to-date: /home/swayanshree/projects/Makara-AUV-ROS2/install/makara_control/share/makara_control/package.xml
