[1.227s] Invoking command in '/home/swayanshree/projects/Makara-AUV-ROS2/src/uuv_sensor_ros_plugins': DEBUGINFOD_URLS=https://debuginfod.ubuntu.com PYTHONPATH=/home/swayanshree/projects/Makara-AUV-ROS2/build/uuv_sensor_ros_plugins/prefix_override:/usr/lib/python3/dist-packages/colcon_core/task/python/colcon_distutils_commands:/home/swayanshree/projects/Makara-AUV-ROS2/install/uuv_sensor_ros_plugins/lib/python3.12/site-packages:${PYTHONPATH} /usr/bin/python3 -W ignore:setup.py install is deprecated -W ignore:easy_install command is deprecated setup.py egg_info --egg-base ../../build/uuv_sensor_ros_plugins build --build-base /home/swayanshree/projects/Makara-AUV-ROS2/build/uuv_sensor_ros_plugins/build install --record /home/swayanshree/projects/Makara-AUV-ROS2/build/uuv_sensor_ros_plugins/install.log --single-version-externally-managed install_data
[1.386s] running egg_info
[1.386s] creating ../../build/uuv_sensor_ros_plugins/uuv_sensor_ros_plugins.egg-info
[1.397s] writing ../../build/uuv_sensor_ros_plugins/uuv_sensor_ros_plugins.egg-info/PKG-INFO
[1.397s] writing dependency_links to ../../build/uuv_sensor_ros_plugins/uuv_sensor_ros_plugins.egg-info/dependency_links.txt
[1.397s] writing requirements to ../../build/uuv_sensor_ros_plugins/uuv_sensor_ros_plugins.egg-info/requires.txt
[1.397s] writing top-level names to ../../build/uuv_sensor_ros_plugins/uuv_sensor_ros_plugins.egg-info/top_level.txt
[1.397s] writing manifest file '../../build/uuv_sensor_ros_plugins/uuv_sensor_ros_plugins.egg-info/SOURCES.txt'
[1.419s] reading manifest file '../../build/uuv_sensor_ros_plugins/uuv_sensor_ros_plugins.egg-info/SOURCES.txt'
[1.419s] writing manifest file '../../build/uuv_sensor_ros_plugins/uuv_sensor_ros_plugins.egg-info/SOURCES.txt'
[1.419s] running build
[1.419s] running build_py
[1.419s] creating /home/swayanshree/projects/Makara-AUV-ROS2/build/uuv_sensor_ros_plugins/build
[1.420s] creating /home/swayanshree/projects/Makara-AUV-ROS2/build/uuv_sensor_ros_plugins/build/lib
[1.420s] creating /home/swayanshree/projects/Makara-AUV-ROS2/build/uuv_sensor_ros_plugins/build/lib/uuv_sensor_ros_plugins
[1.420s] copying uuv_sensor_ros_plugins/__init__.py -> /home/swayanshree/projects/Makara-AUV-ROS2/build/uuv_sensor_ros_plugins/build/lib/uuv_sensor_ros_plugins
[1.420s] running install
[1.424s] running install_lib
[1.435s] creating /home/swayanshree/projects/Makara-AUV-ROS2/install/uuv_sensor_ros_plugins/lib/python3.12/site-packages/uuv_sensor_ros_plugins
[1.435s] copying /home/swayanshree/projects/Makara-AUV-ROS2/build/uuv_sensor_ros_plugins/build/lib/uuv_sensor_ros_plugins/__init__.py -> /home/swayanshree/projects/Makara-AUV-ROS2/install/uuv_sensor_ros_plugins/lib/python3.12/site-packages/uuv_sensor_ros_plugins
[1.435s] byte-compiling /home/swayanshree/projects/Makara-AUV-ROS2/install/uuv_sensor_ros_plugins/lib/python3.12/site-packages/uuv_sensor_ros_plugins/__init__.py to __init__.cpython-312.pyc
[1.435s] running install_data
[1.435s] creating /home/swayanshree/projects/Makara-AUV-ROS2/install/uuv_sensor_ros_plugins/share/ament_index
[1.435s] creating /home/swayanshree/projects/Makara-AUV-ROS2/install/uuv_sensor_ros_plugins/share/ament_index/resource_index
[1.436s] creating /home/swayanshree/projects/Makara-AUV-ROS2/install/uuv_sensor_ros_plugins/share/ament_index/resource_index/packages
[1.436s] copying resource/uuv_sensor_ros_plugins -> /home/swayanshree/projects/Makara-AUV-ROS2/install/uuv_sensor_ros_plugins/share/ament_index/resource_index/packages
[1.436s] copying package.xml -> /home/swayanshree/projects/Makara-AUV-ROS2/install/uuv_sensor_ros_plugins/share/uuv_sensor_ros_plugins
[1.436s] running install_egg_info
[1.448s] Copying ../../build/uuv_sensor_ros_plugins/uuv_sensor_ros_plugins.egg-info to /home/swayanshree/projects/Makara-AUV-ROS2/install/uuv_sensor_ros_plugins/lib/python3.12/site-packages/uuv_sensor_ros_plugins-0.0.0-py3.12.egg-info
[1.448s] running install_scripts
[1.523s] writing list of installed files to '/home/swayanshree/projects/Makara-AUV-ROS2/build/uuv_sensor_ros_plugins/install.log'
[1.544s] Invoked command in '/home/swayanshree/projects/Makara-AUV-ROS2/src/uuv_sensor_ros_plugins' returned '0': DEBUGINFOD_URLS=https://debuginfod.ubuntu.com PYTHONPATH=/home/swayanshree/projects/Makara-AUV-ROS2/build/uuv_sensor_ros_plugins/prefix_override:/usr/lib/python3/dist-packages/colcon_core/task/python/colcon_distutils_commands:/home/swayanshree/projects/Makara-AUV-ROS2/install/uuv_sensor_ros_plugins/lib/python3.12/site-packages:${PYTHONPATH} /usr/bin/python3 -W ignore:setup.py install is deprecated -W ignore:easy_install command is deprecated setup.py egg_info --egg-base ../../build/uuv_sensor_ros_plugins build --build-base /home/swayanshree/projects/Makara-AUV-ROS2/build/uuv_sensor_ros_plugins/build install --record /home/swayanshree/projects/Makara-AUV-ROS2/build/uuv_sensor_ros_plugins/install.log --single-version-externally-managed install_data
