[1.298s] Invoking command in '/home/swayanshree/projects/Makara-AUV-ROS2/src/uuv_descriptions': DEBUGINFOD_URLS=https://debuginfod.ubuntu.com PYTHONPATH=/home/swayanshree/projects/Makara-AUV-ROS2/build/uuv_descriptions/prefix_override:/usr/lib/python3/dist-packages/colcon_core/task/python/colcon_distutils_commands:/home/swayanshree/projects/Makara-AUV-ROS2/install/uuv_descriptions/lib/python3.12/site-packages:${PYTHONPATH} /usr/bin/python3 -W ignore:setup.py install is deprecated -W ignore:easy_install command is deprecated setup.py egg_info --egg-base ../../build/uuv_descriptions build --build-base /home/swayanshree/projects/Makara-AUV-ROS2/build/uuv_descriptions/build install --record /home/swayanshree/projects/Makara-AUV-ROS2/build/uuv_descriptions/install.log --single-version-externally-managed install_data
[1.451s] running egg_info
[1.462s] writing ../../build/uuv_descriptions/uuv_descriptions.egg-info/PKG-INFO
[1.462s] writing dependency_links to ../../build/uuv_descriptions/uuv_descriptions.egg-info/dependency_links.txt
[1.462s] writing requirements to ../../build/uuv_descriptions/uuv_descriptions.egg-info/requires.txt
[1.462s] writing top-level names to ../../build/uuv_descriptions/uuv_descriptions.egg-info/top_level.txt
[1.484s] reading manifest file '../../build/uuv_descriptions/uuv_descriptions.egg-info/SOURCES.txt'
[1.485s] writing manifest file '../../build/uuv_descriptions/uuv_descriptions.egg-info/SOURCES.txt'
[1.485s] running build
[1.485s] running build_py
[1.485s] running install
[1.489s] running install_lib
[1.500s] running install_data
[1.500s] creating /home/swayanshree/projects/Makara-AUV-ROS2/install/uuv_descriptions/share/uuv_descriptions/urdf
[1.500s] copying urdf/common.urdf.xacro -> /home/swayanshree/projects/Makara-AUV-ROS2/install/uuv_descriptions/share/uuv_descriptions/urdf
[1.500s] running install_egg_info
[1.512s] removing '/home/swayanshree/projects/Makara-AUV-ROS2/install/uuv_descriptions/lib/python3.12/site-packages/uuv_descriptions-0.0.0-py3.12.egg-info' (and everything under it)
[1.513s] Copying ../../build/uuv_descriptions/uuv_descriptions.egg-info to /home/swayanshree/projects/Makara-AUV-ROS2/install/uuv_descriptions/lib/python3.12/site-packages/uuv_descriptions-0.0.0-py3.12.egg-info
[1.513s] running install_scripts
[1.590s] writing list of installed files to '/home/swayanshree/projects/Makara-AUV-ROS2/build/uuv_descriptions/install.log'
[1.609s] Invoked command in '/home/swayanshree/projects/Makara-AUV-ROS2/src/uuv_descriptions' returned '0': DEBUGINFOD_URLS=https://debuginfod.ubuntu.com PYTHONPATH=/home/swayanshree/projects/Makara-AUV-ROS2/build/uuv_descriptions/prefix_override:/usr/lib/python3/dist-packages/colcon_core/task/python/colcon_distutils_commands:/home/swayanshree/projects/Makara-AUV-ROS2/install/uuv_descriptions/lib/python3.12/site-packages:${PYTHONPATH} /usr/bin/python3 -W ignore:setup.py install is deprecated -W ignore:easy_install command is deprecated setup.py egg_info --egg-base ../../build/uuv_descriptions build --build-base /home/swayanshree/projects/Makara-AUV-ROS2/build/uuv_descriptions/build install --record /home/swayanshree/projects/Makara-AUV-ROS2/build/uuv_descriptions/install.log --single-version-externally-managed install_data
