[  1%] Built target makara_interfaces__rosidl_generator_type_description
[  1%] Built target ament_cmake_python_copy_makara_interfaces
[  1%] Built target makara_interfaces__cpp
[ 27%] Built target makara_interfaces__rosidl_generator_c
[ 37%] Built target makara_interfaces__rosidl_typesupport_introspection_c
[ 46%] Built target makara_interfaces__rosidl_typesupport_cpp
[ 56%] Built target makara_interfaces__rosidl_typesupport_fastrtps_c
[ 66%] Built target makara_interfaces__rosidl_typesupport_c
[ 75%] Built target makara_interfaces__rosidl_typesupport_introspection_cpp
[ 85%] Built target makara_interfaces__rosidl_typesupport_fastrtps_cpp
[ 85%] Built target makara_interfaces
[ 86%] Built target makara_interfaces__py
[ 95%] Built target makara_interfaces__rosidl_generator_py
[ 99%] Built target makara_interfaces_s__rosidl_typesupport_introspection_c
[ 99%] Built target makara_interfaces_s__rosidl_typesupport_c
[100%] Built target makara_interfaces_s__rosidl_typesupport_fastrtps_c
running egg_info
writing makara_interfaces.egg-info/PKG-INFO
writing dependency_links to makara_interfaces.egg-info/dependency_links.txt
writing top-level names to makara_interfaces.egg-info/top_level.txt
reading manifest file 'makara_interfaces.egg-info/SOURCES.txt'
writing manifest file 'makara_interfaces.egg-info/SOURCES.txt'
[100%] Built target ament_cmake_python_build_makara_interfaces_egg
