[0.034s] Invoking command in '/home/swayanshree/projects/Makara-AUV-ROS2/build/makara_interfaces': CMAKE_PREFIX_PATH=${CMAKE_PREFIX_PATH}:/home/swayanshree/projects/Makara-AUV-ROS2/install/uuv_sensor_ros_plugins:/home/swayanshree/projects/Makara-AUV-ROS2/install/uuv_gazebo_ros_plugins:/home/swayanshree/projects/Makara-AUV-ROS2/install/uuv_descriptions:/home/swayanshree/projects/Makara-AUV-ROS2/install/makara_vision:/home/swayanshree/projects/Makara-AUV-ROS2/install/makara_serial:/home/swayanshree/projects/Makara-AUV-ROS2/install/makara_bringup:/home/swayanshree/projects/Makara-AUV-ROS2/install/hammerhead_serial:/home/swayanshree/projects/Makara-AUV-ROS2/install/data_sync:/opt/ros/jazzy DEBUGINFOD_URLS=https://debuginfod.ubuntu.com /usr/bin/cmake --build /home/swayanshree/projects/Makara-AUV-ROS2/build/makara_interfaces -- -j16 -l16
[0.698s] [  1%] Built target makara_interfaces__rosidl_generator_type_description
[0.698s] [  1%] Built target ament_cmake_python_copy_makara_interfaces
[0.698s] [  1%] Built target makara_interfaces__cpp
[0.698s] [ 27%] Built target makara_interfaces__rosidl_generator_c
[0.698s] [ 37%] Built target makara_interfaces__rosidl_typesupport_introspection_c
[0.698s] [ 46%] Built target makara_interfaces__rosidl_typesupport_cpp
[0.698s] [ 56%] Built target makara_interfaces__rosidl_typesupport_fastrtps_c
[0.699s] [ 66%] Built target makara_interfaces__rosidl_typesupport_c
[0.699s] [ 75%] Built target makara_interfaces__rosidl_typesupport_introspection_cpp
[0.699s] [ 85%] Built target makara_interfaces__rosidl_typesupport_fastrtps_cpp
[0.699s] [ 85%] Built target makara_interfaces
[0.699s] [ 86%] Built target makara_interfaces__py
[0.699s] [ 95%] Built target makara_interfaces__rosidl_generator_py
[0.699s] [ 99%] Built target makara_interfaces_s__rosidl_typesupport_introspection_c
[0.699s] [ 99%] Built target makara_interfaces_s__rosidl_typesupport_c
[0.699s] [100%] Built target makara_interfaces_s__rosidl_typesupport_fastrtps_c
[0.699s] running egg_info
[0.699s] writing makara_interfaces.egg-info/PKG-INFO
[0.699s] writing dependency_links to makara_interfaces.egg-info/dependency_links.txt
[0.699s] writing top-level names to makara_interfaces.egg-info/top_level.txt
[0.700s] reading manifest file 'makara_interfaces.egg-info/SOURCES.txt'
[0.700s] writing manifest file 'makara_interfaces.egg-info/SOURCES.txt'
[0.700s] [100%] Built target ament_cmake_python_build_makara_interfaces_egg
