running egg_info
creating ../build/makara_vision/makara_vision.egg-info
writing ../build/makara_vision/makara_vision.egg-info/PKG-INFO
writing dependency_links to ../build/makara_vision/makara_vision.egg-info/dependency_links.txt
writing entry points to ../build/makara_vision/makara_vision.egg-info/entry_points.txt
writing requirements to ../build/makara_vision/makara_vision.egg-info/requires.txt
writing top-level names to ../build/makara_vision/makara_vision.egg-info/top_level.txt
writing manifest file '../build/makara_vision/makara_vision.egg-info/SOURCES.txt'
reading manifest file '../build/makara_vision/makara_vision.egg-info/SOURCES.txt'
writing manifest file '../build/makara_vision/makara_vision.egg-info/SOURCES.txt'
running build
running build_py
creating /home/swayanshree/projects/Makara-AUV-ROS2/src/build/makara_vision/build
creating /home/swayanshree/projects/Makara-AUV-ROS2/src/build/makara_vision/build/lib
creating /home/swayanshree/projects/Makara-AUV-ROS2/src/build/makara_vision/build/lib/makara_vision
copying makara_vision/detector_node.py -> /home/swayanshree/projects/Makara-AUV-ROS2/src/build/makara_vision/build/lib/makara_vision
copying makara_vision/__init__.py -> /home/swayanshree/projects/Makara-AUV-ROS2/src/build/makara_vision/build/lib/makara_vision
running install
running install_lib
creating /home/swayanshree/projects/Makara-AUV-ROS2/src/install/makara_vision/lib/python3.12/site-packages/makara_vision
copying /home/swayanshree/projects/Makara-AUV-ROS2/src/build/makara_vision/build/lib/makara_vision/detector_node.py -> /home/swayanshree/projects/Makara-AUV-ROS2/src/install/makara_vision/lib/python3.12/site-packages/makara_vision
copying /home/swayanshree/projects/Makara-AUV-ROS2/src/build/makara_vision/build/lib/makara_vision/__init__.py -> /home/swayanshree/projects/Makara-AUV-ROS2/src/install/makara_vision/lib/python3.12/site-packages/makara_vision
byte-compiling /home/swayanshree/projects/Makara-AUV-ROS2/src/install/makara_vision/lib/python3.12/site-packages/makara_vision/detector_node.py to detector_node.cpython-312.pyc
byte-compiling /home/swayanshree/projects/Makara-AUV-ROS2/src/install/makara_vision/lib/python3.12/site-packages/makara_vision/__init__.py to __init__.cpython-312.pyc
running install_data
creating /home/swayanshree/projects/Makara-AUV-ROS2/src/install/makara_vision/share/ament_index
creating /home/swayanshree/projects/Makara-AUV-ROS2/src/install/makara_vision/share/ament_index/resource_index
creating /home/swayanshree/projects/Makara-AUV-ROS2/src/install/makara_vision/share/ament_index/resource_index/packages
copying resource/makara_vision -> /home/swayanshree/projects/Makara-AUV-ROS2/src/install/makara_vision/share/ament_index/resource_index/packages
copying package.xml -> /home/swayanshree/projects/Makara-AUV-ROS2/src/install/makara_vision/share/makara_vision
running install_egg_info
Copying ../build/makara_vision/makara_vision.egg-info to /home/swayanshree/projects/Makara-AUV-ROS2/src/install/makara_vision/lib/python3.12/site-packages/makara_vision-0.0.0-py3.12.egg-info
running install_scripts
Installing detector_node script to /home/swayanshree/projects/Makara-AUV-ROS2/src/install/makara_vision/lib/makara_vision
writing list of installed files to '/home/swayanshree/projects/Makara-AUV-ROS2/src/build/makara_vision/install.log'
