running egg_info
creating ../build/data_sync/data_sync.egg-info
writing ../build/data_sync/data_sync.egg-info/PKG-INFO
writing dependency_links to ../build/data_sync/data_sync.egg-info/dependency_links.txt
writing entry points to ../build/data_sync/data_sync.egg-info/entry_points.txt
writing requirements to ../build/data_sync/data_sync.egg-info/requires.txt
writing top-level names to ../build/data_sync/data_sync.egg-info/top_level.txt
writing manifest file '../build/data_sync/data_sync.egg-info/SOURCES.txt'
reading manifest file '../build/data_sync/data_sync.egg-info/SOURCES.txt'
writing manifest file '../build/data_sync/data_sync.egg-info/SOURCES.txt'
running build
running build_py
creating /home/swayanshree/projects/Makara-AUV-ROS2/src/build/data_sync/build
creating /home/swayanshree/projects/Makara-AUV-ROS2/src/build/data_sync/build/lib
creating /home/swayanshree/projects/Makara-AUV-ROS2/src/build/data_sync/build/lib/data_sync
copying data_sync/stability_sync_node.py -> /home/swayanshree/projects/Makara-AUV-ROS2/src/build/data_sync/build/lib/data_sync
copying data_sync/__init__.py -> /home/swayanshree/projects/Makara-AUV-ROS2/src/build/data_sync/build/lib/data_sync
copying data_sync/makara_to_bluerov2.py -> /home/swayanshree/projects/Makara-AUV-ROS2/src/build/data_sync/build/lib/data_sync
running install
running install_lib
creating /home/swayanshree/projects/Makara-AUV-ROS2/src/install/data_sync/lib/python3.12/site-packages/data_sync
copying /home/swayanshree/projects/Makara-AUV-ROS2/src/build/data_sync/build/lib/data_sync/stability_sync_node.py -> /home/swayanshree/projects/Makara-AUV-ROS2/src/install/data_sync/lib/python3.12/site-packages/data_sync
copying /home/swayanshree/projects/Makara-AUV-ROS2/src/build/data_sync/build/lib/data_sync/__init__.py -> /home/swayanshree/projects/Makara-AUV-ROS2/src/install/data_sync/lib/python3.12/site-packages/data_sync
copying /home/swayanshree/projects/Makara-AUV-ROS2/src/build/data_sync/build/lib/data_sync/makara_to_bluerov2.py -> /home/swayanshree/projects/Makara-AUV-ROS2/src/install/data_sync/lib/python3.12/site-packages/data_sync
byte-compiling /home/swayanshree/projects/Makara-AUV-ROS2/src/install/data_sync/lib/python3.12/site-packages/data_sync/stability_sync_node.py to stability_sync_node.cpython-312.pyc
byte-compiling /home/swayanshree/projects/Makara-AUV-ROS2/src/install/data_sync/lib/python3.12/site-packages/data_sync/__init__.py to __init__.cpython-312.pyc
byte-compiling /home/swayanshree/projects/Makara-AUV-ROS2/src/install/data_sync/lib/python3.12/site-packages/data_sync/makara_to_bluerov2.py to makara_to_bluerov2.cpython-312.pyc
running install_data
creating /home/swayanshree/projects/Makara-AUV-ROS2/src/install/data_sync/share/ament_index
creating /home/swayanshree/projects/Makara-AUV-ROS2/src/install/data_sync/share/ament_index/resource_index
creating /home/swayanshree/projects/Makara-AUV-ROS2/src/install/data_sync/share/ament_index/resource_index/packages
copying resource/data_sync -> /home/swayanshree/projects/Makara-AUV-ROS2/src/install/data_sync/share/ament_index/resource_index/packages
copying package.xml -> /home/swayanshree/projects/Makara-AUV-ROS2/src/install/data_sync/share/data_sync
running install_egg_info
Copying ../build/data_sync/data_sync.egg-info to /home/swayanshree/projects/Makara-AUV-ROS2/src/install/data_sync/lib/python3.12/site-packages/data_sync-0.0.0-py3.12.egg-info
running install_scripts
Installing makara_to_bluerov2 script to /home/swayanshree/projects/Makara-AUV-ROS2/src/install/data_sync/lib/data_sync
Installing stability_sync_node script to /home/swayanshree/projects/Makara-AUV-ROS2/src/install/data_sync/lib/data_sync
writing list of installed files to '/home/swayanshree/projects/Makara-AUV-ROS2/src/build/data_sync/install.log'
