[1.319s] Invoking command in '/home/swayanshree/projects/Makara-AUV-ROS2/src/makara_vision': DEBUGINFOD_URLS=https://debuginfod.ubuntu.com PYTHONPATH=/home/swayanshree/projects/Makara-AUV-ROS2/build/makara_vision/prefix_override:/usr/lib/python3/dist-packages/colcon_core/task/python/colcon_distutils_commands:/home/swayanshree/projects/Makara-AUV-ROS2/install/makara_vision/lib/python3.12/site-packages:${PYTHONPATH} /usr/bin/python3 -W ignore:setup.py install is deprecated -W ignore:easy_install command is deprecated setup.py egg_info --egg-base ../../build/makara_vision build --build-base /home/swayanshree/projects/Makara-AUV-ROS2/build/makara_vision/build install --record /home/swayanshree/projects/Makara-AUV-ROS2/build/makara_vision/install.log --single-version-externally-managed install_data
[1.475s] running egg_info
[1.486s] writing ../../build/makara_vision/makara_vision.egg-info/PKG-INFO
[1.486s] writing dependency_links to ../../build/makara_vision/makara_vision.egg-info/dependency_links.txt
[1.486s] writing entry points to ../../build/makara_vision/makara_vision.egg-info/entry_points.txt
[1.486s] writing requirements to ../../build/makara_vision/makara_vision.egg-info/requires.txt
[1.486s] writing top-level names to ../../build/makara_vision/makara_vision.egg-info/top_level.txt
[1.507s] reading manifest file '../../build/makara_vision/makara_vision.egg-info/SOURCES.txt'
[1.508s] writing manifest file '../../build/makara_vision/makara_vision.egg-info/SOURCES.txt'
[1.508s] running build
[1.508s] running build_py
[1.508s] running install
[1.512s] running install_lib
[1.522s] running install_data
[1.523s] running install_egg_info
[1.534s] removing '/home/swayanshree/projects/Makara-AUV-ROS2/install/makara_vision/lib/python3.12/site-packages/makara_vision-0.0.0-py3.12.egg-info' (and everything under it)
[1.534s] Copying ../../build/makara_vision/makara_vision.egg-info to /home/swayanshree/projects/Makara-AUV-ROS2/install/makara_vision/lib/python3.12/site-packages/makara_vision-0.0.0-py3.12.egg-info
[1.534s] running install_scripts
[1.609s] Installing detector_node script to /home/swayanshree/projects/Makara-AUV-ROS2/install/makara_vision/lib/makara_vision
[1.609s] writing list of installed files to '/home/swayanshree/projects/Makara-AUV-ROS2/build/makara_vision/install.log'
[1.636s] Invoked command in '/home/swayanshree/projects/Makara-AUV-ROS2/src/makara_vision' returned '0': DEBUGINFOD_URLS=https://debuginfod.ubuntu.com PYTHONPATH=/home/swayanshree/projects/Makara-AUV-ROS2/build/makara_vision/prefix_override:/usr/lib/python3/dist-packages/colcon_core/task/python/colcon_distutils_commands:/home/swayanshree/projects/Makara-AUV-ROS2/install/makara_vision/lib/python3.12/site-packages:${PYTHONPATH} /usr/bin/python3 -W ignore:setup.py install is deprecated -W ignore:easy_install command is deprecated setup.py egg_info --egg-base ../../build/makara_vision build --build-base /home/swayanshree/projects/Makara-AUV-ROS2/build/makara_vision/build install --record /home/swayanshree/projects/Makara-AUV-ROS2/build/makara_vision/install.log --single-version-externally-managed install_data
