running egg_info
creating ../build/makara_serial/makara_serial.egg-info
writing ../build/makara_serial/makara_serial.egg-info/PKG-INFO
writing dependency_links to ../build/makara_serial/makara_serial.egg-info/dependency_links.txt
writing entry points to ../build/makara_serial/makara_serial.egg-info/entry_points.txt
writing requirements to ../build/makara_serial/makara_serial.egg-info/requires.txt
writing top-level names to ../build/makara_serial/makara_serial.egg-info/top_level.txt
writing manifest file '../build/makara_serial/makara_serial.egg-info/SOURCES.txt'
reading manifest file '../build/makara_serial/makara_serial.egg-info/SOURCES.txt'
writing manifest file '../build/makara_serial/makara_serial.egg-info/SOURCES.txt'
running build
running build_py
creating /home/swayanshree/projects/Makara-AUV-ROS2/src/build/makara_serial/build
creating /home/swayanshree/projects/Makara-AUV-ROS2/src/build/makara_serial/build/lib
creating /home/swayanshree/projects/Makara-AUV-ROS2/src/build/makara_serial/build/lib/makara_serial
copying makara_serial/makara_serial_node.py -> /home/swayanshree/projects/Makara-AUV-ROS2/src/build/makara_serial/build/lib/makara_serial
copying makara_serial/__init__.py -> /home/swayanshree/projects/Makara-AUV-ROS2/src/build/makara_serial/build/lib/makara_serial
running install
running install_lib
creating /home/swayanshree/projects/Makara-AUV-ROS2/src/install/makara_serial/lib/python3.12/site-packages/makara_serial
copying /home/swayanshree/projects/Makara-AUV-ROS2/src/build/makara_serial/build/lib/makara_serial/makara_serial_node.py -> /home/swayanshree/projects/Makara-AUV-ROS2/src/install/makara_serial/lib/python3.12/site-packages/makara_serial
copying /home/swayanshree/projects/Makara-AUV-ROS2/src/build/makara_serial/build/lib/makara_serial/__init__.py -> /home/swayanshree/projects/Makara-AUV-ROS2/src/install/makara_serial/lib/python3.12/site-packages/makara_serial
byte-compiling /home/swayanshree/projects/Makara-AUV-ROS2/src/install/makara_serial/lib/python3.12/site-packages/makara_serial/makara_serial_node.py to makara_serial_node.cpython-312.pyc
byte-compiling /home/swayanshree/projects/Makara-AUV-ROS2/src/install/makara_serial/lib/python3.12/site-packages/makara_serial/__init__.py to __init__.cpython-312.pyc
running install_data
creating /home/swayanshree/projects/Makara-AUV-ROS2/src/install/makara_serial/share/ament_index
creating /home/swayanshree/projects/Makara-AUV-ROS2/src/install/makara_serial/share/ament_index/resource_index
creating /home/swayanshree/projects/Makara-AUV-ROS2/src/install/makara_serial/share/ament_index/resource_index/packages
copying resource/makara_serial -> /home/swayanshree/projects/Makara-AUV-ROS2/src/install/makara_serial/share/ament_index/resource_index/packages
copying package.xml -> /home/swayanshree/projects/Makara-AUV-ROS2/src/install/makara_serial/share/makara_serial
running install_egg_info
Copying ../build/makara_serial/makara_serial.egg-info to /home/swayanshree/projects/Makara-AUV-ROS2/src/install/makara_serial/lib/python3.12/site-packages/makara_serial-0.0.0-py3.12.egg-info
running install_scripts
Installing makara_serial_node script to /home/swayanshree/projects/Makara-AUV-ROS2/src/install/makara_serial/lib/makara_serial
writing list of installed files to '/home/swayanshree/projects/Makara-AUV-ROS2/src/build/makara_serial/install.log'
