[0.644s] Invoking command in '/home/swayanshree/projects/Makara-AUV-ROS2/src/makara_serial': AMENT_PREFIX_PATH=/home/swayanshree/projects/Makara-AUV-ROS2/src/install/makara_interfaces:${AMENT_PREFIX_PATH} CMAKE_PREFIX_PATH=/home/swayanshree/projects/Makara-AUV-ROS2/src/install/makara_interfaces:${CMAKE_PREFIX_PATH} DEBUGINFOD_URLS=https://debuginfod.ubuntu.com LD_LIBRARY_PATH=/home/swayanshree/projects/Makara-AUV-ROS2/src/install/makara_interfaces/lib:${LD_LIBRARY_PATH} PYTHONPATH=/home/swayanshree/projects/Makara-AUV-ROS2/src/build/makara_serial/prefix_override:/usr/lib/python3/dist-packages/colcon_core/task/python/colcon_distutils_commands:/home/swayanshree/projects/Makara-AUV-ROS2/src/install/makara_serial/lib/python3.12/site-packages:/home/swayanshree/projects/Makara-AUV-ROS2/src/install/makara_interfaces/lib/python3.12/site-packages:${PYTHONPATH} /usr/bin/python3 -W ignore:setup.py install is deprecated -W ignore:easy_install command is deprecated setup.py egg_info --egg-base ../build/makara_serial build --build-base /home/swayanshree/projects/Makara-AUV-ROS2/src/build/makara_serial/build install --record /home/swayanshree/projects/Makara-AUV-ROS2/src/build/makara_serial/install.log --single-version-externally-managed install_data
[0.815s] running egg_info
[0.815s] creating ../build/makara_serial/makara_serial.egg-info
[0.829s] writing ../build/makara_serial/makara_serial.egg-info/PKG-INFO
[0.830s] writing dependency_links to ../build/makara_serial/makara_serial.egg-info/dependency_links.txt
[0.830s] writing entry points to ../build/makara_serial/makara_serial.egg-info/entry_points.txt
[0.830s] writing requirements to ../build/makara_serial/makara_serial.egg-info/requires.txt
[0.830s] writing top-level names to ../build/makara_serial/makara_serial.egg-info/top_level.txt
[0.830s] writing manifest file '../build/makara_serial/makara_serial.egg-info/SOURCES.txt'
[0.856s] reading manifest file '../build/makara_serial/makara_serial.egg-info/SOURCES.txt'
[0.857s] writing manifest file '../build/makara_serial/makara_serial.egg-info/SOURCES.txt'
[0.857s] running build
[0.857s] running build_py
[0.857s] creating /home/swayanshree/projects/Makara-AUV-ROS2/src/build/makara_serial/build
[0.857s] creating /home/swayanshree/projects/Makara-AUV-ROS2/src/build/makara_serial/build/lib
[0.858s] creating /home/swayanshree/projects/Makara-AUV-ROS2/src/build/makara_serial/build/lib/makara_serial
[0.858s] copying makara_serial/makara_serial_node.py -> /home/swayanshree/projects/Makara-AUV-ROS2/src/build/makara_serial/build/lib/makara_serial
[0.858s] copying makara_serial/__init__.py -> /home/swayanshree/projects/Makara-AUV-ROS2/src/build/makara_serial/build/lib/makara_serial
[0.858s] running install
[0.862s] running install_lib
[0.875s] creating /home/swayanshree/projects/Makara-AUV-ROS2/src/install/makara_serial/lib/python3.12/site-packages/makara_serial
[0.875s] copying /home/swayanshree/projects/Makara-AUV-ROS2/src/build/makara_serial/build/lib/makara_serial/makara_serial_node.py -> /home/swayanshree/projects/Makara-AUV-ROS2/src/install/makara_serial/lib/python3.12/site-packages/makara_serial
[0.875s] copying /home/swayanshree/projects/Makara-AUV-ROS2/src/build/makara_serial/build/lib/makara_serial/__init__.py -> /home/swayanshree/projects/Makara-AUV-ROS2/src/install/makara_serial/lib/python3.12/site-packages/makara_serial
[0.875s] byte-compiling /home/swayanshree/projects/Makara-AUV-ROS2/src/install/makara_serial/lib/python3.12/site-packages/makara_serial/makara_serial_node.py to makara_serial_node.cpython-312.pyc
[0.877s] byte-compiling /home/swayanshree/projects/Makara-AUV-ROS2/src/install/makara_serial/lib/python3.12/site-packages/makara_serial/__init__.py to __init__.cpython-312.pyc
[0.877s] running install_data
[0.877s] creating /home/swayanshree/projects/Makara-AUV-ROS2/src/install/makara_serial/share/ament_index
[0.877s] creating /home/swayanshree/projects/Makara-AUV-ROS2/src/install/makara_serial/share/ament_index/resource_index
[0.877s] creating /home/swayanshree/projects/Makara-AUV-ROS2/src/install/makara_serial/share/ament_index/resource_index/packages
[0.877s] copying resource/makara_serial -> /home/swayanshree/projects/Makara-AUV-ROS2/src/install/makara_serial/share/ament_index/resource_index/packages
[0.877s] copying package.xml -> /home/swayanshree/projects/Makara-AUV-ROS2/src/install/makara_serial/share/makara_serial
[0.877s] running install_egg_info
[0.890s] Copying ../build/makara_serial/makara_serial.egg-info to /home/swayanshree/projects/Makara-AUV-ROS2/src/install/makara_serial/lib/python3.12/site-packages/makara_serial-0.0.0-py3.12.egg-info
[0.891s] running install_scripts
[0.979s] Installing makara_serial_node script to /home/swayanshree/projects/Makara-AUV-ROS2/src/install/makara_serial/lib/makara_serial
[0.979s] writing list of installed files to '/home/swayanshree/projects/Makara-AUV-ROS2/src/build/makara_serial/install.log'
[1.018s] Invoked command in '/home/swayanshree/projects/Makara-AUV-ROS2/src/makara_serial' returned '0': AMENT_PREFIX_PATH=/home/swayanshree/projects/Makara-AUV-ROS2/src/install/makara_interfaces:${AMENT_PREFIX_PATH} CMAKE_PREFIX_PATH=/home/swayanshree/projects/Makara-AUV-ROS2/src/install/makara_interfaces:${CMAKE_PREFIX_PATH} DEBUGINFOD_URLS=https://debuginfod.ubuntu.com LD_LIBRARY_PATH=/home/swayanshree/projects/Makara-AUV-ROS2/src/install/makara_interfaces/lib:${LD_LIBRARY_PATH} PYTHONPATH=/home/swayanshree/projects/Makara-AUV-ROS2/src/build/makara_serial/prefix_override:/usr/lib/python3/dist-packages/colcon_core/task/python/colcon_distutils_commands:/home/swayanshree/projects/Makara-AUV-ROS2/src/install/makara_serial/lib/python3.12/site-packages:/home/swayanshree/projects/Makara-AUV-ROS2/src/install/makara_interfaces/lib/python3.12/site-packages:${PYTHONPATH} /usr/bin/python3 -W ignore:setup.py install is deprecated -W ignore:easy_install command is deprecated setup.py egg_info --egg-base ../build/makara_serial build --build-base /home/swayanshree/projects/Makara-AUV-ROS2/src/build/makara_serial/build install --record /home/swayanshree/projects/Makara-AUV-ROS2/src/build/makara_serial/install.log --single-version-externally-managed install_data
