running egg_info
creating ../../build/uuv_gazebo_ros_plugins/uuv_gazebo_ros_plugins.egg-info
writing ../../build/uuv_gazebo_ros_plugins/uuv_gazebo_ros_plugins.egg-info/PKG-INFO
writing dependency_links to ../../build/uuv_gazebo_ros_plugins/uuv_gazebo_ros_plugins.egg-info/dependency_links.txt
writing requirements to ../../build/uuv_gazebo_ros_plugins/uuv_gazebo_ros_plugins.egg-info/requires.txt
writing top-level names to ../../build/uuv_gazebo_ros_plugins/uuv_gazebo_ros_plugins.egg-info/top_level.txt
writing manifest file '../../build/uuv_gazebo_ros_plugins/uuv_gazebo_ros_plugins.egg-info/SOURCES.txt'
reading manifest file '../../build/uuv_gazebo_ros_plugins/uuv_gazebo_ros_plugins.egg-info/SOURCES.txt'
writing manifest file '../../build/uuv_gazebo_ros_plugins/uuv_gazebo_ros_plugins.egg-info/SOURCES.txt'
running build
running build_py
creating /home/swayanshree/projects/Makara-AUV-ROS2/build/uuv_gazebo_ros_plugins/build
creating /home/swayanshree/projects/Makara-AUV-ROS2/build/uuv_gazebo_ros_plugins/build/lib
creating /home/swayanshree/projects/Makara-AUV-ROS2/build/uuv_gazebo_ros_plugins/build/lib/uuv_gazebo_ros_plugins
copying uuv_gazebo_ros_plugins/__init__.py -> /home/swayanshree/projects/Makara-AUV-ROS2/build/uuv_gazebo_ros_plugins/build/lib/uuv_gazebo_ros_plugins
running install
running install_lib
creating /home/swayanshree/projects/Makara-AUV-ROS2/install/uuv_gazebo_ros_plugins/lib/python3.12/site-packages/uuv_gazebo_ros_plugins
copying /home/swayanshree/projects/Makara-AUV-ROS2/build/uuv_gazebo_ros_plugins/build/lib/uuv_gazebo_ros_plugins/__init__.py -> /home/swayanshree/projects/Makara-AUV-ROS2/install/uuv_gazebo_ros_plugins/lib/python3.12/site-packages/uuv_gazebo_ros_plugins
byte-compiling /home/swayanshree/projects/Makara-AUV-ROS2/install/uuv_gazebo_ros_plugins/lib/python3.12/site-packages/uuv_gazebo_ros_plugins/__init__.py to __init__.cpython-312.pyc
running install_data
creating /home/swayanshree/projects/Makara-AUV-ROS2/install/uuv_gazebo_ros_plugins/share/ament_index
creating /home/swayanshree/projects/Makara-AUV-ROS2/install/uuv_gazebo_ros_plugins/share/ament_index/resource_index
creating /home/swayanshree/projects/Makara-AUV-ROS2/install/uuv_gazebo_ros_plugins/share/ament_index/resource_index/packages
copying resource/uuv_gazebo_ros_plugins -> /home/swayanshree/projects/Makara-AUV-ROS2/install/uuv_gazebo_ros_plugins/share/ament_index/resource_index/packages
copying package.xml -> /home/swayanshree/projects/Makara-AUV-ROS2/install/uuv_gazebo_ros_plugins/share/uuv_gazebo_ros_plugins
running install_egg_info
Copying ../../build/uuv_gazebo_ros_plugins/uuv_gazebo_ros_plugins.egg-info to /home/swayanshree/projects/Makara-AUV-ROS2/install/uuv_gazebo_ros_plugins/lib/python3.12/site-packages/uuv_gazebo_ros_plugins-0.0.0-py3.12.egg-info
running install_scripts
writing list of installed files to '/home/swayanshree/projects/Makara-AUV-ROS2/build/uuv_gazebo_ros_plugins/install.log'
