[  1%] Built target hammerhead_interfaces__rosidl_generator_type_description
[  1%] Built target ament_cmake_python_copy_hammerhead_interfaces
[  1%] Built target hammerhead_interfaces__cpp
[ 27%] Built target hammerhead_interfaces__rosidl_generator_c
[ 36%] Built target hammerhead_interfaces__rosidl_typesupport_introspection_c
[ 51%] Built target hammerhead_interfaces__rosidl_typesupport_c
[ 56%] Built target hammerhead_interfaces__rosidl_typesupport_fastrtps_cpp
[ 71%] Built target hammerhead_interfaces__rosidl_typesupport_introspection_cpp
[ 75%] Built target hammerhead_interfaces__rosidl_typesupport_cpp
[ 85%] Built target hammerhead_interfaces__rosidl_typesupport_fastrtps_c
[ 85%] Built target hammerhead_interfaces
[ 86%] Built target hammerhead_interfaces__py
[ 95%] Built target hammerhead_interfaces__rosidl_generator_py
[ 97%] Built target hammerhead_interfaces_s__rosidl_typesupport_introspection_c
[ 99%] Built target hammerhead_interfaces_s__rosidl_typesupport_c
[100%] Built target hammerhead_interfaces_s__rosidl_typesupport_fastrtps_c
running egg_info
writing hammerhead_interfaces.egg-info/PKG-INFO
writing dependency_links to hammerhead_interfaces.egg-info/dependency_links.txt
writing top-level names to hammerhead_interfaces.egg-info/top_level.txt
reading manifest file 'hammerhead_interfaces.egg-info/SOURCES.txt'
writing manifest file 'hammerhead_interfaces.egg-info/SOURCES.txt'
[100%] Built target ament_cmake_python_build_hammerhead_interfaces_egg
-- Install configuration: ""
-- Up-to-date: /home/swayanshree/projects/Makara-AUV-ROS2/install/hammerhead_interfaces/share/ament_index/resource_index/rosidl_interfaces/hammerhead_interfaces
-- Up-to-date: /home/swayanshree/projects/Makara-AUV-ROS2/install/hammerhead_interfaces/share/hammerhead_interfaces/msg/BatteryStatus.json
-- Up-to-date: /home/swayanshree/projects/Makara-AUV-ROS2/install/hammerhead_interfaces/share/hammerhead_interfaces/msg/Combined.json
-- Up-to-date: /home/swayanshree/projects/Makara-AUV-ROS2/install/hammerhead_interfaces/share/hammerhead_interfaces/msg/Depth.json
-- Up-to-date: /home/swayanshree/projects/Makara-AUV-ROS2/install/hammerhead_interfaces/share/hammerhead_interfaces/msg/InsVel.json
-- Up-to-date: /home/swayanshree/projects/Makara-AUV-ROS2/install/hammerhead_interfaces/share/hammerhead_interfaces/msg/MoveCmd.json
-- Up-to-date: /home/swayanshree/projects/Makara-AUV-ROS2/install/hammerhead_interfaces/share/hammerhead_interfaces/msg/MoveCmds.json
-- Up-to-date: /home/swayanshree/projects/Makara-AUV-ROS2/install/hammerhead_interfaces/share/hammerhead_interfaces/msg/PID.json
-- Up-to-date: /home/swayanshree/projects/Makara-AUV-ROS2/install/hammerhead_interfaces/share/hammerhead_interfaces/msg/Position.json
-- Up-to-date: /home/swayanshree/projects/Makara-AUV-ROS2/install/hammerhead_interfaces/share/hammerhead_interfaces/msg/Setpoint.json
-- Up-to-date: /home/swayanshree/projects/Makara-AUV-ROS2/install/hammerhead_interfaces/share/hammerhead_interfaces/msg/ThrusterSpeeds.json
-- Up-to-date: /home/swayanshree/projects/Makara-AUV-ROS2/install/hammerhead_interfaces/share/hammerhead_interfaces/msg/VectorNavData.json
-- Up-to-date: /home/swayanshree/projects/Makara-AUV-ROS2/install/hammerhead_interfaces/include/hammerhead_interfaces/hammerhead_interfaces
-- Up-to-date: /home/swayanshree/projects/Makara-AUV-ROS2/install/hammerhead_interfaces/include/hammerhead_interfaces/hammerhead_interfaces/msg
-- Up-to-date: /home/swayanshree/projects/Makara-AUV-ROS2/install/hammerhead_interfaces/include/hammerhead_interfaces/hammerhead_interfaces/msg/position.h
-- Up-to-date: /home/swayanshree/projects/Makara-AUV-ROS2/install/hammerhead_interfaces/include/hammerhead_interfaces/hammerhead_interfaces/msg/rosidl_generator_c__visibility_control.h
-- Up-to-date: /home/swayanshree/projects/Makara-AUV-ROS2/install/hammerhead_interfaces/include/hammerhead_interfaces/hammerhead_interfaces/msg/ins_vel.h
-- Up-to-date: /home/swayanshree/projects/Makara-AUV-ROS2/install/hammerhead_interfaces/include/hammerhead_interfaces/hammerhead_interfaces/msg/thruster_speeds.h
-- Up-to-date: /home/swayanshree/projects/Makara-AUV-ROS2/install/hammerhead_interfaces/include/hammerhead_interfaces/hammerhead_interfaces/msg/move_cmds.h
-- Up-to-date: /home/swayanshree/projects/Makara-AUV-ROS2/install/hammerhead_interfaces/include/hammerhead_interfaces/hammerhead_interfaces/msg/detail
-- Up-to-date: /home/swayanshree/projects/Makara-AUV-ROS2/install/hammerhead_interfaces/include/hammerhead_interfaces/hammerhead_interfaces/msg/detail/ins_vel__functions.h
-- Up-to-date: /home/swayanshree/projects/Makara-AUV-ROS2/install/hammerhead_interfaces/include/hammerhead_interfaces/hammerhead_interfaces/msg/detail/thruster_speeds__type_support.c
-- Up-to-date: /home/swayanshree/projects/Makara-AUV-ROS2/install/hammerhead_interfaces/include/hammerhead_interfaces/hammerhead_interfaces/msg/detail/vector_nav_data__type_support.h
-- Up-to-date: /home/swayanshree/projects/Makara-AUV-ROS2/install/hammerhead_interfaces/include/hammerhead_interfaces/hammerhead_interfaces/msg/detail/ins_vel__description.c
-- Up-to-date: /home/swayanshree/projects/Makara-AUV-ROS2/install/hammerhead_interfaces/include/hammerhead_interfaces/hammerhead_interfaces/msg/detail/move_cmd__type_support.h
-- Up-to-date: /home/swayanshree/projects/Makara-AUV-ROS2/install/hammerhead_interfaces/include/hammerhead_interfaces/hammerhead_interfaces/msg/detail/setpoint__type_support.c
-- Up-to-date: /home/swayanshree/projects/Makara-AUV-ROS2/install/hammerhead_interfaces/include/hammerhead_interfaces/hammerhead_interfaces/msg/detail/pid__description.c
-- Up-to-date: /home/swayanshree/projects/Makara-AUV-ROS2/install/hammerhead_interfaces/include/hammerhead_interfaces/hammerhead_interfaces/msg/detail/vector_nav_data__type_support.c
-- Up-to-date: /home/swayanshree/projects/Makara-AUV-ROS2/install/hammerhead_interfaces/include/hammerhead_interfaces/hammerhead_interfaces/msg/detail/battery_status__type_support.h
-- Up-to-date: /home/swayanshree/projects/Makara-AUV-ROS2/install/hammerhead_interfaces/include/hammerhead_interfaces/hammerhead_interfaces/msg/detail/position__functions.h
-- Up-to-date: /home/swayanshree/projects/Makara-AUV-ROS2/install/hammerhead_interfaces/include/hammerhead_interfaces/hammerhead_interfaces/msg/detail/combined__struct.h
-- Up-to-date: /home/swayanshree/projects/Makara-AUV-ROS2/install/hammerhead_interfaces/include/hammerhead_interfaces/hammerhead_interfaces/msg/detail/thruster_speeds__struct.h
-- Up-to-date: /home/swayanshree/projects/Makara-AUV-ROS2/install/hammerhead_interfaces/include/hammerhead_interfaces/hammerhead_interfaces/msg/detail/vector_nav_data__functions.h
-- Up-to-date: /home/swayanshree/projects/Makara-AUV-ROS2/install/hammerhead_interfaces/include/hammerhead_interfaces/hammerhead_interfaces/msg/detail/move_cmds__type_support.c
-- Up-to-date: /home/swayanshree/projects/Makara-AUV-ROS2/install/hammerhead_interfaces/include/hammerhead_interfaces/hammerhead_interfaces/msg/detail/thruster_speeds__functions.h
-- Up-to-date: /home/swayanshree/projects/Makara-AUV-ROS2/install/hammerhead_interfaces/include/hammerhead_interfaces/hammerhead_interfaces/msg/detail/battery_status__type_support.c
-- Up-to-date: /home/swayanshree/projects/Makara-AUV-ROS2/install/hammerhead_interfaces/include/hammerhead_interfaces/hammerhead_interfaces/msg/detail/ins_vel__type_support.c
-- Up-to-date: /home/swayanshree/projects/Makara-AUV-ROS2/install/hammerhead_interfaces/include/hammerhead_interfaces/hammerhead_interfaces/msg/detail/pid__struct.h
-- Up-to-date: /home/swayanshree/projects/Makara-AUV-ROS2/install/hammerhead_interfaces/include/hammerhead_interfaces/hammerhead_interfaces/msg/detail/vector_nav_data__description.c
-- Up-to-date: /home/swayanshree/projects/Makara-AUV-ROS2/install/hammerhead_interfaces/include/hammerhead_interfaces/hammerhead_interfaces/msg/detail/ins_vel__type_support.h
-- Up-to-date: /home/swayanshree/projects/Makara-AUV-ROS2/install/hammerhead_interfaces/include/hammerhead_interfaces/hammerhead_interfaces/msg/detail/ins_vel__struct.h
-- Up-to-date: /home/swayanshree/projects/Makara-AUV-ROS2/install/hammerhead_interfaces/include/hammerhead_interfaces/hammerhead_interfaces/msg/detail/setpoint__functions.c
-- Up-to-date: /home/swayanshree/projects/Makara-AUV-ROS2/install/hammerhead_interfaces/include/hammerhead_interfaces/hammerhead_interfaces/msg/detail/setpoint__type_support.h
-- Up-to-date: /home/swayanshree/projects/Makara-AUV-ROS2/install/hammerhead_interfaces/include/hammerhead_interfaces/hammerhead_interfaces/msg/detail/battery_status__functions.h
-- Up-to-date: /home/swayanshree/projects/Makara-AUV-ROS2/install/hammerhead_interfaces/include/hammerhead_interfaces/hammerhead_interfaces/msg/detail/position__description.c
-- Up-to-date: /home/swayanshree/projects/Makara-AUV-ROS2/install/hammerhead_interfaces/include/hammerhead_interfaces/hammerhead_interfaces/msg/detail/thruster_speeds__type_support.h
-- Up-to-date: /home/swayanshree/projects/Makara-AUV-ROS2/install/hammerhead_interfaces/include/hammerhead_interfaces/hammerhead_interfaces/msg/detail/battery_status__description.c
-- Up-to-date: /home/swayanshree/projects/Makara-AUV-ROS2/install/hammerhead_interfaces/include/hammerhead_interfaces/hammerhead_interfaces/msg/detail/combined__functions.c
-- Up-to-date: /home/swayanshree/projects/Makara-AUV-ROS2/install/hammerhead_interfaces/include/hammerhead_interfaces/hammerhead_interfaces/msg/detail/move_cmd__functions.h
-- Up-to-date: /home/swayanshree/projects/Makara-AUV-ROS2/install/hammerhead_interfaces/include/hammerhead_interfaces/hammerhead_interfaces/msg/detail/vector_nav_data__struct.h
-- Up-to-date: /home/swayanshree/projects/Makara-AUV-ROS2/install/hammerhead_interfaces/include/hammerhead_interfaces/hammerhead_interfaces/msg/detail/combined__type_support.h
-- Up-to-date: /home/swayanshree/projects/Makara-AUV-ROS2/install/hammerhead_interfaces/include/hammerhead_interfaces/hammerhead_interfaces/msg/detail/depth__functions.c
-- Up-to-date: /home/swayanshree/projects/Makara-AUV-ROS2/install/hammerhead_interfaces/include/hammerhead_interfaces/hammerhead_interfaces/msg/detail/combined__description.c
-- Up-to-date: /home/swayanshree/projects/Makara-AUV-ROS2/install/hammerhead_interfaces/include/hammerhead_interfaces/hammerhead_interfaces/msg/detail/thruster_speeds__functions.c
-- Up-to-date: /home/swayanshree/projects/Makara-AUV-ROS2/install/hammerhead_interfaces/include/hammerhead_interfaces/hammerhead_interfaces/msg/detail/move_cmds__description.c
-- Up-to-date: /home/swayanshree/projects/Makara-AUV-ROS2/install/hammerhead_interfaces/include/hammerhead_interfaces/hammerhead_interfaces/msg/detail/move_cmd__struct.h
-- Up-to-date: /home/swayanshree/projects/Makara-AUV-ROS2/install/hammerhead_interfaces/include/hammerhead_interfaces/hammerhead_interfaces/msg/detail/position__type_support.c
-- Up-to-date: /home/swayanshree/projects/Makara-AUV-ROS2/install/hammerhead_interfaces/include/hammerhead_interfaces/hammerhead_interfaces/msg/detail/move_cmds__struct.h
-- Up-to-date: /home/swayanshree/projects/Makara-AUV-ROS2/install/hammerhead_interfaces/include/hammerhead_interfaces/hammerhead_interfaces/msg/detail/depth__description.c
-- Up-to-date: /home/swayanshree/projects/Makara-AUV-ROS2/install/hammerhead_interfaces/include/hammerhead_interfaces/hammerhead_interfaces/msg/detail/combined__functions.h
-- Up-to-date: /home/swayanshree/projects/Makara-AUV-ROS2/install/hammerhead_interfaces/include/hammerhead_interfaces/hammerhead_interfaces/msg/detail/setpoint__functions.h
-- Up-to-date: /home/swayanshree/projects/Makara-AUV-ROS2/install/hammerhead_interfaces/include/hammerhead_interfaces/hammerhead_interfaces/msg/detail/vector_nav_data__functions.c
-- Up-to-date: /home/swayanshree/projects/Makara-AUV-ROS2/install/hammerhead_interfaces/include/hammerhead_interfaces/hammerhead_interfaces/msg/detail/move_cmd__type_support.c
-- Up-to-date: /home/swayanshree/projects/Makara-AUV-ROS2/install/hammerhead_interfaces/include/hammerhead_interfaces/hammerhead_interfaces/msg/detail/move_cmds__type_support.h
-- Up-to-date: /home/swayanshree/projects/Makara-AUV-ROS2/install/hammerhead_interfaces/include/hammerhead_interfaces/hammerhead_interfaces/msg/detail/pid__functions.c
-- Up-to-date: /home/swayanshree/projects/Makara-AUV-ROS2/install/hammerhead_interfaces/include/hammerhead_interfaces/hammerhead_interfaces/msg/detail/position__struct.h
-- Up-to-date: /home/swayanshree/projects/Makara-AUV-ROS2/install/hammerhead_interfaces/include/hammerhead_interfaces/hammerhead_interfaces/msg/detail/battery_status__struct.h
-- Up-to-date: /home/swayanshree/projects/Makara-AUV-ROS2/install/hammerhead_interfaces/include/hammerhead_interfaces/hammerhead_interfaces/msg/detail/pid__type_support.h
-- Up-to-date: /home/swayanshree/projects/Makara-AUV-ROS2/install/hammerhead_interfaces/include/hammerhead_interfaces/hammerhead_interfaces/msg/detail/position__functions.c
-- Up-to-date: /home/swayanshree/projects/Makara-AUV-ROS2/install/hammerhead_interfaces/include/hammerhead_interfaces/hammerhead_interfaces/msg/detail/move_cmds__functions.h
-- Up-to-date: /home/swayanshree/projects/Makara-AUV-ROS2/install/hammerhead_interfaces/include/hammerhead_interfaces/hammerhead_interfaces/msg/detail/move_cmds__functions.c
-- Up-to-date: /home/swayanshree/projects/Makara-AUV-ROS2/install/hammerhead_interfaces/include/hammerhead_interfaces/hammerhead_interfaces/msg/detail/depth__struct.h
-- Up-to-date: /home/swayanshree/projects/Makara-AUV-ROS2/install/hammerhead_interfaces/include/hammerhead_interfaces/hammerhead_interfaces/msg/detail/setpoint__description.c
-- Up-to-date: /home/swayanshree/projects/Makara-AUV-ROS2/install/hammerhead_interfaces/include/hammerhead_interfaces/hammerhead_interfaces/msg/detail/depth__type_support.h
-- Up-to-date: /home/swayanshree/projects/Makara-AUV-ROS2/install/hammerhead_interfaces/include/hammerhead_interfaces/hammerhead_interfaces/msg/detail/setpoint__struct.h
-- Up-to-date: /home/swayanshree/projects/Makara-AUV-ROS2/install/hammerhead_interfaces/include/hammerhead_interfaces/hammerhead_interfaces/msg/detail/battery_status__functions.c
-- Up-to-date: /home/swayanshree/projects/Makara-AUV-ROS2/install/hammerhead_interfaces/include/hammerhead_interfaces/hammerhead_interfaces/msg/detail/position__type_support.h
-- Up-to-date: /home/swayanshree/projects/Makara-AUV-ROS2/install/hammerhead_interfaces/include/hammerhead_interfaces/hammerhead_interfaces/msg/detail/move_cmd__description.c
-- Up-to-date: /home/swayanshree/projects/Makara-AUV-ROS2/install/hammerhead_interfaces/include/hammerhead_interfaces/hammerhead_interfaces/msg/detail/depth__functions.h
-- Up-to-date: /home/swayanshree/projects/Makara-AUV-ROS2/install/hammerhead_interfaces/include/hammerhead_interfaces/hammerhead_interfaces/msg/detail/move_cmd__functions.c
-- Up-to-date: /home/swayanshree/projects/Makara-AUV-ROS2/install/hammerhead_interfaces/include/hammerhead_interfaces/hammerhead_interfaces/msg/detail/pid__type_support.c
-- Up-to-date: /home/swayanshree/projects/Makara-AUV-ROS2/install/hammerhead_interfaces/include/hammerhead_interfaces/hammerhead_interfaces/msg/detail/ins_vel__functions.c
-- Up-to-date: /home/swayanshree/projects/Makara-AUV-ROS2/install/hammerhead_interfaces/include/hammerhead_interfaces/hammerhead_interfaces/msg/detail/pid__functions.h
-- Up-to-date: /home/swayanshree/projects/Makara-AUV-ROS2/install/hammerhead_interfaces/include/hammerhead_interfaces/hammerhead_interfaces/msg/detail/thruster_speeds__description.c
-- Up-to-date: /home/swayanshree/projects/Makara-AUV-ROS2/install/hammerhead_interfaces/include/hammerhead_interfaces/hammerhead_interfaces/msg/detail/depth__type_support.c
-- Up-to-date: /home/swayanshree/projects/Makara-AUV-ROS2/install/hammerhead_interfaces/include/hammerhead_interfaces/hammerhead_interfaces/msg/detail/combined__type_support.c
-- Up-to-date: /home/swayanshree/projects/Makara-AUV-ROS2/install/hammerhead_interfaces/include/hammerhead_interfaces/hammerhead_interfaces/msg/vector_nav_data.h
-- Up-to-date: /home/swayanshree/projects/Makara-AUV-ROS2/install/hammerhead_interfaces/include/hammerhead_interfaces/hammerhead_interfaces/msg/move_cmd.h
-- Up-to-date: /home/swayanshree/projects/Makara-AUV-ROS2/install/hammerhead_interfaces/include/hammerhead_interfaces/hammerhead_interfaces/msg/battery_status.h
-- Up-to-date: /home/swayanshree/projects/Makara-AUV-ROS2/install/hammerhead_interfaces/include/hammerhead_interfaces/hammerhead_interfaces/msg/setpoint.h
-- Up-to-date: /home/swayanshree/projects/Makara-AUV-ROS2/install/hammerhead_interfaces/include/hammerhead_interfaces/hammerhead_interfaces/msg/combined.h
-- Up-to-date: /home/swayanshree/projects/Makara-AUV-ROS2/install/hammerhead_interfaces/include/hammerhead_interfaces/hammerhead_interfaces/msg/pid.h
-- Up-to-date: /home/swayanshree/projects/Makara-AUV-ROS2/install/hammerhead_interfaces/include/hammerhead_interfaces/hammerhead_interfaces/msg/depth.h
-- Up-to-date: /home/swayanshree/projects/Makara-AUV-ROS2/install/hammerhead_interfaces/share/hammerhead_interfaces/environment/library_path.sh
-- Up-to-date: /home/swayanshree/projects/Makara-AUV-ROS2/install/hammerhead_interfaces/share/hammerhead_interfaces/environment/library_path.dsv
-- Up-to-date: /home/swayanshree/projects/Makara-AUV-ROS2/install/hammerhead_interfaces/lib/libhammerhead_interfaces__rosidl_generator_c.so
-- Up-to-date: /home/swayanshree/projects/Makara-AUV-ROS2/install/hammerhead_interfaces/include/hammerhead_interfaces/hammerhead_interfaces
-- Up-to-date: /home/swayanshree/projects/Makara-AUV-ROS2/install/hammerhead_interfaces/include/hammerhead_interfaces/hammerhead_interfaces/msg
-- Up-to-date: /home/swayanshree/projects/Makara-AUV-ROS2/install/hammerhead_interfaces/include/hammerhead_interfaces/hammerhead_interfaces/msg/rosidl_typesupport_fastrtps_c__visibility_control.h
-- Up-to-date: /home/swayanshree/projects/Makara-AUV-ROS2/install/hammerhead_interfaces/include/hammerhead_interfaces/hammerhead_interfaces/msg/detail
-- Up-to-date: /home/swayanshree/projects/Makara-AUV-ROS2/install/hammerhead_interfaces/include/hammerhead_interfaces/hammerhead_interfaces/msg/detail/thruster_speeds__rosidl_typesupport_fastrtps_c.h
-- Up-to-date: /home/swayanshree/projects/Makara-AUV-ROS2/install/hammerhead_interfaces/include/hammerhead_interfaces/hammerhead_interfaces/msg/detail/combined__rosidl_typesupport_fastrtps_c.h
-- Up-to-date: /home/swayanshree/projects/Makara-AUV-ROS2/install/hammerhead_interfaces/include/hammerhead_interfaces/hammerhead_interfaces/msg/detail/setpoint__rosidl_typesupport_fastrtps_c.h
-- Up-to-date: /home/swayanshree/projects/Makara-AUV-ROS2/install/hammerhead_interfaces/include/hammerhead_interfaces/hammerhead_interfaces/msg/detail/move_cmds__rosidl_typesupport_fastrtps_c.h
-- Up-to-date: /home/swayanshree/projects/Makara-AUV-ROS2/install/hammerhead_interfaces/include/hammerhead_interfaces/hammerhead_interfaces/msg/detail/ins_vel__rosidl_typesupport_fastrtps_c.h
-- Up-to-date: /home/swayanshree/projects/Makara-AUV-ROS2/install/hammerhead_interfaces/include/hammerhead_interfaces/hammerhead_interfaces/msg/detail/pid__rosidl_typesupport_fastrtps_c.h
-- Up-to-date: /home/swayanshree/projects/Makara-AUV-ROS2/install/hammerhead_interfaces/include/hammerhead_interfaces/hammerhead_interfaces/msg/detail/depth__rosidl_typesupport_fastrtps_c.h
-- Up-to-date: /home/swayanshree/projects/Makara-AUV-ROS2/install/hammerhead_interfaces/include/hammerhead_interfaces/hammerhead_interfaces/msg/detail/vector_nav_data__rosidl_typesupport_fastrtps_c.h
-- Up-to-date: /home/swayanshree/projects/Makara-AUV-ROS2/install/hammerhead_interfaces/include/hammerhead_interfaces/hammerhead_interfaces/msg/detail/battery_status__rosidl_typesupport_fastrtps_c.h
-- Up-to-date: /home/swayanshree/projects/Makara-AUV-ROS2/install/hammerhead_interfaces/include/hammerhead_interfaces/hammerhead_interfaces/msg/detail/position__rosidl_typesupport_fastrtps_c.h
-- Up-to-date: /home/swayanshree/projects/Makara-AUV-ROS2/install/hammerhead_interfaces/include/hammerhead_interfaces/hammerhead_interfaces/msg/detail/move_cmd__rosidl_typesupport_fastrtps_c.h
-- Up-to-date: /home/swayanshree/projects/Makara-AUV-ROS2/install/hammerhead_interfaces/lib/libhammerhead_interfaces__rosidl_typesupport_fastrtps_c.so
-- Up-to-date: /home/swayanshree/projects/Makara-AUV-ROS2/install/hammerhead_interfaces/include/hammerhead_interfaces/hammerhead_interfaces
-- Up-to-date: /home/swayanshree/projects/Makara-AUV-ROS2/install/hammerhead_interfaces/include/hammerhead_interfaces/hammerhead_interfaces/msg
-- Up-to-date: /home/swayanshree/projects/Makara-AUV-ROS2/install/hammerhead_interfaces/include/hammerhead_interfaces/hammerhead_interfaces/msg/detail
-- Up-to-date: /home/swayanshree/projects/Makara-AUV-ROS2/install/hammerhead_interfaces/include/hammerhead_interfaces/hammerhead_interfaces/msg/detail/thruster_speeds__type_support.c
-- Up-to-date: /home/swayanshree/projects/Makara-AUV-ROS2/install/hammerhead_interfaces/include/hammerhead_interfaces/hammerhead_interfaces/msg/detail/setpoint__type_support.c
-- Up-to-date: /home/swayanshree/projects/Makara-AUV-ROS2/install/hammerhead_interfaces/include/hammerhead_interfaces/hammerhead_interfaces/msg/detail/vector_nav_data__type_support.c
-- Up-to-date: /home/swayanshree/projects/Makara-AUV-ROS2/install/hammerhead_interfaces/include/hammerhead_interfaces/hammerhead_interfaces/msg/detail/move_cmds__rosidl_typesupport_introspection_c.h
-- Up-to-date: /home/swayanshree/projects/Makara-AUV-ROS2/install/hammerhead_interfaces/include/hammerhead_interfaces/hammerhead_interfaces/msg/detail/move_cmds__type_support.c
-- Up-to-date: /home/swayanshree/projects/Makara-AUV-ROS2/install/hammerhead_interfaces/include/hammerhead_interfaces/hammerhead_interfaces/msg/detail/setpoint__rosidl_typesupport_introspection_c.h
-- Up-to-date: /home/swayanshree/projects/Makara-AUV-ROS2/install/hammerhead_interfaces/include/hammerhead_interfaces/hammerhead_interfaces/msg/detail/battery_status__rosidl_typesupport_introspection_c.h
-- Up-to-date: /home/swayanshree/projects/Makara-AUV-ROS2/install/hammerhead_interfaces/include/hammerhead_interfaces/hammerhead_interfaces/msg/detail/battery_status__type_support.c
-- Up-to-date: /home/swayanshree/projects/Makara-AUV-ROS2/install/hammerhead_interfaces/include/hammerhead_interfaces/hammerhead_interfaces/msg/detail/ins_vel__type_support.c
-- Up-to-date: /home/swayanshree/projects/Makara-AUV-ROS2/install/hammerhead_interfaces/include/hammerhead_interfaces/hammerhead_interfaces/msg/detail/thruster_speeds__rosidl_typesupport_introspection_c.h
-- Up-to-date: /home/swayanshree/projects/Makara-AUV-ROS2/install/hammerhead_interfaces/include/hammerhead_interfaces/hammerhead_interfaces/msg/detail/pid__rosidl_typesupport_introspection_c.h
-- Up-to-date: /home/swayanshree/projects/Makara-AUV-ROS2/install/hammerhead_interfaces/include/hammerhead_interfaces/hammerhead_interfaces/msg/detail/move_cmd__rosidl_typesupport_introspection_c.h
-- Up-to-date: /home/swayanshree/projects/Makara-AUV-ROS2/install/hammerhead_interfaces/include/hammerhead_interfaces/hammerhead_interfaces/msg/detail/ins_vel__rosidl_typesupport_introspection_c.h
-- Up-to-date: /home/swayanshree/projects/Makara-AUV-ROS2/install/hammerhead_interfaces/include/hammerhead_interfaces/hammerhead_interfaces/msg/detail/position__type_support.c
-- Up-to-date: /home/swayanshree/projects/Makara-AUV-ROS2/install/hammerhead_interfaces/include/hammerhead_interfaces/hammerhead_interfaces/msg/detail/depth__rosidl_typesupport_introspection_c.h
-- Up-to-date: /home/swayanshree/projects/Makara-AUV-ROS2/install/hammerhead_interfaces/include/hammerhead_interfaces/hammerhead_interfaces/msg/detail/move_cmd__type_support.c
-- Up-to-date: /home/swayanshree/projects/Makara-AUV-ROS2/install/hammerhead_interfaces/include/hammerhead_interfaces/hammerhead_interfaces/msg/detail/combined__rosidl_typesupport_introspection_c.h
-- Up-to-date: /home/swayanshree/projects/Makara-AUV-ROS2/install/hammerhead_interfaces/include/hammerhead_interfaces/hammerhead_interfaces/msg/detail/pid__type_support.c
-- Up-to-date: /home/swayanshree/projects/Makara-AUV-ROS2/install/hammerhead_interfaces/include/hammerhead_interfaces/hammerhead_interfaces/msg/detail/depth__type_support.c
-- Up-to-date: /home/swayanshree/projects/Makara-AUV-ROS2/install/hammerhead_interfaces/include/hammerhead_interfaces/hammerhead_interfaces/msg/detail/position__rosidl_typesupport_introspection_c.h
-- Up-to-date: /home/swayanshree/projects/Makara-AUV-ROS2/install/hammerhead_interfaces/include/hammerhead_interfaces/hammerhead_interfaces/msg/detail/vector_nav_data__rosidl_typesupport_introspection_c.h
-- Up-to-date: /home/swayanshree/projects/Makara-AUV-ROS2/install/hammerhead_interfaces/include/hammerhead_interfaces/hammerhead_interfaces/msg/detail/combined__type_support.c
-- Up-to-date: /home/swayanshree/projects/Makara-AUV-ROS2/install/hammerhead_interfaces/include/hammerhead_interfaces/hammerhead_interfaces/msg/rosidl_typesupport_introspection_c__visibility_control.h
-- Up-to-date: /home/swayanshree/projects/Makara-AUV-ROS2/install/hammerhead_interfaces/lib/libhammerhead_interfaces__rosidl_typesupport_introspection_c.so
-- Up-to-date: /home/swayanshree/projects/Makara-AUV-ROS2/install/hammerhead_interfaces/lib/libhammerhead_interfaces__rosidl_typesupport_c.so
-- Up-to-date: /home/swayanshree/projects/Makara-AUV-ROS2/install/hammerhead_interfaces/include/hammerhead_interfaces/hammerhead_interfaces
-- Up-to-date: /home/swayanshree/projects/Makara-AUV-ROS2/install/hammerhead_interfaces/include/hammerhead_interfaces/hammerhead_interfaces/msg
-- Up-to-date: /home/swayanshree/projects/Makara-AUV-ROS2/install/hammerhead_interfaces/include/hammerhead_interfaces/hammerhead_interfaces/msg/move_cmds.hpp
-- Up-to-date: /home/swayanshree/projects/Makara-AUV-ROS2/install/hammerhead_interfaces/include/hammerhead_interfaces/hammerhead_interfaces/msg/move_cmd.hpp
-- Up-to-date: /home/swayanshree/projects/Makara-AUV-ROS2/install/hammerhead_interfaces/include/hammerhead_interfaces/hammerhead_interfaces/msg/detail
-- Up-to-date: /home/swayanshree/projects/Makara-AUV-ROS2/install/hammerhead_interfaces/include/hammerhead_interfaces/hammerhead_interfaces/msg/detail/ins_vel__builder.hpp
-- Up-to-date: /home/swayanshree/projects/Makara-AUV-ROS2/install/hammerhead_interfaces/include/hammerhead_interfaces/hammerhead_interfaces/msg/detail/move_cmds__builder.hpp
-- Up-to-date: /home/swayanshree/projects/Makara-AUV-ROS2/install/hammerhead_interfaces/include/hammerhead_interfaces/hammerhead_interfaces/msg/detail/battery_status__traits.hpp
-- Up-to-date: /home/swayanshree/projects/Makara-AUV-ROS2/install/hammerhead_interfaces/include/hammerhead_interfaces/hammerhead_interfaces/msg/detail/vector_nav_data__traits.hpp
-- Up-to-date: /home/swayanshree/projects/Makara-AUV-ROS2/install/hammerhead_interfaces/include/hammerhead_interfaces/hammerhead_interfaces/msg/detail/position__struct.hpp
-- Up-to-date: /home/swayanshree/projects/Makara-AUV-ROS2/install/hammerhead_interfaces/include/hammerhead_interfaces/hammerhead_interfaces/msg/detail/move_cmd__builder.hpp
-- Up-to-date: /home/swayanshree/projects/Makara-AUV-ROS2/install/hammerhead_interfaces/include/hammerhead_interfaces/hammerhead_interfaces/msg/detail/move_cmd__traits.hpp
-- Up-to-date: /home/swayanshree/projects/Makara-AUV-ROS2/install/hammerhead_interfaces/include/hammerhead_interfaces/hammerhead_interfaces/msg/detail/combined__builder.hpp
-- Up-to-date: /home/swayanshree/projects/Makara-AUV-ROS2/install/hammerhead_interfaces/include/hammerhead_interfaces/hammerhead_interfaces/msg/detail/battery_status__builder.hpp
-- Up-to-date: /home/swayanshree/projects/Makara-AUV-ROS2/install/hammerhead_interfaces/include/hammerhead_interfaces/hammerhead_interfaces/msg/detail/pid__type_support.hpp
-- Up-to-date: /home/swayanshree/projects/Makara-AUV-ROS2/install/hammerhead_interfaces/include/hammerhead_interfaces/hammerhead_interfaces/msg/detail/thruster_speeds__struct.hpp
-- Up-to-date: /home/swayanshree/projects/Makara-AUV-ROS2/install/hammerhead_interfaces/include/hammerhead_interfaces/hammerhead_interfaces/msg/detail/depth__struct.hpp
-- Up-to-date: /home/swayanshree/projects/Makara-AUV-ROS2/install/hammerhead_interfaces/include/hammerhead_interfaces/hammerhead_interfaces/msg/detail/depth__traits.hpp
-- Up-to-date: /home/swayanshree/projects/Makara-AUV-ROS2/install/hammerhead_interfaces/include/hammerhead_interfaces/hammerhead_interfaces/msg/detail/combined__traits.hpp
-- Up-to-date: /home/swayanshree/projects/Makara-AUV-ROS2/install/hammerhead_interfaces/include/hammerhead_interfaces/hammerhead_interfaces/msg/detail/position__type_support.hpp
-- Up-to-date: /home/swayanshree/projects/Makara-AUV-ROS2/install/hammerhead_interfaces/include/hammerhead_interfaces/hammerhead_interfaces/msg/detail/move_cmds__struct.hpp
-- Up-to-date: /home/swayanshree/projects/Makara-AUV-ROS2/install/hammerhead_interfaces/include/hammerhead_interfaces/hammerhead_interfaces/msg/detail/ins_vel__struct.hpp
-- Up-to-date: /home/swayanshree/projects/Makara-AUV-ROS2/install/hammerhead_interfaces/include/hammerhead_interfaces/hammerhead_interfaces/msg/detail/setpoint__type_support.hpp
-- Up-to-date: /home/swayanshree/projects/Makara-AUV-ROS2/install/hammerhead_interfaces/include/hammerhead_interfaces/hammerhead_interfaces/msg/detail/combined__type_support.hpp
-- Up-to-date: /home/swayanshree/projects/Makara-AUV-ROS2/install/hammerhead_interfaces/include/hammerhead_interfaces/hammerhead_interfaces/msg/detail/battery_status__struct.hpp
-- Up-to-date: /home/swayanshree/projects/Makara-AUV-ROS2/install/hammerhead_interfaces/include/hammerhead_interfaces/hammerhead_interfaces/msg/detail/position__traits.hpp
-- Up-to-date: /home/swayanshree/projects/Makara-AUV-ROS2/install/hammerhead_interfaces/include/hammerhead_interfaces/hammerhead_interfaces/msg/detail/move_cmds__type_support.hpp
-- Up-to-date: /home/swayanshree/projects/Makara-AUV-ROS2/install/hammerhead_interfaces/include/hammerhead_interfaces/hammerhead_interfaces/msg/detail/position__builder.hpp
-- Up-to-date: /home/swayanshree/projects/Makara-AUV-ROS2/install/hammerhead_interfaces/include/hammerhead_interfaces/hammerhead_interfaces/msg/detail/vector_nav_data__struct.hpp
-- Up-to-date: /home/swayanshree/projects/Makara-AUV-ROS2/install/hammerhead_interfaces/include/hammerhead_interfaces/hammerhead_interfaces/msg/detail/depth__type_support.hpp
-- Up-to-date: /home/swayanshree/projects/Makara-AUV-ROS2/install/hammerhead_interfaces/include/hammerhead_interfaces/hammerhead_interfaces/msg/detail/thruster_speeds__traits.hpp
-- Up-to-date: /home/swayanshree/projects/Makara-AUV-ROS2/install/hammerhead_interfaces/include/hammerhead_interfaces/hammerhead_interfaces/msg/detail/setpoint__struct.hpp
-- Up-to-date: /home/swayanshree/projects/Makara-AUV-ROS2/install/hammerhead_interfaces/include/hammerhead_interfaces/hammerhead_interfaces/msg/detail/setpoint__builder.hpp
-- Up-to-date: /home/swayanshree/projects/Makara-AUV-ROS2/install/hammerhead_interfaces/include/hammerhead_interfaces/hammerhead_interfaces/msg/detail/pid__traits.hpp
-- Up-to-date: /home/swayanshree/projects/Makara-AUV-ROS2/install/hammerhead_interfaces/include/hammerhead_interfaces/hammerhead_interfaces/msg/detail/combined__struct.hpp
-- Up-to-date: /home/swayanshree/projects/Makara-AUV-ROS2/install/hammerhead_interfaces/include/hammerhead_interfaces/hammerhead_interfaces/msg/detail/thruster_speeds__builder.hpp
-- Up-to-date: /home/swayanshree/projects/Makara-AUV-ROS2/install/hammerhead_interfaces/include/hammerhead_interfaces/hammerhead_interfaces/msg/detail/depth__builder.hpp
-- Up-to-date: /home/swayanshree/projects/Makara-AUV-ROS2/install/hammerhead_interfaces/include/hammerhead_interfaces/hammerhead_interfaces/msg/detail/battery_status__type_support.hpp
-- Up-to-date: /home/swayanshree/projects/Makara-AUV-ROS2/install/hammerhead_interfaces/include/hammerhead_interfaces/hammerhead_interfaces/msg/detail/move_cmds__traits.hpp
-- Up-to-date: /home/swayanshree/projects/Makara-AUV-ROS2/install/hammerhead_interfaces/include/hammerhead_interfaces/hammerhead_interfaces/msg/detail/pid__builder.hpp
-- Up-to-date: /home/swayanshree/projects/Makara-AUV-ROS2/install/hammerhead_interfaces/include/hammerhead_interfaces/hammerhead_interfaces/msg/detail/setpoint__traits.hpp
-- Up-to-date: /home/swayanshree/projects/Makara-AUV-ROS2/install/hammerhead_interfaces/include/hammerhead_interfaces/hammerhead_interfaces/msg/detail/ins_vel__traits.hpp
-- Up-to-date: /home/swayanshree/projects/Makara-AUV-ROS2/install/hammerhead_interfaces/include/hammerhead_interfaces/hammerhead_interfaces/msg/detail/move_cmd__struct.hpp
-- Up-to-date: /home/swayanshree/projects/Makara-AUV-ROS2/install/hammerhead_interfaces/include/hammerhead_interfaces/hammerhead_interfaces/msg/detail/pid__struct.hpp
-- Up-to-date: /home/swayanshree/projects/Makara-AUV-ROS2/install/hammerhead_interfaces/include/hammerhead_interfaces/hammerhead_interfaces/msg/detail/vector_nav_data__builder.hpp
-- Up-to-date: /home/swayanshree/projects/Makara-AUV-ROS2/install/hammerhead_interfaces/include/hammerhead_interfaces/hammerhead_interfaces/msg/detail/vector_nav_data__type_support.hpp
-- Up-to-date: /home/swayanshree/projects/Makara-AUV-ROS2/install/hammerhead_interfaces/include/hammerhead_interfaces/hammerhead_interfaces/msg/detail/ins_vel__type_support.hpp
-- Up-to-date: /home/swayanshree/projects/Makara-AUV-ROS2/install/hammerhead_interfaces/include/hammerhead_interfaces/hammerhead_interfaces/msg/detail/move_cmd__type_support.hpp
-- Up-to-date: /home/swayanshree/projects/Makara-AUV-ROS2/install/hammerhead_interfaces/include/hammerhead_interfaces/hammerhead_interfaces/msg/detail/thruster_speeds__type_support.hpp
-- Up-to-date: /home/swayanshree/projects/Makara-AUV-ROS2/install/hammerhead_interfaces/include/hammerhead_interfaces/hammerhead_interfaces/msg/thruster_speeds.hpp
-- Up-to-date: /home/swayanshree/projects/Makara-AUV-ROS2/install/hammerhead_interfaces/include/hammerhead_interfaces/hammerhead_interfaces/msg/combined.hpp
-- Up-to-date: /home/swayanshree/projects/Makara-AUV-ROS2/install/hammerhead_interfaces/include/hammerhead_interfaces/hammerhead_interfaces/msg/depth.hpp
-- Up-to-date: /home/swayanshree/projects/Makara-AUV-ROS2/install/hammerhead_interfaces/include/hammerhead_interfaces/hammerhead_interfaces/msg/battery_status.hpp
-- Up-to-date: /home/swayanshree/projects/Makara-AUV-ROS2/install/hammerhead_interfaces/include/hammerhead_interfaces/hammerhead_interfaces/msg/position.hpp
-- Up-to-date: /home/swayanshree/projects/Makara-AUV-ROS2/install/hammerhead_interfaces/include/hammerhead_interfaces/hammerhead_interfaces/msg/ins_vel.hpp
-- Up-to-date: /home/swayanshree/projects/Makara-AUV-ROS2/install/hammerhead_interfaces/include/hammerhead_interfaces/hammerhead_interfaces/msg/setpoint.hpp
-- Up-to-date: /home/swayanshree/projects/Makara-AUV-ROS2/install/hammerhead_interfaces/include/hammerhead_interfaces/hammerhead_interfaces/msg/vector_nav_data.hpp
-- Up-to-date: /home/swayanshree/projects/Makara-AUV-ROS2/install/hammerhead_interfaces/include/hammerhead_interfaces/hammerhead_interfaces/msg/rosidl_generator_cpp__visibility_control.hpp
-- Up-to-date: /home/swayanshree/projects/Makara-AUV-ROS2/install/hammerhead_interfaces/include/hammerhead_interfaces/hammerhead_interfaces/msg/pid.hpp
-- Up-to-date: /home/swayanshree/projects/Makara-AUV-ROS2/install/hammerhead_interfaces/include/hammerhead_interfaces/hammerhead_interfaces
-- Up-to-date: /home/swayanshree/projects/Makara-AUV-ROS2/install/hammerhead_interfaces/include/hammerhead_interfaces/hammerhead_interfaces/msg
-- Up-to-date: /home/swayanshree/projects/Makara-AUV-ROS2/install/hammerhead_interfaces/include/hammerhead_interfaces/hammerhead_interfaces/msg/rosidl_typesupport_fastrtps_cpp__visibility_control.h
-- Up-to-date: /home/swayanshree/projects/Makara-AUV-ROS2/install/hammerhead_interfaces/include/hammerhead_interfaces/hammerhead_interfaces/msg/detail
-- Up-to-date: /home/swayanshree/projects/Makara-AUV-ROS2/install/hammerhead_interfaces/include/hammerhead_interfaces/hammerhead_interfaces/msg/detail/move_cmd__rosidl_typesupport_fastrtps_cpp.hpp
-- Up-to-date: /home/swayanshree/projects/Makara-AUV-ROS2/install/hammerhead_interfaces/include/hammerhead_interfaces/hammerhead_interfaces/msg/detail/combined__rosidl_typesupport_fastrtps_cpp.hpp
-- Up-to-date: /home/swayanshree/projects/Makara-AUV-ROS2/install/hammerhead_interfaces/include/hammerhead_interfaces/hammerhead_interfaces/msg/detail/ins_vel__rosidl_typesupport_fastrtps_cpp.hpp
-- Up-to-date: /home/swayanshree/projects/Makara-AUV-ROS2/install/hammerhead_interfaces/include/hammerhead_interfaces/hammerhead_interfaces/msg/detail/position__rosidl_typesupport_fastrtps_cpp.hpp
-- Up-to-date: /home/swayanshree/projects/Makara-AUV-ROS2/install/hammerhead_interfaces/include/hammerhead_interfaces/hammerhead_interfaces/msg/detail/pid__rosidl_typesupport_fastrtps_cpp.hpp
-- Up-to-date: /home/swayanshree/projects/Makara-AUV-ROS2/install/hammerhead_interfaces/include/hammerhead_interfaces/hammerhead_interfaces/msg/detail/dds_fastrtps
-- Up-to-date: /home/swayanshree/projects/Makara-AUV-ROS2/install/hammerhead_interfaces/include/hammerhead_interfaces/hammerhead_interfaces/msg/detail/move_cmds__rosidl_typesupport_fastrtps_cpp.hpp
-- Up-to-date: /home/swayanshree/projects/Makara-AUV-ROS2/install/hammerhead_interfaces/include/hammerhead_interfaces/hammerhead_interfaces/msg/detail/thruster_speeds__rosidl_typesupport_fastrtps_cpp.hpp
-- Up-to-date: /home/swayanshree/projects/Makara-AUV-ROS2/install/hammerhead_interfaces/include/hammerhead_interfaces/hammerhead_interfaces/msg/detail/setpoint__rosidl_typesupport_fastrtps_cpp.hpp
-- Up-to-date: /home/swayanshree/projects/Makara-AUV-ROS2/install/hammerhead_interfaces/include/hammerhead_interfaces/hammerhead_interfaces/msg/detail/battery_status__rosidl_typesupport_fastrtps_cpp.hpp
-- Up-to-date: /home/swayanshree/projects/Makara-AUV-ROS2/install/hammerhead_interfaces/include/hammerhead_interfaces/hammerhead_interfaces/msg/detail/depth__rosidl_typesupport_fastrtps_cpp.hpp
-- Up-to-date: /home/swayanshree/projects/Makara-AUV-ROS2/install/hammerhead_interfaces/include/hammerhead_interfaces/hammerhead_interfaces/msg/detail/vector_nav_data__rosidl_typesupport_fastrtps_cpp.hpp
-- Up-to-date: /home/swayanshree/projects/Makara-AUV-ROS2/install/hammerhead_interfaces/lib/libhammerhead_interfaces__rosidl_typesupport_fastrtps_cpp.so
-- Up-to-date: /home/swayanshree/projects/Makara-AUV-ROS2/install/hammerhead_interfaces/include/hammerhead_interfaces/hammerhead_interfaces
-- Up-to-date: /home/swayanshree/projects/Makara-AUV-ROS2/install/hammerhead_interfaces/include/hammerhead_interfaces/hammerhead_interfaces/msg
-- Up-to-date: /home/swayanshree/projects/Makara-AUV-ROS2/install/hammerhead_interfaces/include/hammerhead_interfaces/hammerhead_interfaces/msg/detail
-- Up-to-date: /home/swayanshree/projects/Makara-AUV-ROS2/install/hammerhead_interfaces/include/hammerhead_interfaces/hammerhead_interfaces/msg/detail/battery_status__type_support.cpp
-- Up-to-date: /home/swayanshree/projects/Makara-AUV-ROS2/install/hammerhead_interfaces/include/hammerhead_interfaces/hammerhead_interfaces/msg/detail/combined__type_support.cpp
-- Up-to-date: /home/swayanshree/projects/Makara-AUV-ROS2/install/hammerhead_interfaces/include/hammerhead_interfaces/hammerhead_interfaces/msg/detail/vector_nav_data__type_support.cpp
-- Up-to-date: /home/swayanshree/projects/Makara-AUV-ROS2/install/hammerhead_interfaces/include/hammerhead_interfaces/hammerhead_interfaces/msg/detail/vector_nav_data__rosidl_typesupport_introspection_cpp.hpp
-- Up-to-date: /home/swayanshree/projects/Makara-AUV-ROS2/install/hammerhead_interfaces/include/hammerhead_interfaces/hammerhead_interfaces/msg/detail/move_cmds__type_support.cpp
-- Up-to-date: /home/swayanshree/projects/Makara-AUV-ROS2/install/hammerhead_interfaces/include/hammerhead_interfaces/hammerhead_interfaces/msg/detail/depth__rosidl_typesupport_introspection_cpp.hpp
-- Up-to-date: /home/swayanshree/projects/Makara-AUV-ROS2/install/hammerhead_interfaces/include/hammerhead_interfaces/hammerhead_interfaces/msg/detail/ins_vel__type_support.cpp
-- Up-to-date: /home/swayanshree/projects/Makara-AUV-ROS2/install/hammerhead_interfaces/include/hammerhead_interfaces/hammerhead_interfaces/msg/detail/combined__rosidl_typesupport_introspection_cpp.hpp
-- Up-to-date: /home/swayanshree/projects/Makara-AUV-ROS2/install/hammerhead_interfaces/include/hammerhead_interfaces/hammerhead_interfaces/msg/detail/thruster_speeds__rosidl_typesupport_introspection_cpp.hpp
-- Up-to-date: /home/swayanshree/projects/Makara-AUV-ROS2/install/hammerhead_interfaces/include/hammerhead_interfaces/hammerhead_interfaces/msg/detail/thruster_speeds__type_support.cpp
-- Up-to-date: /home/swayanshree/projects/Makara-AUV-ROS2/install/hammerhead_interfaces/include/hammerhead_interfaces/hammerhead_interfaces/msg/detail/pid__type_support.cpp
-- Up-to-date: /home/swayanshree/projects/Makara-AUV-ROS2/install/hammerhead_interfaces/include/hammerhead_interfaces/hammerhead_interfaces/msg/detail/depth__type_support.cpp
-- Up-to-date: /home/swayanshree/projects/Makara-AUV-ROS2/install/hammerhead_interfaces/include/hammerhead_interfaces/hammerhead_interfaces/msg/detail/setpoint__type_support.cpp
-- Up-to-date: /home/swayanshree/projects/Makara-AUV-ROS2/install/hammerhead_interfaces/include/hammerhead_interfaces/hammerhead_interfaces/msg/detail/ins_vel__rosidl_typesupport_introspection_cpp.hpp
-- Up-to-date: /home/swayanshree/projects/Makara-AUV-ROS2/install/hammerhead_interfaces/include/hammerhead_interfaces/hammerhead_interfaces/msg/detail/move_cmds__rosidl_typesupport_introspection_cpp.hpp
-- Up-to-date: /home/swayanshree/projects/Makara-AUV-ROS2/install/hammerhead_interfaces/include/hammerhead_interfaces/hammerhead_interfaces/msg/detail/position__type_support.cpp
-- Up-to-date: /home/swayanshree/projects/Makara-AUV-ROS2/install/hammerhead_interfaces/include/hammerhead_interfaces/hammerhead_interfaces/msg/detail/move_cmd__type_support.cpp
-- Up-to-date: /home/swayanshree/projects/Makara-AUV-ROS2/install/hammerhead_interfaces/include/hammerhead_interfaces/hammerhead_interfaces/msg/detail/move_cmd__rosidl_typesupport_introspection_cpp.hpp
-- Up-to-date: /home/swayanshree/projects/Makara-AUV-ROS2/install/hammerhead_interfaces/include/hammerhead_interfaces/hammerhead_interfaces/msg/detail/battery_status__rosidl_typesupport_introspection_cpp.hpp
-- Up-to-date: /home/swayanshree/projects/Makara-AUV-ROS2/install/hammerhead_interfaces/include/hammerhead_interfaces/hammerhead_interfaces/msg/detail/position__rosidl_typesupport_introspection_cpp.hpp
-- Up-to-date: /home/swayanshree/projects/Makara-AUV-ROS2/install/hammerhead_interfaces/include/hammerhead_interfaces/hammerhead_interfaces/msg/detail/pid__rosidl_typesupport_introspection_cpp.hpp
-- Up-to-date: /home/swayanshree/projects/Makara-AUV-ROS2/install/hammerhead_interfaces/include/hammerhead_interfaces/hammerhead_interfaces/msg/detail/setpoint__rosidl_typesupport_introspection_cpp.hpp
-- Up-to-date: /home/swayanshree/projects/Makara-AUV-ROS2/install/hammerhead_interfaces/lib/libhammerhead_interfaces__rosidl_typesupport_introspection_cpp.so
-- Up-to-date: /home/swayanshree/projects/Makara-AUV-ROS2/install/hammerhead_interfaces/lib/libhammerhead_interfaces__rosidl_typesupport_cpp.so
-- Up-to-date: /home/swayanshree/projects/Makara-AUV-ROS2/install/hammerhead_interfaces/share/hammerhead_interfaces/environment/pythonpath.sh
-- Up-to-date: /home/swayanshree/projects/Makara-AUV-ROS2/install/hammerhead_interfaces/share/hammerhead_interfaces/environment/pythonpath.dsv
-- Up-to-date: /home/swayanshree/projects/Makara-AUV-ROS2/install/hammerhead_interfaces/lib/python3.12/site-packages/hammerhead_interfaces-0.0.0-py3.12.egg-info
-- Installing: /home/swayanshree/projects/Makara-AUV-ROS2/install/hammerhead_interfaces/lib/python3.12/site-packages/hammerhead_interfaces-0.0.0-py3.12.egg-info/PKG-INFO
-- Installing: /home/swayanshree/projects/Makara-AUV-ROS2/install/hammerhead_interfaces/lib/python3.12/site-packages/hammerhead_interfaces-0.0.0-py3.12.egg-info/dependency_links.txt
-- Installing: /home/swayanshree/projects/Makara-AUV-ROS2/install/hammerhead_interfaces/lib/python3.12/site-packages/hammerhead_interfaces-0.0.0-py3.12.egg-info/SOURCES.txt
-- Installing: /home/swayanshree/projects/Makara-AUV-ROS2/install/hammerhead_interfaces/lib/python3.12/site-packages/hammerhead_interfaces-0.0.0-py3.12.egg-info/top_level.txt
-- Up-to-date: /home/swayanshree/projects/Makara-AUV-ROS2/install/hammerhead_interfaces/lib/python3.12/site-packages/hammerhead_interfaces
-- Up-to-date: /home/swayanshree/projects/Makara-AUV-ROS2/install/hammerhead_interfaces/lib/python3.12/site-packages/hammerhead_interfaces/hammerhead_interfaces_s__rosidl_typesupport_fastrtps_c.so
-- Up-to-date: /home/swayanshree/projects/Makara-AUV-ROS2/install/hammerhead_interfaces/lib/python3.12/site-packages/hammerhead_interfaces/hammerhead_interfaces_s__rosidl_typesupport_c.so
-- Up-to-date: /home/swayanshree/projects/Makara-AUV-ROS2/install/hammerhead_interfaces/lib/python3.12/site-packages/hammerhead_interfaces/_hammerhead_interfaces_s.ep.rosidl_typesupport_c.c
-- Up-to-date: /home/swayanshree/projects/Makara-AUV-ROS2/install/hammerhead_interfaces/lib/python3.12/site-packages/hammerhead_interfaces/_hammerhead_interfaces_s.ep.rosidl_typesupport_introspection_c.c
-- Up-to-date: /home/swayanshree/projects/Makara-AUV-ROS2/install/hammerhead_interfaces/lib/python3.12/site-packages/hammerhead_interfaces/msg
-- Up-to-date: /home/swayanshree/projects/Makara-AUV-ROS2/install/hammerhead_interfaces/lib/python3.12/site-packages/hammerhead_interfaces/msg/_depth.py
-- Up-to-date: /home/swayanshree/projects/Makara-AUV-ROS2/install/hammerhead_interfaces/lib/python3.12/site-packages/hammerhead_interfaces/msg/_move_cmd.py
-- Up-to-date: /home/swayanshree/projects/Makara-AUV-ROS2/install/hammerhead_interfaces/lib/python3.12/site-packages/hammerhead_interfaces/msg/_vector_nav_data_s.c
-- Up-to-date: /home/swayanshree/projects/Makara-AUV-ROS2/install/hammerhead_interfaces/lib/python3.12/site-packages/hammerhead_interfaces/msg/_battery_status.py
-- Up-to-date: /home/swayanshree/projects/Makara-AUV-ROS2/install/hammerhead_interfaces/lib/python3.12/site-packages/hammerhead_interfaces/msg/_combined.py
-- Up-to-date: /home/swayanshree/projects/Makara-AUV-ROS2/install/hammerhead_interfaces/lib/python3.12/site-packages/hammerhead_interfaces/msg/_vector_nav_data.py
-- Up-to-date: /home/swayanshree/projects/Makara-AUV-ROS2/install/hammerhead_interfaces/lib/python3.12/site-packages/hammerhead_interfaces/msg/_pid_s.c
-- Up-to-date: /home/swayanshree/projects/Makara-AUV-ROS2/install/hammerhead_interfaces/lib/python3.12/site-packages/hammerhead_interfaces/msg/_depth_s.c
-- Up-to-date: /home/swayanshree/projects/Makara-AUV-ROS2/install/hammerhead_interfaces/lib/python3.12/site-packages/hammerhead_interfaces/msg/_combined_s.c
-- Up-to-date: /home/swayanshree/projects/Makara-AUV-ROS2/install/hammerhead_interfaces/lib/python3.12/site-packages/hammerhead_interfaces/msg/_ins_vel_s.c
-- Up-to-date: /home/swayanshree/projects/Makara-AUV-ROS2/install/hammerhead_interfaces/lib/python3.12/site-packages/hammerhead_interfaces/msg/_move_cmds_s.c
-- Up-to-date: /home/swayanshree/projects/Makara-AUV-ROS2/install/hammerhead_interfaces/lib/python3.12/site-packages/hammerhead_interfaces/msg/_move_cmd_s.c
-- Up-to-date: /home/swayanshree/projects/Makara-AUV-ROS2/install/hammerhead_interfaces/lib/python3.12/site-packages/hammerhead_interfaces/msg/_ins_vel.py
-- Up-to-date: /home/swayanshree/projects/Makara-AUV-ROS2/install/hammerhead_interfaces/lib/python3.12/site-packages/hammerhead_interfaces/msg/_move_cmds.py
-- Up-to-date: /home/swayanshree/projects/Makara-AUV-ROS2/install/hammerhead_interfaces/lib/python3.12/site-packages/hammerhead_interfaces/msg/_thruster_speeds_s.c
-- Up-to-date: /home/swayanshree/projects/Makara-AUV-ROS2/install/hammerhead_interfaces/lib/python3.12/site-packages/hammerhead_interfaces/msg/_pid.py
-- Up-to-date: /home/swayanshree/projects/Makara-AUV-ROS2/install/hammerhead_interfaces/lib/python3.12/site-packages/hammerhead_interfaces/msg/_battery_status_s.c
-- Up-to-date: /home/swayanshree/projects/Makara-AUV-ROS2/install/hammerhead_interfaces/lib/python3.12/site-packages/hammerhead_interfaces/msg/_setpoint.py
-- Up-to-date: /home/swayanshree/projects/Makara-AUV-ROS2/install/hammerhead_interfaces/lib/python3.12/site-packages/hammerhead_interfaces/msg/_position_s.c
-- Up-to-date: /home/swayanshree/projects/Makara-AUV-ROS2/install/hammerhead_interfaces/lib/python3.12/site-packages/hammerhead_interfaces/msg/_setpoint_s.c
-- Up-to-date: /home/swayanshree/projects/Makara-AUV-ROS2/install/hammerhead_interfaces/lib/python3.12/site-packages/hammerhead_interfaces/msg/_position.py
-- Up-to-date: /home/swayanshree/projects/Makara-AUV-ROS2/install/hammerhead_interfaces/lib/python3.12/site-packages/hammerhead_interfaces/msg/__init__.py
-- Up-to-date: /home/swayanshree/projects/Makara-AUV-ROS2/install/hammerhead_interfaces/lib/python3.12/site-packages/hammerhead_interfaces/msg/_thruster_speeds.py
-- Up-to-date: /home/swayanshree/projects/Makara-AUV-ROS2/install/hammerhead_interfaces/lib/python3.12/site-packages/hammerhead_interfaces/_hammerhead_interfaces_s.ep.rosidl_typesupport_fastrtps_c.c
-- Up-to-date: /home/swayanshree/projects/Makara-AUV-ROS2/install/hammerhead_interfaces/lib/python3.12/site-packages/hammerhead_interfaces/hammerhead_interfaces_s__rosidl_typesupport_introspection_c.so
-- Up-to-date: /home/swayanshree/projects/Makara-AUV-ROS2/install/hammerhead_interfaces/lib/python3.12/site-packages/hammerhead_interfaces/__init__.py
Listing '/home/swayanshree/projects/Makara-AUV-ROS2/install/hammerhead_interfaces/lib/python3.12/site-packages/hammerhead_interfaces'...
Listing '/home/swayanshree/projects/Makara-AUV-ROS2/install/hammerhead_interfaces/lib/python3.12/site-packages/hammerhead_interfaces/msg'...
-- Up-to-date: /home/swayanshree/projects/Makara-AUV-ROS2/install/hammerhead_interfaces/lib/python3.12/site-packages/hammerhead_interfaces/hammerhead_interfaces_s__rosidl_typesupport_fastrtps_c.so
-- Up-to-date: /home/swayanshree/projects/Makara-AUV-ROS2/install/hammerhead_interfaces/lib/python3.12/site-packages/hammerhead_interfaces/hammerhead_interfaces_s__rosidl_typesupport_introspection_c.so
-- Up-to-date: /home/swayanshree/projects/Makara-AUV-ROS2/install/hammerhead_interfaces/lib/python3.12/site-packages/hammerhead_interfaces/hammerhead_interfaces_s__rosidl_typesupport_c.so
-- Up-to-date: /home/swayanshree/projects/Makara-AUV-ROS2/install/hammerhead_interfaces/lib/libhammerhead_interfaces__rosidl_generator_py.so
-- Up-to-date: /home/swayanshree/projects/Makara-AUV-ROS2/install/hammerhead_interfaces/share/hammerhead_interfaces/msg/BatteryStatus.idl
-- Up-to-date: /home/swayanshree/projects/Makara-AUV-ROS2/install/hammerhead_interfaces/share/hammerhead_interfaces/msg/Combined.idl
-- Up-to-date: /home/swayanshree/projects/Makara-AUV-ROS2/install/hammerhead_interfaces/share/hammerhead_interfaces/msg/Depth.idl
-- Up-to-date: /home/swayanshree/projects/Makara-AUV-ROS2/install/hammerhead_interfaces/share/hammerhead_interfaces/msg/InsVel.idl
-- Up-to-date: /home/swayanshree/projects/Makara-AUV-ROS2/install/hammerhead_interfaces/share/hammerhead_interfaces/msg/MoveCmd.idl
-- Up-to-date: /home/swayanshree/projects/Makara-AUV-ROS2/install/hammerhead_interfaces/share/hammerhead_interfaces/msg/MoveCmds.idl
-- Up-to-date: /home/swayanshree/projects/Makara-AUV-ROS2/install/hammerhead_interfaces/share/hammerhead_interfaces/msg/PID.idl
-- Up-to-date: /home/swayanshree/projects/Makara-AUV-ROS2/install/hammerhead_interfaces/share/hammerhead_interfaces/msg/Position.idl
-- Up-to-date: /home/swayanshree/projects/Makara-AUV-ROS2/install/hammerhead_interfaces/share/hammerhead_interfaces/msg/Setpoint.idl
-- Up-to-date: /home/swayanshree/projects/Makara-AUV-ROS2/install/hammerhead_interfaces/share/hammerhead_interfaces/msg/ThrusterSpeeds.idl
-- Up-to-date: /home/swayanshree/projects/Makara-AUV-ROS2/install/hammerhead_interfaces/share/hammerhead_interfaces/msg/VectorNavData.idl
-- Up-to-date: /home/swayanshree/projects/Makara-AUV-ROS2/install/hammerhead_interfaces/share/hammerhead_interfaces/msg/BatteryStatus.msg
-- Up-to-date: /home/swayanshree/projects/Makara-AUV-ROS2/install/hammerhead_interfaces/share/hammerhead_interfaces/msg/Combined.msg
-- Up-to-date: /home/swayanshree/projects/Makara-AUV-ROS2/install/hammerhead_interfaces/share/hammerhead_interfaces/msg/Depth.msg
-- Up-to-date: /home/swayanshree/projects/Makara-AUV-ROS2/install/hammerhead_interfaces/share/hammerhead_interfaces/msg/InsVel.msg
-- Up-to-date: /home/swayanshree/projects/Makara-AUV-ROS2/install/hammerhead_interfaces/share/hammerhead_interfaces/msg/MoveCmd.msg
-- Up-to-date: /home/swayanshree/projects/Makara-AUV-ROS2/install/hammerhead_interfaces/share/hammerhead_interfaces/msg/MoveCmds.msg
-- Up-to-date: /home/swayanshree/projects/Makara-AUV-ROS2/install/hammerhead_interfaces/share/hammerhead_interfaces/msg/PID.msg
-- Up-to-date: /home/swayanshree/projects/Makara-AUV-ROS2/install/hammerhead_interfaces/share/hammerhead_interfaces/msg/Position.msg
-- Up-to-date: /home/swayanshree/projects/Makara-AUV-ROS2/install/hammerhead_interfaces/share/hammerhead_interfaces/msg/Setpoint.msg
-- Up-to-date: /home/swayanshree/projects/Makara-AUV-ROS2/install/hammerhead_interfaces/share/hammerhead_interfaces/msg/ThrusterSpeeds.msg
-- Up-to-date: /home/swayanshree/projects/Makara-AUV-ROS2/install/hammerhead_interfaces/share/hammerhead_interfaces/msg/VectorNavData.msg
-- Up-to-date: /home/swayanshree/projects/Makara-AUV-ROS2/install/hammerhead_interfaces/share/ament_index/resource_index/package_run_dependencies/hammerhead_interfaces
-- Up-to-date: /home/swayanshree/projects/Makara-AUV-ROS2/install/hammerhead_interfaces/share/ament_index/resource_index/parent_prefix_path/hammerhead_interfaces
-- Up-to-date: /home/swayanshree/projects/Makara-AUV-ROS2/install/hammerhead_interfaces/share/hammerhead_interfaces/environment/ament_prefix_path.sh
-- Up-to-date: /home/swayanshree/projects/Makara-AUV-ROS2/install/hammerhead_interfaces/share/hammerhead_interfaces/environment/ament_prefix_path.dsv
-- Up-to-date: /home/swayanshree/projects/Makara-AUV-ROS2/install/hammerhead_interfaces/share/hammerhead_interfaces/environment/path.sh
-- Up-to-date: /home/swayanshree/projects/Makara-AUV-ROS2/install/hammerhead_interfaces/share/hammerhead_interfaces/environment/path.dsv
-- Up-to-date: /home/swayanshree/projects/Makara-AUV-ROS2/install/hammerhead_interfaces/share/hammerhead_interfaces/local_setup.bash
-- Up-to-date: /home/swayanshree/projects/Makara-AUV-ROS2/install/hammerhead_interfaces/share/hammerhead_interfaces/local_setup.sh
-- Up-to-date: /home/swayanshree/projects/Makara-AUV-ROS2/install/hammerhead_interfaces/share/hammerhead_interfaces/local_setup.zsh
-- Up-to-date: /home/swayanshree/projects/Makara-AUV-ROS2/install/hammerhead_interfaces/share/hammerhead_interfaces/local_setup.dsv
-- Installing: /home/swayanshree/projects/Makara-AUV-ROS2/install/hammerhead_interfaces/share/hammerhead_interfaces/package.dsv
-- Up-to-date: /home/swayanshree/projects/Makara-AUV-ROS2/install/hammerhead_interfaces/share/ament_index/resource_index/packages/hammerhead_interfaces
-- Up-to-date: /home/swayanshree/projects/Makara-AUV-ROS2/install/hammerhead_interfaces/share/hammerhead_interfaces/cmake/export_hammerhead_interfaces__rosidl_generator_cExport.cmake
-- Up-to-date: /home/swayanshree/projects/Makara-AUV-ROS2/install/hammerhead_interfaces/share/hammerhead_interfaces/cmake/export_hammerhead_interfaces__rosidl_generator_cExport-noconfig.cmake
-- Up-to-date: /home/swayanshree/projects/Makara-AUV-ROS2/install/hammerhead_interfaces/share/hammerhead_interfaces/cmake/export_hammerhead_interfaces__rosidl_typesupport_fastrtps_cExport.cmake
-- Up-to-date: /home/swayanshree/projects/Makara-AUV-ROS2/install/hammerhead_interfaces/share/hammerhead_interfaces/cmake/export_hammerhead_interfaces__rosidl_typesupport_fastrtps_cExport-noconfig.cmake
-- Up-to-date: /home/swayanshree/projects/Makara-AUV-ROS2/install/hammerhead_interfaces/share/hammerhead_interfaces/cmake/hammerhead_interfaces__rosidl_typesupport_introspection_cExport.cmake
-- Up-to-date: /home/swayanshree/projects/Makara-AUV-ROS2/install/hammerhead_interfaces/share/hammerhead_interfaces/cmake/hammerhead_interfaces__rosidl_typesupport_introspection_cExport-noconfig.cmake
-- Up-to-date: /home/swayanshree/projects/Makara-AUV-ROS2/install/hammerhead_interfaces/share/hammerhead_interfaces/cmake/hammerhead_interfaces__rosidl_typesupport_cExport.cmake
-- Up-to-date: /home/swayanshree/projects/Makara-AUV-ROS2/install/hammerhead_interfaces/share/hammerhead_interfaces/cmake/hammerhead_interfaces__rosidl_typesupport_cExport-noconfig.cmake
-- Up-to-date: /home/swayanshree/projects/Makara-AUV-ROS2/install/hammerhead_interfaces/share/hammerhead_interfaces/cmake/export_hammerhead_interfaces__rosidl_generator_cppExport.cmake
-- Up-to-date: /home/swayanshree/projects/Makara-AUV-ROS2/install/hammerhead_interfaces/share/hammerhead_interfaces/cmake/export_hammerhead_interfaces__rosidl_typesupport_fastrtps_cppExport.cmake
-- Up-to-date: /home/swayanshree/projects/Makara-AUV-ROS2/install/hammerhead_interfaces/share/hammerhead_interfaces/cmake/export_hammerhead_interfaces__rosidl_typesupport_fastrtps_cppExport-noconfig.cmake
-- Up-to-date: /home/swayanshree/projects/Makara-AUV-ROS2/install/hammerhead_interfaces/share/hammerhead_interfaces/cmake/hammerhead_interfaces__rosidl_typesupport_introspection_cppExport.cmake
-- Up-to-date: /home/swayanshree/projects/Makara-AUV-ROS2/install/hammerhead_interfaces/share/hammerhead_interfaces/cmake/hammerhead_interfaces__rosidl_typesupport_introspection_cppExport-noconfig.cmake
-- Up-to-date: /home/swayanshree/projects/Makara-AUV-ROS2/install/hammerhead_interfaces/share/hammerhead_interfaces/cmake/hammerhead_interfaces__rosidl_typesupport_cppExport.cmake
-- Up-to-date: /home/swayanshree/projects/Makara-AUV-ROS2/install/hammerhead_interfaces/share/hammerhead_interfaces/cmake/hammerhead_interfaces__rosidl_typesupport_cppExport-noconfig.cmake
-- Up-to-date: /home/swayanshree/projects/Makara-AUV-ROS2/install/hammerhead_interfaces/share/hammerhead_interfaces/cmake/export_hammerhead_interfaces__rosidl_generator_pyExport.cmake
-- Up-to-date: /home/swayanshree/projects/Makara-AUV-ROS2/install/hammerhead_interfaces/share/hammerhead_interfaces/cmake/export_hammerhead_interfaces__rosidl_generator_pyExport-noconfig.cmake
-- Up-to-date: /home/swayanshree/projects/Makara-AUV-ROS2/install/hammerhead_interfaces/share/hammerhead_interfaces/cmake/rosidl_cmake-extras.cmake
-- Up-to-date: /home/swayanshree/projects/Makara-AUV-ROS2/install/hammerhead_interfaces/share/hammerhead_interfaces/cmake/ament_cmake_export_dependencies-extras.cmake
-- Up-to-date: /home/swayanshree/projects/Makara-AUV-ROS2/install/hammerhead_interfaces/share/hammerhead_interfaces/cmake/ament_cmake_export_include_directories-extras.cmake
-- Up-to-date: /home/swayanshree/projects/Makara-AUV-ROS2/install/hammerhead_interfaces/share/hammerhead_interfaces/cmake/ament_cmake_export_libraries-extras.cmake
-- Up-to-date: /home/swayanshree/projects/Makara-AUV-ROS2/install/hammerhead_interfaces/share/hammerhead_interfaces/cmake/ament_cmake_export_targets-extras.cmake
-- Up-to-date: /home/swayanshree/projects/Makara-AUV-ROS2/install/hammerhead_interfaces/share/hammerhead_interfaces/cmake/rosidl_cmake_export_typesupport_targets-extras.cmake
-- Up-to-date: /home/swayanshree/projects/Makara-AUV-ROS2/install/hammerhead_interfaces/share/hammerhead_interfaces/cmake/rosidl_cmake_export_typesupport_libraries-extras.cmake
-- Up-to-date: /home/swayanshree/projects/Makara-AUV-ROS2/install/hammerhead_interfaces/share/hammerhead_interfaces/cmake/hammerhead_interfacesConfig.cmake
-- Up-to-date: /home/swayanshree/projects/Makara-AUV-ROS2/install/hammerhead_interfaces/share/hammerhead_interfaces/cmake/hammerhead_interfacesConfig-version.cmake
-- Up-to-date: /home/swayanshree/projects/Makara-AUV-ROS2/install/hammerhead_interfaces/share/hammerhead_interfaces/package.xml
