-- Install configuration: ""
-- Up-to-date: /home/swayanshree/projects/Makara-AUV-ROS2/install/bluerov2_description/share/bluerov2_description/launch
-- Up-to-date: /home/swayanshree/projects/Makara-AUV-ROS2/install/bluerov2_description/share/bluerov2_description/launch/upload_bluerov2.launch
-- Up-to-date: /home/swayanshree/projects/Makara-AUV-ROS2/install/bluerov2_description/share/bluerov2_description/meshes
-- Up-to-date: /home/swayanshree/projects/Makara-AUV-ROS2/install/bluerov2_description/share/bluerov2_description/meshes/bluerov2_propccw.dae
-- Up-to-date: /home/swayanshree/projects/Makara-AUV-ROS2/install/bluerov2_description/share/bluerov2_description/meshes/bluerov2_propcw.dae
-- Up-to-date: /home/swayanshree/projects/Makara-AUV-ROS2/install/bluerov2_description/share/bluerov2_description/meshes/README.md
-- Up-to-date: /home/swayanshree/projects/Makara-AUV-ROS2/install/bluerov2_description/share/bluerov2_description/meshes/bluerov2_noprop.stl
-- Up-to-date: /home/swayanshree/projects/Makara-AUV-ROS2/install/bluerov2_description/share/bluerov2_description/meshes/bluerov2_noprop.dae
-- Up-to-date: /home/swayanshree/projects/Makara-AUV-ROS2/install/bluerov2_description/share/bluerov2_description/robots
-- Up-to-date: /home/swayanshree/projects/Makara-AUV-ROS2/install/bluerov2_description/share/bluerov2_description/robots/bluerov2_default.xacro
-- Up-to-date: /home/swayanshree/projects/Makara-AUV-ROS2/install/bluerov2_description/share/bluerov2_description/urdf
-- Up-to-date: /home/swayanshree/projects/Makara-AUV-ROS2/install/bluerov2_description/share/bluerov2_description/urdf/actuators.xacro
-- Up-to-date: /home/swayanshree/projects/Makara-AUV-ROS2/install/bluerov2_description/share/bluerov2_description/urdf/base.xacro
-- Up-to-date: /home/swayanshree/projects/Makara-AUV-ROS2/install/bluerov2_description/share/bluerov2_description/urdf/sensors.xacro
-- Up-to-date: /home/swayanshree/projects/Makara-AUV-ROS2/install/bluerov2_description/share/bluerov2_description/urdf/gazebo.xacro
-- Up-to-date: /home/swayanshree/projects/Makara-AUV-ROS2/install/bluerov2_description/share/bluerov2_description/urdf/snippets.xacro
-- Up-to-date: /home/swayanshree/projects/Makara-AUV-ROS2/install/bluerov2_description/share/ament_index/resource_index/package_run_dependencies/bluerov2_description
-- Up-to-date: /home/swayanshree/projects/Makara-AUV-ROS2/install/bluerov2_description/share/ament_index/resource_index/parent_prefix_path/bluerov2_description
-- Up-to-date: /home/swayanshree/projects/Makara-AUV-ROS2/install/bluerov2_description/share/bluerov2_description/environment/ament_prefix_path.sh
-- Up-to-date: /home/swayanshree/projects/Makara-AUV-ROS2/install/bluerov2_description/share/bluerov2_description/environment/ament_prefix_path.dsv
-- Up-to-date: /home/swayanshree/projects/Makara-AUV-ROS2/install/bluerov2_description/share/bluerov2_description/environment/path.sh
-- Up-to-date: /home/swayanshree/projects/Makara-AUV-ROS2/install/bluerov2_description/share/bluerov2_description/environment/path.dsv
-- Up-to-date: /home/swayanshree/projects/Makara-AUV-ROS2/install/bluerov2_description/share/bluerov2_description/local_setup.bash
-- Up-to-date: /home/swayanshree/projects/Makara-AUV-ROS2/install/bluerov2_description/share/bluerov2_description/local_setup.sh
-- Up-to-date: /home/swayanshree/projects/Makara-AUV-ROS2/install/bluerov2_description/share/bluerov2_description/local_setup.zsh
-- Up-to-date: /home/swayanshree/projects/Makara-AUV-ROS2/install/bluerov2_description/share/bluerov2_description/local_setup.dsv
-- Installing: /home/swayanshree/projects/Makara-AUV-ROS2/install/bluerov2_description/share/bluerov2_description/package.dsv
-- Up-to-date: /home/swayanshree/projects/Makara-AUV-ROS2/install/bluerov2_description/share/ament_index/resource_index/packages/bluerov2_description
-- Up-to-date: /home/swayanshree/projects/Makara-AUV-ROS2/install/bluerov2_description/share/bluerov2_description/cmake/bluerov2_descriptionConfig.cmake
-- Up-to-date: /home/swayanshree/projects/Makara-AUV-ROS2/install/bluerov2_description/share/bluerov2_description/cmake/bluerov2_descriptionConfig-version.cmake
-- Up-to-date: /home/swayanshree/projects/Makara-AUV-ROS2/install/bluerov2_description/share/bluerov2_description/package.xml
