-- The C compiler identification is GNU 13.3.0
-- The CXX compiler identification is GNU 13.3.0
-- Detecting C compiler ABI info
-- Detecting C compiler ABI info - done
-- Check for working C compiler: /usr/bin/cc - skipped
-- Detecting C compile features
-- Detecting C compile features - done
-- Detecting CXX compiler ABI info
-- Detecting CXX compiler ABI info - done
-- Check for working CXX compiler: /usr/bin/c++ - skipped
-- Detecting CXX compile features
-- Detecting CXX compile features - done
-- Found ament_cmake: 2.5.5 (/opt/ros/jazzy/share/ament_cmake/cmake)
-- Found Python3: /usr/bin/python3 (found version "3.12.3") found components: Interpreter 
-- Found rclpy: 7.1.9 (/opt/ros/jazzy/share/rclpy/cmake)
-- Found geometry_msgs: 5.3.6 (/opt/ros/jazzy/share/geometry_msgs/cmake)
-- Found rosidl_generator_c: 4.6.7 (/opt/ros/jazzy/share/rosidl_generator_c/cmake)
-- Found rosidl_generator_cpp: 4.6.7 (/opt/ros/jazzy/share/rosidl_generator_cpp/cmake)
-- Using all available rosidl_typesupport_c: rosidl_typesupport_fastrtps_c;rosidl_typesupport_introspection_c
-- Using all available rosidl_typesupport_cpp: rosidl_typesupport_fastrtps_cpp;rosidl_typesupport_introspection_cpp
-- Found sensor_msgs: 5.3.6 (/opt/ros/jazzy/share/sensor_msgs/cmake)
-- Found message_filters: 4.11.17 (/opt/ros/jazzy/share/message_filters/cmake)
-- Found rmw_implementation_cmake: 7.3.3 (/opt/ros/jazzy/share/rmw_implementation_cmake/cmake)
-- Found rmw_fastrtps_cpp: 8.4.3 (/opt/ros/jazzy/share/rmw_fastrtps_cpp/cmake)
-- Found OpenSSL: /usr/lib/x86_64-linux-gnu/libcrypto.so (found version "3.0.13")  
-- Found FastRTPS: /opt/ros/jazzy/include (Required is at least version "2.13") 
-- Using RMW implementation 'rmw_fastrtps_cpp' as default
-- Found ament_lint_auto: 0.17.4 (/opt/ros/jazzy/share/ament_lint_auto/cmake)
WARNING: Package name "StateSpace" does not follow the naming conventions. It should start with a lower case letter and only contain lower case letters, digits, underscores, and dashes.
-- Added test 'flake8' to check Python code syntax and style conventions
-- Configured 'flake8' exclude dirs and/or files: 
-- Added test 'lint_cmake' to check CMake code style
-- Added test 'pep257' to check Python code against some of the docstring style conventions in PEP 257
-- Added test 'xmllint' to check XML markup files
-- Configuring done (1.1s)
-- Generating done (0.0s)
-- Build files have been written to: /home/swayanshree/projects/Makara-AUV-ROS2/src/build/StateSpace
-- Install configuration: ""
-- Installing: /home/swayanshree/projects/Makara-AUV-ROS2/src/install/StateSpace/lib/StateSpace/complementary_filter.py
-- Installing: /home/swayanshree/projects/Makara-AUV-ROS2/src/install/StateSpace/lib/StateSpace/ekf_node.py
-- Installing: /home/swayanshree/projects/Makara-AUV-ROS2/src/install/StateSpace/lib/StateSpace/dummy_sensor_publisher.py
-- Installing: /home/swayanshree/projects/Makara-AUV-ROS2/src/install/StateSpace/lib/StateSpace/thruster_controller.py
-- Installing: /home/swayanshree/projects/Makara-AUV-ROS2/src/install/StateSpace/share/StateSpace/launch
-- Installing: /home/swayanshree/projects/Makara-AUV-ROS2/src/install/StateSpace/share/StateSpace/launch/state_space_launch.py
-- Installing: /home/swayanshree/projects/Makara-AUV-ROS2/src/install/StateSpace/share/ament_index/resource_index/package_run_dependencies/StateSpace
-- Installing: /home/swayanshree/projects/Makara-AUV-ROS2/src/install/StateSpace/share/ament_index/resource_index/parent_prefix_path/StateSpace
-- Installing: /home/swayanshree/projects/Makara-AUV-ROS2/src/install/StateSpace/share/StateSpace/environment/ament_prefix_path.sh
-- Installing: /home/swayanshree/projects/Makara-AUV-ROS2/src/install/StateSpace/share/StateSpace/environment/ament_prefix_path.dsv
-- Installing: /home/swayanshree/projects/Makara-AUV-ROS2/src/install/StateSpace/share/StateSpace/environment/path.sh
-- Installing: /home/swayanshree/projects/Makara-AUV-ROS2/src/install/StateSpace/share/StateSpace/environment/path.dsv
-- Installing: /home/swayanshree/projects/Makara-AUV-ROS2/src/install/StateSpace/share/StateSpace/local_setup.bash
-- Installing: /home/swayanshree/projects/Makara-AUV-ROS2/src/install/StateSpace/share/StateSpace/local_setup.sh
-- Installing: /home/swayanshree/projects/Makara-AUV-ROS2/src/install/StateSpace/share/StateSpace/local_setup.zsh
-- Installing: /home/swayanshree/projects/Makara-AUV-ROS2/src/install/StateSpace/share/StateSpace/local_setup.dsv
-- Installing: /home/swayanshree/projects/Makara-AUV-ROS2/src/install/StateSpace/share/StateSpace/package.dsv
-- Installing: /home/swayanshree/projects/Makara-AUV-ROS2/src/install/StateSpace/share/ament_index/resource_index/packages/StateSpace
-- Installing: /home/swayanshree/projects/Makara-AUV-ROS2/src/install/StateSpace/share/StateSpace/cmake/StateSpaceConfig.cmake
-- Installing: /home/swayanshree/projects/Makara-AUV-ROS2/src/install/StateSpace/share/StateSpace/cmake/StateSpaceConfig-version.cmake
-- Installing: /home/swayanshree/projects/Makara-AUV-ROS2/src/install/StateSpace/share/StateSpace/package.xml
