[1.301s] Invoking command in '/home/swayanshree/projects/Makara-AUV-ROS2/src/makara_vision': DEBUGINFOD_URLS=https://debuginfod.ubuntu.com PYTHONPATH=/home/swayanshree/projects/Makara-AUV-ROS2/build/makara_vision/prefix_override:/usr/lib/python3/dist-packages/colcon_core/task/python/colcon_distutils_commands:/home/swayanshree/projects/Makara-AUV-ROS2/install/makara_vision/lib/python3.12/site-packages:${PYTHONPATH} /usr/bin/python3 -W ignore:setup.py install is deprecated -W ignore:easy_install command is deprecated setup.py egg_info --egg-base ../../build/makara_vision build --build-base /home/swayanshree/projects/Makara-AUV-ROS2/build/makara_vision/build install --record /home/swayanshree/projects/Makara-AUV-ROS2/build/makara_vision/install.log --single-version-externally-managed install_data
[1.467s] running egg_info
[1.467s] creating ../../build/makara_vision/makara_vision.egg-info
[1.477s] writing ../../build/makara_vision/makara_vision.egg-info/PKG-INFO
[1.477s] writing dependency_links to ../../build/makara_vision/makara_vision.egg-info/dependency_links.txt
[1.477s] writing entry points to ../../build/makara_vision/makara_vision.egg-info/entry_points.txt
[1.478s] writing requirements to ../../build/makara_vision/makara_vision.egg-info/requires.txt
[1.478s] writing top-level names to ../../build/makara_vision/makara_vision.egg-info/top_level.txt
[1.478s] writing manifest file '../../build/makara_vision/makara_vision.egg-info/SOURCES.txt'
[1.500s] reading manifest file '../../build/makara_vision/makara_vision.egg-info/SOURCES.txt'
[1.500s] writing manifest file '../../build/makara_vision/makara_vision.egg-info/SOURCES.txt'
[1.500s] running build
[1.500s] running build_py
[1.500s] creating /home/swayanshree/projects/Makara-AUV-ROS2/build/makara_vision/build
[1.500s] creating /home/swayanshree/projects/Makara-AUV-ROS2/build/makara_vision/build/lib
[1.500s] creating /home/swayanshree/projects/Makara-AUV-ROS2/build/makara_vision/build/lib/makara_vision
[1.500s] copying makara_vision/detector_node.py -> /home/swayanshree/projects/Makara-AUV-ROS2/build/makara_vision/build/lib/makara_vision
[1.500s] copying makara_vision/__init__.py -> /home/swayanshree/projects/Makara-AUV-ROS2/build/makara_vision/build/lib/makara_vision
[1.501s] running install
[1.504s] running install_lib
[1.515s] creating /home/swayanshree/projects/Makara-AUV-ROS2/install/makara_vision/lib/python3.12/site-packages/makara_vision
[1.515s] copying /home/swayanshree/projects/Makara-AUV-ROS2/build/makara_vision/build/lib/makara_vision/detector_node.py -> /home/swayanshree/projects/Makara-AUV-ROS2/install/makara_vision/lib/python3.12/site-packages/makara_vision
[1.515s] copying /home/swayanshree/projects/Makara-AUV-ROS2/build/makara_vision/build/lib/makara_vision/__init__.py -> /home/swayanshree/projects/Makara-AUV-ROS2/install/makara_vision/lib/python3.12/site-packages/makara_vision
[1.515s] byte-compiling /home/swayanshree/projects/Makara-AUV-ROS2/install/makara_vision/lib/python3.12/site-packages/makara_vision/detector_node.py to detector_node.cpython-312.pyc
[1.516s] byte-compiling /home/swayanshree/projects/Makara-AUV-ROS2/install/makara_vision/lib/python3.12/site-packages/makara_vision/__init__.py to __init__.cpython-312.pyc
[1.516s] running install_data
[1.516s] creating /home/swayanshree/projects/Makara-AUV-ROS2/install/makara_vision/share/ament_index
[1.516s] creating /home/swayanshree/projects/Makara-AUV-ROS2/install/makara_vision/share/ament_index/resource_index
[1.516s] creating /home/swayanshree/projects/Makara-AUV-ROS2/install/makara_vision/share/ament_index/resource_index/packages
[1.516s] copying resource/makara_vision -> /home/swayanshree/projects/Makara-AUV-ROS2/install/makara_vision/share/ament_index/resource_index/packages
[1.516s] copying package.xml -> /home/swayanshree/projects/Makara-AUV-ROS2/install/makara_vision/share/makara_vision
[1.516s] running install_egg_info
[1.528s] Copying ../../build/makara_vision/makara_vision.egg-info to /home/swayanshree/projects/Makara-AUV-ROS2/install/makara_vision/lib/python3.12/site-packages/makara_vision-0.0.0-py3.12.egg-info
[1.528s] running install_scripts
[1.613s] Installing detector_node script to /home/swayanshree/projects/Makara-AUV-ROS2/install/makara_vision/lib/makara_vision
[1.614s] writing list of installed files to '/home/swayanshree/projects/Makara-AUV-ROS2/build/makara_vision/install.log'
[1.636s] Invoked command in '/home/swayanshree/projects/Makara-AUV-ROS2/src/makara_vision' returned '0': DEBUGINFOD_URLS=https://debuginfod.ubuntu.com PYTHONPATH=/home/swayanshree/projects/Makara-AUV-ROS2/build/makara_vision/prefix_override:/usr/lib/python3/dist-packages/colcon_core/task/python/colcon_distutils_commands:/home/swayanshree/projects/Makara-AUV-ROS2/install/makara_vision/lib/python3.12/site-packages:${PYTHONPATH} /usr/bin/python3 -W ignore:setup.py install is deprecated -W ignore:easy_install command is deprecated setup.py egg_info --egg-base ../../build/makara_vision build --build-base /home/swayanshree/projects/Makara-AUV-ROS2/build/makara_vision/build install --record /home/swayanshree/projects/Makara-AUV-ROS2/build/makara_vision/install.log --single-version-externally-managed install_data
