running egg_info
creating ../../build/makara_bringup/makara_bringup.egg-info
writing ../../build/makara_bringup/makara_bringup.egg-info/PKG-INFO
writing dependency_links to ../../build/makara_bringup/makara_bringup.egg-info/dependency_links.txt
writing requirements to ../../build/makara_bringup/makara_bringup.egg-info/requires.txt
writing top-level names to ../../build/makara_bringup/makara_bringup.egg-info/top_level.txt
writing manifest file '../../build/makara_bringup/makara_bringup.egg-info/SOURCES.txt'
reading manifest file '../../build/makara_bringup/makara_bringup.egg-info/SOURCES.txt'
writing manifest file '../../build/makara_bringup/makara_bringup.egg-info/SOURCES.txt'
running build
running build_py
creating /home/swayanshree/projects/Makara-AUV-ROS2/build/makara_bringup/build
creating /home/swayanshree/projects/Makara-AUV-ROS2/build/makara_bringup/build/lib
creating /home/swayanshree/projects/Makara-AUV-ROS2/build/makara_bringup/build/lib/makara_bringup
copying makara_bringup/__init__.py -> /home/swayanshree/projects/Makara-AUV-ROS2/build/makara_bringup/build/lib/makara_bringup
running install
running install_lib
creating /home/swayanshree/projects/Makara-AUV-ROS2/install/makara_bringup/lib/python3.12/site-packages/makara_bringup
copying /home/swayanshree/projects/Makara-AUV-ROS2/build/makara_bringup/build/lib/makara_bringup/__init__.py -> /home/swayanshree/projects/Makara-AUV-ROS2/install/makara_bringup/lib/python3.12/site-packages/makara_bringup
byte-compiling /home/swayanshree/projects/Makara-AUV-ROS2/install/makara_bringup/lib/python3.12/site-packages/makara_bringup/__init__.py to __init__.cpython-312.pyc
running install_data
creating /home/swayanshree/projects/Makara-AUV-ROS2/install/makara_bringup/share/ament_index
creating /home/swayanshree/projects/Makara-AUV-ROS2/install/makara_bringup/share/ament_index/resource_index
creating /home/swayanshree/projects/Makara-AUV-ROS2/install/makara_bringup/share/ament_index/resource_index/packages
copying resource/makara_bringup -> /home/swayanshree/projects/Makara-AUV-ROS2/install/makara_bringup/share/ament_index/resource_index/packages
copying package.xml -> /home/swayanshree/projects/Makara-AUV-ROS2/install/makara_bringup/share/makara_bringup
creating /home/swayanshree/projects/Makara-AUV-ROS2/install/makara_bringup/share/makara_bringup/launch
copying launch/full_system.launch.py -> /home/swayanshree/projects/Makara-AUV-ROS2/install/makara_bringup/share/makara_bringup/launch
copying launch/makara.launch.py -> /home/swayanshree/projects/Makara-AUV-ROS2/install/makara_bringup/share/makara_bringup/launch
running install_egg_info
Copying ../../build/makara_bringup/makara_bringup.egg-info to /home/swayanshree/projects/Makara-AUV-ROS2/install/makara_bringup/lib/python3.12/site-packages/makara_bringup-0.0.0-py3.12.egg-info
running install_scripts
writing list of installed files to '/home/swayanshree/projects/Makara-AUV-ROS2/build/makara_bringup/install.log'
