[1.348s] Invoking command in '/home/swayanshree/projects/Makara-AUV-ROS2/src/makara_bringup': DEBUGINFOD_URLS=https://debuginfod.ubuntu.com PYTHONPATH=/home/swayanshree/projects/Makara-AUV-ROS2/build/makara_bringup/prefix_override:/usr/lib/python3/dist-packages/colcon_core/task/python/colcon_distutils_commands:/home/swayanshree/projects/Makara-AUV-ROS2/install/makara_bringup/lib/python3.12/site-packages:${PYTHONPATH} /usr/bin/python3 -W ignore:setup.py install is deprecated -W ignore:easy_install command is deprecated setup.py egg_info --egg-base ../../build/makara_bringup build --build-base /home/swayanshree/projects/Makara-AUV-ROS2/build/makara_bringup/build install --record /home/swayanshree/projects/Makara-AUV-ROS2/build/makara_bringup/install.log --single-version-externally-managed install_data
[1.540s] running egg_info
[1.541s] creating ../../build/makara_bringup/makara_bringup.egg-info
[1.554s] writing ../../build/makara_bringup/makara_bringup.egg-info/PKG-INFO
[1.554s] writing dependency_links to ../../build/makara_bringup/makara_bringup.egg-info/dependency_links.txt
[1.554s] writing requirements to ../../build/makara_bringup/makara_bringup.egg-info/requires.txt
[1.554s] writing top-level names to ../../build/makara_bringup/makara_bringup.egg-info/top_level.txt
[1.554s] writing manifest file '../../build/makara_bringup/makara_bringup.egg-info/SOURCES.txt'
[1.580s] reading manifest file '../../build/makara_bringup/makara_bringup.egg-info/SOURCES.txt'
[1.581s] writing manifest file '../../build/makara_bringup/makara_bringup.egg-info/SOURCES.txt'
[1.581s] running build
[1.581s] running build_py
[1.581s] creating /home/swayanshree/projects/Makara-AUV-ROS2/build/makara_bringup/build
[1.581s] creating /home/swayanshree/projects/Makara-AUV-ROS2/build/makara_bringup/build/lib
[1.581s] creating /home/swayanshree/projects/Makara-AUV-ROS2/build/makara_bringup/build/lib/makara_bringup
[1.581s] copying makara_bringup/__init__.py -> /home/swayanshree/projects/Makara-AUV-ROS2/build/makara_bringup/build/lib/makara_bringup
[1.581s] running install
[1.586s] running install_lib
[1.599s] creating /home/swayanshree/projects/Makara-AUV-ROS2/install/makara_bringup/lib/python3.12/site-packages/makara_bringup
[1.599s] copying /home/swayanshree/projects/Makara-AUV-ROS2/build/makara_bringup/build/lib/makara_bringup/__init__.py -> /home/swayanshree/projects/Makara-AUV-ROS2/install/makara_bringup/lib/python3.12/site-packages/makara_bringup
[1.599s] byte-compiling /home/swayanshree/projects/Makara-AUV-ROS2/install/makara_bringup/lib/python3.12/site-packages/makara_bringup/__init__.py to __init__.cpython-312.pyc
[1.599s] running install_data
[1.600s] creating /home/swayanshree/projects/Makara-AUV-ROS2/install/makara_bringup/share/ament_index
[1.600s] creating /home/swayanshree/projects/Makara-AUV-ROS2/install/makara_bringup/share/ament_index/resource_index
[1.600s] creating /home/swayanshree/projects/Makara-AUV-ROS2/install/makara_bringup/share/ament_index/resource_index/packages
[1.600s] copying resource/makara_bringup -> /home/swayanshree/projects/Makara-AUV-ROS2/install/makara_bringup/share/ament_index/resource_index/packages
[1.600s] copying package.xml -> /home/swayanshree/projects/Makara-AUV-ROS2/install/makara_bringup/share/makara_bringup
[1.600s] creating /home/swayanshree/projects/Makara-AUV-ROS2/install/makara_bringup/share/makara_bringup/launch
[1.600s] copying launch/full_system.launch.py -> /home/swayanshree/projects/Makara-AUV-ROS2/install/makara_bringup/share/makara_bringup/launch
[1.600s] copying launch/makara.launch.py -> /home/swayanshree/projects/Makara-AUV-ROS2/install/makara_bringup/share/makara_bringup/launch
[1.600s] running install_egg_info
[1.614s] Copying ../../build/makara_bringup/makara_bringup.egg-info to /home/swayanshree/projects/Makara-AUV-ROS2/install/makara_bringup/lib/python3.12/site-packages/makara_bringup-0.0.0-py3.12.egg-info
[1.614s] running install_scripts
[1.710s] writing list of installed files to '/home/swayanshree/projects/Makara-AUV-ROS2/build/makara_bringup/install.log'
[1.733s] Invoked command in '/home/swayanshree/projects/Makara-AUV-ROS2/src/makara_bringup' returned '0': DEBUGINFOD_URLS=https://debuginfod.ubuntu.com PYTHONPATH=/home/swayanshree/projects/Makara-AUV-ROS2/build/makara_bringup/prefix_override:/usr/lib/python3/dist-packages/colcon_core/task/python/colcon_distutils_commands:/home/swayanshree/projects/Makara-AUV-ROS2/install/makara_bringup/lib/python3.12/site-packages:${PYTHONPATH} /usr/bin/python3 -W ignore:setup.py install is deprecated -W ignore:easy_install command is deprecated setup.py egg_info --egg-base ../../build/makara_bringup build --build-base /home/swayanshree/projects/Makara-AUV-ROS2/build/makara_bringup/build install --record /home/swayanshree/projects/Makara-AUV-ROS2/build/makara_bringup/install.log --single-version-externally-managed install_data
