[0.912s] Invoking command in '/home/swayanshree/projects/Makara-AUV-ROS2/src/hammerhead_serial': AMENT_PREFIX_PATH=/home/swayanshree/projects/Makara-AUV-ROS2/install/hammerhead_interfaces:${AMENT_PREFIX_PATH} CMAKE_PREFIX_PATH=/home/swayanshree/projects/Makara-AUV-ROS2/install/hammerhead_interfaces:${CMAKE_PREFIX_PATH} DEBUGINFOD_URLS=https://debuginfod.ubuntu.com LD_LIBRARY_PATH=/home/swayanshree/projects/Makara-AUV-ROS2/install/hammerhead_interfaces/lib:${LD_LIBRARY_PATH} PYTHONPATH=/home/swayanshree/projects/Makara-AUV-ROS2/build/hammerhead_serial/prefix_override:/usr/lib/python3/dist-packages/colcon_core/task/python/colcon_distutils_commands:/home/swayanshree/projects/Makara-AUV-ROS2/install/hammerhead_serial/lib/python3.12/site-packages:/home/swayanshree/projects/Makara-AUV-ROS2/install/hammerhead_interfaces/lib/python3.12/site-packages:${PYTHONPATH} /usr/bin/python3 -W ignore:setup.py install is deprecated -W ignore:easy_install command is deprecated setup.py egg_info --egg-base ../../build/hammerhead_serial build --build-base /home/swayanshree/projects/Makara-AUV-ROS2/build/hammerhead_serial/build install --record /home/swayanshree/projects/Makara-AUV-ROS2/build/hammerhead_serial/install.log --single-version-externally-managed install_data
[1.111s] running egg_info
[1.122s] writing ../../build/hammerhead_serial/hammerhead_serial.egg-info/PKG-INFO
[1.122s] writing dependency_links to ../../build/hammerhead_serial/hammerhead_serial.egg-info/dependency_links.txt
[1.122s] writing entry points to ../../build/hammerhead_serial/hammerhead_serial.egg-info/entry_points.txt
[1.122s] writing requirements to ../../build/hammerhead_serial/hammerhead_serial.egg-info/requires.txt
[1.122s] writing top-level names to ../../build/hammerhead_serial/hammerhead_serial.egg-info/top_level.txt
[1.143s] reading manifest file '../../build/hammerhead_serial/hammerhead_serial.egg-info/SOURCES.txt'
[1.144s] writing manifest file '../../build/hammerhead_serial/hammerhead_serial.egg-info/SOURCES.txt'
[1.144s] running build
[1.144s] running build_py
[1.144s] running install
[1.148s] running install_lib
[1.160s] running install_data
[1.160s] running install_egg_info
[1.171s] removing '/home/swayanshree/projects/Makara-AUV-ROS2/install/hammerhead_serial/lib/python3.12/site-packages/hammerhead_serial-0.0.0-py3.12.egg-info' (and everything under it)
[1.171s] Copying ../../build/hammerhead_serial/hammerhead_serial.egg-info to /home/swayanshree/projects/Makara-AUV-ROS2/install/hammerhead_serial/lib/python3.12/site-packages/hammerhead_serial-0.0.0-py3.12.egg-info
[1.172s] running install_scripts
[1.241s] Installing serial_node script to /home/swayanshree/projects/Makara-AUV-ROS2/install/hammerhead_serial/lib/hammerhead_serial
[1.242s] writing list of installed files to '/home/swayanshree/projects/Makara-AUV-ROS2/build/hammerhead_serial/install.log'
[1.258s] Invoked command in '/home/swayanshree/projects/Makara-AUV-ROS2/src/hammerhead_serial' returned '0': AMENT_PREFIX_PATH=/home/swayanshree/projects/Makara-AUV-ROS2/install/hammerhead_interfaces:${AMENT_PREFIX_PATH} CMAKE_PREFIX_PATH=/home/swayanshree/projects/Makara-AUV-ROS2/install/hammerhead_interfaces:${CMAKE_PREFIX_PATH} DEBUGINFOD_URLS=https://debuginfod.ubuntu.com LD_LIBRARY_PATH=/home/swayanshree/projects/Makara-AUV-ROS2/install/hammerhead_interfaces/lib:${LD_LIBRARY_PATH} PYTHONPATH=/home/swayanshree/projects/Makara-AUV-ROS2/build/hammerhead_serial/prefix_override:/usr/lib/python3/dist-packages/colcon_core/task/python/colcon_distutils_commands:/home/swayanshree/projects/Makara-AUV-ROS2/install/hammerhead_serial/lib/python3.12/site-packages:/home/swayanshree/projects/Makara-AUV-ROS2/install/hammerhead_interfaces/lib/python3.12/site-packages:${PYTHONPATH} /usr/bin/python3 -W ignore:setup.py install is deprecated -W ignore:easy_install command is deprecated setup.py egg_info --egg-base ../../build/hammerhead_serial build --build-base /home/swayanshree/projects/Makara-AUV-ROS2/build/hammerhead_serial/build install --record /home/swayanshree/projects/Makara-AUV-ROS2/build/hammerhead_serial/install.log --single-version-externally-managed install_data
