-- Install configuration: ""
-- Up-to-date: /home/swayanshree/projects/Makara-AUV-ROS2/install/auv_description/share/auv_description/launch
-- Up-to-date: /home/swayanshree/projects/Makara-AUV-ROS2/install/auv_description/share/auv_description/launch/teleop_keyboard_launch.py
-- Up-to-date: /home/swayanshree/projects/Makara-AUV-ROS2/install/auv_description/share/auv_description/launch/gazebo_auv_launch.py.bak
-- Up-to-date: /home/swayanshree/projects/Makara-AUV-ROS2/install/auv_description/share/auv_description/launch/gazebo_auv_launch.py
-- Up-to-date: /home/swayanshree/projects/Makara-AUV-ROS2/install/auv_description/share/auv_description/urdf
-- Up-to-date: /home/swayanshree/projects/Makara-AUV-ROS2/install/auv_description/share/auv_description/urdf/auv.urdf.xacro
-- Up-to-date: /home/swayanshree/projects/Makara-AUV-ROS2/install/auv_description/share/auv_description/worlds
-- Up-to-date: /home/swayanshree/projects/Makara-AUV-ROS2/install/auv_description/share/auv_description/worlds/pool.world
-- Up-to-date: /home/swayanshree/projects/Makara-AUV-ROS2/install/auv_description/lib/auv_description/thruster_mixer.py
-- Up-to-date: /home/swayanshree/projects/Makara-AUV-ROS2/install/auv_description/lib/auv_description/sim_bridge.py
-- Up-to-date: /home/swayanshree/projects/Makara-AUV-ROS2/install/auv_description/lib/auv_description/setpoint_publisher.py
-- Up-to-date: /home/swayanshree/projects/Makara-AUV-ROS2/install/auv_description/lib/auv_description/pid_publisher.py
-- Up-to-date: /home/swayanshree/projects/Makara-AUV-ROS2/install/auv_description/lib/auv_description/makara_gui.py
-- Up-to-date: /home/swayanshree/projects/Makara-AUV-ROS2/install/auv_description/share/ament_index/resource_index/package_run_dependencies/auv_description
-- Up-to-date: /home/swayanshree/projects/Makara-AUV-ROS2/install/auv_description/share/ament_index/resource_index/parent_prefix_path/auv_description
-- Up-to-date: /home/swayanshree/projects/Makara-AUV-ROS2/install/auv_description/share/auv_description/environment/ament_prefix_path.sh
-- Up-to-date: /home/swayanshree/projects/Makara-AUV-ROS2/install/auv_description/share/auv_description/environment/ament_prefix_path.dsv
-- Up-to-date: /home/swayanshree/projects/Makara-AUV-ROS2/install/auv_description/share/auv_description/environment/path.sh
-- Up-to-date: /home/swayanshree/projects/Makara-AUV-ROS2/install/auv_description/share/auv_description/environment/path.dsv
-- Up-to-date: /home/swayanshree/projects/Makara-AUV-ROS2/install/auv_description/share/auv_description/local_setup.bash
-- Up-to-date: /home/swayanshree/projects/Makara-AUV-ROS2/install/auv_description/share/auv_description/local_setup.sh
-- Up-to-date: /home/swayanshree/projects/Makara-AUV-ROS2/install/auv_description/share/auv_description/local_setup.zsh
-- Up-to-date: /home/swayanshree/projects/Makara-AUV-ROS2/install/auv_description/share/auv_description/local_setup.dsv
-- Up-to-date: /home/swayanshree/projects/Makara-AUV-ROS2/install/auv_description/share/auv_description/package.dsv
-- Up-to-date: /home/swayanshree/projects/Makara-AUV-ROS2/install/auv_description/share/ament_index/resource_index/packages/auv_description
-- Up-to-date: /home/swayanshree/projects/Makara-AUV-ROS2/install/auv_description/share/auv_description/cmake/auv_descriptionConfig.cmake
-- Up-to-date: /home/swayanshree/projects/Makara-AUV-ROS2/install/auv_description/share/auv_description/cmake/auv_descriptionConfig-version.cmake
-- Up-to-date: /home/swayanshree/projects/Makara-AUV-ROS2/install/auv_description/share/auv_description/package.xml
