[0.023s] Invoking command in '/home/swayanshree/projects/Makara-AUV-ROS2/build/StateSpace': CMAKE_PREFIX_PATH=${CMAKE_PREFIX_PATH}:/home/swayanshree/projects/Makara-AUV-ROS2/install/uuv_simulator:/home/swayanshree/projects/Makara-AUV-ROS2/install/makara_serial:/home/swayanshree/projects/Makara-AUV-ROS2/install/hammerhead_serial:/home/swayanshree/projects/Makara-AUV-ROS2/install/data_sync:/home/swayanshree/projects/Makara-AUV-ROS2/install/makara_vision:/home/swayanshree/projects/Makara-AUV-ROS2/install/makara_bringup:/opt/ros/jazzy DEBUGINFOD_URLS=https://debuginfod.ubuntu.com /usr/bin/cmake /home/swayanshree/projects/Makara-AUV-ROS2/src/StateSpace -DCMAKE_INSTALL_PREFIX=/home/swayanshree/projects/Makara-AUV-ROS2/install/StateSpace
[0.717s] -- The C compiler identification is GNU 13.3.0
[0.717s] -- The CXX compiler identification is GNU 13.3.0
[0.717s] -- Detecting C compiler ABI info
[0.717s] -- Detecting C compiler ABI info - done
[0.717s] -- Check for working C compiler: /usr/bin/cc - skipped
[0.717s] -- Detecting C compile features
[0.717s] -- Detecting C compile features - done
[0.717s] -- Detecting CXX compiler ABI info
[0.717s] -- Detecting CXX compiler ABI info - done
[0.717s] -- Check for working CXX compiler: /usr/bin/c++ - skipped
[0.717s] -- Detecting CXX compile features
[0.717s] -- Detecting CXX compile features - done
[0.717s] -- Found ament_cmake: 2.5.5 (/opt/ros/jazzy/share/ament_cmake/cmake)
[0.717s] -- Found Python3: /usr/bin/python3 (found version "3.12.3") found components: Interpreter 
[0.717s] -- Found rclpy: 7.1.9 (/opt/ros/jazzy/share/rclpy/cmake)
[0.717s] -- Found geometry_msgs: 5.3.6 (/opt/ros/jazzy/share/geometry_msgs/cmake)
[0.717s] -- Found rosidl_generator_c: 4.6.7 (/opt/ros/jazzy/share/rosidl_generator_c/cmake)
[0.717s] -- Found rosidl_generator_cpp: 4.6.7 (/opt/ros/jazzy/share/rosidl_generator_cpp/cmake)
[0.717s] -- Using all available rosidl_typesupport_c: rosidl_typesupport_fastrtps_c;rosidl_typesupport_introspection_c
[0.717s] -- Using all available rosidl_typesupport_cpp: rosidl_typesupport_fastrtps_cpp;rosidl_typesupport_introspection_cpp
[0.717s] -- Found sensor_msgs: 5.3.6 (/opt/ros/jazzy/share/sensor_msgs/cmake)
[0.717s] -- Found message_filters: 4.11.17 (/opt/ros/jazzy/share/message_filters/cmake)
[0.717s] -- Found rmw_implementation_cmake: 7.3.3 (/opt/ros/jazzy/share/rmw_implementation_cmake/cmake)
[0.717s] -- Found rmw_fastrtps_cpp: 8.4.3 (/opt/ros/jazzy/share/rmw_fastrtps_cpp/cmake)
[0.722s] -- Found OpenSSL: /usr/lib/x86_64-linux-gnu/libcrypto.so (found version "3.0.13")  
[0.739s] -- Found FastRTPS: /opt/ros/jazzy/include (Required is at least version "2.13") 
[0.761s] -- Using RMW implementation 'rmw_fastrtps_cpp' as default
[0.824s] -- Found ament_lint_auto: 0.17.4 (/opt/ros/jazzy/share/ament_lint_auto/cmake)
[0.873s] WARNING: Package name "StateSpace" does not follow the naming conventions. It should start with a lower case letter and only contain lower case letters, digits, underscores, and dashes.
[0.911s] -- Added test 'flake8' to check Python code syntax and style conventions
[0.911s] -- Configured 'flake8' exclude dirs and/or files: 
[0.912s] -- Added test 'lint_cmake' to check CMake code style
[0.913s] -- Added test 'pep257' to check Python code against some of the docstring style conventions in PEP 257
[0.914s] -- Added test 'xmllint' to check XML markup files
[0.916s] -- Configuring done (0.9s)
[0.921s] -- Generating done (0.0s)
[0.923s] -- Build files have been written to: /home/swayanshree/projects/Makara-AUV-ROS2/build/StateSpace
[0.933s] Invoked command in '/home/swayanshree/projects/Makara-AUV-ROS2/build/StateSpace' returned '0': CMAKE_PREFIX_PATH=${CMAKE_PREFIX_PATH}:/home/swayanshree/projects/Makara-AUV-ROS2/install/uuv_simulator:/home/swayanshree/projects/Makara-AUV-ROS2/install/makara_serial:/home/swayanshree/projects/Makara-AUV-ROS2/install/hammerhead_serial:/home/swayanshree/projects/Makara-AUV-ROS2/install/data_sync:/home/swayanshree/projects/Makara-AUV-ROS2/install/makara_vision:/home/swayanshree/projects/Makara-AUV-ROS2/install/makara_bringup:/opt/ros/jazzy DEBUGINFOD_URLS=https://debuginfod.ubuntu.com /usr/bin/cmake /home/swayanshree/projects/Makara-AUV-ROS2/src/StateSpace -DCMAKE_INSTALL_PREFIX=/home/swayanshree/projects/Makara-AUV-ROS2/install/StateSpace
[0.934s] Invoking command in '/home/swayanshree/projects/Makara-AUV-ROS2/build/StateSpace': CMAKE_PREFIX_PATH=${CMAKE_PREFIX_PATH}:/home/swayanshree/projects/Makara-AUV-ROS2/install/uuv_simulator:/home/swayanshree/projects/Makara-AUV-ROS2/install/makara_serial:/home/swayanshree/projects/Makara-AUV-ROS2/install/hammerhead_serial:/home/swayanshree/projects/Makara-AUV-ROS2/install/data_sync:/home/swayanshree/projects/Makara-AUV-ROS2/install/makara_vision:/home/swayanshree/projects/Makara-AUV-ROS2/install/makara_bringup:/opt/ros/jazzy DEBUGINFOD_URLS=https://debuginfod.ubuntu.com /usr/bin/cmake --build /home/swayanshree/projects/Makara-AUV-ROS2/build/StateSpace -- -j16 -l16
[0.958s] Invoked command in '/home/swayanshree/projects/Makara-AUV-ROS2/build/StateSpace' returned '0': CMAKE_PREFIX_PATH=${CMAKE_PREFIX_PATH}:/home/swayanshree/projects/Makara-AUV-ROS2/install/uuv_simulator:/home/swayanshree/projects/Makara-AUV-ROS2/install/makara_serial:/home/swayanshree/projects/Makara-AUV-ROS2/install/hammerhead_serial:/home/swayanshree/projects/Makara-AUV-ROS2/install/data_sync:/home/swayanshree/projects/Makara-AUV-ROS2/install/makara_vision:/home/swayanshree/projects/Makara-AUV-ROS2/install/makara_bringup:/opt/ros/jazzy DEBUGINFOD_URLS=https://debuginfod.ubuntu.com /usr/bin/cmake --build /home/swayanshree/projects/Makara-AUV-ROS2/build/StateSpace -- -j16 -l16
[0.959s] Invoking command in '/home/swayanshree/projects/Makara-AUV-ROS2/build/StateSpace': CMAKE_PREFIX_PATH=${CMAKE_PREFIX_PATH}:/home/swayanshree/projects/Makara-AUV-ROS2/install/uuv_simulator:/home/swayanshree/projects/Makara-AUV-ROS2/install/makara_serial:/home/swayanshree/projects/Makara-AUV-ROS2/install/hammerhead_serial:/home/swayanshree/projects/Makara-AUV-ROS2/install/data_sync:/home/swayanshree/projects/Makara-AUV-ROS2/install/makara_vision:/home/swayanshree/projects/Makara-AUV-ROS2/install/makara_bringup:/opt/ros/jazzy DEBUGINFOD_URLS=https://debuginfod.ubuntu.com /usr/bin/cmake --install /home/swayanshree/projects/Makara-AUV-ROS2/build/StateSpace
[0.964s] -- Install configuration: ""
[0.964s] -- Installing: /home/swayanshree/projects/Makara-AUV-ROS2/install/StateSpace/lib/StateSpace/complementary_filter.py
[0.964s] -- Installing: /home/swayanshree/projects/Makara-AUV-ROS2/install/StateSpace/lib/StateSpace/ekf_node.py
[0.964s] -- Installing: /home/swayanshree/projects/Makara-AUV-ROS2/install/StateSpace/lib/StateSpace/dummy_sensor_publisher.py
[0.964s] -- Installing: /home/swayanshree/projects/Makara-AUV-ROS2/install/StateSpace/lib/StateSpace/thruster_controller.py
[0.964s] -- Installing: /home/swayanshree/projects/Makara-AUV-ROS2/install/StateSpace/share/StateSpace/launch
[0.965s] -- Installing: /home/swayanshree/projects/Makara-AUV-ROS2/install/StateSpace/share/StateSpace/launch/state_space_launch.py
[0.965s] -- Installing: /home/swayanshree/projects/Makara-AUV-ROS2/install/StateSpace/share/ament_index/resource_index/package_run_dependencies/StateSpace
[0.965s] -- Installing: /home/swayanshree/projects/Makara-AUV-ROS2/install/StateSpace/share/ament_index/resource_index/parent_prefix_path/StateSpace
[0.965s] -- Installing: /home/swayanshree/projects/Makara-AUV-ROS2/install/StateSpace/share/StateSpace/environment/ament_prefix_path.sh
[0.965s] -- Installing: /home/swayanshree/projects/Makara-AUV-ROS2/install/StateSpace/share/StateSpace/environment/ament_prefix_path.dsv
[0.965s] -- Installing: /home/swayanshree/projects/Makara-AUV-ROS2/install/StateSpace/share/StateSpace/environment/path.sh
[0.965s] -- Installing: /home/swayanshree/projects/Makara-AUV-ROS2/install/StateSpace/share/StateSpace/environment/path.dsv
[0.965s] -- Installing: /home/swayanshree/projects/Makara-AUV-ROS2/install/StateSpace/share/StateSpace/local_setup.bash
[0.965s] -- Installing: /home/swayanshree/projects/Makara-AUV-ROS2/install/StateSpace/share/StateSpace/local_setup.sh
[0.965s] -- Installing: /home/swayanshree/projects/Makara-AUV-ROS2/install/StateSpace/share/StateSpace/local_setup.zsh
[0.965s] -- Installing: /home/swayanshree/projects/Makara-AUV-ROS2/install/StateSpace/share/StateSpace/local_setup.dsv
[0.965s] -- Installing: /home/swayanshree/projects/Makara-AUV-ROS2/install/StateSpace/share/StateSpace/package.dsv
[0.966s] -- Installing: /home/swayanshree/projects/Makara-AUV-ROS2/install/StateSpace/share/ament_index/resource_index/packages/StateSpace
[0.966s] -- Installing: /home/swayanshree/projects/Makara-AUV-ROS2/install/StateSpace/share/StateSpace/cmake/StateSpaceConfig.cmake
[0.966s] -- Installing: /home/swayanshree/projects/Makara-AUV-ROS2/install/StateSpace/share/StateSpace/cmake/StateSpaceConfig-version.cmake
[0.966s] -- Installing: /home/swayanshree/projects/Makara-AUV-ROS2/install/StateSpace/share/StateSpace/package.xml
[0.966s] Invoked command in '/home/swayanshree/projects/Makara-AUV-ROS2/build/StateSpace' returned '0': CMAKE_PREFIX_PATH=${CMAKE_PREFIX_PATH}:/home/swayanshree/projects/Makara-AUV-ROS2/install/uuv_simulator:/home/swayanshree/projects/Makara-AUV-ROS2/install/makara_serial:/home/swayanshree/projects/Makara-AUV-ROS2/install/hammerhead_serial:/home/swayanshree/projects/Makara-AUV-ROS2/install/data_sync:/home/swayanshree/projects/Makara-AUV-ROS2/install/makara_vision:/home/swayanshree/projects/Makara-AUV-ROS2/install/makara_bringup:/opt/ros/jazzy DEBUGINFOD_URLS=https://debuginfod.ubuntu.com /usr/bin/cmake --install /home/swayanshree/projects/Makara-AUV-ROS2/build/StateSpace
