[0.029s] Invoking command in '/home/swayanshree/projects/Makara-AUV-ROS2/build/hammerhead_interfaces': CMAKE_PREFIX_PATH=${CMAKE_PREFIX_PATH}:/opt/ros/jazzy DEBUGINFOD_URLS=https://debuginfod.ubuntu.com /usr/bin/cmake --build /home/swayanshree/projects/Makara-AUV-ROS2/build/hammerhead_interfaces -- -j16 -l16
[0.682s] [  1%] Built target hammerhead_interfaces__rosidl_generator_type_description
[0.682s] [  1%] Built target ament_cmake_python_copy_hammerhead_interfaces
[0.682s] [  1%] Built target hammerhead_interfaces__cpp
[0.682s] [ 27%] Built target hammerhead_interfaces__rosidl_generator_c
[0.682s] [ 46%] Built target hammerhead_interfaces__rosidl_typesupport_introspection_c
[0.683s] [ 46%] Built target hammerhead_interfaces__rosidl_typesupport_c
[0.683s] [ 56%] Built target hammerhead_interfaces__rosidl_typesupport_fastrtps_c
[0.683s] [ 66%] Built target hammerhead_interfaces__rosidl_typesupport_fastrtps_cpp
[0.683s] [ 76%] Built target hammerhead_interfaces__rosidl_typesupport_introspection_cpp
[0.683s] [ 85%] Built target hammerhead_interfaces__rosidl_typesupport_cpp
[0.683s] [ 85%] Built target hammerhead_interfaces
[0.683s] [ 86%] Built target hammerhead_interfaces__py
[0.683s] [ 95%] Built target hammerhead_interfaces__rosidl_generator_py
[0.683s] [ 99%] Built target hammerhead_interfaces_s__rosidl_typesupport_c
[0.683s] [ 99%] Built target hammerhead_interfaces_s__rosidl_typesupport_introspection_c
[0.683s] [100%] Built target hammerhead_interfaces_s__rosidl_typesupport_fastrtps_c
[0.683s] running egg_info
[0.683s] writing hammerhead_interfaces.egg-info/PKG-INFO
[0.683s] writing dependency_links to hammerhead_interfaces.egg-info/dependency_links.txt
[0.683s] writing top-level names to hammerhead_interfaces.egg-info/top_level.txt
[0.683s] reading manifest file 'hammerhead_interfaces.egg-info/SOURCES.txt'
[0.683s] writing manifest file 'hammerhead_interfaces.egg-info/SOURCES.txt'
[0.683s] [100%] Built target ament_cmake_python_build_hammerhead_interfaces_egg
[0.819s] Invoked command in '/home/swayanshree/projects/Makara-AUV-ROS2/build/hammerhead_interfaces' returned '0': CMAKE_PREFIX_PATH=${CMAKE_PREFIX_PATH}:/opt/ros/jazzy DEBUGINFOD_URLS=https://debuginfod.ubuntu.com /usr/bin/cmake --build /home/swayanshree/projects/Makara-AUV-ROS2/build/hammerhead_interfaces -- -j16 -l16
[0.826s] Invoking command in '/home/swayanshree/projects/Makara-AUV-ROS2/build/hammerhead_interfaces': CMAKE_PREFIX_PATH=${CMAKE_PREFIX_PATH}:/opt/ros/jazzy DEBUGINFOD_URLS=https://debuginfod.ubuntu.com /usr/bin/cmake --install /home/swayanshree/projects/Makara-AUV-ROS2/build/hammerhead_interfaces
[0.834s] -- Install configuration: ""
[0.834s] -- Up-to-date: /home/swayanshree/projects/Makara-AUV-ROS2/install/hammerhead_interfaces/share/ament_index/resource_index/rosidl_interfaces/hammerhead_interfaces
[0.834s] -- Up-to-date: /home/swayanshree/projects/Makara-AUV-ROS2/install/hammerhead_interfaces/share/hammerhead_interfaces/msg/BatteryStatus.json
[0.834s] -- Up-to-date: /home/swayanshree/projects/Makara-AUV-ROS2/install/hammerhead_interfaces/share/hammerhead_interfaces/msg/Combined.json
[0.835s] -- Up-to-date: /home/swayanshree/projects/Makara-AUV-ROS2/install/hammerhead_interfaces/share/hammerhead_interfaces/msg/Depth.json
[0.836s] -- Up-to-date: /home/swayanshree/projects/Makara-AUV-ROS2/install/hammerhead_interfaces/share/hammerhead_interfaces/msg/InsVel.json
[0.836s] -- Up-to-date: /home/swayanshree/projects/Makara-AUV-ROS2/install/hammerhead_interfaces/share/hammerhead_interfaces/msg/MoveCmd.json
[0.836s] -- Up-to-date: /home/swayanshree/projects/Makara-AUV-ROS2/install/hammerhead_interfaces/share/hammerhead_interfaces/msg/MoveCmds.json
[0.836s] -- Up-to-date: /home/swayanshree/projects/Makara-AUV-ROS2/install/hammerhead_interfaces/share/hammerhead_interfaces/msg/PID.json
[0.836s] -- Up-to-date: /home/swayanshree/projects/Makara-AUV-ROS2/install/hammerhead_interfaces/share/hammerhead_interfaces/msg/Position.json
[0.836s] -- Up-to-date: /home/swayanshree/projects/Makara-AUV-ROS2/install/hammerhead_interfaces/share/hammerhead_interfaces/msg/Setpoint.json
[0.836s] -- Up-to-date: /home/swayanshree/projects/Makara-AUV-ROS2/install/hammerhead_interfaces/share/hammerhead_interfaces/msg/ThrusterSpeeds.json
[0.836s] -- Up-to-date: /home/swayanshree/projects/Makara-AUV-ROS2/install/hammerhead_interfaces/share/hammerhead_interfaces/msg/VectorNavData.json
[0.836s] -- Up-to-date: /home/swayanshree/projects/Makara-AUV-ROS2/install/hammerhead_interfaces/include/hammerhead_interfaces/hammerhead_interfaces
[0.836s] -- Up-to-date: /home/swayanshree/projects/Makara-AUV-ROS2/install/hammerhead_interfaces/include/hammerhead_interfaces/hammerhead_interfaces/msg
[0.836s] -- Up-to-date: /home/swayanshree/projects/Makara-AUV-ROS2/install/hammerhead_interfaces/include/hammerhead_interfaces/hammerhead_interfaces/msg/position.h
[0.836s] -- Up-to-date: /home/swayanshree/projects/Makara-AUV-ROS2/install/hammerhead_interfaces/include/hammerhead_interfaces/hammerhead_interfaces/msg/rosidl_generator_c__visibility_control.h
[0.836s] -- Up-to-date: /home/swayanshree/projects/Makara-AUV-ROS2/install/hammerhead_interfaces/include/hammerhead_interfaces/hammerhead_interfaces/msg/ins_vel.h
[0.836s] -- Up-to-date: /home/swayanshree/projects/Makara-AUV-ROS2/install/hammerhead_interfaces/include/hammerhead_interfaces/hammerhead_interfaces/msg/thruster_speeds.h
[0.836s] -- Up-to-date: /home/swayanshree/projects/Makara-AUV-ROS2/install/hammerhead_interfaces/include/hammerhead_interfaces/hammerhead_interfaces/msg/move_cmds.h
[0.836s] -- Up-to-date: /home/swayanshree/projects/Makara-AUV-ROS2/install/hammerhead_interfaces/include/hammerhead_interfaces/hammerhead_interfaces/msg/detail
[0.836s] -- Up-to-date: /home/swayanshree/projects/Makara-AUV-ROS2/install/hammerhead_interfaces/include/hammerhead_interfaces/hammerhead_interfaces/msg/detail/ins_vel__functions.h
[0.836s] -- Up-to-date: /home/swayanshree/projects/Makara-AUV-ROS2/install/hammerhead_interfaces/include/hammerhead_interfaces/hammerhead_interfaces/msg/detail/thruster_speeds__type_support.c
[0.836s] -- Up-to-date: /home/swayanshree/projects/Makara-AUV-ROS2/install/hammerhead_interfaces/include/hammerhead_interfaces/hammerhead_interfaces/msg/detail/vector_nav_data__type_support.h
[0.836s] -- Up-to-date: /home/swayanshree/projects/Makara-AUV-ROS2/install/hammerhead_interfaces/include/hammerhead_interfaces/hammerhead_interfaces/msg/detail/ins_vel__description.c
[0.836s] -- Up-to-date: /home/swayanshree/projects/Makara-AUV-ROS2/install/hammerhead_interfaces/include/hammerhead_interfaces/hammerhead_interfaces/msg/detail/move_cmd__type_support.h
[0.836s] -- Up-to-date: /home/swayanshree/projects/Makara-AUV-ROS2/install/hammerhead_interfaces/include/hammerhead_interfaces/hammerhead_interfaces/msg/detail/setpoint__type_support.c
[0.836s] -- Up-to-date: /home/swayanshree/projects/Makara-AUV-ROS2/install/hammerhead_interfaces/include/hammerhead_interfaces/hammerhead_interfaces/msg/detail/pid__description.c
[0.836s] -- Up-to-date: /home/swayanshree/projects/Makara-AUV-ROS2/install/hammerhead_interfaces/include/hammerhead_interfaces/hammerhead_interfaces/msg/detail/vector_nav_data__type_support.c
[0.836s] -- Up-to-date: /home/swayanshree/projects/Makara-AUV-ROS2/install/hammerhead_interfaces/include/hammerhead_interfaces/hammerhead_interfaces/msg/detail/battery_status__type_support.h
[0.836s] -- Up-to-date: /home/swayanshree/projects/Makara-AUV-ROS2/install/hammerhead_interfaces/include/hammerhead_interfaces/hammerhead_interfaces/msg/detail/position__functions.h
[0.836s] -- Up-to-date: /home/swayanshree/projects/Makara-AUV-ROS2/install/hammerhead_interfaces/include/hammerhead_interfaces/hammerhead_interfaces/msg/detail/combined__struct.h
[0.836s] -- Up-to-date: /home/swayanshree/projects/Makara-AUV-ROS2/install/hammerhead_interfaces/include/hammerhead_interfaces/hammerhead_interfaces/msg/detail/thruster_speeds__struct.h
[0.836s] -- Up-to-date: /home/swayanshree/projects/Makara-AUV-ROS2/install/hammerhead_interfaces/include/hammerhead_interfaces/hammerhead_interfaces/msg/detail/vector_nav_data__functions.h
[0.836s] -- Up-to-date: /home/swayanshree/projects/Makara-AUV-ROS2/install/hammerhead_interfaces/include/hammerhead_interfaces/hammerhead_interfaces/msg/detail/move_cmds__type_support.c
[0.836s] -- Up-to-date: /home/swayanshree/projects/Makara-AUV-ROS2/install/hammerhead_interfaces/include/hammerhead_interfaces/hammerhead_interfaces/msg/detail/thruster_speeds__functions.h
[0.837s] -- Up-to-date: /home/swayanshree/projects/Makara-AUV-ROS2/install/hammerhead_interfaces/include/hammerhead_interfaces/hammerhead_interfaces/msg/detail/battery_status__type_support.c
[0.837s] -- Up-to-date: /home/swayanshree/projects/Makara-AUV-ROS2/install/hammerhead_interfaces/include/hammerhead_interfaces/hammerhead_interfaces/msg/detail/ins_vel__type_support.c
[0.837s] -- Up-to-date: /home/swayanshree/projects/Makara-AUV-ROS2/install/hammerhead_interfaces/include/hammerhead_interfaces/hammerhead_interfaces/msg/detail/pid__struct.h
[0.837s] -- Up-to-date: /home/swayanshree/projects/Makara-AUV-ROS2/install/hammerhead_interfaces/include/hammerhead_interfaces/hammerhead_interfaces/msg/detail/vector_nav_data__description.c
[0.837s] -- Up-to-date: /home/swayanshree/projects/Makara-AUV-ROS2/install/hammerhead_interfaces/include/hammerhead_interfaces/hammerhead_interfaces/msg/detail/ins_vel__type_support.h
[0.837s] -- Up-to-date: /home/swayanshree/projects/Makara-AUV-ROS2/install/hammerhead_interfaces/include/hammerhead_interfaces/hammerhead_interfaces/msg/detail/ins_vel__struct.h
[0.837s] -- Up-to-date: /home/swayanshree/projects/Makara-AUV-ROS2/install/hammerhead_interfaces/include/hammerhead_interfaces/hammerhead_interfaces/msg/detail/setpoint__functions.c
[0.837s] -- Up-to-date: /home/swayanshree/projects/Makara-AUV-ROS2/install/hammerhead_interfaces/include/hammerhead_interfaces/hammerhead_interfaces/msg/detail/setpoint__type_support.h
[0.838s] -- Up-to-date: /home/swayanshree/projects/Makara-AUV-ROS2/install/hammerhead_interfaces/include/hammerhead_interfaces/hammerhead_interfaces/msg/detail/battery_status__functions.h
[0.838s] -- Up-to-date: /home/swayanshree/projects/Makara-AUV-ROS2/install/hammerhead_interfaces/include/hammerhead_interfaces/hammerhead_interfaces/msg/detail/position__description.c
[0.838s] -- Up-to-date: /home/swayanshree/projects/Makara-AUV-ROS2/install/hammerhead_interfaces/include/hammerhead_interfaces/hammerhead_interfaces/msg/detail/thruster_speeds__type_support.h
[0.838s] -- Up-to-date: /home/swayanshree/projects/Makara-AUV-ROS2/install/hammerhead_interfaces/include/hammerhead_interfaces/hammerhead_interfaces/msg/detail/battery_status__description.c
[0.838s] -- Up-to-date: /home/swayanshree/projects/Makara-AUV-ROS2/install/hammerhead_interfaces/include/hammerhead_interfaces/hammerhead_interfaces/msg/detail/combined__functions.c
[0.838s] -- Up-to-date: /home/swayanshree/projects/Makara-AUV-ROS2/install/hammerhead_interfaces/include/hammerhead_interfaces/hammerhead_interfaces/msg/detail/move_cmd__functions.h
[0.838s] -- Up-to-date: /home/swayanshree/projects/Makara-AUV-ROS2/install/hammerhead_interfaces/include/hammerhead_interfaces/hammerhead_interfaces/msg/detail/vector_nav_data__struct.h
[0.838s] -- Up-to-date: /home/swayanshree/projects/Makara-AUV-ROS2/install/hammerhead_interfaces/include/hammerhead_interfaces/hammerhead_interfaces/msg/detail/combined__type_support.h
[0.838s] -- Up-to-date: /home/swayanshree/projects/Makara-AUV-ROS2/install/hammerhead_interfaces/include/hammerhead_interfaces/hammerhead_interfaces/msg/detail/depth__functions.c
[0.838s] -- Up-to-date: /home/swayanshree/projects/Makara-AUV-ROS2/install/hammerhead_interfaces/include/hammerhead_interfaces/hammerhead_interfaces/msg/detail/combined__description.c
[0.838s] -- Up-to-date: /home/swayanshree/projects/Makara-AUV-ROS2/install/hammerhead_interfaces/include/hammerhead_interfaces/hammerhead_interfaces/msg/detail/thruster_speeds__functions.c
[0.838s] -- Up-to-date: /home/swayanshree/projects/Makara-AUV-ROS2/install/hammerhead_interfaces/include/hammerhead_interfaces/hammerhead_interfaces/msg/detail/move_cmds__description.c
[0.838s] -- Up-to-date: /home/swayanshree/projects/Makara-AUV-ROS2/install/hammerhead_interfaces/include/hammerhead_interfaces/hammerhead_interfaces/msg/detail/move_cmd__struct.h
[0.838s] -- Up-to-date: /home/swayanshree/projects/Makara-AUV-ROS2/install/hammerhead_interfaces/include/hammerhead_interfaces/hammerhead_interfaces/msg/detail/position__type_support.c
[0.839s] -- Up-to-date: /home/swayanshree/projects/Makara-AUV-ROS2/install/hammerhead_interfaces/include/hammerhead_interfaces/hammerhead_interfaces/msg/detail/move_cmds__struct.h
[0.839s] -- Up-to-date: /home/swayanshree/projects/Makara-AUV-ROS2/install/hammerhead_interfaces/include/hammerhead_interfaces/hammerhead_interfaces/msg/detail/depth__description.c
[0.839s] -- Up-to-date: /home/swayanshree/projects/Makara-AUV-ROS2/install/hammerhead_interfaces/include/hammerhead_interfaces/hammerhead_interfaces/msg/detail/combined__functions.h
[0.839s] -- Up-to-date: /home/swayanshree/projects/Makara-AUV-ROS2/install/hammerhead_interfaces/include/hammerhead_interfaces/hammerhead_interfaces/msg/detail/setpoint__functions.h
[0.839s] -- Up-to-date: /home/swayanshree/projects/Makara-AUV-ROS2/install/hammerhead_interfaces/include/hammerhead_interfaces/hammerhead_interfaces/msg/detail/vector_nav_data__functions.c
[0.839s] -- Up-to-date: /home/swayanshree/projects/Makara-AUV-ROS2/install/hammerhead_interfaces/include/hammerhead_interfaces/hammerhead_interfaces/msg/detail/move_cmd__type_support.c
[0.839s] -- Up-to-date: /home/swayanshree/projects/Makara-AUV-ROS2/install/hammerhead_interfaces/include/hammerhead_interfaces/hammerhead_interfaces/msg/detail/move_cmds__type_support.h
[0.839s] -- Up-to-date: /home/swayanshree/projects/Makara-AUV-ROS2/install/hammerhead_interfaces/include/hammerhead_interfaces/hammerhead_interfaces/msg/detail/pid__functions.c
[0.839s] -- Up-to-date: /home/swayanshree/projects/Makara-AUV-ROS2/install/hammerhead_interfaces/include/hammerhead_interfaces/hammerhead_interfaces/msg/detail/position__struct.h
[0.839s] -- Up-to-date: /home/swayanshree/projects/Makara-AUV-ROS2/install/hammerhead_interfaces/include/hammerhead_interfaces/hammerhead_interfaces/msg/detail/battery_status__struct.h
[0.839s] -- Up-to-date: /home/swayanshree/projects/Makara-AUV-ROS2/install/hammerhead_interfaces/include/hammerhead_interfaces/hammerhead_interfaces/msg/detail/pid__type_support.h
[0.839s] -- Up-to-date: /home/swayanshree/projects/Makara-AUV-ROS2/install/hammerhead_interfaces/include/hammerhead_interfaces/hammerhead_interfaces/msg/detail/position__functions.c
[0.839s] -- Up-to-date: /home/swayanshree/projects/Makara-AUV-ROS2/install/hammerhead_interfaces/include/hammerhead_interfaces/hammerhead_interfaces/msg/detail/move_cmds__functions.h
[0.839s] -- Up-to-date: /home/swayanshree/projects/Makara-AUV-ROS2/install/hammerhead_interfaces/include/hammerhead_interfaces/hammerhead_interfaces/msg/detail/move_cmds__functions.c
[0.839s] -- Up-to-date: /home/swayanshree/projects/Makara-AUV-ROS2/install/hammerhead_interfaces/include/hammerhead_interfaces/hammerhead_interfaces/msg/detail/depth__struct.h
[0.839s] -- Up-to-date: /home/swayanshree/projects/Makara-AUV-ROS2/install/hammerhead_interfaces/include/hammerhead_interfaces/hammerhead_interfaces/msg/detail/setpoint__description.c
[0.839s] -- Up-to-date: /home/swayanshree/projects/Makara-AUV-ROS2/install/hammerhead_interfaces/include/hammerhead_interfaces/hammerhead_interfaces/msg/detail/depth__type_support.h
[0.839s] -- Up-to-date: /home/swayanshree/projects/Makara-AUV-ROS2/install/hammerhead_interfaces/include/hammerhead_interfaces/hammerhead_interfaces/msg/detail/setpoint__struct.h
[0.839s] -- Up-to-date: /home/swayanshree/projects/Makara-AUV-ROS2/install/hammerhead_interfaces/include/hammerhead_interfaces/hammerhead_interfaces/msg/detail/battery_status__functions.c
[0.839s] -- Up-to-date: /home/swayanshree/projects/Makara-AUV-ROS2/install/hammerhead_interfaces/include/hammerhead_interfaces/hammerhead_interfaces/msg/detail/position__type_support.h
[0.839s] -- Up-to-date: /home/swayanshree/projects/Makara-AUV-ROS2/install/hammerhead_interfaces/include/hammerhead_interfaces/hammerhead_interfaces/msg/detail/move_cmd__description.c
[0.839s] -- Up-to-date: /home/swayanshree/projects/Makara-AUV-ROS2/install/hammerhead_interfaces/include/hammerhead_interfaces/hammerhead_interfaces/msg/detail/depth__functions.h
[0.839s] -- Up-to-date: /home/swayanshree/projects/Makara-AUV-ROS2/install/hammerhead_interfaces/include/hammerhead_interfaces/hammerhead_interfaces/msg/detail/move_cmd__functions.c
[0.839s] -- Up-to-date: /home/swayanshree/projects/Makara-AUV-ROS2/install/hammerhead_interfaces/include/hammerhead_interfaces/hammerhead_interfaces/msg/detail/pid__type_support.c
[0.839s] -- Up-to-date: /home/swayanshree/projects/Makara-AUV-ROS2/install/hammerhead_interfaces/include/hammerhead_interfaces/hammerhead_interfaces/msg/detail/ins_vel__functions.c
[0.839s] -- Up-to-date: /home/swayanshree/projects/Makara-AUV-ROS2/install/hammerhead_interfaces/include/hammerhead_interfaces/hammerhead_interfaces/msg/detail/pid__functions.h
[0.839s] -- Up-to-date: /home/swayanshree/projects/Makara-AUV-ROS2/install/hammerhead_interfaces/include/hammerhead_interfaces/hammerhead_interfaces/msg/detail/thruster_speeds__description.c
[0.839s] -- Up-to-date: /home/swayanshree/projects/Makara-AUV-ROS2/install/hammerhead_interfaces/include/hammerhead_interfaces/hammerhead_interfaces/msg/detail/depth__type_support.c
[0.840s] -- Up-to-date: /home/swayanshree/projects/Makara-AUV-ROS2/install/hammerhead_interfaces/include/hammerhead_interfaces/hammerhead_interfaces/msg/detail/combined__type_support.c
[0.840s] -- Up-to-date: /home/swayanshree/projects/Makara-AUV-ROS2/install/hammerhead_interfaces/include/hammerhead_interfaces/hammerhead_interfaces/msg/vector_nav_data.h
[0.840s] -- Up-to-date: /home/swayanshree/projects/Makara-AUV-ROS2/install/hammerhead_interfaces/include/hammerhead_interfaces/hammerhead_interfaces/msg/move_cmd.h
[0.840s] -- Up-to-date: /home/swayanshree/projects/Makara-AUV-ROS2/install/hammerhead_interfaces/include/hammerhead_interfaces/hammerhead_interfaces/msg/battery_status.h
[0.840s] -- Up-to-date: /home/swayanshree/projects/Makara-AUV-ROS2/install/hammerhead_interfaces/include/hammerhead_interfaces/hammerhead_interfaces/msg/setpoint.h
[0.840s] -- Up-to-date: /home/swayanshree/projects/Makara-AUV-ROS2/install/hammerhead_interfaces/include/hammerhead_interfaces/hammerhead_interfaces/msg/combined.h
[0.842s] -- Up-to-date: /home/swayanshree/projects/Makara-AUV-ROS2/install/hammerhead_interfaces/include/hammerhead_interfaces/hammerhead_interfaces/msg/pid.h
[0.842s] -- Up-to-date: /home/swayanshree/projects/Makara-AUV-ROS2/install/hammerhead_interfaces/include/hammerhead_interfaces/hammerhead_interfaces/msg/depth.h
[0.842s] -- Up-to-date: /home/swayanshree/projects/Makara-AUV-ROS2/install/hammerhead_interfaces/share/hammerhead_interfaces/environment/library_path.sh
[0.842s] -- Up-to-date: /home/swayanshree/projects/Makara-AUV-ROS2/install/hammerhead_interfaces/share/hammerhead_interfaces/environment/library_path.dsv
[0.842s] -- Up-to-date: /home/swayanshree/projects/Makara-AUV-ROS2/install/hammerhead_interfaces/lib/libhammerhead_interfaces__rosidl_generator_c.so
[0.842s] -- Up-to-date: /home/swayanshree/projects/Makara-AUV-ROS2/install/hammerhead_interfaces/include/hammerhead_interfaces/hammerhead_interfaces
[0.842s] -- Up-to-date: /home/swayanshree/projects/Makara-AUV-ROS2/install/hammerhead_interfaces/include/hammerhead_interfaces/hammerhead_interfaces/msg
[0.842s] -- Up-to-date: /home/swayanshree/projects/Makara-AUV-ROS2/install/hammerhead_interfaces/include/hammerhead_interfaces/hammerhead_interfaces/msg/rosidl_typesupport_fastrtps_c__visibility_control.h
[0.842s] -- Up-to-date: /home/swayanshree/projects/Makara-AUV-ROS2/install/hammerhead_interfaces/include/hammerhead_interfaces/hammerhead_interfaces/msg/detail
[0.842s] -- Up-to-date: /home/swayanshree/projects/Makara-AUV-ROS2/install/hammerhead_interfaces/include/hammerhead_interfaces/hammerhead_interfaces/msg/detail/thruster_speeds__rosidl_typesupport_fastrtps_c.h
[0.842s] -- Up-to-date: /home/swayanshree/projects/Makara-AUV-ROS2/install/hammerhead_interfaces/include/hammerhead_interfaces/hammerhead_interfaces/msg/detail/combined__rosidl_typesupport_fastrtps_c.h
[0.842s] -- Up-to-date: /home/swayanshree/projects/Makara-AUV-ROS2/install/hammerhead_interfaces/include/hammerhead_interfaces/hammerhead_interfaces/msg/detail/setpoint__rosidl_typesupport_fastrtps_c.h
[0.842s] -- Up-to-date: /home/swayanshree/projects/Makara-AUV-ROS2/install/hammerhead_interfaces/include/hammerhead_interfaces/hammerhead_interfaces/msg/detail/move_cmds__rosidl_typesupport_fastrtps_c.h
[0.842s] -- Up-to-date: /home/swayanshree/projects/Makara-AUV-ROS2/install/hammerhead_interfaces/include/hammerhead_interfaces/hammerhead_interfaces/msg/detail/ins_vel__rosidl_typesupport_fastrtps_c.h
[0.842s] -- Up-to-date: /home/swayanshree/projects/Makara-AUV-ROS2/install/hammerhead_interfaces/include/hammerhead_interfaces/hammerhead_interfaces/msg/detail/pid__rosidl_typesupport_fastrtps_c.h
[0.842s] -- Up-to-date: /home/swayanshree/projects/Makara-AUV-ROS2/install/hammerhead_interfaces/include/hammerhead_interfaces/hammerhead_interfaces/msg/detail/depth__rosidl_typesupport_fastrtps_c.h
[0.842s] -- Up-to-date: /home/swayanshree/projects/Makara-AUV-ROS2/install/hammerhead_interfaces/include/hammerhead_interfaces/hammerhead_interfaces/msg/detail/vector_nav_data__rosidl_typesupport_fastrtps_c.h
[0.842s] -- Up-to-date: /home/swayanshree/projects/Makara-AUV-ROS2/install/hammerhead_interfaces/include/hammerhead_interfaces/hammerhead_interfaces/msg/detail/battery_status__rosidl_typesupport_fastrtps_c.h
[0.842s] -- Up-to-date: /home/swayanshree/projects/Makara-AUV-ROS2/install/hammerhead_interfaces/include/hammerhead_interfaces/hammerhead_interfaces/msg/detail/position__rosidl_typesupport_fastrtps_c.h
[0.842s] -- Up-to-date: /home/swayanshree/projects/Makara-AUV-ROS2/install/hammerhead_interfaces/include/hammerhead_interfaces/hammerhead_interfaces/msg/detail/move_cmd__rosidl_typesupport_fastrtps_c.h
[0.842s] -- Up-to-date: /home/swayanshree/projects/Makara-AUV-ROS2/install/hammerhead_interfaces/lib/libhammerhead_interfaces__rosidl_typesupport_fastrtps_c.so
[0.842s] -- Up-to-date: /home/swayanshree/projects/Makara-AUV-ROS2/install/hammerhead_interfaces/include/hammerhead_interfaces/hammerhead_interfaces
[0.842s] -- Up-to-date: /home/swayanshree/projects/Makara-AUV-ROS2/install/hammerhead_interfaces/include/hammerhead_interfaces/hammerhead_interfaces/msg
[0.842s] -- Up-to-date: /home/swayanshree/projects/Makara-AUV-ROS2/install/hammerhead_interfaces/include/hammerhead_interfaces/hammerhead_interfaces/msg/detail
[0.844s] -- Up-to-date: /home/swayanshree/projects/Makara-AUV-ROS2/install/hammerhead_interfaces/include/hammerhead_interfaces/hammerhead_interfaces/msg/detail/thruster_speeds__type_support.c
[0.844s] -- Up-to-date: /home/swayanshree/projects/Makara-AUV-ROS2/install/hammerhead_interfaces/include/hammerhead_interfaces/hammerhead_interfaces/msg/detail/setpoint__type_support.c
[0.844s] -- Up-to-date: /home/swayanshree/projects/Makara-AUV-ROS2/install/hammerhead_interfaces/include/hammerhead_interfaces/hammerhead_interfaces/msg/detail/vector_nav_data__type_support.c
[0.844s] -- Up-to-date: /home/swayanshree/projects/Makara-AUV-ROS2/install/hammerhead_interfaces/include/hammerhead_interfaces/hammerhead_interfaces/msg/detail/move_cmds__rosidl_typesupport_introspection_c.h
[0.844s] -- Up-to-date: /home/swayanshree/projects/Makara-AUV-ROS2/install/hammerhead_interfaces/include/hammerhead_interfaces/hammerhead_interfaces/msg/detail/move_cmds__type_support.c
[0.844s] -- Up-to-date: /home/swayanshree/projects/Makara-AUV-ROS2/install/hammerhead_interfaces/include/hammerhead_interfaces/hammerhead_interfaces/msg/detail/setpoint__rosidl_typesupport_introspection_c.h
[0.844s] -- Up-to-date: /home/swayanshree/projects/Makara-AUV-ROS2/install/hammerhead_interfaces/include/hammerhead_interfaces/hammerhead_interfaces/msg/detail/battery_status__rosidl_typesupport_introspection_c.h
[0.844s] -- Up-to-date: /home/swayanshree/projects/Makara-AUV-ROS2/install/hammerhead_interfaces/include/hammerhead_interfaces/hammerhead_interfaces/msg/detail/battery_status__type_support.c
[0.844s] -- Up-to-date: /home/swayanshree/projects/Makara-AUV-ROS2/install/hammerhead_interfaces/include/hammerhead_interfaces/hammerhead_interfaces/msg/detail/ins_vel__type_support.c
[0.844s] -- Up-to-date: /home/swayanshree/projects/Makara-AUV-ROS2/install/hammerhead_interfaces/include/hammerhead_interfaces/hammerhead_interfaces/msg/detail/thruster_speeds__rosidl_typesupport_introspection_c.h
[0.844s] -- Up-to-date: /home/swayanshree/projects/Makara-AUV-ROS2/install/hammerhead_interfaces/include/hammerhead_interfaces/hammerhead_interfaces/msg/detail/pid__rosidl_typesupport_introspection_c.h
[0.844s] -- Up-to-date: /home/swayanshree/projects/Makara-AUV-ROS2/install/hammerhead_interfaces/include/hammerhead_interfaces/hammerhead_interfaces/msg/detail/move_cmd__rosidl_typesupport_introspection_c.h
[0.844s] -- Up-to-date: /home/swayanshree/projects/Makara-AUV-ROS2/install/hammerhead_interfaces/include/hammerhead_interfaces/hammerhead_interfaces/msg/detail/ins_vel__rosidl_typesupport_introspection_c.h
[0.844s] -- Up-to-date: /home/swayanshree/projects/Makara-AUV-ROS2/install/hammerhead_interfaces/include/hammerhead_interfaces/hammerhead_interfaces/msg/detail/position__type_support.c
[0.845s] -- Up-to-date: /home/swayanshree/projects/Makara-AUV-ROS2/install/hammerhead_interfaces/include/hammerhead_interfaces/hammerhead_interfaces/msg/detail/depth__rosidl_typesupport_introspection_c.h
[0.845s] -- Up-to-date: /home/swayanshree/projects/Makara-AUV-ROS2/install/hammerhead_interfaces/include/hammerhead_interfaces/hammerhead_interfaces/msg/detail/move_cmd__type_support.c
[0.845s] -- Up-to-date: /home/swayanshree/projects/Makara-AUV-ROS2/install/hammerhead_interfaces/include/hammerhead_interfaces/hammerhead_interfaces/msg/detail/combined__rosidl_typesupport_introspection_c.h
[0.845s] -- Up-to-date: /home/swayanshree/projects/Makara-AUV-ROS2/install/hammerhead_interfaces/include/hammerhead_interfaces/hammerhead_interfaces/msg/detail/pid__type_support.c
[0.845s] -- Up-to-date: /home/swayanshree/projects/Makara-AUV-ROS2/install/hammerhead_interfaces/include/hammerhead_interfaces/hammerhead_interfaces/msg/detail/depth__type_support.c
[0.845s] -- Up-to-date: /home/swayanshree/projects/Makara-AUV-ROS2/install/hammerhead_interfaces/include/hammerhead_interfaces/hammerhead_interfaces/msg/detail/position__rosidl_typesupport_introspection_c.h
[0.845s] -- Up-to-date: /home/swayanshree/projects/Makara-AUV-ROS2/install/hammerhead_interfaces/include/hammerhead_interfaces/hammerhead_interfaces/msg/detail/vector_nav_data__rosidl_typesupport_introspection_c.h
[0.845s] -- Up-to-date: /home/swayanshree/projects/Makara-AUV-ROS2/install/hammerhead_interfaces/include/hammerhead_interfaces/hammerhead_interfaces/msg/detail/combined__type_support.c
[0.845s] -- Up-to-date: /home/swayanshree/projects/Makara-AUV-ROS2/install/hammerhead_interfaces/include/hammerhead_interfaces/hammerhead_interfaces/msg/rosidl_typesupport_introspection_c__visibility_control.h
[0.845s] -- Up-to-date: /home/swayanshree/projects/Makara-AUV-ROS2/install/hammerhead_interfaces/lib/libhammerhead_interfaces__rosidl_typesupport_introspection_c.so
[0.845s] -- Up-to-date: /home/swayanshree/projects/Makara-AUV-ROS2/install/hammerhead_interfaces/lib/libhammerhead_interfaces__rosidl_typesupport_c.so
[0.845s] -- Up-to-date: /home/swayanshree/projects/Makara-AUV-ROS2/install/hammerhead_interfaces/include/hammerhead_interfaces/hammerhead_interfaces
[0.845s] -- Up-to-date: /home/swayanshree/projects/Makara-AUV-ROS2/install/hammerhead_interfaces/include/hammerhead_interfaces/hammerhead_interfaces/msg
[0.845s] -- Up-to-date: /home/swayanshree/projects/Makara-AUV-ROS2/install/hammerhead_interfaces/include/hammerhead_interfaces/hammerhead_interfaces/msg/move_cmds.hpp
[0.845s] -- Up-to-date: /home/swayanshree/projects/Makara-AUV-ROS2/install/hammerhead_interfaces/include/hammerhead_interfaces/hammerhead_interfaces/msg/move_cmd.hpp
[0.845s] -- Up-to-date: /home/swayanshree/projects/Makara-AUV-ROS2/install/hammerhead_interfaces/include/hammerhead_interfaces/hammerhead_interfaces/msg/detail
[0.845s] -- Up-to-date: /home/swayanshree/projects/Makara-AUV-ROS2/install/hammerhead_interfaces/include/hammerhead_interfaces/hammerhead_interfaces/msg/detail/ins_vel__builder.hpp
[0.845s] -- Up-to-date: /home/swayanshree/projects/Makara-AUV-ROS2/install/hammerhead_interfaces/include/hammerhead_interfaces/hammerhead_interfaces/msg/detail/move_cmds__builder.hpp
[0.845s] -- Up-to-date: /home/swayanshree/projects/Makara-AUV-ROS2/install/hammerhead_interfaces/include/hammerhead_interfaces/hammerhead_interfaces/msg/detail/battery_status__traits.hpp
[0.845s] -- Up-to-date: /home/swayanshree/projects/Makara-AUV-ROS2/install/hammerhead_interfaces/include/hammerhead_interfaces/hammerhead_interfaces/msg/detail/vector_nav_data__traits.hpp
[0.845s] -- Up-to-date: /home/swayanshree/projects/Makara-AUV-ROS2/install/hammerhead_interfaces/include/hammerhead_interfaces/hammerhead_interfaces/msg/detail/position__struct.hpp
[0.845s] -- Up-to-date: /home/swayanshree/projects/Makara-AUV-ROS2/install/hammerhead_interfaces/include/hammerhead_interfaces/hammerhead_interfaces/msg/detail/move_cmd__builder.hpp
[0.845s] -- Up-to-date: /home/swayanshree/projects/Makara-AUV-ROS2/install/hammerhead_interfaces/include/hammerhead_interfaces/hammerhead_interfaces/msg/detail/move_cmd__traits.hpp
[0.845s] -- Up-to-date: /home/swayanshree/projects/Makara-AUV-ROS2/install/hammerhead_interfaces/include/hammerhead_interfaces/hammerhead_interfaces/msg/detail/combined__builder.hpp
[0.845s] -- Up-to-date: /home/swayanshree/projects/Makara-AUV-ROS2/install/hammerhead_interfaces/include/hammerhead_interfaces/hammerhead_interfaces/msg/detail/battery_status__builder.hpp
[0.845s] -- Up-to-date: /home/swayanshree/projects/Makara-AUV-ROS2/install/hammerhead_interfaces/include/hammerhead_interfaces/hammerhead_interfaces/msg/detail/pid__type_support.hpp
[0.845s] -- Up-to-date: /home/swayanshree/projects/Makara-AUV-ROS2/install/hammerhead_interfaces/include/hammerhead_interfaces/hammerhead_interfaces/msg/detail/thruster_speeds__struct.hpp
[0.845s] -- Up-to-date: /home/swayanshree/projects/Makara-AUV-ROS2/install/hammerhead_interfaces/include/hammerhead_interfaces/hammerhead_interfaces/msg/detail/depth__struct.hpp
[0.845s] -- Up-to-date: /home/swayanshree/projects/Makara-AUV-ROS2/install/hammerhead_interfaces/include/hammerhead_interfaces/hammerhead_interfaces/msg/detail/depth__traits.hpp
[0.845s] -- Up-to-date: /home/swayanshree/projects/Makara-AUV-ROS2/install/hammerhead_interfaces/include/hammerhead_interfaces/hammerhead_interfaces/msg/detail/combined__traits.hpp
[0.845s] -- Up-to-date: /home/swayanshree/projects/Makara-AUV-ROS2/install/hammerhead_interfaces/include/hammerhead_interfaces/hammerhead_interfaces/msg/detail/position__type_support.hpp
[0.845s] -- Up-to-date: /home/swayanshree/projects/Makara-AUV-ROS2/install/hammerhead_interfaces/include/hammerhead_interfaces/hammerhead_interfaces/msg/detail/move_cmds__struct.hpp
[0.847s] -- Up-to-date: /home/swayanshree/projects/Makara-AUV-ROS2/install/hammerhead_interfaces/include/hammerhead_interfaces/hammerhead_interfaces/msg/detail/ins_vel__struct.hpp
[0.847s] -- Up-to-date: /home/swayanshree/projects/Makara-AUV-ROS2/install/hammerhead_interfaces/include/hammerhead_interfaces/hammerhead_interfaces/msg/detail/setpoint__type_support.hpp
[0.847s] -- Up-to-date: /home/swayanshree/projects/Makara-AUV-ROS2/install/hammerhead_interfaces/include/hammerhead_interfaces/hammerhead_interfaces/msg/detail/combined__type_support.hpp
[0.847s] -- Up-to-date: /home/swayanshree/projects/Makara-AUV-ROS2/install/hammerhead_interfaces/include/hammerhead_interfaces/hammerhead_interfaces/msg/detail/battery_status__struct.hpp
[0.847s] -- Up-to-date: /home/swayanshree/projects/Makara-AUV-ROS2/install/hammerhead_interfaces/include/hammerhead_interfaces/hammerhead_interfaces/msg/detail/position__traits.hpp
[0.847s] -- Up-to-date: /home/swayanshree/projects/Makara-AUV-ROS2/install/hammerhead_interfaces/include/hammerhead_interfaces/hammerhead_interfaces/msg/detail/move_cmds__type_support.hpp
[0.847s] -- Up-to-date: /home/swayanshree/projects/Makara-AUV-ROS2/install/hammerhead_interfaces/include/hammerhead_interfaces/hammerhead_interfaces/msg/detail/position__builder.hpp
[0.847s] -- Up-to-date: /home/swayanshree/projects/Makara-AUV-ROS2/install/hammerhead_interfaces/include/hammerhead_interfaces/hammerhead_interfaces/msg/detail/vector_nav_data__struct.hpp
[0.847s] -- Up-to-date: /home/swayanshree/projects/Makara-AUV-ROS2/install/hammerhead_interfaces/include/hammerhead_interfaces/hammerhead_interfaces/msg/detail/depth__type_support.hpp
[0.847s] -- Up-to-date: /home/swayanshree/projects/Makara-AUV-ROS2/install/hammerhead_interfaces/include/hammerhead_interfaces/hammerhead_interfaces/msg/detail/thruster_speeds__traits.hpp
[0.847s] -- Up-to-date: /home/swayanshree/projects/Makara-AUV-ROS2/install/hammerhead_interfaces/include/hammerhead_interfaces/hammerhead_interfaces/msg/detail/setpoint__struct.hpp
[0.847s] -- Up-to-date: /home/swayanshree/projects/Makara-AUV-ROS2/install/hammerhead_interfaces/include/hammerhead_interfaces/hammerhead_interfaces/msg/detail/setpoint__builder.hpp
[0.847s] -- Up-to-date: /home/swayanshree/projects/Makara-AUV-ROS2/install/hammerhead_interfaces/include/hammerhead_interfaces/hammerhead_interfaces/msg/detail/pid__traits.hpp
[0.848s] -- Up-to-date: /home/swayanshree/projects/Makara-AUV-ROS2/install/hammerhead_interfaces/include/hammerhead_interfaces/hammerhead_interfaces/msg/detail/combined__struct.hpp
[0.848s] -- Up-to-date: /home/swayanshree/projects/Makara-AUV-ROS2/install/hammerhead_interfaces/include/hammerhead_interfaces/hammerhead_interfaces/msg/detail/thruster_speeds__builder.hpp
[0.848s] -- Up-to-date: /home/swayanshree/projects/Makara-AUV-ROS2/install/hammerhead_interfaces/include/hammerhead_interfaces/hammerhead_interfaces/msg/detail/depth__builder.hpp
[0.848s] -- Up-to-date: /home/swayanshree/projects/Makara-AUV-ROS2/install/hammerhead_interfaces/include/hammerhead_interfaces/hammerhead_interfaces/msg/detail/battery_status__type_support.hpp
[0.848s] -- Up-to-date: /home/swayanshree/projects/Makara-AUV-ROS2/install/hammerhead_interfaces/include/hammerhead_interfaces/hammerhead_interfaces/msg/detail/move_cmds__traits.hpp
[0.848s] -- Up-to-date: /home/swayanshree/projects/Makara-AUV-ROS2/install/hammerhead_interfaces/include/hammerhead_interfaces/hammerhead_interfaces/msg/detail/pid__builder.hpp
[0.848s] -- Up-to-date: /home/swayanshree/projects/Makara-AUV-ROS2/install/hammerhead_interfaces/include/hammerhead_interfaces/hammerhead_interfaces/msg/detail/setpoint__traits.hpp
[0.848s] -- Up-to-date: /home/swayanshree/projects/Makara-AUV-ROS2/install/hammerhead_interfaces/include/hammerhead_interfaces/hammerhead_interfaces/msg/detail/ins_vel__traits.hpp
[0.848s] -- Up-to-date: /home/swayanshree/projects/Makara-AUV-ROS2/install/hammerhead_interfaces/include/hammerhead_interfaces/hammerhead_interfaces/msg/detail/move_cmd__struct.hpp
[0.848s] -- Up-to-date: /home/swayanshree/projects/Makara-AUV-ROS2/install/hammerhead_interfaces/include/hammerhead_interfaces/hammerhead_interfaces/msg/detail/pid__struct.hpp
[0.848s] -- Up-to-date: /home/swayanshree/projects/Makara-AUV-ROS2/install/hammerhead_interfaces/include/hammerhead_interfaces/hammerhead_interfaces/msg/detail/vector_nav_data__builder.hpp
[0.848s] -- Up-to-date: /home/swayanshree/projects/Makara-AUV-ROS2/install/hammerhead_interfaces/include/hammerhead_interfaces/hammerhead_interfaces/msg/detail/vector_nav_data__type_support.hpp
[0.848s] -- Up-to-date: /home/swayanshree/projects/Makara-AUV-ROS2/install/hammerhead_interfaces/include/hammerhead_interfaces/hammerhead_interfaces/msg/detail/ins_vel__type_support.hpp
[0.848s] -- Up-to-date: /home/swayanshree/projects/Makara-AUV-ROS2/install/hammerhead_interfaces/include/hammerhead_interfaces/hammerhead_interfaces/msg/detail/move_cmd__type_support.hpp
[0.848s] -- Up-to-date: /home/swayanshree/projects/Makara-AUV-ROS2/install/hammerhead_interfaces/include/hammerhead_interfaces/hammerhead_interfaces/msg/detail/thruster_speeds__type_support.hpp
[0.848s] -- Up-to-date: /home/swayanshree/projects/Makara-AUV-ROS2/install/hammerhead_interfaces/include/hammerhead_interfaces/hammerhead_interfaces/msg/thruster_speeds.hpp
[0.848s] -- Up-to-date: /home/swayanshree/projects/Makara-AUV-ROS2/install/hammerhead_interfaces/include/hammerhead_interfaces/hammerhead_interfaces/msg/combined.hpp
[0.848s] -- Up-to-date: /home/swayanshree/projects/Makara-AUV-ROS2/install/hammerhead_interfaces/include/hammerhead_interfaces/hammerhead_interfaces/msg/depth.hpp
[0.848s] -- Up-to-date: /home/swayanshree/projects/Makara-AUV-ROS2/install/hammerhead_interfaces/include/hammerhead_interfaces/hammerhead_interfaces/msg/battery_status.hpp
[0.848s] -- Up-to-date: /home/swayanshree/projects/Makara-AUV-ROS2/install/hammerhead_interfaces/include/hammerhead_interfaces/hammerhead_interfaces/msg/position.hpp
[0.848s] -- Up-to-date: /home/swayanshree/projects/Makara-AUV-ROS2/install/hammerhead_interfaces/include/hammerhead_interfaces/hammerhead_interfaces/msg/ins_vel.hpp
[0.848s] -- Up-to-date: /home/swayanshree/projects/Makara-AUV-ROS2/install/hammerhead_interfaces/include/hammerhead_interfaces/hammerhead_interfaces/msg/setpoint.hpp
[0.848s] -- Up-to-date: /home/swayanshree/projects/Makara-AUV-ROS2/install/hammerhead_interfaces/include/hammerhead_interfaces/hammerhead_interfaces/msg/vector_nav_data.hpp
[0.848s] -- Up-to-date: /home/swayanshree/projects/Makara-AUV-ROS2/install/hammerhead_interfaces/include/hammerhead_interfaces/hammerhead_interfaces/msg/rosidl_generator_cpp__visibility_control.hpp
[0.848s] -- Up-to-date: /home/swayanshree/projects/Makara-AUV-ROS2/install/hammerhead_interfaces/include/hammerhead_interfaces/hammerhead_interfaces/msg/pid.hpp
[0.848s] -- Up-to-date: /home/swayanshree/projects/Makara-AUV-ROS2/install/hammerhead_interfaces/include/hammerhead_interfaces/hammerhead_interfaces
[0.848s] -- Up-to-date: /home/swayanshree/projects/Makara-AUV-ROS2/install/hammerhead_interfaces/include/hammerhead_interfaces/hammerhead_interfaces/msg
[0.848s] -- Up-to-date: /home/swayanshree/projects/Makara-AUV-ROS2/install/hammerhead_interfaces/include/hammerhead_interfaces/hammerhead_interfaces/msg/rosidl_typesupport_fastrtps_cpp__visibility_control.h
[0.848s] -- Up-to-date: /home/swayanshree/projects/Makara-AUV-ROS2/install/hammerhead_interfaces/include/hammerhead_interfaces/hammerhead_interfaces/msg/detail
[0.848s] -- Up-to-date: /home/swayanshree/projects/Makara-AUV-ROS2/install/hammerhead_interfaces/include/hammerhead_interfaces/hammerhead_interfaces/msg/detail/move_cmd__rosidl_typesupport_fastrtps_cpp.hpp
[0.848s] -- Up-to-date: /home/swayanshree/projects/Makara-AUV-ROS2/install/hammerhead_interfaces/include/hammerhead_interfaces/hammerhead_interfaces/msg/detail/combined__rosidl_typesupport_fastrtps_cpp.hpp
[0.848s] -- Up-to-date: /home/swayanshree/projects/Makara-AUV-ROS2/install/hammerhead_interfaces/include/hammerhead_interfaces/hammerhead_interfaces/msg/detail/ins_vel__rosidl_typesupport_fastrtps_cpp.hpp
[0.848s] -- Up-to-date: /home/swayanshree/projects/Makara-AUV-ROS2/install/hammerhead_interfaces/include/hammerhead_interfaces/hammerhead_interfaces/msg/detail/position__rosidl_typesupport_fastrtps_cpp.hpp
[0.848s] -- Up-to-date: /home/swayanshree/projects/Makara-AUV-ROS2/install/hammerhead_interfaces/include/hammerhead_interfaces/hammerhead_interfaces/msg/detail/pid__rosidl_typesupport_fastrtps_cpp.hpp
[0.848s] -- Up-to-date: /home/swayanshree/projects/Makara-AUV-ROS2/install/hammerhead_interfaces/include/hammerhead_interfaces/hammerhead_interfaces/msg/detail/dds_fastrtps
[0.849s] -- Up-to-date: /home/swayanshree/projects/Makara-AUV-ROS2/install/hammerhead_interfaces/include/hammerhead_interfaces/hammerhead_interfaces/msg/detail/move_cmds__rosidl_typesupport_fastrtps_cpp.hpp
[0.849s] -- Up-to-date: /home/swayanshree/projects/Makara-AUV-ROS2/install/hammerhead_interfaces/include/hammerhead_interfaces/hammerhead_interfaces/msg/detail/thruster_speeds__rosidl_typesupport_fastrtps_cpp.hpp
[0.849s] -- Up-to-date: /home/swayanshree/projects/Makara-AUV-ROS2/install/hammerhead_interfaces/include/hammerhead_interfaces/hammerhead_interfaces/msg/detail/setpoint__rosidl_typesupport_fastrtps_cpp.hpp
[0.849s] -- Up-to-date: /home/swayanshree/projects/Makara-AUV-ROS2/install/hammerhead_interfaces/include/hammerhead_interfaces/hammerhead_interfaces/msg/detail/battery_status__rosidl_typesupport_fastrtps_cpp.hpp
[0.849s] -- Up-to-date: /home/swayanshree/projects/Makara-AUV-ROS2/install/hammerhead_interfaces/include/hammerhead_interfaces/hammerhead_interfaces/msg/detail/depth__rosidl_typesupport_fastrtps_cpp.hpp
[0.849s] -- Up-to-date: /home/swayanshree/projects/Makara-AUV-ROS2/install/hammerhead_interfaces/include/hammerhead_interfaces/hammerhead_interfaces/msg/detail/vector_nav_data__rosidl_typesupport_fastrtps_cpp.hpp
[0.849s] -- Up-to-date: /home/swayanshree/projects/Makara-AUV-ROS2/install/hammerhead_interfaces/lib/libhammerhead_interfaces__rosidl_typesupport_fastrtps_cpp.so
[0.849s] -- Up-to-date: /home/swayanshree/projects/Makara-AUV-ROS2/install/hammerhead_interfaces/include/hammerhead_interfaces/hammerhead_interfaces
[0.849s] -- Up-to-date: /home/swayanshree/projects/Makara-AUV-ROS2/install/hammerhead_interfaces/include/hammerhead_interfaces/hammerhead_interfaces/msg
[0.849s] -- Up-to-date: /home/swayanshree/projects/Makara-AUV-ROS2/install/hammerhead_interfaces/include/hammerhead_interfaces/hammerhead_interfaces/msg/detail
[0.849s] -- Up-to-date: /home/swayanshree/projects/Makara-AUV-ROS2/install/hammerhead_interfaces/include/hammerhead_interfaces/hammerhead_interfaces/msg/detail/battery_status__type_support.cpp
[0.849s] -- Up-to-date: /home/swayanshree/projects/Makara-AUV-ROS2/install/hammerhead_interfaces/include/hammerhead_interfaces/hammerhead_interfaces/msg/detail/combined__type_support.cpp
[0.849s] -- Up-to-date: /home/swayanshree/projects/Makara-AUV-ROS2/install/hammerhead_interfaces/include/hammerhead_interfaces/hammerhead_interfaces/msg/detail/vector_nav_data__type_support.cpp
[0.849s] -- Up-to-date: /home/swayanshree/projects/Makara-AUV-ROS2/install/hammerhead_interfaces/include/hammerhead_interfaces/hammerhead_interfaces/msg/detail/vector_nav_data__rosidl_typesupport_introspection_cpp.hpp
[0.849s] -- Up-to-date: /home/swayanshree/projects/Makara-AUV-ROS2/install/hammerhead_interfaces/include/hammerhead_interfaces/hammerhead_interfaces/msg/detail/move_cmds__type_support.cpp
[0.849s] -- Up-to-date: /home/swayanshree/projects/Makara-AUV-ROS2/install/hammerhead_interfaces/include/hammerhead_interfaces/hammerhead_interfaces/msg/detail/depth__rosidl_typesupport_introspection_cpp.hpp
[0.849s] -- Up-to-date: /home/swayanshree/projects/Makara-AUV-ROS2/install/hammerhead_interfaces/include/hammerhead_interfaces/hammerhead_interfaces/msg/detail/ins_vel__type_support.cpp
[0.849s] -- Up-to-date: /home/swayanshree/projects/Makara-AUV-ROS2/install/hammerhead_interfaces/include/hammerhead_interfaces/hammerhead_interfaces/msg/detail/combined__rosidl_typesupport_introspection_cpp.hpp
[0.849s] -- Up-to-date: /home/swayanshree/projects/Makara-AUV-ROS2/install/hammerhead_interfaces/include/hammerhead_interfaces/hammerhead_interfaces/msg/detail/thruster_speeds__rosidl_typesupport_introspection_cpp.hpp
[0.849s] -- Up-to-date: /home/swayanshree/projects/Makara-AUV-ROS2/install/hammerhead_interfaces/include/hammerhead_interfaces/hammerhead_interfaces/msg/detail/thruster_speeds__type_support.cpp
[0.849s] -- Up-to-date: /home/swayanshree/projects/Makara-AUV-ROS2/install/hammerhead_interfaces/include/hammerhead_interfaces/hammerhead_interfaces/msg/detail/pid__type_support.cpp
[0.850s] -- Up-to-date: /home/swayanshree/projects/Makara-AUV-ROS2/install/hammerhead_interfaces/include/hammerhead_interfaces/hammerhead_interfaces/msg/detail/depth__type_support.cpp
[0.850s] -- Up-to-date: /home/swayanshree/projects/Makara-AUV-ROS2/install/hammerhead_interfaces/include/hammerhead_interfaces/hammerhead_interfaces/msg/detail/setpoint__type_support.cpp
[0.850s] -- Up-to-date: /home/swayanshree/projects/Makara-AUV-ROS2/install/hammerhead_interfaces/include/hammerhead_interfaces/hammerhead_interfaces/msg/detail/ins_vel__rosidl_typesupport_introspection_cpp.hpp
[0.850s] -- Up-to-date: /home/swayanshree/projects/Makara-AUV-ROS2/install/hammerhead_interfaces/include/hammerhead_interfaces/hammerhead_interfaces/msg/detail/move_cmds__rosidl_typesupport_introspection_cpp.hpp
[0.850s] -- Up-to-date: /home/swayanshree/projects/Makara-AUV-ROS2/install/hammerhead_interfaces/include/hammerhead_interfaces/hammerhead_interfaces/msg/detail/position__type_support.cpp
[0.850s] -- Up-to-date: /home/swayanshree/projects/Makara-AUV-ROS2/install/hammerhead_interfaces/include/hammerhead_interfaces/hammerhead_interfaces/msg/detail/move_cmd__type_support.cpp
[0.850s] -- Up-to-date: /home/swayanshree/projects/Makara-AUV-ROS2/install/hammerhead_interfaces/include/hammerhead_interfaces/hammerhead_interfaces/msg/detail/move_cmd__rosidl_typesupport_introspection_cpp.hpp
[0.850s] -- Up-to-date: /home/swayanshree/projects/Makara-AUV-ROS2/install/hammerhead_interfaces/include/hammerhead_interfaces/hammerhead_interfaces/msg/detail/battery_status__rosidl_typesupport_introspection_cpp.hpp
[0.850s] -- Up-to-date: /home/swayanshree/projects/Makara-AUV-ROS2/install/hammerhead_interfaces/include/hammerhead_interfaces/hammerhead_interfaces/msg/detail/position__rosidl_typesupport_introspection_cpp.hpp
[0.850s] -- Up-to-date: /home/swayanshree/projects/Makara-AUV-ROS2/install/hammerhead_interfaces/include/hammerhead_interfaces/hammerhead_interfaces/msg/detail/pid__rosidl_typesupport_introspection_cpp.hpp
[0.850s] -- Up-to-date: /home/swayanshree/projects/Makara-AUV-ROS2/install/hammerhead_interfaces/include/hammerhead_interfaces/hammerhead_interfaces/msg/detail/setpoint__rosidl_typesupport_introspection_cpp.hpp
[0.850s] -- Up-to-date: /home/swayanshree/projects/Makara-AUV-ROS2/install/hammerhead_interfaces/lib/libhammerhead_interfaces__rosidl_typesupport_introspection_cpp.so
[0.850s] -- Up-to-date: /home/swayanshree/projects/Makara-AUV-ROS2/install/hammerhead_interfaces/lib/libhammerhead_interfaces__rosidl_typesupport_cpp.so
[0.850s] -- Up-to-date: /home/swayanshree/projects/Makara-AUV-ROS2/install/hammerhead_interfaces/share/hammerhead_interfaces/environment/pythonpath.sh
[0.850s] -- Up-to-date: /home/swayanshree/projects/Makara-AUV-ROS2/install/hammerhead_interfaces/share/hammerhead_interfaces/environment/pythonpath.dsv
[0.850s] -- Up-to-date: /home/swayanshree/projects/Makara-AUV-ROS2/install/hammerhead_interfaces/lib/python3.12/site-packages/hammerhead_interfaces-0.0.0-py3.12.egg-info
[0.850s] -- Installing: /home/swayanshree/projects/Makara-AUV-ROS2/install/hammerhead_interfaces/lib/python3.12/site-packages/hammerhead_interfaces-0.0.0-py3.12.egg-info/PKG-INFO
[0.850s] -- Installing: /home/swayanshree/projects/Makara-AUV-ROS2/install/hammerhead_interfaces/lib/python3.12/site-packages/hammerhead_interfaces-0.0.0-py3.12.egg-info/dependency_links.txt
[0.850s] -- Installing: /home/swayanshree/projects/Makara-AUV-ROS2/install/hammerhead_interfaces/lib/python3.12/site-packages/hammerhead_interfaces-0.0.0-py3.12.egg-info/SOURCES.txt
[0.850s] -- Installing: /home/swayanshree/projects/Makara-AUV-ROS2/install/hammerhead_interfaces/lib/python3.12/site-packages/hammerhead_interfaces-0.0.0-py3.12.egg-info/top_level.txt
[0.850s] -- Up-to-date: /home/swayanshree/projects/Makara-AUV-ROS2/install/hammerhead_interfaces/lib/python3.12/site-packages/hammerhead_interfaces
[0.850s] -- Up-to-date: /home/swayanshree/projects/Makara-AUV-ROS2/install/hammerhead_interfaces/lib/python3.12/site-packages/hammerhead_interfaces/hammerhead_interfaces_s__rosidl_typesupport_fastrtps_c.so
[0.850s] -- Up-to-date: /home/swayanshree/projects/Makara-AUV-ROS2/install/hammerhead_interfaces/lib/python3.12/site-packages/hammerhead_interfaces/hammerhead_interfaces_s__rosidl_typesupport_c.so
[0.852s] -- Up-to-date: /home/swayanshree/projects/Makara-AUV-ROS2/install/hammerhead_interfaces/lib/python3.12/site-packages/hammerhead_interfaces/_hammerhead_interfaces_s.ep.rosidl_typesupport_c.c
[0.852s] -- Up-to-date: /home/swayanshree/projects/Makara-AUV-ROS2/install/hammerhead_interfaces/lib/python3.12/site-packages/hammerhead_interfaces/_hammerhead_interfaces_s.ep.rosidl_typesupport_introspection_c.c
[0.852s] -- Up-to-date: /home/swayanshree/projects/Makara-AUV-ROS2/install/hammerhead_interfaces/lib/python3.12/site-packages/hammerhead_interfaces/msg
[0.852s] -- Up-to-date: /home/swayanshree/projects/Makara-AUV-ROS2/install/hammerhead_interfaces/lib/python3.12/site-packages/hammerhead_interfaces/msg/_depth.py
[0.852s] -- Up-to-date: /home/swayanshree/projects/Makara-AUV-ROS2/install/hammerhead_interfaces/lib/python3.12/site-packages/hammerhead_interfaces/msg/_move_cmd.py
[0.852s] -- Up-to-date: /home/swayanshree/projects/Makara-AUV-ROS2/install/hammerhead_interfaces/lib/python3.12/site-packages/hammerhead_interfaces/msg/_vector_nav_data_s.c
[0.852s] -- Up-to-date: /home/swayanshree/projects/Makara-AUV-ROS2/install/hammerhead_interfaces/lib/python3.12/site-packages/hammerhead_interfaces/msg/_battery_status.py
[0.852s] -- Up-to-date: /home/swayanshree/projects/Makara-AUV-ROS2/install/hammerhead_interfaces/lib/python3.12/site-packages/hammerhead_interfaces/msg/_combined.py
[0.853s] -- Up-to-date: /home/swayanshree/projects/Makara-AUV-ROS2/install/hammerhead_interfaces/lib/python3.12/site-packages/hammerhead_interfaces/msg/_vector_nav_data.py
[0.853s] -- Up-to-date: /home/swayanshree/projects/Makara-AUV-ROS2/install/hammerhead_interfaces/lib/python3.12/site-packages/hammerhead_interfaces/msg/_pid_s.c
[0.853s] -- Up-to-date: /home/swayanshree/projects/Makara-AUV-ROS2/install/hammerhead_interfaces/lib/python3.12/site-packages/hammerhead_interfaces/msg/_depth_s.c
[0.853s] -- Up-to-date: /home/swayanshree/projects/Makara-AUV-ROS2/install/hammerhead_interfaces/lib/python3.12/site-packages/hammerhead_interfaces/msg/_combined_s.c
[0.853s] -- Up-to-date: /home/swayanshree/projects/Makara-AUV-ROS2/install/hammerhead_interfaces/lib/python3.12/site-packages/hammerhead_interfaces/msg/_ins_vel_s.c
[0.853s] -- Up-to-date: /home/swayanshree/projects/Makara-AUV-ROS2/install/hammerhead_interfaces/lib/python3.12/site-packages/hammerhead_interfaces/msg/_move_cmds_s.c
[0.853s] -- Up-to-date: /home/swayanshree/projects/Makara-AUV-ROS2/install/hammerhead_interfaces/lib/python3.12/site-packages/hammerhead_interfaces/msg/_move_cmd_s.c
[0.853s] -- Up-to-date: /home/swayanshree/projects/Makara-AUV-ROS2/install/hammerhead_interfaces/lib/python3.12/site-packages/hammerhead_interfaces/msg/_ins_vel.py
[0.853s] -- Up-to-date: /home/swayanshree/projects/Makara-AUV-ROS2/install/hammerhead_interfaces/lib/python3.12/site-packages/hammerhead_interfaces/msg/_move_cmds.py
[0.853s] -- Up-to-date: /home/swayanshree/projects/Makara-AUV-ROS2/install/hammerhead_interfaces/lib/python3.12/site-packages/hammerhead_interfaces/msg/_thruster_speeds_s.c
[0.853s] -- Up-to-date: /home/swayanshree/projects/Makara-AUV-ROS2/install/hammerhead_interfaces/lib/python3.12/site-packages/hammerhead_interfaces/msg/_pid.py
[0.853s] -- Up-to-date: /home/swayanshree/projects/Makara-AUV-ROS2/install/hammerhead_interfaces/lib/python3.12/site-packages/hammerhead_interfaces/msg/_battery_status_s.c
[0.853s] -- Up-to-date: /home/swayanshree/projects/Makara-AUV-ROS2/install/hammerhead_interfaces/lib/python3.12/site-packages/hammerhead_interfaces/msg/_setpoint.py
[0.853s] -- Up-to-date: /home/swayanshree/projects/Makara-AUV-ROS2/install/hammerhead_interfaces/lib/python3.12/site-packages/hammerhead_interfaces/msg/_position_s.c
[0.853s] -- Up-to-date: /home/swayanshree/projects/Makara-AUV-ROS2/install/hammerhead_interfaces/lib/python3.12/site-packages/hammerhead_interfaces/msg/_setpoint_s.c
[0.853s] -- Up-to-date: /home/swayanshree/projects/Makara-AUV-ROS2/install/hammerhead_interfaces/lib/python3.12/site-packages/hammerhead_interfaces/msg/_position.py
[0.853s] -- Up-to-date: /home/swayanshree/projects/Makara-AUV-ROS2/install/hammerhead_interfaces/lib/python3.12/site-packages/hammerhead_interfaces/msg/__init__.py
[0.853s] -- Up-to-date: /home/swayanshree/projects/Makara-AUV-ROS2/install/hammerhead_interfaces/lib/python3.12/site-packages/hammerhead_interfaces/msg/_thruster_speeds.py
[0.853s] -- Up-to-date: /home/swayanshree/projects/Makara-AUV-ROS2/install/hammerhead_interfaces/lib/python3.12/site-packages/hammerhead_interfaces/_hammerhead_interfaces_s.ep.rosidl_typesupport_fastrtps_c.c
[0.853s] -- Up-to-date: /home/swayanshree/projects/Makara-AUV-ROS2/install/hammerhead_interfaces/lib/python3.12/site-packages/hammerhead_interfaces/hammerhead_interfaces_s__rosidl_typesupport_introspection_c.so
[0.853s] -- Up-to-date: /home/swayanshree/projects/Makara-AUV-ROS2/install/hammerhead_interfaces/lib/python3.12/site-packages/hammerhead_interfaces/__init__.py
[0.870s] Listing '/home/swayanshree/projects/Makara-AUV-ROS2/install/hammerhead_interfaces/lib/python3.12/site-packages/hammerhead_interfaces'...
[0.871s] Listing '/home/swayanshree/projects/Makara-AUV-ROS2/install/hammerhead_interfaces/lib/python3.12/site-packages/hammerhead_interfaces/msg'...
[0.875s] -- Up-to-date: /home/swayanshree/projects/Makara-AUV-ROS2/install/hammerhead_interfaces/lib/python3.12/site-packages/hammerhead_interfaces/hammerhead_interfaces_s__rosidl_typesupport_fastrtps_c.so
[0.876s] -- Up-to-date: /home/swayanshree/projects/Makara-AUV-ROS2/install/hammerhead_interfaces/lib/python3.12/site-packages/hammerhead_interfaces/hammerhead_interfaces_s__rosidl_typesupport_introspection_c.so
[0.876s] -- Up-to-date: /home/swayanshree/projects/Makara-AUV-ROS2/install/hammerhead_interfaces/lib/python3.12/site-packages/hammerhead_interfaces/hammerhead_interfaces_s__rosidl_typesupport_c.so
[0.876s] -- Up-to-date: /home/swayanshree/projects/Makara-AUV-ROS2/install/hammerhead_interfaces/lib/libhammerhead_interfaces__rosidl_generator_py.so
[0.876s] -- Up-to-date: /home/swayanshree/projects/Makara-AUV-ROS2/install/hammerhead_interfaces/share/hammerhead_interfaces/msg/BatteryStatus.idl
[0.876s] -- Up-to-date: /home/swayanshree/projects/Makara-AUV-ROS2/install/hammerhead_interfaces/share/hammerhead_interfaces/msg/Combined.idl
[0.876s] -- Up-to-date: /home/swayanshree/projects/Makara-AUV-ROS2/install/hammerhead_interfaces/share/hammerhead_interfaces/msg/Depth.idl
[0.876s] -- Up-to-date: /home/swayanshree/projects/Makara-AUV-ROS2/install/hammerhead_interfaces/share/hammerhead_interfaces/msg/InsVel.idl
[0.876s] -- Up-to-date: /home/swayanshree/projects/Makara-AUV-ROS2/install/hammerhead_interfaces/share/hammerhead_interfaces/msg/MoveCmd.idl
[0.877s] -- Up-to-date: /home/swayanshree/projects/Makara-AUV-ROS2/install/hammerhead_interfaces/share/hammerhead_interfaces/msg/MoveCmds.idl
[0.877s] -- Up-to-date: /home/swayanshree/projects/Makara-AUV-ROS2/install/hammerhead_interfaces/share/hammerhead_interfaces/msg/PID.idl
[0.877s] -- Up-to-date: /home/swayanshree/projects/Makara-AUV-ROS2/install/hammerhead_interfaces/share/hammerhead_interfaces/msg/Position.idl
[0.877s] -- Up-to-date: /home/swayanshree/projects/Makara-AUV-ROS2/install/hammerhead_interfaces/share/hammerhead_interfaces/msg/Setpoint.idl
[0.877s] -- Up-to-date: /home/swayanshree/projects/Makara-AUV-ROS2/install/hammerhead_interfaces/share/hammerhead_interfaces/msg/ThrusterSpeeds.idl
[0.877s] -- Up-to-date: /home/swayanshree/projects/Makara-AUV-ROS2/install/hammerhead_interfaces/share/hammerhead_interfaces/msg/VectorNavData.idl
[0.877s] -- Up-to-date: /home/swayanshree/projects/Makara-AUV-ROS2/install/hammerhead_interfaces/share/hammerhead_interfaces/msg/BatteryStatus.msg
[0.877s] -- Up-to-date: /home/swayanshree/projects/Makara-AUV-ROS2/install/hammerhead_interfaces/share/hammerhead_interfaces/msg/Combined.msg
[0.877s] -- Up-to-date: /home/swayanshree/projects/Makara-AUV-ROS2/install/hammerhead_interfaces/share/hammerhead_interfaces/msg/Depth.msg
[0.878s] -- Up-to-date: /home/swayanshree/projects/Makara-AUV-ROS2/install/hammerhead_interfaces/share/hammerhead_interfaces/msg/InsVel.msg
[0.878s] -- Up-to-date: /home/swayanshree/projects/Makara-AUV-ROS2/install/hammerhead_interfaces/share/hammerhead_interfaces/msg/MoveCmd.msg
[0.878s] -- Up-to-date: /home/swayanshree/projects/Makara-AUV-ROS2/install/hammerhead_interfaces/share/hammerhead_interfaces/msg/MoveCmds.msg
[0.878s] -- Up-to-date: /home/swayanshree/projects/Makara-AUV-ROS2/install/hammerhead_interfaces/share/hammerhead_interfaces/msg/PID.msg
[0.878s] -- Up-to-date: /home/swayanshree/projects/Makara-AUV-ROS2/install/hammerhead_interfaces/share/hammerhead_interfaces/msg/Position.msg
[0.878s] -- Up-to-date: /home/swayanshree/projects/Makara-AUV-ROS2/install/hammerhead_interfaces/share/hammerhead_interfaces/msg/Setpoint.msg
[0.878s] -- Up-to-date: /home/swayanshree/projects/Makara-AUV-ROS2/install/hammerhead_interfaces/share/hammerhead_interfaces/msg/ThrusterSpeeds.msg
[0.878s] -- Up-to-date: /home/swayanshree/projects/Makara-AUV-ROS2/install/hammerhead_interfaces/share/hammerhead_interfaces/msg/VectorNavData.msg
[0.878s] -- Up-to-date: /home/swayanshree/projects/Makara-AUV-ROS2/install/hammerhead_interfaces/share/ament_index/resource_index/package_run_dependencies/hammerhead_interfaces
[0.878s] -- Up-to-date: /home/swayanshree/projects/Makara-AUV-ROS2/install/hammerhead_interfaces/share/ament_index/resource_index/parent_prefix_path/hammerhead_interfaces
[0.878s] -- Up-to-date: /home/swayanshree/projects/Makara-AUV-ROS2/install/hammerhead_interfaces/share/hammerhead_interfaces/environment/ament_prefix_path.sh
[0.879s] -- Up-to-date: /home/swayanshree/projects/Makara-AUV-ROS2/install/hammerhead_interfaces/share/hammerhead_interfaces/environment/ament_prefix_path.dsv
[0.879s] -- Up-to-date: /home/swayanshree/projects/Makara-AUV-ROS2/install/hammerhead_interfaces/share/hammerhead_interfaces/environment/path.sh
[0.879s] -- Up-to-date: /home/swayanshree/projects/Makara-AUV-ROS2/install/hammerhead_interfaces/share/hammerhead_interfaces/environment/path.dsv
[0.879s] -- Up-to-date: /home/swayanshree/projects/Makara-AUV-ROS2/install/hammerhead_interfaces/share/hammerhead_interfaces/local_setup.bash
[0.879s] -- Up-to-date: /home/swayanshree/projects/Makara-AUV-ROS2/install/hammerhead_interfaces/share/hammerhead_interfaces/local_setup.sh
[0.879s] -- Up-to-date: /home/swayanshree/projects/Makara-AUV-ROS2/install/hammerhead_interfaces/share/hammerhead_interfaces/local_setup.zsh
[0.879s] -- Up-to-date: /home/swayanshree/projects/Makara-AUV-ROS2/install/hammerhead_interfaces/share/hammerhead_interfaces/local_setup.dsv
[0.879s] -- Installing: /home/swayanshree/projects/Makara-AUV-ROS2/install/hammerhead_interfaces/share/hammerhead_interfaces/package.dsv
[0.879s] -- Up-to-date: /home/swayanshree/projects/Makara-AUV-ROS2/install/hammerhead_interfaces/share/ament_index/resource_index/packages/hammerhead_interfaces
[0.879s] -- Up-to-date: /home/swayanshree/projects/Makara-AUV-ROS2/install/hammerhead_interfaces/share/hammerhead_interfaces/cmake/export_hammerhead_interfaces__rosidl_generator_cExport.cmake
[0.879s] -- Up-to-date: /home/swayanshree/projects/Makara-AUV-ROS2/install/hammerhead_interfaces/share/hammerhead_interfaces/cmake/export_hammerhead_interfaces__rosidl_generator_cExport-noconfig.cmake
[0.880s] -- Up-to-date: /home/swayanshree/projects/Makara-AUV-ROS2/install/hammerhead_interfaces/share/hammerhead_interfaces/cmake/export_hammerhead_interfaces__rosidl_typesupport_fastrtps_cExport.cmake
[0.880s] -- Up-to-date: /home/swayanshree/projects/Makara-AUV-ROS2/install/hammerhead_interfaces/share/hammerhead_interfaces/cmake/export_hammerhead_interfaces__rosidl_typesupport_fastrtps_cExport-noconfig.cmake
[0.880s] -- Up-to-date: /home/swayanshree/projects/Makara-AUV-ROS2/install/hammerhead_interfaces/share/hammerhead_interfaces/cmake/hammerhead_interfaces__rosidl_typesupport_introspection_cExport.cmake
[0.880s] -- Up-to-date: /home/swayanshree/projects/Makara-AUV-ROS2/install/hammerhead_interfaces/share/hammerhead_interfaces/cmake/hammerhead_interfaces__rosidl_typesupport_introspection_cExport-noconfig.cmake
[0.880s] -- Up-to-date: /home/swayanshree/projects/Makara-AUV-ROS2/install/hammerhead_interfaces/share/hammerhead_interfaces/cmake/hammerhead_interfaces__rosidl_typesupport_cExport.cmake
[0.880s] -- Up-to-date: /home/swayanshree/projects/Makara-AUV-ROS2/install/hammerhead_interfaces/share/hammerhead_interfaces/cmake/hammerhead_interfaces__rosidl_typesupport_cExport-noconfig.cmake
[0.880s] -- Up-to-date: /home/swayanshree/projects/Makara-AUV-ROS2/install/hammerhead_interfaces/share/hammerhead_interfaces/cmake/export_hammerhead_interfaces__rosidl_generator_cppExport.cmake
[0.881s] -- Up-to-date: /home/swayanshree/projects/Makara-AUV-ROS2/install/hammerhead_interfaces/share/hammerhead_interfaces/cmake/export_hammerhead_interfaces__rosidl_typesupport_fastrtps_cppExport.cmake
[0.881s] -- Up-to-date: /home/swayanshree/projects/Makara-AUV-ROS2/install/hammerhead_interfaces/share/hammerhead_interfaces/cmake/export_hammerhead_interfaces__rosidl_typesupport_fastrtps_cppExport-noconfig.cmake
[0.881s] -- Up-to-date: /home/swayanshree/projects/Makara-AUV-ROS2/install/hammerhead_interfaces/share/hammerhead_interfaces/cmake/hammerhead_interfaces__rosidl_typesupport_introspection_cppExport.cmake
[0.881s] -- Up-to-date: /home/swayanshree/projects/Makara-AUV-ROS2/install/hammerhead_interfaces/share/hammerhead_interfaces/cmake/hammerhead_interfaces__rosidl_typesupport_introspection_cppExport-noconfig.cmake
[0.881s] -- Up-to-date: /home/swayanshree/projects/Makara-AUV-ROS2/install/hammerhead_interfaces/share/hammerhead_interfaces/cmake/hammerhead_interfaces__rosidl_typesupport_cppExport.cmake
[0.881s] -- Up-to-date: /home/swayanshree/projects/Makara-AUV-ROS2/install/hammerhead_interfaces/share/hammerhead_interfaces/cmake/hammerhead_interfaces__rosidl_typesupport_cppExport-noconfig.cmake
[0.881s] -- Up-to-date: /home/swayanshree/projects/Makara-AUV-ROS2/install/hammerhead_interfaces/share/hammerhead_interfaces/cmake/export_hammerhead_interfaces__rosidl_generator_pyExport.cmake
[0.881s] -- Up-to-date: /home/swayanshree/projects/Makara-AUV-ROS2/install/hammerhead_interfaces/share/hammerhead_interfaces/cmake/export_hammerhead_interfaces__rosidl_generator_pyExport-noconfig.cmake
[0.882s] -- Up-to-date: /home/swayanshree/projects/Makara-AUV-ROS2/install/hammerhead_interfaces/share/hammerhead_interfaces/cmake/rosidl_cmake-extras.cmake
[0.882s] -- Up-to-date: /home/swayanshree/projects/Makara-AUV-ROS2/install/hammerhead_interfaces/share/hammerhead_interfaces/cmake/ament_cmake_export_dependencies-extras.cmake
[0.882s] -- Up-to-date: /home/swayanshree/projects/Makara-AUV-ROS2/install/hammerhead_interfaces/share/hammerhead_interfaces/cmake/ament_cmake_export_include_directories-extras.cmake
[0.882s] -- Up-to-date: /home/swayanshree/projects/Makara-AUV-ROS2/install/hammerhead_interfaces/share/hammerhead_interfaces/cmake/ament_cmake_export_libraries-extras.cmake
[0.882s] -- Up-to-date: /home/swayanshree/projects/Makara-AUV-ROS2/install/hammerhead_interfaces/share/hammerhead_interfaces/cmake/ament_cmake_export_targets-extras.cmake
[0.882s] -- Up-to-date: /home/swayanshree/projects/Makara-AUV-ROS2/install/hammerhead_interfaces/share/hammerhead_interfaces/cmake/rosidl_cmake_export_typesupport_targets-extras.cmake
[0.882s] -- Up-to-date: /home/swayanshree/projects/Makara-AUV-ROS2/install/hammerhead_interfaces/share/hammerhead_interfaces/cmake/rosidl_cmake_export_typesupport_libraries-extras.cmake
[0.882s] -- Up-to-date: /home/swayanshree/projects/Makara-AUV-ROS2/install/hammerhead_interfaces/share/hammerhead_interfaces/cmake/hammerhead_interfacesConfig.cmake
[0.882s] -- Up-to-date: /home/swayanshree/projects/Makara-AUV-ROS2/install/hammerhead_interfaces/share/hammerhead_interfaces/cmake/hammerhead_interfacesConfig-version.cmake
[0.882s] -- Up-to-date: /home/swayanshree/projects/Makara-AUV-ROS2/install/hammerhead_interfaces/share/hammerhead_interfaces/package.xml
[0.909s] Invoked command in '/home/swayanshree/projects/Makara-AUV-ROS2/build/hammerhead_interfaces' returned '0': CMAKE_PREFIX_PATH=${CMAKE_PREFIX_PATH}:/opt/ros/jazzy DEBUGINFOD_URLS=https://debuginfod.ubuntu.com /usr/bin/cmake --install /home/swayanshree/projects/Makara-AUV-ROS2/build/hammerhead_interfaces
