[0.009s] Invoking command in '/home/swayanshree/projects/Makara-AUV-ROS2/src/build/makara_control': AMENT_PREFIX_PATH=/home/swayanshree/projects/Makara-AUV-ROS2/src/install/makara_interfaces:${AMENT_PREFIX_PATH} CMAKE_PREFIX_PATH=/home/swayanshree/projects/Makara-AUV-ROS2/src/install/makara_interfaces:/home/swayanshree/projects/Makara-AUV-ROS2/install/makara_control:/home/swayanshree/projects/Makara-AUV-ROS2/install/makara_interfaces:/home/swayanshree/projects/Makara-AUV-ROS2/install/ardupilot_attitude_control:/home/swayanshree/projects/Makara-AUV-ROS2/install/hammerhead_interfaces:/home/swayanshree/projects/Makara-AUV-ROS2/install/auv_description:/home/swayanshree/projects/Makara-AUV-ROS2/install/StateSpace:/opt/ros/jazzy/opt/gz_sim_vendor:/opt/ros/jazzy/opt/gz_sensors_vendor:/opt/ros/jazzy/opt/gz_physics_vendor:/opt/ros/jazzy/opt/sdformat_vendor:/opt/ros/jazzy/opt/gz_gui_vendor:/opt/ros/jazzy/opt/gz_transport_vendor:/opt/ros/jazzy/opt/gz_rendering_vendor:/opt/ros/jazzy/opt/gz_plugin_vendor:/opt/ros/jazzy/opt/gz_fuel_tools_vendor:/opt/ros/jazzy/opt/gz_msgs_vendor:/opt/ros/jazzy/opt/gz_common_vendor:/opt/ros/jazzy/opt/gz_math_vendor:/opt/ros/jazzy/opt/gz_utils_vendor:/opt/ros/jazzy/opt/gz_tools_vendor:/opt/ros/jazzy/opt/gz_ogre_next_vendor:/opt/ros/jazzy/opt/gz_dartsim_vendor:/opt/ros/jazzy/opt/gz_cmake_vendor:/home/swayanshree/projects/Makara-AUV-ROS2/install/makara_vision:/home/swayanshree/projects/Makara-AUV-ROS2/install/makara_serial:/home/swayanshree/projects/Makara-AUV-ROS2/install/makara_bringup:/home/swayanshree/projects/Makara-AUV-ROS2/install/hammerhead_serial:/home/swayanshree/projects/Makara-AUV-ROS2/install/data_sync:/opt/ros/jazzy DEBUGINFOD_URLS=https://debuginfod.ubuntu.com LD_LIBRARY_PATH=/home/swayanshree/projects/Makara-AUV-ROS2/src/install/makara_interfaces/lib:${LD_LIBRARY_PATH} PYTHONPATH=/home/swayanshree/projects/Makara-AUV-ROS2/src/install/makara_interfaces/lib/python3.12/site-packages:${PYTHONPATH} /usr/bin/cmake /home/swayanshree/projects/Makara-AUV-ROS2/src/makara_control -DCMAKE_INSTALL_PREFIX=/home/swayanshree/projects/Makara-AUV-ROS2/src/install/makara_control
[0.054s] -- The C compiler identification is GNU 13.3.0
[0.102s] -- The CXX compiler identification is GNU 13.3.0
[0.115s] -- Detecting C compiler ABI info
[0.202s] -- Detecting C compiler ABI info - done
[0.211s] -- Check for working C compiler: /usr/bin/cc - skipped
[0.211s] -- Detecting C compile features
[0.211s] -- Detecting C compile features - done
[0.219s] -- Detecting CXX compiler ABI info
[0.306s] -- Detecting CXX compiler ABI info - done
[0.314s] -- Check for working CXX compiler: /usr/bin/c++ - skipped
[0.314s] -- Detecting CXX compile features
[0.315s] -- Detecting CXX compile features - done
[0.317s] -- Found ament_cmake: 2.5.5 (/opt/ros/jazzy/share/ament_cmake/cmake)
[0.448s] -- Found Python3: /usr/bin/python3 (found version "3.12.3") found components: Interpreter 
[0.540s] -- Found rclcpp: 28.1.16 (/opt/ros/jazzy/share/rclcpp/cmake)
[0.579s] -- Found rosidl_generator_c: 4.6.7 (/opt/ros/jazzy/share/rosidl_generator_c/cmake)
[0.590s] -- Found rosidl_generator_cpp: 4.6.7 (/opt/ros/jazzy/share/rosidl_generator_cpp/cmake)
[0.607s] -- Using all available rosidl_typesupport_c: rosidl_typesupport_fastrtps_c;rosidl_typesupport_introspection_c
[0.626s] -- Using all available rosidl_typesupport_cpp: rosidl_typesupport_fastrtps_cpp;rosidl_typesupport_introspection_cpp
[0.690s] -- Found rmw_implementation_cmake: 7.3.3 (/opt/ros/jazzy/share/rmw_implementation_cmake/cmake)
[0.693s] -- Found rmw_fastrtps_cpp: 8.4.3 (/opt/ros/jazzy/share/rmw_fastrtps_cpp/cmake)
[0.762s] -- Found OpenSSL: /usr/lib/x86_64-linux-gnu/libcrypto.so (found version "3.0.13")  
[0.782s] -- Found FastRTPS: /opt/ros/jazzy/include (Required is at least version "2.13") 
[0.804s] -- Using RMW implementation 'rmw_fastrtps_cpp' as default
[0.867s] -- Found geometry_msgs: 5.3.6 (/opt/ros/jazzy/share/geometry_msgs/cmake)
[0.892s] -- Found sensor_msgs: 5.3.6 (/opt/ros/jazzy/share/sensor_msgs/cmake)
[0.913s] -- Found nav_msgs: 5.3.6 (/opt/ros/jazzy/share/nav_msgs/cmake)
[0.934s] -- Found makara_interfaces: 0.0.0 (/home/swayanshree/projects/Makara-AUV-ROS2/src/install/makara_interfaces/share/makara_interfaces/cmake)
[1.027s] -- Configuring done (1.0s)
[1.035s] -- Generating done (0.0s)
[1.039s] -- Build files have been written to: /home/swayanshree/projects/Makara-AUV-ROS2/src/build/makara_control
[1.052s] Invoked command in '/home/swayanshree/projects/Makara-AUV-ROS2/src/build/makara_control' returned '0': AMENT_PREFIX_PATH=/home/swayanshree/projects/Makara-AUV-ROS2/src/install/makara_interfaces:${AMENT_PREFIX_PATH} CMAKE_PREFIX_PATH=/home/swayanshree/projects/Makara-AUV-ROS2/src/install/makara_interfaces:/home/swayanshree/projects/Makara-AUV-ROS2/install/makara_control:/home/swayanshree/projects/Makara-AUV-ROS2/install/makara_interfaces:/home/swayanshree/projects/Makara-AUV-ROS2/install/ardupilot_attitude_control:/home/swayanshree/projects/Makara-AUV-ROS2/install/hammerhead_interfaces:/home/swayanshree/projects/Makara-AUV-ROS2/install/auv_description:/home/swayanshree/projects/Makara-AUV-ROS2/install/StateSpace:/opt/ros/jazzy/opt/gz_sim_vendor:/opt/ros/jazzy/opt/gz_sensors_vendor:/opt/ros/jazzy/opt/gz_physics_vendor:/opt/ros/jazzy/opt/sdformat_vendor:/opt/ros/jazzy/opt/gz_gui_vendor:/opt/ros/jazzy/opt/gz_transport_vendor:/opt/ros/jazzy/opt/gz_rendering_vendor:/opt/ros/jazzy/opt/gz_plugin_vendor:/opt/ros/jazzy/opt/gz_fuel_tools_vendor:/opt/ros/jazzy/opt/gz_msgs_vendor:/opt/ros/jazzy/opt/gz_common_vendor:/opt/ros/jazzy/opt/gz_math_vendor:/opt/ros/jazzy/opt/gz_utils_vendor:/opt/ros/jazzy/opt/gz_tools_vendor:/opt/ros/jazzy/opt/gz_ogre_next_vendor:/opt/ros/jazzy/opt/gz_dartsim_vendor:/opt/ros/jazzy/opt/gz_cmake_vendor:/home/swayanshree/projects/Makara-AUV-ROS2/install/makara_vision:/home/swayanshree/projects/Makara-AUV-ROS2/install/makara_serial:/home/swayanshree/projects/Makara-AUV-ROS2/install/makara_bringup:/home/swayanshree/projects/Makara-AUV-ROS2/install/hammerhead_serial:/home/swayanshree/projects/Makara-AUV-ROS2/install/data_sync:/opt/ros/jazzy DEBUGINFOD_URLS=https://debuginfod.ubuntu.com LD_LIBRARY_PATH=/home/swayanshree/projects/Makara-AUV-ROS2/src/install/makara_interfaces/lib:${LD_LIBRARY_PATH} PYTHONPATH=/home/swayanshree/projects/Makara-AUV-ROS2/src/install/makara_interfaces/lib/python3.12/site-packages:${PYTHONPATH} /usr/bin/cmake /home/swayanshree/projects/Makara-AUV-ROS2/src/makara_control -DCMAKE_INSTALL_PREFIX=/home/swayanshree/projects/Makara-AUV-ROS2/src/install/makara_control
[1.053s] Invoking command in '/home/swayanshree/projects/Makara-AUV-ROS2/src/build/makara_control': AMENT_PREFIX_PATH=/home/swayanshree/projects/Makara-AUV-ROS2/src/install/makara_interfaces:${AMENT_PREFIX_PATH} CMAKE_PREFIX_PATH=/home/swayanshree/projects/Makara-AUV-ROS2/src/install/makara_interfaces:/home/swayanshree/projects/Makara-AUV-ROS2/install/makara_control:/home/swayanshree/projects/Makara-AUV-ROS2/install/makara_interfaces:/home/swayanshree/projects/Makara-AUV-ROS2/install/ardupilot_attitude_control:/home/swayanshree/projects/Makara-AUV-ROS2/install/hammerhead_interfaces:/home/swayanshree/projects/Makara-AUV-ROS2/install/auv_description:/home/swayanshree/projects/Makara-AUV-ROS2/install/StateSpace:/opt/ros/jazzy/opt/gz_sim_vendor:/opt/ros/jazzy/opt/gz_sensors_vendor:/opt/ros/jazzy/opt/gz_physics_vendor:/opt/ros/jazzy/opt/sdformat_vendor:/opt/ros/jazzy/opt/gz_gui_vendor:/opt/ros/jazzy/opt/gz_transport_vendor:/opt/ros/jazzy/opt/gz_rendering_vendor:/opt/ros/jazzy/opt/gz_plugin_vendor:/opt/ros/jazzy/opt/gz_fuel_tools_vendor:/opt/ros/jazzy/opt/gz_msgs_vendor:/opt/ros/jazzy/opt/gz_common_vendor:/opt/ros/jazzy/opt/gz_math_vendor:/opt/ros/jazzy/opt/gz_utils_vendor:/opt/ros/jazzy/opt/gz_tools_vendor:/opt/ros/jazzy/opt/gz_ogre_next_vendor:/opt/ros/jazzy/opt/gz_dartsim_vendor:/opt/ros/jazzy/opt/gz_cmake_vendor:/home/swayanshree/projects/Makara-AUV-ROS2/install/makara_vision:/home/swayanshree/projects/Makara-AUV-ROS2/install/makara_serial:/home/swayanshree/projects/Makara-AUV-ROS2/install/makara_bringup:/home/swayanshree/projects/Makara-AUV-ROS2/install/hammerhead_serial:/home/swayanshree/projects/Makara-AUV-ROS2/install/data_sync:/opt/ros/jazzy DEBUGINFOD_URLS=https://debuginfod.ubuntu.com LD_LIBRARY_PATH=/home/swayanshree/projects/Makara-AUV-ROS2/src/install/makara_interfaces/lib:${LD_LIBRARY_PATH} PYTHONPATH=/home/swayanshree/projects/Makara-AUV-ROS2/src/install/makara_interfaces/lib/python3.12/site-packages:${PYTHONPATH} /usr/bin/cmake --build /home/swayanshree/projects/Makara-AUV-ROS2/src/build/makara_control -- -j16 -l16
[1.098s] [ 50%] [32mBuilding CXX object CMakeFiles/makara_control_node.dir/src/makara_control_node.cpp.o[0m
[10.290s] [100%] [32m[1mLinking CXX executable makara_control_node[0m
[10.586s] [100%] Built target makara_control_node
[10.593s] Invoked command in '/home/swayanshree/projects/Makara-AUV-ROS2/src/build/makara_control' returned '0': AMENT_PREFIX_PATH=/home/swayanshree/projects/Makara-AUV-ROS2/src/install/makara_interfaces:${AMENT_PREFIX_PATH} CMAKE_PREFIX_PATH=/home/swayanshree/projects/Makara-AUV-ROS2/src/install/makara_interfaces:/home/swayanshree/projects/Makara-AUV-ROS2/install/makara_control:/home/swayanshree/projects/Makara-AUV-ROS2/install/makara_interfaces:/home/swayanshree/projects/Makara-AUV-ROS2/install/ardupilot_attitude_control:/home/swayanshree/projects/Makara-AUV-ROS2/install/hammerhead_interfaces:/home/swayanshree/projects/Makara-AUV-ROS2/install/auv_description:/home/swayanshree/projects/Makara-AUV-ROS2/install/StateSpace:/opt/ros/jazzy/opt/gz_sim_vendor:/opt/ros/jazzy/opt/gz_sensors_vendor:/opt/ros/jazzy/opt/gz_physics_vendor:/opt/ros/jazzy/opt/sdformat_vendor:/opt/ros/jazzy/opt/gz_gui_vendor:/opt/ros/jazzy/opt/gz_transport_vendor:/opt/ros/jazzy/opt/gz_rendering_vendor:/opt/ros/jazzy/opt/gz_plugin_vendor:/opt/ros/jazzy/opt/gz_fuel_tools_vendor:/opt/ros/jazzy/opt/gz_msgs_vendor:/opt/ros/jazzy/opt/gz_common_vendor:/opt/ros/jazzy/opt/gz_math_vendor:/opt/ros/jazzy/opt/gz_utils_vendor:/opt/ros/jazzy/opt/gz_tools_vendor:/opt/ros/jazzy/opt/gz_ogre_next_vendor:/opt/ros/jazzy/opt/gz_dartsim_vendor:/opt/ros/jazzy/opt/gz_cmake_vendor:/home/swayanshree/projects/Makara-AUV-ROS2/install/makara_vision:/home/swayanshree/projects/Makara-AUV-ROS2/install/makara_serial:/home/swayanshree/projects/Makara-AUV-ROS2/install/makara_bringup:/home/swayanshree/projects/Makara-AUV-ROS2/install/hammerhead_serial:/home/swayanshree/projects/Makara-AUV-ROS2/install/data_sync:/opt/ros/jazzy DEBUGINFOD_URLS=https://debuginfod.ubuntu.com LD_LIBRARY_PATH=/home/swayanshree/projects/Makara-AUV-ROS2/src/install/makara_interfaces/lib:${LD_LIBRARY_PATH} PYTHONPATH=/home/swayanshree/projects/Makara-AUV-ROS2/src/install/makara_interfaces/lib/python3.12/site-packages:${PYTHONPATH} /usr/bin/cmake --build /home/swayanshree/projects/Makara-AUV-ROS2/src/build/makara_control -- -j16 -l16
[10.595s] Invoking command in '/home/swayanshree/projects/Makara-AUV-ROS2/src/build/makara_control': AMENT_PREFIX_PATH=/home/swayanshree/projects/Makara-AUV-ROS2/src/install/makara_interfaces:${AMENT_PREFIX_PATH} CMAKE_PREFIX_PATH=/home/swayanshree/projects/Makara-AUV-ROS2/src/install/makara_interfaces:/home/swayanshree/projects/Makara-AUV-ROS2/install/makara_control:/home/swayanshree/projects/Makara-AUV-ROS2/install/makara_interfaces:/home/swayanshree/projects/Makara-AUV-ROS2/install/ardupilot_attitude_control:/home/swayanshree/projects/Makara-AUV-ROS2/install/hammerhead_interfaces:/home/swayanshree/projects/Makara-AUV-ROS2/install/auv_description:/home/swayanshree/projects/Makara-AUV-ROS2/install/StateSpace:/opt/ros/jazzy/opt/gz_sim_vendor:/opt/ros/jazzy/opt/gz_sensors_vendor:/opt/ros/jazzy/opt/gz_physics_vendor:/opt/ros/jazzy/opt/sdformat_vendor:/opt/ros/jazzy/opt/gz_gui_vendor:/opt/ros/jazzy/opt/gz_transport_vendor:/opt/ros/jazzy/opt/gz_rendering_vendor:/opt/ros/jazzy/opt/gz_plugin_vendor:/opt/ros/jazzy/opt/gz_fuel_tools_vendor:/opt/ros/jazzy/opt/gz_msgs_vendor:/opt/ros/jazzy/opt/gz_common_vendor:/opt/ros/jazzy/opt/gz_math_vendor:/opt/ros/jazzy/opt/gz_utils_vendor:/opt/ros/jazzy/opt/gz_tools_vendor:/opt/ros/jazzy/opt/gz_ogre_next_vendor:/opt/ros/jazzy/opt/gz_dartsim_vendor:/opt/ros/jazzy/opt/gz_cmake_vendor:/home/swayanshree/projects/Makara-AUV-ROS2/install/makara_vision:/home/swayanshree/projects/Makara-AUV-ROS2/install/makara_serial:/home/swayanshree/projects/Makara-AUV-ROS2/install/makara_bringup:/home/swayanshree/projects/Makara-AUV-ROS2/install/hammerhead_serial:/home/swayanshree/projects/Makara-AUV-ROS2/install/data_sync:/opt/ros/jazzy DEBUGINFOD_URLS=https://debuginfod.ubuntu.com LD_LIBRARY_PATH=/home/swayanshree/projects/Makara-AUV-ROS2/src/install/makara_interfaces/lib:${LD_LIBRARY_PATH} PYTHONPATH=/home/swayanshree/projects/Makara-AUV-ROS2/src/install/makara_interfaces/lib/python3.12/site-packages:${PYTHONPATH} /usr/bin/cmake --install /home/swayanshree/projects/Makara-AUV-ROS2/src/build/makara_control
[10.599s] -- Install configuration: ""
[10.599s] -- Installing: /home/swayanshree/projects/Makara-AUV-ROS2/src/install/makara_control/lib/makara_control/makara_control_node
[10.603s] -- Set non-toolchain portion of runtime path of "/home/swayanshree/projects/Makara-AUV-ROS2/src/install/makara_control/lib/makara_control/makara_control_node" to ""
[10.603s] -- Installing: /home/swayanshree/projects/Makara-AUV-ROS2/src/install/makara_control/share/makara_control/launch
[10.603s] -- Installing: /home/swayanshree/projects/Makara-AUV-ROS2/src/install/makara_control/share/makara_control/launch/makara_control_launch.py
[10.603s] -- Installing: /home/swayanshree/projects/Makara-AUV-ROS2/src/install/makara_control/share/ament_index/resource_index/package_run_dependencies/makara_control
[10.603s] -- Installing: /home/swayanshree/projects/Makara-AUV-ROS2/src/install/makara_control/share/ament_index/resource_index/parent_prefix_path/makara_control
[10.603s] -- Installing: /home/swayanshree/projects/Makara-AUV-ROS2/src/install/makara_control/share/makara_control/environment/ament_prefix_path.sh
[10.603s] -- Installing: /home/swayanshree/projects/Makara-AUV-ROS2/src/install/makara_control/share/makara_control/environment/ament_prefix_path.dsv
[10.603s] -- Installing: /home/swayanshree/projects/Makara-AUV-ROS2/src/install/makara_control/share/makara_control/environment/path.sh
[10.603s] -- Installing: /home/swayanshree/projects/Makara-AUV-ROS2/src/install/makara_control/share/makara_control/environment/path.dsv
[10.603s] -- Installing: /home/swayanshree/projects/Makara-AUV-ROS2/src/install/makara_control/share/makara_control/local_setup.bash
[10.603s] -- Installing: /home/swayanshree/projects/Makara-AUV-ROS2/src/install/makara_control/share/makara_control/local_setup.sh
[10.603s] -- Installing: /home/swayanshree/projects/Makara-AUV-ROS2/src/install/makara_control/share/makara_control/local_setup.zsh
[10.603s] -- Installing: /home/swayanshree/projects/Makara-AUV-ROS2/src/install/makara_control/share/makara_control/local_setup.dsv
[10.603s] -- Installing: /home/swayanshree/projects/Makara-AUV-ROS2/src/install/makara_control/share/makara_control/package.dsv
[10.603s] -- Installing: /home/swayanshree/projects/Makara-AUV-ROS2/src/install/makara_control/share/ament_index/resource_index/packages/makara_control
[10.603s] -- Installing: /home/swayanshree/projects/Makara-AUV-ROS2/src/install/makara_control/share/makara_control/cmake/makara_controlConfig.cmake
[10.604s] -- Installing: /home/swayanshree/projects/Makara-AUV-ROS2/src/install/makara_control/share/makara_control/cmake/makara_controlConfig-version.cmake
[10.604s] -- Installing: /home/swayanshree/projects/Makara-AUV-ROS2/src/install/makara_control/share/makara_control/package.xml
[10.605s] Invoked command in '/home/swayanshree/projects/Makara-AUV-ROS2/src/build/makara_control' returned '0': AMENT_PREFIX_PATH=/home/swayanshree/projects/Makara-AUV-ROS2/src/install/makara_interfaces:${AMENT_PREFIX_PATH} CMAKE_PREFIX_PATH=/home/swayanshree/projects/Makara-AUV-ROS2/src/install/makara_interfaces:/home/swayanshree/projects/Makara-AUV-ROS2/install/makara_control:/home/swayanshree/projects/Makara-AUV-ROS2/install/makara_interfaces:/home/swayanshree/projects/Makara-AUV-ROS2/install/ardupilot_attitude_control:/home/swayanshree/projects/Makara-AUV-ROS2/install/hammerhead_interfaces:/home/swayanshree/projects/Makara-AUV-ROS2/install/auv_description:/home/swayanshree/projects/Makara-AUV-ROS2/install/StateSpace:/opt/ros/jazzy/opt/gz_sim_vendor:/opt/ros/jazzy/opt/gz_sensors_vendor:/opt/ros/jazzy/opt/gz_physics_vendor:/opt/ros/jazzy/opt/sdformat_vendor:/opt/ros/jazzy/opt/gz_gui_vendor:/opt/ros/jazzy/opt/gz_transport_vendor:/opt/ros/jazzy/opt/gz_rendering_vendor:/opt/ros/jazzy/opt/gz_plugin_vendor:/opt/ros/jazzy/opt/gz_fuel_tools_vendor:/opt/ros/jazzy/opt/gz_msgs_vendor:/opt/ros/jazzy/opt/gz_common_vendor:/opt/ros/jazzy/opt/gz_math_vendor:/opt/ros/jazzy/opt/gz_utils_vendor:/opt/ros/jazzy/opt/gz_tools_vendor:/opt/ros/jazzy/opt/gz_ogre_next_vendor:/opt/ros/jazzy/opt/gz_dartsim_vendor:/opt/ros/jazzy/opt/gz_cmake_vendor:/home/swayanshree/projects/Makara-AUV-ROS2/install/makara_vision:/home/swayanshree/projects/Makara-AUV-ROS2/install/makara_serial:/home/swayanshree/projects/Makara-AUV-ROS2/install/makara_bringup:/home/swayanshree/projects/Makara-AUV-ROS2/install/hammerhead_serial:/home/swayanshree/projects/Makara-AUV-ROS2/install/data_sync:/opt/ros/jazzy DEBUGINFOD_URLS=https://debuginfod.ubuntu.com LD_LIBRARY_PATH=/home/swayanshree/projects/Makara-AUV-ROS2/src/install/makara_interfaces/lib:${LD_LIBRARY_PATH} PYTHONPATH=/home/swayanshree/projects/Makara-AUV-ROS2/src/install/makara_interfaces/lib/python3.12/site-packages:${PYTHONPATH} /usr/bin/cmake --install /home/swayanshree/projects/Makara-AUV-ROS2/src/build/makara_control
