[0.022s] Invoking command in '/home/swayanshree/projects/Makara-AUV-ROS2/build/bluerov2_description': CMAKE_PREFIX_PATH=${CMAKE_PREFIX_PATH}:/home/swayanshree/projects/Makara-AUV-ROS2/install/uuv_simulator:/home/swayanshree/projects/Makara-AUV-ROS2/install/makara_serial:/home/swayanshree/projects/Makara-AUV-ROS2/install/hammerhead_serial:/home/swayanshree/projects/Makara-AUV-ROS2/install/data_sync:/home/swayanshree/projects/Makara-AUV-ROS2/install/makara_vision:/home/swayanshree/projects/Makara-AUV-ROS2/install/makara_bringup:/opt/ros/jazzy DEBUGINFOD_URLS=https://debuginfod.ubuntu.com /usr/bin/cmake /home/swayanshree/projects/Makara-AUV-ROS2/src/bluerov2_description -DCMAKE_INSTALL_PREFIX=/home/swayanshree/projects/Makara-AUV-ROS2/install/bluerov2_description
[0.716s] -- The C compiler identification is GNU 13.3.0
[0.716s] -- The CXX compiler identification is GNU 13.3.0
[0.716s] -- Detecting C compiler ABI info
[0.716s] -- Detecting C compiler ABI info - done
[0.716s] -- Check for working C compiler: /usr/bin/cc - skipped
[0.716s] -- Detecting C compile features
[0.716s] -- Detecting C compile features - done
[0.716s] -- Detecting CXX compiler ABI info
[0.716s] -- Detecting CXX compiler ABI info - done
[0.716s] -- Check for working CXX compiler: /usr/bin/c++ - skipped
[0.716s] -- Detecting CXX compile features
[0.716s] -- Detecting CXX compile features - done
[0.716s] -- Found ament_cmake: 2.5.5 (/opt/ros/jazzy/share/ament_cmake/cmake)
[0.716s] -- Found Python3: /usr/bin/python3 (found version "3.12.3") found components: Interpreter 
[0.716s] -- Configuring done (0.5s)
[0.717s] -- Generating done (0.0s)
[0.717s] -- Build files have been written to: /home/swayanshree/projects/Makara-AUV-ROS2/build/bluerov2_description
[0.719s] Invoked command in '/home/swayanshree/projects/Makara-AUV-ROS2/build/bluerov2_description' returned '0': CMAKE_PREFIX_PATH=${CMAKE_PREFIX_PATH}:/home/swayanshree/projects/Makara-AUV-ROS2/install/uuv_simulator:/home/swayanshree/projects/Makara-AUV-ROS2/install/makara_serial:/home/swayanshree/projects/Makara-AUV-ROS2/install/hammerhead_serial:/home/swayanshree/projects/Makara-AUV-ROS2/install/data_sync:/home/swayanshree/projects/Makara-AUV-ROS2/install/makara_vision:/home/swayanshree/projects/Makara-AUV-ROS2/install/makara_bringup:/opt/ros/jazzy DEBUGINFOD_URLS=https://debuginfod.ubuntu.com /usr/bin/cmake /home/swayanshree/projects/Makara-AUV-ROS2/src/bluerov2_description -DCMAKE_INSTALL_PREFIX=/home/swayanshree/projects/Makara-AUV-ROS2/install/bluerov2_description
[0.719s] Invoking command in '/home/swayanshree/projects/Makara-AUV-ROS2/build/bluerov2_description': CMAKE_PREFIX_PATH=${CMAKE_PREFIX_PATH}:/home/swayanshree/projects/Makara-AUV-ROS2/install/uuv_simulator:/home/swayanshree/projects/Makara-AUV-ROS2/install/makara_serial:/home/swayanshree/projects/Makara-AUV-ROS2/install/hammerhead_serial:/home/swayanshree/projects/Makara-AUV-ROS2/install/data_sync:/home/swayanshree/projects/Makara-AUV-ROS2/install/makara_vision:/home/swayanshree/projects/Makara-AUV-ROS2/install/makara_bringup:/opt/ros/jazzy DEBUGINFOD_URLS=https://debuginfod.ubuntu.com /usr/bin/cmake --build /home/swayanshree/projects/Makara-AUV-ROS2/build/bluerov2_description -- -j16 -l16
[0.859s] Invoked command in '/home/swayanshree/projects/Makara-AUV-ROS2/build/bluerov2_description' returned '0': CMAKE_PREFIX_PATH=${CMAKE_PREFIX_PATH}:/home/swayanshree/projects/Makara-AUV-ROS2/install/uuv_simulator:/home/swayanshree/projects/Makara-AUV-ROS2/install/makara_serial:/home/swayanshree/projects/Makara-AUV-ROS2/install/hammerhead_serial:/home/swayanshree/projects/Makara-AUV-ROS2/install/data_sync:/home/swayanshree/projects/Makara-AUV-ROS2/install/makara_vision:/home/swayanshree/projects/Makara-AUV-ROS2/install/makara_bringup:/opt/ros/jazzy DEBUGINFOD_URLS=https://debuginfod.ubuntu.com /usr/bin/cmake --build /home/swayanshree/projects/Makara-AUV-ROS2/build/bluerov2_description -- -j16 -l16
[0.860s] Invoking command in '/home/swayanshree/projects/Makara-AUV-ROS2/build/bluerov2_description': CMAKE_PREFIX_PATH=${CMAKE_PREFIX_PATH}:/home/swayanshree/projects/Makara-AUV-ROS2/install/uuv_simulator:/home/swayanshree/projects/Makara-AUV-ROS2/install/makara_serial:/home/swayanshree/projects/Makara-AUV-ROS2/install/hammerhead_serial:/home/swayanshree/projects/Makara-AUV-ROS2/install/data_sync:/home/swayanshree/projects/Makara-AUV-ROS2/install/makara_vision:/home/swayanshree/projects/Makara-AUV-ROS2/install/makara_bringup:/opt/ros/jazzy DEBUGINFOD_URLS=https://debuginfod.ubuntu.com /usr/bin/cmake --install /home/swayanshree/projects/Makara-AUV-ROS2/build/bluerov2_description
[0.869s] -- Install configuration: ""
[0.869s] -- Installing: /home/swayanshree/projects/Makara-AUV-ROS2/install/bluerov2_description/share/bluerov2_description/launch
[0.869s] -- Installing: /home/swayanshree/projects/Makara-AUV-ROS2/install/bluerov2_description/share/bluerov2_description/launch/upload_bluerov2.launch
[0.869s] -- Installing: /home/swayanshree/projects/Makara-AUV-ROS2/install/bluerov2_description/share/bluerov2_description/meshes
[0.869s] -- Installing: /home/swayanshree/projects/Makara-AUV-ROS2/install/bluerov2_description/share/bluerov2_description/meshes/bluerov2_propccw.dae
[0.869s] -- Installing: /home/swayanshree/projects/Makara-AUV-ROS2/install/bluerov2_description/share/bluerov2_description/meshes/bluerov2_propcw.dae
[0.869s] -- Installing: /home/swayanshree/projects/Makara-AUV-ROS2/install/bluerov2_description/share/bluerov2_description/meshes/README.md
[0.869s] -- Installing: /home/swayanshree/projects/Makara-AUV-ROS2/install/bluerov2_description/share/bluerov2_description/meshes/bluerov2_noprop.stl
[0.879s] -- Installing: /home/swayanshree/projects/Makara-AUV-ROS2/install/bluerov2_description/share/bluerov2_description/meshes/bluerov2_noprop.dae
[0.896s] -- Installing: /home/swayanshree/projects/Makara-AUV-ROS2/install/bluerov2_description/share/bluerov2_description/robots
[0.896s] -- Installing: /home/swayanshree/projects/Makara-AUV-ROS2/install/bluerov2_description/share/bluerov2_description/robots/bluerov2_default.xacro
[0.896s] -- Installing: /home/swayanshree/projects/Makara-AUV-ROS2/install/bluerov2_description/share/bluerov2_description/urdf
[0.896s] -- Installing: /home/swayanshree/projects/Makara-AUV-ROS2/install/bluerov2_description/share/bluerov2_description/urdf/actuators.xacro
[0.896s] -- Installing: /home/swayanshree/projects/Makara-AUV-ROS2/install/bluerov2_description/share/bluerov2_description/urdf/base.xacro
[0.896s] -- Installing: /home/swayanshree/projects/Makara-AUV-ROS2/install/bluerov2_description/share/bluerov2_description/urdf/sensors.xacro
[0.896s] -- Installing: /home/swayanshree/projects/Makara-AUV-ROS2/install/bluerov2_description/share/bluerov2_description/urdf/gazebo.xacro
[0.897s] -- Installing: /home/swayanshree/projects/Makara-AUV-ROS2/install/bluerov2_description/share/bluerov2_description/urdf/snippets.xacro
[0.897s] -- Installing: /home/swayanshree/projects/Makara-AUV-ROS2/install/bluerov2_description/share/ament_index/resource_index/package_run_dependencies/bluerov2_description
[0.897s] -- Installing: /home/swayanshree/projects/Makara-AUV-ROS2/install/bluerov2_description/share/ament_index/resource_index/parent_prefix_path/bluerov2_description
[0.897s] -- Installing: /home/swayanshree/projects/Makara-AUV-ROS2/install/bluerov2_description/share/bluerov2_description/environment/ament_prefix_path.sh
[0.897s] -- Installing: /home/swayanshree/projects/Makara-AUV-ROS2/install/bluerov2_description/share/bluerov2_description/environment/ament_prefix_path.dsv
[0.897s] -- Installing: /home/swayanshree/projects/Makara-AUV-ROS2/install/bluerov2_description/share/bluerov2_description/environment/path.sh
[0.897s] -- Installing: /home/swayanshree/projects/Makara-AUV-ROS2/install/bluerov2_description/share/bluerov2_description/environment/path.dsv
[0.897s] -- Installing: /home/swayanshree/projects/Makara-AUV-ROS2/install/bluerov2_description/share/bluerov2_description/local_setup.bash
[0.897s] -- Installing: /home/swayanshree/projects/Makara-AUV-ROS2/install/bluerov2_description/share/bluerov2_description/local_setup.sh
[0.897s] -- Installing: /home/swayanshree/projects/Makara-AUV-ROS2/install/bluerov2_description/share/bluerov2_description/local_setup.zsh
[0.897s] -- Installing: /home/swayanshree/projects/Makara-AUV-ROS2/install/bluerov2_description/share/bluerov2_description/local_setup.dsv
[0.898s] -- Installing: /home/swayanshree/projects/Makara-AUV-ROS2/install/bluerov2_description/share/bluerov2_description/package.dsv
[0.898s] -- Installing: /home/swayanshree/projects/Makara-AUV-ROS2/install/bluerov2_description/share/ament_index/resource_index/packages/bluerov2_description
[0.898s] -- Installing: /home/swayanshree/projects/Makara-AUV-ROS2/install/bluerov2_description/share/bluerov2_description/cmake/bluerov2_descriptionConfig.cmake
[0.898s] -- Installing: /home/swayanshree/projects/Makara-AUV-ROS2/install/bluerov2_description/share/bluerov2_description/cmake/bluerov2_descriptionConfig-version.cmake
[0.898s] -- Installing: /home/swayanshree/projects/Makara-AUV-ROS2/install/bluerov2_description/share/bluerov2_description/package.xml
[0.899s] Invoked command in '/home/swayanshree/projects/Makara-AUV-ROS2/build/bluerov2_description' returned '0': CMAKE_PREFIX_PATH=${CMAKE_PREFIX_PATH}:/home/swayanshree/projects/Makara-AUV-ROS2/install/uuv_simulator:/home/swayanshree/projects/Makara-AUV-ROS2/install/makara_serial:/home/swayanshree/projects/Makara-AUV-ROS2/install/hammerhead_serial:/home/swayanshree/projects/Makara-AUV-ROS2/install/data_sync:/home/swayanshree/projects/Makara-AUV-ROS2/install/makara_vision:/home/swayanshree/projects/Makara-AUV-ROS2/install/makara_bringup:/opt/ros/jazzy DEBUGINFOD_URLS=https://debuginfod.ubuntu.com /usr/bin/cmake --install /home/swayanshree/projects/Makara-AUV-ROS2/build/bluerov2_description
