[  1%] Built target hammerhead_interfaces__rosidl_generator_type_description
[  1%] Built target ament_cmake_python_copy_hammerhead_interfaces
[  1%] Built target hammerhead_interfaces__cpp
[ 27%] Built target hammerhead_interfaces__rosidl_generator_c
[ 36%] Built target hammerhead_interfaces__rosidl_typesupport_introspection_c
[ 45%] Built target hammerhead_interfaces__rosidl_typesupport_cpp
[ 67%] Built target hammerhead_interfaces__rosidl_typesupport_fastrtps_c
[ 67%] Built target hammerhead_interfaces__rosidl_typesupport_c
[ 78%] Built target hammerhead_interfaces__rosidl_typesupport_fastrtps_cpp
[ 85%] Built target hammerhead_interfaces__rosidl_typesupport_introspection_cpp
[ 85%] Built target hammerhead_interfaces
[ 86%] Built target hammerhead_interfaces__py
[ 95%] Built target hammerhead_interfaces__rosidl_generator_py
[ 96%] Built target hammerhead_interfaces_s__rosidl_typesupport_fastrtps_c
[100%] Built target hammerhead_interfaces_s__rosidl_typesupport_c
[100%] Built target hammerhead_interfaces_s__rosidl_typesupport_introspection_c
running egg_info
writing hammerhead_interfaces.egg-info/PKG-INFO
writing dependency_links to hammerhead_interfaces.egg-info/dependency_links.txt
writing top-level names to hammerhead_interfaces.egg-info/top_level.txt
reading manifest file 'hammerhead_interfaces.egg-info/SOURCES.txt'
writing manifest file 'hammerhead_interfaces.egg-info/SOURCES.txt'
[100%] Built target ament_cmake_python_build_hammerhead_interfaces_egg
