[0.038s] Invoking command in '/home/swayanshree/projects/Makara-AUV-ROS2/build/hammerhead_interfaces': CMAKE_PREFIX_PATH=${CMAKE_PREFIX_PATH}:/home/swayanshree/projects/Makara-AUV-ROS2/install/uuv_sensor_ros_plugins:/home/swayanshree/projects/Makara-AUV-ROS2/install/uuv_gazebo_ros_plugins:/home/swayanshree/projects/Makara-AUV-ROS2/install/uuv_descriptions:/home/swayanshree/projects/Makara-AUV-ROS2/install/makara_vision:/home/swayanshree/projects/Makara-AUV-ROS2/install/makara_serial:/home/swayanshree/projects/Makara-AUV-ROS2/install/makara_bringup:/home/swayanshree/projects/Makara-AUV-ROS2/install/hammerhead_serial:/home/swayanshree/projects/Makara-AUV-ROS2/install/data_sync:/opt/ros/jazzy DEBUGINFOD_URLS=https://debuginfod.ubuntu.com /usr/bin/cmake --build /home/swayanshree/projects/Makara-AUV-ROS2/build/hammerhead_interfaces -- -j16 -l16
[0.700s] [  1%] Built target hammerhead_interfaces__rosidl_generator_type_description
[0.700s] [  1%] Built target ament_cmake_python_copy_hammerhead_interfaces
[0.701s] [  1%] Built target hammerhead_interfaces__cpp
[0.701s] [ 27%] Built target hammerhead_interfaces__rosidl_generator_c
[0.701s] [ 36%] Built target hammerhead_interfaces__rosidl_typesupport_introspection_c
[0.701s] [ 45%] Built target hammerhead_interfaces__rosidl_typesupport_cpp
[0.701s] [ 67%] Built target hammerhead_interfaces__rosidl_typesupport_fastrtps_c
[0.701s] [ 67%] Built target hammerhead_interfaces__rosidl_typesupport_c
[0.701s] [ 78%] Built target hammerhead_interfaces__rosidl_typesupport_fastrtps_cpp
[0.701s] [ 85%] Built target hammerhead_interfaces__rosidl_typesupport_introspection_cpp
[0.701s] [ 85%] Built target hammerhead_interfaces
[0.701s] [ 86%] Built target hammerhead_interfaces__py
[0.701s] [ 95%] Built target hammerhead_interfaces__rosidl_generator_py
[0.702s] [ 96%] Built target hammerhead_interfaces_s__rosidl_typesupport_fastrtps_c
[0.702s] [100%] Built target hammerhead_interfaces_s__rosidl_typesupport_c
[0.702s] [100%] Built target hammerhead_interfaces_s__rosidl_typesupport_introspection_c
[0.702s] running egg_info
[0.702s] writing hammerhead_interfaces.egg-info/PKG-INFO
[0.702s] writing dependency_links to hammerhead_interfaces.egg-info/dependency_links.txt
[0.702s] writing top-level names to hammerhead_interfaces.egg-info/top_level.txt
[0.702s] reading manifest file 'hammerhead_interfaces.egg-info/SOURCES.txt'
[0.702s] writing manifest file 'hammerhead_interfaces.egg-info/SOURCES.txt'
[0.702s] [100%] Built target ament_cmake_python_build_hammerhead_interfaces_egg
