[0.026s] Invoking command in '/home/swayanshree/projects/Makara-AUV-ROS2/build/auv_description': CMAKE_PREFIX_PATH=${CMAKE_PREFIX_PATH}:/home/swayanshree/projects/Makara-AUV-ROS2/install/uuv_sensor_ros_plugins:/home/swayanshree/projects/Makara-AUV-ROS2/install/uuv_gazebo_ros_plugins:/home/swayanshree/projects/Makara-AUV-ROS2/install/uuv_descriptions:/home/swayanshree/projects/Makara-AUV-ROS2/install/makara_vision:/home/swayanshree/projects/Makara-AUV-ROS2/install/makara_serial:/home/swayanshree/projects/Makara-AUV-ROS2/install/makara_bringup:/home/swayanshree/projects/Makara-AUV-ROS2/install/hammerhead_serial:/home/swayanshree/projects/Makara-AUV-ROS2/install/data_sync:/opt/ros/jazzy DEBUGINFOD_URLS=https://debuginfod.ubuntu.com /usr/bin/cmake --build /home/swayanshree/projects/Makara-AUV-ROS2/build/auv_description -- -j16 -l16
[0.806s] Invoked command in '/home/swayanshree/projects/Makara-AUV-ROS2/build/auv_description' returned '0': CMAKE_PREFIX_PATH=${CMAKE_PREFIX_PATH}:/home/swayanshree/projects/Makara-AUV-ROS2/install/uuv_sensor_ros_plugins:/home/swayanshree/projects/Makara-AUV-ROS2/install/uuv_gazebo_ros_plugins:/home/swayanshree/projects/Makara-AUV-ROS2/install/uuv_descriptions:/home/swayanshree/projects/Makara-AUV-ROS2/install/makara_vision:/home/swayanshree/projects/Makara-AUV-ROS2/install/makara_serial:/home/swayanshree/projects/Makara-AUV-ROS2/install/makara_bringup:/home/swayanshree/projects/Makara-AUV-ROS2/install/hammerhead_serial:/home/swayanshree/projects/Makara-AUV-ROS2/install/data_sync:/opt/ros/jazzy DEBUGINFOD_URLS=https://debuginfod.ubuntu.com /usr/bin/cmake --build /home/swayanshree/projects/Makara-AUV-ROS2/build/auv_description -- -j16 -l16
[0.806s] Invoking command in '/home/swayanshree/projects/Makara-AUV-ROS2/build/auv_description': CMAKE_PREFIX_PATH=${CMAKE_PREFIX_PATH}:/home/swayanshree/projects/Makara-AUV-ROS2/install/uuv_sensor_ros_plugins:/home/swayanshree/projects/Makara-AUV-ROS2/install/uuv_gazebo_ros_plugins:/home/swayanshree/projects/Makara-AUV-ROS2/install/uuv_descriptions:/home/swayanshree/projects/Makara-AUV-ROS2/install/makara_vision:/home/swayanshree/projects/Makara-AUV-ROS2/install/makara_serial:/home/swayanshree/projects/Makara-AUV-ROS2/install/makara_bringup:/home/swayanshree/projects/Makara-AUV-ROS2/install/hammerhead_serial:/home/swayanshree/projects/Makara-AUV-ROS2/install/data_sync:/opt/ros/jazzy DEBUGINFOD_URLS=https://debuginfod.ubuntu.com /usr/bin/cmake --install /home/swayanshree/projects/Makara-AUV-ROS2/build/auv_description
[0.837s] -- Install configuration: ""
[0.840s] -- Up-to-date: /home/swayanshree/projects/Makara-AUV-ROS2/install/auv_description/share/auv_description/launch
[0.840s] -- Up-to-date: /home/swayanshree/projects/Makara-AUV-ROS2/install/auv_description/share/auv_description/launch/teleop_keyboard_launch.py
[0.840s] -- Up-to-date: /home/swayanshree/projects/Makara-AUV-ROS2/install/auv_description/share/auv_description/launch/gazebo_auv_launch.py.bak
[0.840s] -- Installing: /home/swayanshree/projects/Makara-AUV-ROS2/install/auv_description/share/auv_description/launch/gazebo_auv_launch.py
[0.841s] -- Up-to-date: /home/swayanshree/projects/Makara-AUV-ROS2/install/auv_description/share/auv_description/urdf
[0.841s] -- Up-to-date: /home/swayanshree/projects/Makara-AUV-ROS2/install/auv_description/share/auv_description/urdf/auv.urdf.xacro
[0.841s] -- Up-to-date: /home/swayanshree/projects/Makara-AUV-ROS2/install/auv_description/share/auv_description/worlds
[0.841s] -- Up-to-date: /home/swayanshree/projects/Makara-AUV-ROS2/install/auv_description/share/auv_description/worlds/pool.world
[0.841s] -- Up-to-date: /home/swayanshree/projects/Makara-AUV-ROS2/install/auv_description/lib/auv_description/thruster_mixer.py
[0.841s] -- Up-to-date: /home/swayanshree/projects/Makara-AUV-ROS2/install/auv_description/lib/auv_description/sim_bridge.py
[0.841s] -- Up-to-date: /home/swayanshree/projects/Makara-AUV-ROS2/install/auv_description/lib/auv_description/setpoint_publisher.py
[0.841s] -- Up-to-date: /home/swayanshree/projects/Makara-AUV-ROS2/install/auv_description/lib/auv_description/pid_publisher.py
[0.841s] -- Up-to-date: /home/swayanshree/projects/Makara-AUV-ROS2/install/auv_description/lib/auv_description/makara_gui.py
[0.841s] -- Up-to-date: /home/swayanshree/projects/Makara-AUV-ROS2/install/auv_description/share/ament_index/resource_index/package_run_dependencies/auv_description
[0.841s] -- Up-to-date: /home/swayanshree/projects/Makara-AUV-ROS2/install/auv_description/share/ament_index/resource_index/parent_prefix_path/auv_description
[0.841s] -- Up-to-date: /home/swayanshree/projects/Makara-AUV-ROS2/install/auv_description/share/auv_description/environment/ament_prefix_path.sh
[0.841s] -- Up-to-date: /home/swayanshree/projects/Makara-AUV-ROS2/install/auv_description/share/auv_description/environment/ament_prefix_path.dsv
[0.841s] -- Up-to-date: /home/swayanshree/projects/Makara-AUV-ROS2/install/auv_description/share/auv_description/environment/path.sh
[0.841s] -- Up-to-date: /home/swayanshree/projects/Makara-AUV-ROS2/install/auv_description/share/auv_description/environment/path.dsv
[0.841s] -- Up-to-date: /home/swayanshree/projects/Makara-AUV-ROS2/install/auv_description/share/auv_description/local_setup.bash
[0.841s] -- Up-to-date: /home/swayanshree/projects/Makara-AUV-ROS2/install/auv_description/share/auv_description/local_setup.sh
[0.841s] -- Up-to-date: /home/swayanshree/projects/Makara-AUV-ROS2/install/auv_description/share/auv_description/local_setup.zsh
[0.841s] -- Up-to-date: /home/swayanshree/projects/Makara-AUV-ROS2/install/auv_description/share/auv_description/local_setup.dsv
[0.841s] -- Installing: /home/swayanshree/projects/Makara-AUV-ROS2/install/auv_description/share/auv_description/package.dsv
[0.841s] -- Up-to-date: /home/swayanshree/projects/Makara-AUV-ROS2/install/auv_description/share/ament_index/resource_index/packages/auv_description
[0.842s] -- Up-to-date: /home/swayanshree/projects/Makara-AUV-ROS2/install/auv_description/share/auv_description/cmake/auv_descriptionConfig.cmake
[0.842s] -- Up-to-date: /home/swayanshree/projects/Makara-AUV-ROS2/install/auv_description/share/auv_description/cmake/auv_descriptionConfig-version.cmake
[0.842s] -- Up-to-date: /home/swayanshree/projects/Makara-AUV-ROS2/install/auv_description/share/auv_description/package.xml
[0.867s] Invoked command in '/home/swayanshree/projects/Makara-AUV-ROS2/build/auv_description' returned '0': CMAKE_PREFIX_PATH=${CMAKE_PREFIX_PATH}:/home/swayanshree/projects/Makara-AUV-ROS2/install/uuv_sensor_ros_plugins:/home/swayanshree/projects/Makara-AUV-ROS2/install/uuv_gazebo_ros_plugins:/home/swayanshree/projects/Makara-AUV-ROS2/install/uuv_descriptions:/home/swayanshree/projects/Makara-AUV-ROS2/install/makara_vision:/home/swayanshree/projects/Makara-AUV-ROS2/install/makara_serial:/home/swayanshree/projects/Makara-AUV-ROS2/install/makara_bringup:/home/swayanshree/projects/Makara-AUV-ROS2/install/hammerhead_serial:/home/swayanshree/projects/Makara-AUV-ROS2/install/data_sync:/opt/ros/jazzy DEBUGINFOD_URLS=https://debuginfod.ubuntu.com /usr/bin/cmake --install /home/swayanshree/projects/Makara-AUV-ROS2/build/auv_description
