running egg_info
writing ../../build/uuv_sensor_ros_plugins/uuv_sensor_ros_plugins.egg-info/PKG-INFO
writing dependency_links to ../../build/uuv_sensor_ros_plugins/uuv_sensor_ros_plugins.egg-info/dependency_links.txt
writing requirements to ../../build/uuv_sensor_ros_plugins/uuv_sensor_ros_plugins.egg-info/requires.txt
writing top-level names to ../../build/uuv_sensor_ros_plugins/uuv_sensor_ros_plugins.egg-info/top_level.txt
reading manifest file '../../build/uuv_sensor_ros_plugins/uuv_sensor_ros_plugins.egg-info/SOURCES.txt'
writing manifest file '../../build/uuv_sensor_ros_plugins/uuv_sensor_ros_plugins.egg-info/SOURCES.txt'
running build
running install
running install_data
creating /home/swayanshree/projects/Makara-AUV-ROS2/install/uuv_sensor_ros_plugins/share/uuv_sensor_ros_plugins/urdf
copying urdf/sonar_snippets.xacro -> /home/swayanshree/projects/Makara-AUV-ROS2/install/uuv_sensor_ros_plugins/share/uuv_sensor_ros_plugins/urdf
copying urdf/stereo_snippets.xacro -> /home/swayanshree/projects/Makara-AUV-ROS2/install/uuv_sensor_ros_plugins/share/uuv_sensor_ros_plugins/urdf
copying urdf/sensor_snippets.xacro -> /home/swayanshree/projects/Makara-AUV-ROS2/install/uuv_sensor_ros_plugins/share/uuv_sensor_ros_plugins/urdf
copying urdf/rpt_snippets.xacro -> /home/swayanshree/projects/Makara-AUV-ROS2/install/uuv_sensor_ros_plugins/share/uuv_sensor_ros_plugins/urdf
copying urdf/camera_snippets.xacro -> /home/swayanshree/projects/Makara-AUV-ROS2/install/uuv_sensor_ros_plugins/share/uuv_sensor_ros_plugins/urdf
copying urdf/chemical_concentration_snippets.xacro -> /home/swayanshree/projects/Makara-AUV-ROS2/install/uuv_sensor_ros_plugins/share/uuv_sensor_ros_plugins/urdf
copying urdf/imu_snippets.xacro -> /home/swayanshree/projects/Makara-AUV-ROS2/install/uuv_sensor_ros_plugins/share/uuv_sensor_ros_plugins/urdf
copying urdf/gps_sensor_snippets.xacro -> /home/swayanshree/projects/Makara-AUV-ROS2/install/uuv_sensor_ros_plugins/share/uuv_sensor_ros_plugins/urdf
copying urdf/pressure_snippets.xacro -> /home/swayanshree/projects/Makara-AUV-ROS2/install/uuv_sensor_ros_plugins/share/uuv_sensor_ros_plugins/urdf
copying urdf/pose_3d_snippets.xacro -> /home/swayanshree/projects/Makara-AUV-ROS2/install/uuv_sensor_ros_plugins/share/uuv_sensor_ros_plugins/urdf
copying urdf/dvl_snippets.xacro -> /home/swayanshree/projects/Makara-AUV-ROS2/install/uuv_sensor_ros_plugins/share/uuv_sensor_ros_plugins/urdf
copying urdf/magnetometer_snippets.xacro -> /home/swayanshree/projects/Makara-AUV-ROS2/install/uuv_sensor_ros_plugins/share/uuv_sensor_ros_plugins/urdf
running install_egg_info
removing '/home/swayanshree/projects/Makara-AUV-ROS2/install/uuv_sensor_ros_plugins/lib/python3.12/site-packages/uuv_sensor_ros_plugins-0.0.0-py3.12.egg-info' (and everything under it)
Copying ../../build/uuv_sensor_ros_plugins/uuv_sensor_ros_plugins.egg-info to /home/swayanshree/projects/Makara-AUV-ROS2/install/uuv_sensor_ros_plugins/lib/python3.12/site-packages/uuv_sensor_ros_plugins-0.0.0-py3.12.egg-info
running install_scripts
writing list of installed files to '/home/swayanshree/projects/Makara-AUV-ROS2/build/uuv_sensor_ros_plugins/install.log'
