[1.275s] Invoking command in '/home/swayanshree/projects/Makara-AUV-ROS2/src/uuv_sensor_ros_plugins': DEBUGINFOD_URLS=https://debuginfod.ubuntu.com PYTHONPATH=/home/swayanshree/projects/Makara-AUV-ROS2/build/uuv_sensor_ros_plugins/prefix_override:/usr/lib/python3/dist-packages/colcon_core/task/python/colcon_distutils_commands:/home/swayanshree/projects/Makara-AUV-ROS2/install/uuv_sensor_ros_plugins/lib/python3.12/site-packages:${PYTHONPATH} /usr/bin/python3 -W ignore:setup.py install is deprecated -W ignore:easy_install command is deprecated setup.py egg_info --egg-base ../../build/uuv_sensor_ros_plugins build --build-base /home/swayanshree/projects/Makara-AUV-ROS2/build/uuv_sensor_ros_plugins/build install --record /home/swayanshree/projects/Makara-AUV-ROS2/build/uuv_sensor_ros_plugins/install.log --single-version-externally-managed install_data
[1.438s] running egg_info
[1.449s] writing ../../build/uuv_sensor_ros_plugins/uuv_sensor_ros_plugins.egg-info/PKG-INFO
[1.449s] writing dependency_links to ../../build/uuv_sensor_ros_plugins/uuv_sensor_ros_plugins.egg-info/dependency_links.txt
[1.449s] writing requirements to ../../build/uuv_sensor_ros_plugins/uuv_sensor_ros_plugins.egg-info/requires.txt
[1.449s] writing top-level names to ../../build/uuv_sensor_ros_plugins/uuv_sensor_ros_plugins.egg-info/top_level.txt
[1.460s] reading manifest file '../../build/uuv_sensor_ros_plugins/uuv_sensor_ros_plugins.egg-info/SOURCES.txt'
[1.461s] writing manifest file '../../build/uuv_sensor_ros_plugins/uuv_sensor_ros_plugins.egg-info/SOURCES.txt'
[1.461s] running build
[1.461s] running install
[1.465s] running install_data
[1.465s] creating /home/swayanshree/projects/Makara-AUV-ROS2/install/uuv_sensor_ros_plugins/share/uuv_sensor_ros_plugins/urdf
[1.465s] copying urdf/sonar_snippets.xacro -> /home/swayanshree/projects/Makara-AUV-ROS2/install/uuv_sensor_ros_plugins/share/uuv_sensor_ros_plugins/urdf
[1.465s] copying urdf/stereo_snippets.xacro -> /home/swayanshree/projects/Makara-AUV-ROS2/install/uuv_sensor_ros_plugins/share/uuv_sensor_ros_plugins/urdf
[1.465s] copying urdf/sensor_snippets.xacro -> /home/swayanshree/projects/Makara-AUV-ROS2/install/uuv_sensor_ros_plugins/share/uuv_sensor_ros_plugins/urdf
[1.465s] copying urdf/rpt_snippets.xacro -> /home/swayanshree/projects/Makara-AUV-ROS2/install/uuv_sensor_ros_plugins/share/uuv_sensor_ros_plugins/urdf
[1.465s] copying urdf/camera_snippets.xacro -> /home/swayanshree/projects/Makara-AUV-ROS2/install/uuv_sensor_ros_plugins/share/uuv_sensor_ros_plugins/urdf
[1.465s] copying urdf/chemical_concentration_snippets.xacro -> /home/swayanshree/projects/Makara-AUV-ROS2/install/uuv_sensor_ros_plugins/share/uuv_sensor_ros_plugins/urdf
[1.465s] copying urdf/imu_snippets.xacro -> /home/swayanshree/projects/Makara-AUV-ROS2/install/uuv_sensor_ros_plugins/share/uuv_sensor_ros_plugins/urdf
[1.465s] copying urdf/gps_sensor_snippets.xacro -> /home/swayanshree/projects/Makara-AUV-ROS2/install/uuv_sensor_ros_plugins/share/uuv_sensor_ros_plugins/urdf
[1.465s] copying urdf/pressure_snippets.xacro -> /home/swayanshree/projects/Makara-AUV-ROS2/install/uuv_sensor_ros_plugins/share/uuv_sensor_ros_plugins/urdf
[1.465s] copying urdf/pose_3d_snippets.xacro -> /home/swayanshree/projects/Makara-AUV-ROS2/install/uuv_sensor_ros_plugins/share/uuv_sensor_ros_plugins/urdf
[1.466s] copying urdf/dvl_snippets.xacro -> /home/swayanshree/projects/Makara-AUV-ROS2/install/uuv_sensor_ros_plugins/share/uuv_sensor_ros_plugins/urdf
[1.466s] copying urdf/magnetometer_snippets.xacro -> /home/swayanshree/projects/Makara-AUV-ROS2/install/uuv_sensor_ros_plugins/share/uuv_sensor_ros_plugins/urdf
[1.466s] running install_egg_info
[1.488s] removing '/home/swayanshree/projects/Makara-AUV-ROS2/install/uuv_sensor_ros_plugins/lib/python3.12/site-packages/uuv_sensor_ros_plugins-0.0.0-py3.12.egg-info' (and everything under it)
[1.489s] Copying ../../build/uuv_sensor_ros_plugins/uuv_sensor_ros_plugins.egg-info to /home/swayanshree/projects/Makara-AUV-ROS2/install/uuv_sensor_ros_plugins/lib/python3.12/site-packages/uuv_sensor_ros_plugins-0.0.0-py3.12.egg-info
[1.489s] running install_scripts
[1.564s] writing list of installed files to '/home/swayanshree/projects/Makara-AUV-ROS2/build/uuv_sensor_ros_plugins/install.log'
[1.590s] Invoked command in '/home/swayanshree/projects/Makara-AUV-ROS2/src/uuv_sensor_ros_plugins' returned '0': DEBUGINFOD_URLS=https://debuginfod.ubuntu.com PYTHONPATH=/home/swayanshree/projects/Makara-AUV-ROS2/build/uuv_sensor_ros_plugins/prefix_override:/usr/lib/python3/dist-packages/colcon_core/task/python/colcon_distutils_commands:/home/swayanshree/projects/Makara-AUV-ROS2/install/uuv_sensor_ros_plugins/lib/python3.12/site-packages:${PYTHONPATH} /usr/bin/python3 -W ignore:setup.py install is deprecated -W ignore:easy_install command is deprecated setup.py egg_info --egg-base ../../build/uuv_sensor_ros_plugins build --build-base /home/swayanshree/projects/Makara-AUV-ROS2/build/uuv_sensor_ros_plugins/build install --record /home/swayanshree/projects/Makara-AUV-ROS2/build/uuv_sensor_ros_plugins/install.log --single-version-externally-managed install_data
