running egg_info
creating ../../build/uuv_descriptions/uuv_descriptions.egg-info
writing ../../build/uuv_descriptions/uuv_descriptions.egg-info/PKG-INFO
writing dependency_links to ../../build/uuv_descriptions/uuv_descriptions.egg-info/dependency_links.txt
writing requirements to ../../build/uuv_descriptions/uuv_descriptions.egg-info/requires.txt
writing top-level names to ../../build/uuv_descriptions/uuv_descriptions.egg-info/top_level.txt
writing manifest file '../../build/uuv_descriptions/uuv_descriptions.egg-info/SOURCES.txt'
reading manifest file '../../build/uuv_descriptions/uuv_descriptions.egg-info/SOURCES.txt'
writing manifest file '../../build/uuv_descriptions/uuv_descriptions.egg-info/SOURCES.txt'
running build
running build_py
creating /home/swayanshree/projects/Makara-AUV-ROS2/build/uuv_descriptions/build
creating /home/swayanshree/projects/Makara-AUV-ROS2/build/uuv_descriptions/build/lib
creating /home/swayanshree/projects/Makara-AUV-ROS2/build/uuv_descriptions/build/lib/uuv_descriptions
copying uuv_descriptions/__init__.py -> /home/swayanshree/projects/Makara-AUV-ROS2/build/uuv_descriptions/build/lib/uuv_descriptions
running install
running install_lib
creating /home/swayanshree/projects/Makara-AUV-ROS2/install/uuv_descriptions/lib/python3.12/site-packages/uuv_descriptions
copying /home/swayanshree/projects/Makara-AUV-ROS2/build/uuv_descriptions/build/lib/uuv_descriptions/__init__.py -> /home/swayanshree/projects/Makara-AUV-ROS2/install/uuv_descriptions/lib/python3.12/site-packages/uuv_descriptions
byte-compiling /home/swayanshree/projects/Makara-AUV-ROS2/install/uuv_descriptions/lib/python3.12/site-packages/uuv_descriptions/__init__.py to __init__.cpython-312.pyc
running install_data
creating /home/swayanshree/projects/Makara-AUV-ROS2/install/uuv_descriptions/share/ament_index
creating /home/swayanshree/projects/Makara-AUV-ROS2/install/uuv_descriptions/share/ament_index/resource_index
creating /home/swayanshree/projects/Makara-AUV-ROS2/install/uuv_descriptions/share/ament_index/resource_index/packages
copying resource/uuv_descriptions -> /home/swayanshree/projects/Makara-AUV-ROS2/install/uuv_descriptions/share/ament_index/resource_index/packages
copying package.xml -> /home/swayanshree/projects/Makara-AUV-ROS2/install/uuv_descriptions/share/uuv_descriptions
running install_egg_info
Copying ../../build/uuv_descriptions/uuv_descriptions.egg-info to /home/swayanshree/projects/Makara-AUV-ROS2/install/uuv_descriptions/lib/python3.12/site-packages/uuv_descriptions-0.0.0-py3.12.egg-info
running install_scripts
writing list of installed files to '/home/swayanshree/projects/Makara-AUV-ROS2/build/uuv_descriptions/install.log'
