[0.685s] Invoking command in '/home/swayanshree/projects/Makara-AUV-ROS2/src/makara_serial': AMENT_PREFIX_PATH=/home/swayanshree/projects/Makara-AUV-ROS2/install/makara_interfaces:${AMENT_PREFIX_PATH} CMAKE_PREFIX_PATH=/home/swayanshree/projects/Makara-AUV-ROS2/install/makara_interfaces:${CMAKE_PREFIX_PATH} DEBUGINFOD_URLS=https://debuginfod.ubuntu.com LD_LIBRARY_PATH=/home/swayanshree/projects/Makara-AUV-ROS2/install/makara_interfaces/lib:${LD_LIBRARY_PATH} PYTHONPATH=/home/swayanshree/projects/Makara-AUV-ROS2/build/makara_serial/prefix_override:/usr/lib/python3/dist-packages/colcon_core/task/python/colcon_distutils_commands:/home/swayanshree/projects/Makara-AUV-ROS2/install/makara_serial/lib/python3.12/site-packages:/home/swayanshree/projects/Makara-AUV-ROS2/install/makara_interfaces/lib/python3.12/site-packages:${PYTHONPATH} /usr/bin/python3 -W ignore:setup.py install is deprecated -W ignore:easy_install command is deprecated setup.py egg_info --egg-base ../../build/makara_serial build --build-base /home/swayanshree/projects/Makara-AUV-ROS2/build/makara_serial/build install --record /home/swayanshree/projects/Makara-AUV-ROS2/build/makara_serial/install.log --single-version-externally-managed install_data
[0.836s] running egg_info
[0.846s] writing ../../build/makara_serial/makara_serial.egg-info/PKG-INFO
[0.846s] writing dependency_links to ../../build/makara_serial/makara_serial.egg-info/dependency_links.txt
[0.846s] writing entry points to ../../build/makara_serial/makara_serial.egg-info/entry_points.txt
[0.846s] writing requirements to ../../build/makara_serial/makara_serial.egg-info/requires.txt
[0.846s] writing top-level names to ../../build/makara_serial/makara_serial.egg-info/top_level.txt
[0.866s] reading manifest file '../../build/makara_serial/makara_serial.egg-info/SOURCES.txt'
[0.867s] writing manifest file '../../build/makara_serial/makara_serial.egg-info/SOURCES.txt'
[0.867s] running build
[0.867s] running build_py
[0.867s] running install
[0.872s] running install_lib
[0.882s] running install_data
[0.882s] running install_egg_info
[0.894s] removing '/home/swayanshree/projects/Makara-AUV-ROS2/install/makara_serial/lib/python3.12/site-packages/makara_serial-0.0.0-py3.12.egg-info' (and everything under it)
[0.894s] Copying ../../build/makara_serial/makara_serial.egg-info to /home/swayanshree/projects/Makara-AUV-ROS2/install/makara_serial/lib/python3.12/site-packages/makara_serial-0.0.0-py3.12.egg-info
[0.894s] running install_scripts
[0.965s] Installing makara_serial_node script to /home/swayanshree/projects/Makara-AUV-ROS2/install/makara_serial/lib/makara_serial
[0.966s] writing list of installed files to '/home/swayanshree/projects/Makara-AUV-ROS2/build/makara_serial/install.log'
[0.984s] Invoked command in '/home/swayanshree/projects/Makara-AUV-ROS2/src/makara_serial' returned '0': AMENT_PREFIX_PATH=/home/swayanshree/projects/Makara-AUV-ROS2/install/makara_interfaces:${AMENT_PREFIX_PATH} CMAKE_PREFIX_PATH=/home/swayanshree/projects/Makara-AUV-ROS2/install/makara_interfaces:${CMAKE_PREFIX_PATH} DEBUGINFOD_URLS=https://debuginfod.ubuntu.com LD_LIBRARY_PATH=/home/swayanshree/projects/Makara-AUV-ROS2/install/makara_interfaces/lib:${LD_LIBRARY_PATH} PYTHONPATH=/home/swayanshree/projects/Makara-AUV-ROS2/build/makara_serial/prefix_override:/usr/lib/python3/dist-packages/colcon_core/task/python/colcon_distutils_commands:/home/swayanshree/projects/Makara-AUV-ROS2/install/makara_serial/lib/python3.12/site-packages:/home/swayanshree/projects/Makara-AUV-ROS2/install/makara_interfaces/lib/python3.12/site-packages:${PYTHONPATH} /usr/bin/python3 -W ignore:setup.py install is deprecated -W ignore:easy_install command is deprecated setup.py egg_info --egg-base ../../build/makara_serial build --build-base /home/swayanshree/projects/Makara-AUV-ROS2/build/makara_serial/build install --record /home/swayanshree/projects/Makara-AUV-ROS2/build/makara_serial/install.log --single-version-externally-managed install_data
