[0.024s] Invoking command in '/home/swayanshree/projects/Makara-AUV-ROS2/build/makara_interfaces': CMAKE_PREFIX_PATH=${CMAKE_PREFIX_PATH}:/home/swayanshree/projects/Makara-AUV-ROS2/install/uuv_simulator:/home/swayanshree/projects/Makara-AUV-ROS2/install/makara_serial:/home/swayanshree/projects/Makara-AUV-ROS2/install/hammerhead_serial:/home/swayanshree/projects/Makara-AUV-ROS2/install/data_sync:/home/swayanshree/projects/Makara-AUV-ROS2/install/makara_vision:/home/swayanshree/projects/Makara-AUV-ROS2/install/makara_bringup:/opt/ros/jazzy DEBUGINFOD_URLS=https://debuginfod.ubuntu.com /usr/bin/cmake /home/swayanshree/projects/Makara-AUV-ROS2/src/makara_interfaces -DCMAKE_INSTALL_PREFIX=/home/swayanshree/projects/Makara-AUV-ROS2/install/makara_interfaces
[0.718s] -- The C compiler identification is GNU 13.3.0
[0.718s] -- The CXX compiler identification is GNU 13.3.0
[0.718s] -- Detecting C compiler ABI info
[0.718s] -- Detecting C compiler ABI info - done
[0.718s] -- Check for working C compiler: /usr/bin/cc - skipped
[0.718s] -- Detecting C compile features
[0.718s] -- Detecting C compile features - done
[0.718s] -- Detecting CXX compiler ABI info
[0.718s] -- Detecting CXX compiler ABI info - done
[0.718s] -- Check for working CXX compiler: /usr/bin/c++ - skipped
[0.718s] -- Detecting CXX compile features
[0.718s] -- Detecting CXX compile features - done
[0.718s] -- Found ament_cmake: 2.5.5 (/opt/ros/jazzy/share/ament_cmake/cmake)
[0.718s] -- Found Python3: /usr/bin/python3 (found version "3.12.3") found components: Interpreter 
[0.719s] -- Found rosidl_default_generators: 1.6.0 (/opt/ros/jazzy/share/rosidl_default_generators/cmake)
[0.719s] -- Using all available rosidl_typesupport_c: rosidl_typesupport_fastrtps_c;rosidl_typesupport_introspection_c
[0.719s] -- Using all available rosidl_typesupport_cpp: rosidl_typesupport_fastrtps_cpp;rosidl_typesupport_introspection_cpp
[0.719s] -- Found rosidl_adapter: 4.6.7 (/opt/ros/jazzy/share/rosidl_adapter/cmake)
[0.719s] -- Found std_msgs: 5.3.6 (/opt/ros/jazzy/share/std_msgs/cmake)
[1.028s] -- Found ament_cmake_ros: 0.12.0 (/opt/ros/jazzy/share/ament_cmake_ros/cmake)
[1.424s] -- Using all available rosidl_typesupport_c: rosidl_typesupport_fastrtps_c;rosidl_typesupport_introspection_c
[1.901s] -- Using all available rosidl_typesupport_cpp: rosidl_typesupport_fastrtps_cpp;rosidl_typesupport_introspection_cpp
[1.903s] -- Found python_cmake_module: 0.11.1 (/opt/ros/jazzy/share/python_cmake_module/cmake)
[2.008s] -- Found PythonExtra: /usr/bin/python3  
[2.471s] -- Found Python3: /usr/bin/python3 (found version "3.12.3") found components: Interpreter Development NumPy Development.Module Development.Embed 
[2.507s] -- Configuring done (2.5s)
[2.546s] -- Generating done (0.0s)
[2.555s] -- Build files have been written to: /home/swayanshree/projects/Makara-AUV-ROS2/build/makara_interfaces
[2.560s] Invoked command in '/home/swayanshree/projects/Makara-AUV-ROS2/build/makara_interfaces' returned '0': CMAKE_PREFIX_PATH=${CMAKE_PREFIX_PATH}:/home/swayanshree/projects/Makara-AUV-ROS2/install/uuv_simulator:/home/swayanshree/projects/Makara-AUV-ROS2/install/makara_serial:/home/swayanshree/projects/Makara-AUV-ROS2/install/hammerhead_serial:/home/swayanshree/projects/Makara-AUV-ROS2/install/data_sync:/home/swayanshree/projects/Makara-AUV-ROS2/install/makara_vision:/home/swayanshree/projects/Makara-AUV-ROS2/install/makara_bringup:/opt/ros/jazzy DEBUGINFOD_URLS=https://debuginfod.ubuntu.com /usr/bin/cmake /home/swayanshree/projects/Makara-AUV-ROS2/src/makara_interfaces -DCMAKE_INSTALL_PREFIX=/home/swayanshree/projects/Makara-AUV-ROS2/install/makara_interfaces
[2.561s] Invoking command in '/home/swayanshree/projects/Makara-AUV-ROS2/build/makara_interfaces': CMAKE_PREFIX_PATH=${CMAKE_PREFIX_PATH}:/home/swayanshree/projects/Makara-AUV-ROS2/install/uuv_simulator:/home/swayanshree/projects/Makara-AUV-ROS2/install/makara_serial:/home/swayanshree/projects/Makara-AUV-ROS2/install/hammerhead_serial:/home/swayanshree/projects/Makara-AUV-ROS2/install/data_sync:/home/swayanshree/projects/Makara-AUV-ROS2/install/makara_vision:/home/swayanshree/projects/Makara-AUV-ROS2/install/makara_bringup:/opt/ros/jazzy DEBUGINFOD_URLS=https://debuginfod.ubuntu.com /usr/bin/cmake --build /home/swayanshree/projects/Makara-AUV-ROS2/build/makara_interfaces -- -j16 -l16
[2.606s] [  1%] [34m[1mGenerating type hashes for ROS interfaces[0m
[2.612s] [  1%] Built target ament_cmake_python_copy_makara_interfaces
[2.777s] running egg_info
[2.777s] creating makara_interfaces.egg-info
[2.791s] writing makara_interfaces.egg-info/PKG-INFO
[2.791s] writing dependency_links to makara_interfaces.egg-info/dependency_links.txt
[2.791s] writing top-level names to makara_interfaces.egg-info/top_level.txt
[2.791s] writing manifest file 'makara_interfaces.egg-info/SOURCES.txt'
[2.810s] [  1%] Built target makara_interfaces__rosidl_generator_type_description
[2.818s] [  2%] [34m[1mGenerating C code for ROS interfaces[0m
[2.829s] reading manifest file 'makara_interfaces.egg-info/SOURCES.txt'
[2.829s] writing manifest file 'makara_interfaces.egg-info/SOURCES.txt'
[2.830s] [  2%] [34m[1mGenerating C++ code for ROS interfaces[0m
[2.849s] [  2%] Built target ament_cmake_python_build_makara_interfaces_egg
[3.438s] [  2%] Built target makara_interfaces__cpp
[3.463s] [  3%] [32mBuilding C object CMakeFiles/makara_interfaces__rosidl_generator_c.dir/rosidl_generator_c/makara_interfaces/msg/detail/combined__functions.c.o[0m
[3.463s] [  4%] [32mBuilding C object CMakeFiles/makara_interfaces__rosidl_generator_c.dir/rosidl_generator_c/makara_interfaces/msg/detail/battery_status__functions.c.o[0m
[3.463s] [  4%] [32mBuilding C object CMakeFiles/makara_interfaces__rosidl_generator_c.dir/rosidl_generator_c/makara_interfaces/msg/detail/combined__description.c.o[0m
[3.463s] [  5%] [32mBuilding C object CMakeFiles/makara_interfaces__rosidl_generator_c.dir/rosidl_generator_c/makara_interfaces/msg/detail/battery_status__type_support.c.o[0m
[3.463s] [  6%] [32mBuilding C object CMakeFiles/makara_interfaces__rosidl_generator_c.dir/rosidl_generator_c/makara_interfaces/msg/detail/depth__functions.c.o[0m
[3.463s] [  7%] [32mBuilding C object CMakeFiles/makara_interfaces__rosidl_generator_c.dir/rosidl_generator_c/makara_interfaces/msg/detail/ins_vel__description.c.o[0m
[3.463s] [  7%] [32mBuilding C object CMakeFiles/makara_interfaces__rosidl_generator_c.dir/rosidl_generator_c/makara_interfaces/msg/detail/ins_vel__functions.c.o[0m
[3.463s] [  8%] [32mBuilding C object CMakeFiles/makara_interfaces__rosidl_generator_c.dir/rosidl_generator_c/makara_interfaces/msg/detail/move_cmd__description.c.o[0m
[3.463s] [  9%] [32mBuilding C object CMakeFiles/makara_interfaces__rosidl_generator_c.dir/rosidl_generator_c/makara_interfaces/msg/detail/combined__type_support.c.o[0m
[3.463s] [  9%] [32mBuilding C object CMakeFiles/makara_interfaces__rosidl_generator_c.dir/rosidl_generator_c/makara_interfaces/msg/detail/battery_status__description.c.o[0m
[3.464s] [ 10%] [32mBuilding C object CMakeFiles/makara_interfaces__rosidl_generator_c.dir/rosidl_generator_c/makara_interfaces/msg/detail/depth__description.c.o[0m
[3.464s] [ 10%] [32mBuilding C object CMakeFiles/makara_interfaces__rosidl_generator_c.dir/rosidl_generator_c/makara_interfaces/msg/detail/depth__type_support.c.o[0m
[3.464s] [ 10%] [32mBuilding C object CMakeFiles/makara_interfaces__rosidl_generator_c.dir/rosidl_generator_c/makara_interfaces/msg/detail/move_cmd__functions.c.o[0m
[3.466s] [ 11%] [32mBuilding C object CMakeFiles/makara_interfaces__rosidl_generator_c.dir/rosidl_generator_c/makara_interfaces/msg/detail/move_cmd__type_support.c.o[0m
[3.469s] [ 12%] [32mBuilding C object CMakeFiles/makara_interfaces__rosidl_generator_c.dir/rosidl_generator_c/makara_interfaces/msg/detail/ins_vel__type_support.c.o[0m
[3.473s] [ 13%] [32mBuilding C object CMakeFiles/makara_interfaces__rosidl_generator_c.dir/rosidl_generator_c/makara_interfaces/msg/detail/move_cmds__description.c.o[0m
[3.492s] [ 13%] [32mBuilding C object CMakeFiles/makara_interfaces__rosidl_generator_c.dir/rosidl_generator_c/makara_interfaces/msg/detail/move_cmds__functions.c.o[0m
[3.506s] [ 14%] [32mBuilding C object CMakeFiles/makara_interfaces__rosidl_generator_c.dir/rosidl_generator_c/makara_interfaces/msg/detail/pid__description.c.o[0m
[3.506s] [ 15%] [32mBuilding C object CMakeFiles/makara_interfaces__rosidl_generator_c.dir/rosidl_generator_c/makara_interfaces/msg/detail/move_cmds__type_support.c.o[0m
[3.512s] [ 17%] [32mBuilding C object CMakeFiles/makara_interfaces__rosidl_generator_c.dir/rosidl_generator_c/makara_interfaces/msg/detail/setpoint__description.c.o[0m
[3.513s] [ 17%] [32mBuilding C object CMakeFiles/makara_interfaces__rosidl_generator_c.dir/rosidl_generator_c/makara_interfaces/msg/detail/position__type_support.c.o[0m
[3.513s] [ 17%] [32mBuilding C object CMakeFiles/makara_interfaces__rosidl_generator_c.dir/rosidl_generator_c/makara_interfaces/msg/detail/position__description.c.o[0m
[3.513s] [ 18%] [32mBuilding C object CMakeFiles/makara_interfaces__rosidl_generator_c.dir/rosidl_generator_c/makara_interfaces/msg/detail/position__functions.c.o[0m
[3.515s] [ 18%] [32mBuilding C object CMakeFiles/makara_interfaces__rosidl_generator_c.dir/rosidl_generator_c/makara_interfaces/msg/detail/pid__functions.c.o[0m
[3.518s] [ 19%] [32mBuilding C object CMakeFiles/makara_interfaces__rosidl_generator_c.dir/rosidl_generator_c/makara_interfaces/msg/detail/pid__type_support.c.o[0m
[3.522s] [ 19%] [32mBuilding C object CMakeFiles/makara_interfaces__rosidl_generator_c.dir/rosidl_generator_c/makara_interfaces/msg/detail/setpoint__type_support.c.o[0m
[3.531s] [ 21%] [32mBuilding C object CMakeFiles/makara_interfaces__rosidl_generator_c.dir/rosidl_generator_c/makara_interfaces/msg/detail/thruster_speeds__description.c.o[0m
[3.531s] [ 21%] [32mBuilding C object CMakeFiles/makara_interfaces__rosidl_generator_c.dir/rosidl_generator_c/makara_interfaces/msg/detail/setpoint__functions.c.o[0m
[3.531s] [ 21%] [32mBuilding C object CMakeFiles/makara_interfaces__rosidl_generator_c.dir/rosidl_generator_c/makara_interfaces/msg/detail/thruster_speeds__type_support.c.o[0m
[3.532s] [ 22%] [32mBuilding C object CMakeFiles/makara_interfaces__rosidl_generator_c.dir/rosidl_generator_c/makara_interfaces/msg/detail/thruster_speeds__functions.c.o[0m
[3.539s] [ 23%] [32mBuilding C object CMakeFiles/makara_interfaces__rosidl_generator_c.dir/rosidl_generator_c/makara_interfaces/msg/detail/thruster_forces__description.c.o[0m
[3.544s] [ 24%] [32mBuilding C object CMakeFiles/makara_interfaces__rosidl_generator_c.dir/rosidl_generator_c/makara_interfaces/msg/detail/thruster_forces__functions.c.o[0m
[3.552s] [ 24%] [32mBuilding C object CMakeFiles/makara_interfaces__rosidl_generator_c.dir/rosidl_generator_c/makara_interfaces/msg/detail/vector_nav_data__description.c.o[0m
[3.556s] [ 25%] [32mBuilding C object CMakeFiles/makara_interfaces__rosidl_generator_c.dir/rosidl_generator_c/makara_interfaces/msg/detail/vector_nav_data__functions.c.o[0m
[3.559s] [ 26%] [32mBuilding C object CMakeFiles/makara_interfaces__rosidl_generator_c.dir/rosidl_generator_c/makara_interfaces/msg/detail/thruster_forces__type_support.c.o[0m
[3.562s] [ 27%] [32mBuilding C object CMakeFiles/makara_interfaces__rosidl_generator_c.dir/rosidl_generator_c/makara_interfaces/msg/detail/vector_nav_data__type_support.c.o[0m
[3.603s] [ 27%] [32m[1mLinking C shared library libmakara_interfaces__rosidl_generator_c.so[0m
[3.629s] [ 27%] Built target makara_interfaces__rosidl_generator_c
[3.636s] [ 28%] [34m[1mGenerating C introspection for ROS interfaces[0m
[3.638s] [ 28%] [34m[1mGenerating C++ type support dispatch for ROS interfaces[0m
[3.639s] [ 29%] [34m[1mGenerating C type support for eProsima Fast-RTPS[0m
[3.639s] [ 30%] [34m[1mGenerating C type support dispatch for ROS interfaces[0m
[3.639s] [ 31%] [34m[1mGenerating C++ type support for eProsima Fast-RTPS[0m
[3.639s] [ 31%] [34m[1mGenerating C++ introspection for ROS interfaces[0m
[4.159s] [ 31%] [32mBuilding CXX object CMakeFiles/makara_interfaces__rosidl_typesupport_c.dir/rosidl_typesupport_c/makara_interfaces/msg/battery_status__type_support.cpp.o[0m
[4.166s] [ 32%] [32mBuilding CXX object CMakeFiles/makara_interfaces__rosidl_typesupport_c.dir/rosidl_typesupport_c/makara_interfaces/msg/combined__type_support.cpp.o[0m
[4.167s] [ 32%] [32mBuilding CXX object CMakeFiles/makara_interfaces__rosidl_typesupport_c.dir/rosidl_typesupport_c/makara_interfaces/msg/ins_vel__type_support.cpp.o[0m
[4.167s] [ 33%] [32mBuilding CXX object CMakeFiles/makara_interfaces__rosidl_typesupport_c.dir/rosidl_typesupport_c/makara_interfaces/msg/depth__type_support.cpp.o[0m
[4.173s] [ 34%] [32mBuilding CXX object CMakeFiles/makara_interfaces__rosidl_typesupport_c.dir/rosidl_typesupport_c/makara_interfaces/msg/move_cmd__type_support.cpp.o[0m
[4.180s] [ 35%] [32mBuilding CXX object CMakeFiles/makara_interfaces__rosidl_typesupport_c.dir/rosidl_typesupport_c/makara_interfaces/msg/move_cmds__type_support.cpp.o[0m
[4.180s] [ 36%] [32mBuilding CXX object CMakeFiles/makara_interfaces__rosidl_typesupport_c.dir/rosidl_typesupport_c/makara_interfaces/msg/pid__type_support.cpp.o[0m
[4.185s] [ 36%] [32mBuilding CXX object CMakeFiles/makara_interfaces__rosidl_typesupport_c.dir/rosidl_typesupport_c/makara_interfaces/msg/position__type_support.cpp.o[0m
[4.185s] [ 37%] [32mBuilding CXX object CMakeFiles/makara_interfaces__rosidl_typesupport_cpp.dir/rosidl_typesupport_cpp/makara_interfaces/msg/battery_status__type_support.cpp.o[0m
[4.191s] [ 38%] [32mBuilding CXX object CMakeFiles/makara_interfaces__rosidl_typesupport_cpp.dir/rosidl_typesupport_cpp/makara_interfaces/msg/depth__type_support.cpp.o[0m
[4.210s] [ 38%] [32mBuilding CXX object CMakeFiles/makara_interfaces__rosidl_typesupport_cpp.dir/rosidl_typesupport_cpp/makara_interfaces/msg/ins_vel__type_support.cpp.o[0m
[4.211s] [ 39%] [32mBuilding CXX object CMakeFiles/makara_interfaces__rosidl_typesupport_cpp.dir/rosidl_typesupport_cpp/makara_interfaces/msg/combined__type_support.cpp.o[0m
[4.257s] [ 40%] [32mBuilding CXX object CMakeFiles/makara_interfaces__rosidl_typesupport_cpp.dir/rosidl_typesupport_cpp/makara_interfaces/msg/move_cmd__type_support.cpp.o[0m
[4.278s] [ 41%] [32mBuilding CXX object CMakeFiles/makara_interfaces__rosidl_typesupport_cpp.dir/rosidl_typesupport_cpp/makara_interfaces/msg/move_cmds__type_support.cpp.o[0m
[4.293s] [ 42%] [32mBuilding CXX object CMakeFiles/makara_interfaces__rosidl_typesupport_c.dir/rosidl_typesupport_c/makara_interfaces/msg/thruster_speeds__type_support.cpp.o[0m
[4.298s] [ 43%] [32mBuilding CXX object CMakeFiles/makara_interfaces__rosidl_typesupport_c.dir/rosidl_typesupport_c/makara_interfaces/msg/setpoint__type_support.cpp.o[0m
[4.303s] [ 43%] [32mBuilding CXX object CMakeFiles/makara_interfaces__rosidl_typesupport_cpp.dir/rosidl_typesupport_cpp/makara_interfaces/msg/pid__type_support.cpp.o[0m
[4.331s] [ 43%] [32mBuilding CXX object CMakeFiles/makara_interfaces__rosidl_typesupport_c.dir/rosidl_typesupport_c/makara_interfaces/msg/thruster_forces__type_support.cpp.o[0m
[4.365s] [ 45%] [32mBuilding CXX object CMakeFiles/makara_interfaces__rosidl_typesupport_c.dir/rosidl_typesupport_c/makara_interfaces/msg/vector_nav_data__type_support.cpp.o[0m
[4.365s] [ 45%] [32mBuilding CXX object CMakeFiles/makara_interfaces__rosidl_typesupport_cpp.dir/rosidl_typesupport_cpp/makara_interfaces/msg/position__type_support.cpp.o[0m
[4.432s] [ 46%] [32mBuilding CXX object CMakeFiles/makara_interfaces__rosidl_typesupport_cpp.dir/rosidl_typesupport_cpp/makara_interfaces/msg/setpoint__type_support.cpp.o[0m
[4.441s] [ 46%] [32mBuilding CXX object CMakeFiles/makara_interfaces__rosidl_typesupport_cpp.dir/rosidl_typesupport_cpp/makara_interfaces/msg/thruster_speeds__type_support.cpp.o[0m
[4.453s] [ 47%] [32mBuilding CXX object CMakeFiles/makara_interfaces__rosidl_typesupport_cpp.dir/rosidl_typesupport_cpp/makara_interfaces/msg/thruster_forces__type_support.cpp.o[0m
[4.495s] [ 48%] [32m[1mLinking CXX shared library libmakara_interfaces__rosidl_typesupport_c.so[0m
[4.629s] [ 48%] Built target makara_interfaces__rosidl_typesupport_c
[4.637s] [ 49%] [32mBuilding CXX object CMakeFiles/makara_interfaces__rosidl_typesupport_cpp.dir/rosidl_typesupport_cpp/makara_interfaces/msg/vector_nav_data__type_support.cpp.o[0m
[4.723s] [ 50%] [32mBuilding CXX object CMakeFiles/makara_interfaces__rosidl_typesupport_introspection_cpp.dir/rosidl_typesupport_introspection_cpp/makara_interfaces/msg/detail/battery_status__type_support.cpp.o[0m
[4.736s] [ 51%] [32mBuilding CXX object CMakeFiles/makara_interfaces__rosidl_typesupport_introspection_cpp.dir/rosidl_typesupport_introspection_cpp/makara_interfaces/msg/detail/combined__type_support.cpp.o[0m
[4.873s] [ 51%] [32mBuilding C object CMakeFiles/makara_interfaces__rosidl_typesupport_introspection_c.dir/rosidl_typesupport_introspection_c/makara_interfaces/msg/detail/battery_status__type_support.c.o[0m
[4.913s] [ 52%] [32mBuilding C object CMakeFiles/makara_interfaces__rosidl_typesupport_introspection_c.dir/rosidl_typesupport_introspection_c/makara_interfaces/msg/detail/combined__type_support.c.o[0m
[4.948s] [ 52%] [32mBuilding CXX object CMakeFiles/makara_interfaces__rosidl_typesupport_introspection_cpp.dir/rosidl_typesupport_introspection_cpp/makara_interfaces/msg/detail/depth__type_support.cpp.o[0m
[4.965s] [ 53%] [32mBuilding C object CMakeFiles/makara_interfaces__rosidl_typesupport_introspection_c.dir/rosidl_typesupport_introspection_c/makara_interfaces/msg/detail/depth__type_support.c.o[0m
[4.966s] [ 54%] [32mBuilding CXX object CMakeFiles/makara_interfaces__rosidl_typesupport_introspection_cpp.dir/rosidl_typesupport_introspection_cpp/makara_interfaces/msg/detail/ins_vel__type_support.cpp.o[0m
[4.995s] [ 55%] [32mBuilding C object CMakeFiles/makara_interfaces__rosidl_typesupport_introspection_c.dir/rosidl_typesupport_introspection_c/makara_interfaces/msg/detail/move_cmd__type_support.c.o[0m
[4.998s] [ 55%] [32mBuilding C object CMakeFiles/makara_interfaces__rosidl_typesupport_introspection_c.dir/rosidl_typesupport_introspection_c/makara_interfaces/msg/detail/ins_vel__type_support.c.o[0m
[5.014s] [ 56%] [32mBuilding CXX object CMakeFiles/makara_interfaces__rosidl_typesupport_fastrtps_c.dir/rosidl_typesupport_fastrtps_c/makara_interfaces/msg/detail/battery_status__type_support_c.cpp.o[0m
[5.026s] [ 57%] [32mBuilding CXX object CMakeFiles/makara_interfaces__rosidl_typesupport_fastrtps_c.dir/rosidl_typesupport_fastrtps_c/makara_interfaces/msg/detail/combined__type_support_c.cpp.o[0m
[5.028s] [ 57%] [32mBuilding CXX object CMakeFiles/makara_interfaces__rosidl_typesupport_introspection_cpp.dir/rosidl_typesupport_introspection_cpp/makara_interfaces/msg/detail/move_cmds__type_support.cpp.o[0m
[5.028s] [ 58%] [32mBuilding CXX object CMakeFiles/makara_interfaces__rosidl_typesupport_introspection_cpp.dir/rosidl_typesupport_introspection_cpp/makara_interfaces/msg/detail/move_cmd__type_support.cpp.o[0m
[5.070s] [ 58%] [32mBuilding CXX object CMakeFiles/makara_interfaces__rosidl_typesupport_fastrtps_c.dir/rosidl_typesupport_fastrtps_c/makara_interfaces/msg/detail/depth__type_support_c.cpp.o[0m
[5.124s] [ 59%] [32mBuilding C object CMakeFiles/makara_interfaces__rosidl_typesupport_introspection_c.dir/rosidl_typesupport_introspection_c/makara_interfaces/msg/detail/move_cmds__type_support.c.o[0m
[5.148s] [ 60%] [32mBuilding CXX object CMakeFiles/makara_interfaces__rosidl_typesupport_introspection_cpp.dir/rosidl_typesupport_introspection_cpp/makara_interfaces/msg/detail/pid__type_support.cpp.o[0m
[5.170s] [ 61%] [32mBuilding CXX object CMakeFiles/makara_interfaces__rosidl_typesupport_fastrtps_cpp.dir/rosidl_typesupport_fastrtps_cpp/makara_interfaces/msg/detail/dds_fastrtps/battery_status__type_support.cpp.o[0m
[5.235s] [ 61%] [32mBuilding C object CMakeFiles/makara_interfaces__rosidl_typesupport_introspection_c.dir/rosidl_typesupport_introspection_c/makara_interfaces/msg/detail/pid__type_support.c.o[0m
[5.241s] [ 61%] [32mBuilding CXX object CMakeFiles/makara_interfaces__rosidl_typesupport_fastrtps_cpp.dir/rosidl_typesupport_fastrtps_cpp/makara_interfaces/msg/detail/dds_fastrtps/combined__type_support.cpp.o[0m
[5.258s] [ 62%] [32mBuilding CXX object CMakeFiles/makara_interfaces__rosidl_typesupport_fastrtps_cpp.dir/rosidl_typesupport_fastrtps_cpp/makara_interfaces/msg/detail/dds_fastrtps/depth__type_support.cpp.o[0m
[5.290s] [ 63%] [32mBuilding C object CMakeFiles/makara_interfaces__rosidl_typesupport_introspection_c.dir/rosidl_typesupport_introspection_c/makara_interfaces/msg/detail/position__type_support.c.o[0m
[5.296s] [ 64%] [32mBuilding CXX object CMakeFiles/makara_interfaces__rosidl_typesupport_fastrtps_cpp.dir/rosidl_typesupport_fastrtps_cpp/makara_interfaces/msg/detail/dds_fastrtps/ins_vel__type_support.cpp.o[0m
[5.350s] [ 65%] [32mBuilding C object CMakeFiles/makara_interfaces__rosidl_typesupport_introspection_c.dir/rosidl_typesupport_introspection_c/makara_interfaces/msg/detail/setpoint__type_support.c.o[0m
[5.406s] [ 66%] [32mBuilding C object CMakeFiles/makara_interfaces__rosidl_typesupport_introspection_c.dir/rosidl_typesupport_introspection_c/makara_interfaces/msg/detail/thruster_speeds__type_support.c.o[0m
[5.507s] [ 66%] [32mBuilding C object CMakeFiles/makara_interfaces__rosidl_typesupport_introspection_c.dir/rosidl_typesupport_introspection_c/makara_interfaces/msg/detail/thruster_forces__type_support.c.o[0m
[5.511s] [ 66%] [32m[1mLinking CXX shared library libmakara_interfaces__rosidl_typesupport_cpp.so[0m
[5.536s] [ 67%] [32mBuilding C object CMakeFiles/makara_interfaces__rosidl_typesupport_introspection_c.dir/rosidl_typesupport_introspection_c/makara_interfaces/msg/detail/vector_nav_data__type_support.c.o[0m
[5.655s] [ 67%] Built target makara_interfaces__rosidl_typesupport_cpp
[5.656s] [ 68%] [32mBuilding CXX object CMakeFiles/makara_interfaces__rosidl_typesupport_introspection_cpp.dir/rosidl_typesupport_introspection_cpp/makara_interfaces/msg/detail/position__type_support.cpp.o[0m
[5.690s] [ 69%] [32mBuilding CXX object CMakeFiles/makara_interfaces__rosidl_typesupport_introspection_cpp.dir/rosidl_typesupport_introspection_cpp/makara_interfaces/msg/detail/setpoint__type_support.cpp.o[0m
[5.714s] [ 69%] [32mBuilding CXX object CMakeFiles/makara_interfaces__rosidl_typesupport_introspection_cpp.dir/rosidl_typesupport_introspection_cpp/makara_interfaces/msg/detail/thruster_speeds__type_support.cpp.o[0m
[5.725s] [ 70%] [32m[1mLinking C shared library libmakara_interfaces__rosidl_typesupport_introspection_c.so[0m
[5.760s] [ 70%] [32mBuilding CXX object CMakeFiles/makara_interfaces__rosidl_typesupport_fastrtps_cpp.dir/rosidl_typesupport_fastrtps_cpp/makara_interfaces/msg/detail/dds_fastrtps/move_cmd__type_support.cpp.o[0m
[5.772s] [ 71%] [32mBuilding CXX object CMakeFiles/makara_interfaces__rosidl_typesupport_fastrtps_c.dir/rosidl_typesupport_fastrtps_c/makara_interfaces/msg/detail/ins_vel__type_support_c.cpp.o[0m
[5.845s] [ 71%] Built target makara_interfaces__rosidl_typesupport_introspection_c
[5.861s] [ 72%] [32mBuilding CXX object CMakeFiles/makara_interfaces__rosidl_typesupport_fastrtps_cpp.dir/rosidl_typesupport_fastrtps_cpp/makara_interfaces/msg/detail/dds_fastrtps/move_cmds__type_support.cpp.o[0m
[5.862s] [ 73%] [32mBuilding CXX object CMakeFiles/makara_interfaces__rosidl_typesupport_introspection_cpp.dir/rosidl_typesupport_introspection_cpp/makara_interfaces/msg/detail/thruster_forces__type_support.cpp.o[0m
[5.903s] [ 74%] [32mBuilding CXX object CMakeFiles/makara_interfaces__rosidl_typesupport_fastrtps_c.dir/rosidl_typesupport_fastrtps_c/makara_interfaces/msg/detail/move_cmd__type_support_c.cpp.o[0m
[5.935s] [ 75%] [32mBuilding CXX object CMakeFiles/makara_interfaces__rosidl_typesupport_introspection_cpp.dir/rosidl_typesupport_introspection_cpp/makara_interfaces/msg/detail/vector_nav_data__type_support.cpp.o[0m
[5.987s] [ 75%] [32mBuilding CXX object CMakeFiles/makara_interfaces__rosidl_typesupport_fastrtps_c.dir/rosidl_typesupport_fastrtps_c/makara_interfaces/msg/detail/move_cmds__type_support_c.cpp.o[0m
[5.995s] [ 76%] [32mBuilding CXX object CMakeFiles/makara_interfaces__rosidl_typesupport_fastrtps_c.dir/rosidl_typesupport_fastrtps_c/makara_interfaces/msg/detail/pid__type_support_c.cpp.o[0m
[6.239s] [ 77%] [32mBuilding CXX object CMakeFiles/makara_interfaces__rosidl_typesupport_fastrtps_cpp.dir/rosidl_typesupport_fastrtps_cpp/makara_interfaces/msg/detail/dds_fastrtps/pid__type_support.cpp.o[0m
[6.284s] [ 77%] [32mBuilding CXX object CMakeFiles/makara_interfaces__rosidl_typesupport_fastrtps_cpp.dir/rosidl_typesupport_fastrtps_cpp/makara_interfaces/msg/detail/dds_fastrtps/position__type_support.cpp.o[0m
[6.284s] [ 78%] [32mBuilding CXX object CMakeFiles/makara_interfaces__rosidl_typesupport_fastrtps_cpp.dir/rosidl_typesupport_fastrtps_cpp/makara_interfaces/msg/detail/dds_fastrtps/setpoint__type_support.cpp.o[0m
[6.298s] [ 79%] [32mBuilding CXX object CMakeFiles/makara_interfaces__rosidl_typesupport_fastrtps_cpp.dir/rosidl_typesupport_fastrtps_cpp/makara_interfaces/msg/detail/dds_fastrtps/thruster_speeds__type_support.cpp.o[0m
[6.470s] [ 80%] [32mBuilding CXX object CMakeFiles/makara_interfaces__rosidl_typesupport_fastrtps_cpp.dir/rosidl_typesupport_fastrtps_cpp/makara_interfaces/msg/detail/dds_fastrtps/thruster_forces__type_support.cpp.o[0m
[6.495s] [ 80%] [32mBuilding CXX object CMakeFiles/makara_interfaces__rosidl_typesupport_fastrtps_cpp.dir/rosidl_typesupport_fastrtps_cpp/makara_interfaces/msg/detail/dds_fastrtps/vector_nav_data__type_support.cpp.o[0m
[6.546s] [ 81%] [32mBuilding CXX object CMakeFiles/makara_interfaces__rosidl_typesupport_fastrtps_c.dir/rosidl_typesupport_fastrtps_c/makara_interfaces/msg/detail/position__type_support_c.cpp.o[0m
[6.608s] [ 81%] [32mBuilding CXX object CMakeFiles/makara_interfaces__rosidl_typesupport_fastrtps_c.dir/rosidl_typesupport_fastrtps_c/makara_interfaces/msg/detail/setpoint__type_support_c.cpp.o[0m
[6.651s] [ 82%] [32mBuilding CXX object CMakeFiles/makara_interfaces__rosidl_typesupport_fastrtps_c.dir/rosidl_typesupport_fastrtps_c/makara_interfaces/msg/detail/thruster_speeds__type_support_c.cpp.o[0m
[6.743s] [ 83%] [32mBuilding CXX object CMakeFiles/makara_interfaces__rosidl_typesupport_fastrtps_c.dir/rosidl_typesupport_fastrtps_c/makara_interfaces/msg/detail/thruster_forces__type_support_c.cpp.o[0m
[6.825s] [ 83%] [32mBuilding CXX object CMakeFiles/makara_interfaces__rosidl_typesupport_fastrtps_c.dir/rosidl_typesupport_fastrtps_c/makara_interfaces/msg/detail/vector_nav_data__type_support_c.cpp.o[0m
[7.107s] [ 83%] [32m[1mLinking CXX shared library libmakara_interfaces__rosidl_typesupport_introspection_cpp.so[0m
[7.196s] [ 83%] Built target makara_interfaces__rosidl_typesupport_introspection_cpp
[7.200s] [ 84%] [32m[1mLinking CXX shared library libmakara_interfaces__rosidl_typesupport_fastrtps_cpp.so[0m
[7.249s] [ 84%] Built target makara_interfaces__rosidl_typesupport_fastrtps_cpp
[7.288s] [ 85%] [32m[1mLinking CXX shared library libmakara_interfaces__rosidl_typesupport_fastrtps_c.so[0m
[7.324s] [ 85%] Built target makara_interfaces__rosidl_typesupport_fastrtps_c
[7.340s] [ 85%] Built target makara_interfaces
[7.356s] [ 86%] [34m[1mGenerating Python code for ROS interfaces[0m
[8.012s] [ 86%] Built target makara_interfaces__py
[8.031s] [ 87%] [32mBuilding C object CMakeFiles/makara_interfaces__rosidl_generator_py.dir/rosidl_generator_py/makara_interfaces/msg/_thruster_speeds_s.c.o[0m
[8.031s] [ 87%] [32mBuilding C object CMakeFiles/makara_interfaces__rosidl_generator_py.dir/rosidl_generator_py/makara_interfaces/msg/_thruster_forces_s.c.o[0m
[8.031s] [ 88%] [32mBuilding C object CMakeFiles/makara_interfaces__rosidl_generator_py.dir/rosidl_generator_py/makara_interfaces/msg/_combined_s.c.o[0m
[8.031s] [ 89%] [32mBuilding C object CMakeFiles/makara_interfaces__rosidl_generator_py.dir/rosidl_generator_py/makara_interfaces/msg/_depth_s.c.o[0m
[8.031s] [ 89%] [32mBuilding C object CMakeFiles/makara_interfaces__rosidl_generator_py.dir/rosidl_generator_py/makara_interfaces/msg/_position_s.c.o[0m
[8.032s] [ 90%] [32mBuilding C object CMakeFiles/makara_interfaces__rosidl_generator_py.dir/rosidl_generator_py/makara_interfaces/msg/_ins_vel_s.c.o[0m
[8.032s] [ 91%] [32mBuilding C object CMakeFiles/makara_interfaces__rosidl_generator_py.dir/rosidl_generator_py/makara_interfaces/msg/_vector_nav_data_s.c.o[0m
[8.032s] [ 92%] [32mBuilding C object CMakeFiles/makara_interfaces__rosidl_generator_py.dir/rosidl_generator_py/makara_interfaces/msg/_battery_status_s.c.o[0m
[8.032s] [ 92%] [32mBuilding C object CMakeFiles/makara_interfaces__rosidl_generator_py.dir/rosidl_generator_py/makara_interfaces/msg/_move_cmds_s.c.o[0m
[8.032s] [ 93%] [32mBuilding C object CMakeFiles/makara_interfaces__rosidl_generator_py.dir/rosidl_generator_py/makara_interfaces/msg/_pid_s.c.o[0m
[8.032s] [ 94%] [32mBuilding C object CMakeFiles/makara_interfaces__rosidl_generator_py.dir/rosidl_generator_py/makara_interfaces/msg/_setpoint_s.c.o[0m
[8.033s] [ 95%] [32mBuilding C object CMakeFiles/makara_interfaces__rosidl_generator_py.dir/rosidl_generator_py/makara_interfaces/msg/_move_cmd_s.c.o[0m
[8.181s] [ 95%] [32m[1mLinking C shared library libmakara_interfaces__rosidl_generator_py.so[0m
[8.215s] [ 95%] Built target makara_interfaces__rosidl_generator_py
[8.228s] [ 95%] [32mBuilding C object CMakeFiles/makara_interfaces_s__rosidl_typesupport_fastrtps_c.dir/rosidl_generator_py/makara_interfaces/_makara_interfaces_s.ep.rosidl_typesupport_fastrtps_c.c.o[0m
[8.228s] [ 97%] [32mBuilding C object CMakeFiles/makara_interfaces_s__rosidl_typesupport_c.dir/rosidl_generator_py/makara_interfaces/_makara_interfaces_s.ep.rosidl_typesupport_c.c.o[0m
[8.228s] [ 97%] [32mBuilding C object CMakeFiles/makara_interfaces_s__rosidl_typesupport_introspection_c.dir/rosidl_generator_py/makara_interfaces/_makara_interfaces_s.ep.rosidl_typesupport_introspection_c.c.o[0m
[8.303s] [ 98%] [32m[1mLinking C shared module rosidl_generator_py/makara_interfaces/makara_interfaces_s__rosidl_typesupport_c.so[0m
[8.305s] [ 99%] [32m[1mLinking C shared module rosidl_generator_py/makara_interfaces/makara_interfaces_s__rosidl_typesupport_introspection_c.so[0m
[8.312s] [100%] [32m[1mLinking C shared module rosidl_generator_py/makara_interfaces/makara_interfaces_s__rosidl_typesupport_fastrtps_c.so[0m
[8.325s] [100%] Built target makara_interfaces_s__rosidl_typesupport_c
[8.326s] [100%] Built target makara_interfaces_s__rosidl_typesupport_introspection_c
[8.335s] [100%] Built target makara_interfaces_s__rosidl_typesupport_fastrtps_c
[8.475s] Invoked command in '/home/swayanshree/projects/Makara-AUV-ROS2/build/makara_interfaces' returned '0': CMAKE_PREFIX_PATH=${CMAKE_PREFIX_PATH}:/home/swayanshree/projects/Makara-AUV-ROS2/install/uuv_simulator:/home/swayanshree/projects/Makara-AUV-ROS2/install/makara_serial:/home/swayanshree/projects/Makara-AUV-ROS2/install/hammerhead_serial:/home/swayanshree/projects/Makara-AUV-ROS2/install/data_sync:/home/swayanshree/projects/Makara-AUV-ROS2/install/makara_vision:/home/swayanshree/projects/Makara-AUV-ROS2/install/makara_bringup:/opt/ros/jazzy DEBUGINFOD_URLS=https://debuginfod.ubuntu.com /usr/bin/cmake --build /home/swayanshree/projects/Makara-AUV-ROS2/build/makara_interfaces -- -j16 -l16
[8.476s] Invoking command in '/home/swayanshree/projects/Makara-AUV-ROS2/build/makara_interfaces': CMAKE_PREFIX_PATH=${CMAKE_PREFIX_PATH}:/home/swayanshree/projects/Makara-AUV-ROS2/install/uuv_simulator:/home/swayanshree/projects/Makara-AUV-ROS2/install/makara_serial:/home/swayanshree/projects/Makara-AUV-ROS2/install/hammerhead_serial:/home/swayanshree/projects/Makara-AUV-ROS2/install/data_sync:/home/swayanshree/projects/Makara-AUV-ROS2/install/makara_vision:/home/swayanshree/projects/Makara-AUV-ROS2/install/makara_bringup:/opt/ros/jazzy DEBUGINFOD_URLS=https://debuginfod.ubuntu.com /usr/bin/cmake --install /home/swayanshree/projects/Makara-AUV-ROS2/build/makara_interfaces
[8.481s] -- Install configuration: ""
[8.481s] -- Installing: /home/swayanshree/projects/Makara-AUV-ROS2/install/makara_interfaces/share/ament_index/resource_index/rosidl_interfaces/makara_interfaces
[8.482s] -- Installing: /home/swayanshree/projects/Makara-AUV-ROS2/install/makara_interfaces/share/makara_interfaces/msg/BatteryStatus.json
[8.482s] -- Installing: /home/swayanshree/projects/Makara-AUV-ROS2/install/makara_interfaces/share/makara_interfaces/msg/Combined.json
[8.482s] -- Installing: /home/swayanshree/projects/Makara-AUV-ROS2/install/makara_interfaces/share/makara_interfaces/msg/Depth.json
[8.482s] -- Installing: /home/swayanshree/projects/Makara-AUV-ROS2/install/makara_interfaces/share/makara_interfaces/msg/InsVel.json
[8.482s] -- Installing: /home/swayanshree/projects/Makara-AUV-ROS2/install/makara_interfaces/share/makara_interfaces/msg/MoveCmd.json
[8.482s] -- Installing: /home/swayanshree/projects/Makara-AUV-ROS2/install/makara_interfaces/share/makara_interfaces/msg/MoveCmds.json
[8.482s] -- Installing: /home/swayanshree/projects/Makara-AUV-ROS2/install/makara_interfaces/share/makara_interfaces/msg/PID.json
[8.482s] -- Installing: /home/swayanshree/projects/Makara-AUV-ROS2/install/makara_interfaces/share/makara_interfaces/msg/Position.json
[8.482s] -- Installing: /home/swayanshree/projects/Makara-AUV-ROS2/install/makara_interfaces/share/makara_interfaces/msg/Setpoint.json
[8.482s] -- Installing: /home/swayanshree/projects/Makara-AUV-ROS2/install/makara_interfaces/share/makara_interfaces/msg/ThrusterSpeeds.json
[8.482s] -- Installing: /home/swayanshree/projects/Makara-AUV-ROS2/install/makara_interfaces/share/makara_interfaces/msg/ThrusterForces.json
[8.482s] -- Installing: /home/swayanshree/projects/Makara-AUV-ROS2/install/makara_interfaces/share/makara_interfaces/msg/VectorNavData.json
[8.482s] -- Installing: /home/swayanshree/projects/Makara-AUV-ROS2/install/makara_interfaces/include/makara_interfaces/makara_interfaces
[8.482s] -- Installing: /home/swayanshree/projects/Makara-AUV-ROS2/install/makara_interfaces/include/makara_interfaces/makara_interfaces/msg
[8.482s] -- Installing: /home/swayanshree/projects/Makara-AUV-ROS2/install/makara_interfaces/include/makara_interfaces/makara_interfaces/msg/position.h
[8.482s] -- Installing: /home/swayanshree/projects/Makara-AUV-ROS2/install/makara_interfaces/include/makara_interfaces/makara_interfaces/msg/rosidl_generator_c__visibility_control.h
[8.482s] -- Installing: /home/swayanshree/projects/Makara-AUV-ROS2/install/makara_interfaces/include/makara_interfaces/makara_interfaces/msg/ins_vel.h
[8.482s] -- Installing: /home/swayanshree/projects/Makara-AUV-ROS2/install/makara_interfaces/include/makara_interfaces/makara_interfaces/msg/thruster_speeds.h
[8.482s] -- Installing: /home/swayanshree/projects/Makara-AUV-ROS2/install/makara_interfaces/include/makara_interfaces/makara_interfaces/msg/move_cmds.h
[8.482s] -- Installing: /home/swayanshree/projects/Makara-AUV-ROS2/install/makara_interfaces/include/makara_interfaces/makara_interfaces/msg/detail
[8.482s] -- Installing: /home/swayanshree/projects/Makara-AUV-ROS2/install/makara_interfaces/include/makara_interfaces/makara_interfaces/msg/detail/ins_vel__functions.h
[8.483s] -- Installing: /home/swayanshree/projects/Makara-AUV-ROS2/install/makara_interfaces/include/makara_interfaces/makara_interfaces/msg/detail/thruster_speeds__type_support.c
[8.483s] -- Installing: /home/swayanshree/projects/Makara-AUV-ROS2/install/makara_interfaces/include/makara_interfaces/makara_interfaces/msg/detail/vector_nav_data__type_support.h
[8.483s] -- Installing: /home/swayanshree/projects/Makara-AUV-ROS2/install/makara_interfaces/include/makara_interfaces/makara_interfaces/msg/detail/ins_vel__description.c
[8.483s] -- Installing: /home/swayanshree/projects/Makara-AUV-ROS2/install/makara_interfaces/include/makara_interfaces/makara_interfaces/msg/detail/move_cmd__type_support.h
[8.483s] -- Installing: /home/swayanshree/projects/Makara-AUV-ROS2/install/makara_interfaces/include/makara_interfaces/makara_interfaces/msg/detail/setpoint__type_support.c
[8.483s] -- Installing: /home/swayanshree/projects/Makara-AUV-ROS2/install/makara_interfaces/include/makara_interfaces/makara_interfaces/msg/detail/pid__description.c
[8.483s] -- Installing: /home/swayanshree/projects/Makara-AUV-ROS2/install/makara_interfaces/include/makara_interfaces/makara_interfaces/msg/detail/vector_nav_data__type_support.c
[8.483s] -- Installing: /home/swayanshree/projects/Makara-AUV-ROS2/install/makara_interfaces/include/makara_interfaces/makara_interfaces/msg/detail/battery_status__type_support.h
[8.483s] -- Installing: /home/swayanshree/projects/Makara-AUV-ROS2/install/makara_interfaces/include/makara_interfaces/makara_interfaces/msg/detail/position__functions.h
[8.483s] -- Installing: /home/swayanshree/projects/Makara-AUV-ROS2/install/makara_interfaces/include/makara_interfaces/makara_interfaces/msg/detail/thruster_forces__type_support.c
[8.483s] -- Installing: /home/swayanshree/projects/Makara-AUV-ROS2/install/makara_interfaces/include/makara_interfaces/makara_interfaces/msg/detail/combined__struct.h
[8.483s] -- Installing: /home/swayanshree/projects/Makara-AUV-ROS2/install/makara_interfaces/include/makara_interfaces/makara_interfaces/msg/detail/thruster_speeds__struct.h
[8.483s] -- Installing: /home/swayanshree/projects/Makara-AUV-ROS2/install/makara_interfaces/include/makara_interfaces/makara_interfaces/msg/detail/vector_nav_data__functions.h
[8.483s] -- Installing: /home/swayanshree/projects/Makara-AUV-ROS2/install/makara_interfaces/include/makara_interfaces/makara_interfaces/msg/detail/move_cmds__type_support.c
[8.483s] -- Installing: /home/swayanshree/projects/Makara-AUV-ROS2/install/makara_interfaces/include/makara_interfaces/makara_interfaces/msg/detail/thruster_speeds__functions.h
[8.483s] -- Installing: /home/swayanshree/projects/Makara-AUV-ROS2/install/makara_interfaces/include/makara_interfaces/makara_interfaces/msg/detail/battery_status__type_support.c
[8.483s] -- Installing: /home/swayanshree/projects/Makara-AUV-ROS2/install/makara_interfaces/include/makara_interfaces/makara_interfaces/msg/detail/ins_vel__type_support.c
[8.483s] -- Installing: /home/swayanshree/projects/Makara-AUV-ROS2/install/makara_interfaces/include/makara_interfaces/makara_interfaces/msg/detail/pid__struct.h
[8.483s] -- Installing: /home/swayanshree/projects/Makara-AUV-ROS2/install/makara_interfaces/include/makara_interfaces/makara_interfaces/msg/detail/vector_nav_data__description.c
[8.483s] -- Installing: /home/swayanshree/projects/Makara-AUV-ROS2/install/makara_interfaces/include/makara_interfaces/makara_interfaces/msg/detail/ins_vel__type_support.h
[8.483s] -- Installing: /home/swayanshree/projects/Makara-AUV-ROS2/install/makara_interfaces/include/makara_interfaces/makara_interfaces/msg/detail/ins_vel__struct.h
[8.483s] -- Installing: /home/swayanshree/projects/Makara-AUV-ROS2/install/makara_interfaces/include/makara_interfaces/makara_interfaces/msg/detail/setpoint__functions.c
[8.484s] -- Installing: /home/swayanshree/projects/Makara-AUV-ROS2/install/makara_interfaces/include/makara_interfaces/makara_interfaces/msg/detail/setpoint__type_support.h
[8.484s] -- Installing: /home/swayanshree/projects/Makara-AUV-ROS2/install/makara_interfaces/include/makara_interfaces/makara_interfaces/msg/detail/battery_status__functions.h
[8.484s] -- Installing: /home/swayanshree/projects/Makara-AUV-ROS2/install/makara_interfaces/include/makara_interfaces/makara_interfaces/msg/detail/position__description.c
[8.484s] -- Installing: /home/swayanshree/projects/Makara-AUV-ROS2/install/makara_interfaces/include/makara_interfaces/makara_interfaces/msg/detail/thruster_forces__functions.c
[8.484s] -- Installing: /home/swayanshree/projects/Makara-AUV-ROS2/install/makara_interfaces/include/makara_interfaces/makara_interfaces/msg/detail/thruster_speeds__type_support.h
[8.484s] -- Installing: /home/swayanshree/projects/Makara-AUV-ROS2/install/makara_interfaces/include/makara_interfaces/makara_interfaces/msg/detail/battery_status__description.c
[8.484s] -- Installing: /home/swayanshree/projects/Makara-AUV-ROS2/install/makara_interfaces/include/makara_interfaces/makara_interfaces/msg/detail/combined__functions.c
[8.484s] -- Installing: /home/swayanshree/projects/Makara-AUV-ROS2/install/makara_interfaces/include/makara_interfaces/makara_interfaces/msg/detail/move_cmd__functions.h
[8.484s] -- Installing: /home/swayanshree/projects/Makara-AUV-ROS2/install/makara_interfaces/include/makara_interfaces/makara_interfaces/msg/detail/vector_nav_data__struct.h
[8.484s] -- Installing: /home/swayanshree/projects/Makara-AUV-ROS2/install/makara_interfaces/include/makara_interfaces/makara_interfaces/msg/detail/combined__type_support.h
[8.484s] -- Installing: /home/swayanshree/projects/Makara-AUV-ROS2/install/makara_interfaces/include/makara_interfaces/makara_interfaces/msg/detail/depth__functions.c
[8.484s] -- Installing: /home/swayanshree/projects/Makara-AUV-ROS2/install/makara_interfaces/include/makara_interfaces/makara_interfaces/msg/detail/combined__description.c
[8.484s] -- Installing: /home/swayanshree/projects/Makara-AUV-ROS2/install/makara_interfaces/include/makara_interfaces/makara_interfaces/msg/detail/thruster_speeds__functions.c
[8.484s] -- Installing: /home/swayanshree/projects/Makara-AUV-ROS2/install/makara_interfaces/include/makara_interfaces/makara_interfaces/msg/detail/move_cmds__description.c
[8.484s] -- Installing: /home/swayanshree/projects/Makara-AUV-ROS2/install/makara_interfaces/include/makara_interfaces/makara_interfaces/msg/detail/move_cmd__struct.h
[8.484s] -- Installing: /home/swayanshree/projects/Makara-AUV-ROS2/install/makara_interfaces/include/makara_interfaces/makara_interfaces/msg/detail/position__type_support.c
[8.484s] -- Installing: /home/swayanshree/projects/Makara-AUV-ROS2/install/makara_interfaces/include/makara_interfaces/makara_interfaces/msg/detail/move_cmds__struct.h
[8.484s] -- Installing: /home/swayanshree/projects/Makara-AUV-ROS2/install/makara_interfaces/include/makara_interfaces/makara_interfaces/msg/detail/thruster_forces__type_support.h
[8.484s] -- Installing: /home/swayanshree/projects/Makara-AUV-ROS2/install/makara_interfaces/include/makara_interfaces/makara_interfaces/msg/detail/thruster_forces__functions.h
[8.484s] -- Installing: /home/swayanshree/projects/Makara-AUV-ROS2/install/makara_interfaces/include/makara_interfaces/makara_interfaces/msg/detail/depth__description.c
[8.484s] -- Installing: /home/swayanshree/projects/Makara-AUV-ROS2/install/makara_interfaces/include/makara_interfaces/makara_interfaces/msg/detail/combined__functions.h
[8.484s] -- Installing: /home/swayanshree/projects/Makara-AUV-ROS2/install/makara_interfaces/include/makara_interfaces/makara_interfaces/msg/detail/setpoint__functions.h
[8.484s] -- Installing: /home/swayanshree/projects/Makara-AUV-ROS2/install/makara_interfaces/include/makara_interfaces/makara_interfaces/msg/detail/vector_nav_data__functions.c
[8.484s] -- Installing: /home/swayanshree/projects/Makara-AUV-ROS2/install/makara_interfaces/include/makara_interfaces/makara_interfaces/msg/detail/move_cmd__type_support.c
[8.485s] -- Installing: /home/swayanshree/projects/Makara-AUV-ROS2/install/makara_interfaces/include/makara_interfaces/makara_interfaces/msg/detail/move_cmds__type_support.h
[8.485s] -- Installing: /home/swayanshree/projects/Makara-AUV-ROS2/install/makara_interfaces/include/makara_interfaces/makara_interfaces/msg/detail/pid__functions.c
[8.485s] -- Installing: /home/swayanshree/projects/Makara-AUV-ROS2/install/makara_interfaces/include/makara_interfaces/makara_interfaces/msg/detail/position__struct.h
[8.485s] -- Installing: /home/swayanshree/projects/Makara-AUV-ROS2/install/makara_interfaces/include/makara_interfaces/makara_interfaces/msg/detail/battery_status__struct.h
[8.485s] -- Installing: /home/swayanshree/projects/Makara-AUV-ROS2/install/makara_interfaces/include/makara_interfaces/makara_interfaces/msg/detail/pid__type_support.h
[8.485s] -- Installing: /home/swayanshree/projects/Makara-AUV-ROS2/install/makara_interfaces/include/makara_interfaces/makara_interfaces/msg/detail/position__functions.c
[8.485s] -- Installing: /home/swayanshree/projects/Makara-AUV-ROS2/install/makara_interfaces/include/makara_interfaces/makara_interfaces/msg/detail/move_cmds__functions.h
[8.485s] -- Installing: /home/swayanshree/projects/Makara-AUV-ROS2/install/makara_interfaces/include/makara_interfaces/makara_interfaces/msg/detail/move_cmds__functions.c
[8.485s] -- Installing: /home/swayanshree/projects/Makara-AUV-ROS2/install/makara_interfaces/include/makara_interfaces/makara_interfaces/msg/detail/depth__struct.h
[8.485s] -- Installing: /home/swayanshree/projects/Makara-AUV-ROS2/install/makara_interfaces/include/makara_interfaces/makara_interfaces/msg/detail/setpoint__description.c
[8.485s] -- Installing: /home/swayanshree/projects/Makara-AUV-ROS2/install/makara_interfaces/include/makara_interfaces/makara_interfaces/msg/detail/depth__type_support.h
[8.485s] -- Installing: /home/swayanshree/projects/Makara-AUV-ROS2/install/makara_interfaces/include/makara_interfaces/makara_interfaces/msg/detail/setpoint__struct.h
[8.485s] -- Installing: /home/swayanshree/projects/Makara-AUV-ROS2/install/makara_interfaces/include/makara_interfaces/makara_interfaces/msg/detail/thruster_forces__struct.h
[8.485s] -- Installing: /home/swayanshree/projects/Makara-AUV-ROS2/install/makara_interfaces/include/makara_interfaces/makara_interfaces/msg/detail/battery_status__functions.c
[8.485s] -- Installing: /home/swayanshree/projects/Makara-AUV-ROS2/install/makara_interfaces/include/makara_interfaces/makara_interfaces/msg/detail/position__type_support.h
[8.485s] -- Installing: /home/swayanshree/projects/Makara-AUV-ROS2/install/makara_interfaces/include/makara_interfaces/makara_interfaces/msg/detail/move_cmd__description.c
[8.485s] -- Installing: /home/swayanshree/projects/Makara-AUV-ROS2/install/makara_interfaces/include/makara_interfaces/makara_interfaces/msg/detail/depth__functions.h
[8.485s] -- Installing: /home/swayanshree/projects/Makara-AUV-ROS2/install/makara_interfaces/include/makara_interfaces/makara_interfaces/msg/detail/move_cmd__functions.c
[8.485s] -- Installing: /home/swayanshree/projects/Makara-AUV-ROS2/install/makara_interfaces/include/makara_interfaces/makara_interfaces/msg/detail/pid__type_support.c
[8.485s] -- Installing: /home/swayanshree/projects/Makara-AUV-ROS2/install/makara_interfaces/include/makara_interfaces/makara_interfaces/msg/detail/ins_vel__functions.c
[8.485s] -- Installing: /home/swayanshree/projects/Makara-AUV-ROS2/install/makara_interfaces/include/makara_interfaces/makara_interfaces/msg/detail/pid__functions.h
[8.485s] -- Installing: /home/swayanshree/projects/Makara-AUV-ROS2/install/makara_interfaces/include/makara_interfaces/makara_interfaces/msg/detail/thruster_speeds__description.c
[8.485s] -- Installing: /home/swayanshree/projects/Makara-AUV-ROS2/install/makara_interfaces/include/makara_interfaces/makara_interfaces/msg/detail/depth__type_support.c
[8.485s] -- Installing: /home/swayanshree/projects/Makara-AUV-ROS2/install/makara_interfaces/include/makara_interfaces/makara_interfaces/msg/detail/combined__type_support.c
[8.486s] -- Installing: /home/swayanshree/projects/Makara-AUV-ROS2/install/makara_interfaces/include/makara_interfaces/makara_interfaces/msg/detail/thruster_forces__description.c
[8.486s] -- Installing: /home/swayanshree/projects/Makara-AUV-ROS2/install/makara_interfaces/include/makara_interfaces/makara_interfaces/msg/vector_nav_data.h
[8.486s] -- Installing: /home/swayanshree/projects/Makara-AUV-ROS2/install/makara_interfaces/include/makara_interfaces/makara_interfaces/msg/move_cmd.h
[8.486s] -- Installing: /home/swayanshree/projects/Makara-AUV-ROS2/install/makara_interfaces/include/makara_interfaces/makara_interfaces/msg/battery_status.h
[8.486s] -- Installing: /home/swayanshree/projects/Makara-AUV-ROS2/install/makara_interfaces/include/makara_interfaces/makara_interfaces/msg/setpoint.h
[8.486s] -- Installing: /home/swayanshree/projects/Makara-AUV-ROS2/install/makara_interfaces/include/makara_interfaces/makara_interfaces/msg/combined.h
[8.486s] -- Installing: /home/swayanshree/projects/Makara-AUV-ROS2/install/makara_interfaces/include/makara_interfaces/makara_interfaces/msg/pid.h
[8.486s] -- Installing: /home/swayanshree/projects/Makara-AUV-ROS2/install/makara_interfaces/include/makara_interfaces/makara_interfaces/msg/depth.h
[8.486s] -- Installing: /home/swayanshree/projects/Makara-AUV-ROS2/install/makara_interfaces/include/makara_interfaces/makara_interfaces/msg/thruster_forces.h
[8.486s] -- Installing: /home/swayanshree/projects/Makara-AUV-ROS2/install/makara_interfaces/share/makara_interfaces/environment/library_path.sh
[8.486s] -- Installing: /home/swayanshree/projects/Makara-AUV-ROS2/install/makara_interfaces/share/makara_interfaces/environment/library_path.dsv
[8.486s] -- Installing: /home/swayanshree/projects/Makara-AUV-ROS2/install/makara_interfaces/lib/libmakara_interfaces__rosidl_generator_c.so
[8.486s] -- Set non-toolchain portion of runtime path of "/home/swayanshree/projects/Makara-AUV-ROS2/install/makara_interfaces/lib/libmakara_interfaces__rosidl_generator_c.so" to ""
[8.486s] -- Up-to-date: /home/swayanshree/projects/Makara-AUV-ROS2/install/makara_interfaces/include/makara_interfaces/makara_interfaces
[8.486s] -- Up-to-date: /home/swayanshree/projects/Makara-AUV-ROS2/install/makara_interfaces/include/makara_interfaces/makara_interfaces/msg
[8.486s] -- Installing: /home/swayanshree/projects/Makara-AUV-ROS2/install/makara_interfaces/include/makara_interfaces/makara_interfaces/msg/rosidl_typesupport_fastrtps_c__visibility_control.h
[8.486s] -- Up-to-date: /home/swayanshree/projects/Makara-AUV-ROS2/install/makara_interfaces/include/makara_interfaces/makara_interfaces/msg/detail
[8.486s] -- Installing: /home/swayanshree/projects/Makara-AUV-ROS2/install/makara_interfaces/include/makara_interfaces/makara_interfaces/msg/detail/thruster_speeds__rosidl_typesupport_fastrtps_c.h
[8.486s] -- Installing: /home/swayanshree/projects/Makara-AUV-ROS2/install/makara_interfaces/include/makara_interfaces/makara_interfaces/msg/detail/combined__rosidl_typesupport_fastrtps_c.h
[8.486s] -- Installing: /home/swayanshree/projects/Makara-AUV-ROS2/install/makara_interfaces/include/makara_interfaces/makara_interfaces/msg/detail/setpoint__rosidl_typesupport_fastrtps_c.h
[8.486s] -- Installing: /home/swayanshree/projects/Makara-AUV-ROS2/install/makara_interfaces/include/makara_interfaces/makara_interfaces/msg/detail/move_cmds__rosidl_typesupport_fastrtps_c.h
[8.486s] -- Installing: /home/swayanshree/projects/Makara-AUV-ROS2/install/makara_interfaces/include/makara_interfaces/makara_interfaces/msg/detail/ins_vel__rosidl_typesupport_fastrtps_c.h
[8.486s] -- Installing: /home/swayanshree/projects/Makara-AUV-ROS2/install/makara_interfaces/include/makara_interfaces/makara_interfaces/msg/detail/pid__rosidl_typesupport_fastrtps_c.h
[8.486s] -- Installing: /home/swayanshree/projects/Makara-AUV-ROS2/install/makara_interfaces/include/makara_interfaces/makara_interfaces/msg/detail/thruster_forces__rosidl_typesupport_fastrtps_c.h
[8.487s] -- Installing: /home/swayanshree/projects/Makara-AUV-ROS2/install/makara_interfaces/include/makara_interfaces/makara_interfaces/msg/detail/depth__rosidl_typesupport_fastrtps_c.h
[8.487s] -- Installing: /home/swayanshree/projects/Makara-AUV-ROS2/install/makara_interfaces/include/makara_interfaces/makara_interfaces/msg/detail/vector_nav_data__rosidl_typesupport_fastrtps_c.h
[8.487s] -- Installing: /home/swayanshree/projects/Makara-AUV-ROS2/install/makara_interfaces/include/makara_interfaces/makara_interfaces/msg/detail/battery_status__rosidl_typesupport_fastrtps_c.h
[8.487s] -- Installing: /home/swayanshree/projects/Makara-AUV-ROS2/install/makara_interfaces/include/makara_interfaces/makara_interfaces/msg/detail/position__rosidl_typesupport_fastrtps_c.h
[8.487s] -- Installing: /home/swayanshree/projects/Makara-AUV-ROS2/install/makara_interfaces/include/makara_interfaces/makara_interfaces/msg/detail/move_cmd__rosidl_typesupport_fastrtps_c.h
[8.487s] -- Installing: /home/swayanshree/projects/Makara-AUV-ROS2/install/makara_interfaces/lib/libmakara_interfaces__rosidl_typesupport_fastrtps_c.so
[8.487s] -- Set non-toolchain portion of runtime path of "/home/swayanshree/projects/Makara-AUV-ROS2/install/makara_interfaces/lib/libmakara_interfaces__rosidl_typesupport_fastrtps_c.so" to ""
[8.487s] -- Up-to-date: /home/swayanshree/projects/Makara-AUV-ROS2/install/makara_interfaces/include/makara_interfaces/makara_interfaces
[8.487s] -- Up-to-date: /home/swayanshree/projects/Makara-AUV-ROS2/install/makara_interfaces/include/makara_interfaces/makara_interfaces/msg
[8.487s] -- Up-to-date: /home/swayanshree/projects/Makara-AUV-ROS2/install/makara_interfaces/include/makara_interfaces/makara_interfaces/msg/detail
[8.487s] -- Installing: /home/swayanshree/projects/Makara-AUV-ROS2/install/makara_interfaces/include/makara_interfaces/makara_interfaces/msg/detail/thruster_speeds__type_support.c
[8.487s] -- Installing: /home/swayanshree/projects/Makara-AUV-ROS2/install/makara_interfaces/include/makara_interfaces/makara_interfaces/msg/detail/setpoint__type_support.c
[8.487s] -- Installing: /home/swayanshree/projects/Makara-AUV-ROS2/install/makara_interfaces/include/makara_interfaces/makara_interfaces/msg/detail/vector_nav_data__type_support.c
[8.487s] -- Installing: /home/swayanshree/projects/Makara-AUV-ROS2/install/makara_interfaces/include/makara_interfaces/makara_interfaces/msg/detail/thruster_forces__type_support.c
[8.487s] -- Installing: /home/swayanshree/projects/Makara-AUV-ROS2/install/makara_interfaces/include/makara_interfaces/makara_interfaces/msg/detail/move_cmds__rosidl_typesupport_introspection_c.h
[8.487s] -- Installing: /home/swayanshree/projects/Makara-AUV-ROS2/install/makara_interfaces/include/makara_interfaces/makara_interfaces/msg/detail/move_cmds__type_support.c
[8.487s] -- Installing: /home/swayanshree/projects/Makara-AUV-ROS2/install/makara_interfaces/include/makara_interfaces/makara_interfaces/msg/detail/setpoint__rosidl_typesupport_introspection_c.h
[8.487s] -- Installing: /home/swayanshree/projects/Makara-AUV-ROS2/install/makara_interfaces/include/makara_interfaces/makara_interfaces/msg/detail/battery_status__rosidl_typesupport_introspection_c.h
[8.487s] -- Installing: /home/swayanshree/projects/Makara-AUV-ROS2/install/makara_interfaces/include/makara_interfaces/makara_interfaces/msg/detail/battery_status__type_support.c
[8.487s] -- Installing: /home/swayanshree/projects/Makara-AUV-ROS2/install/makara_interfaces/include/makara_interfaces/makara_interfaces/msg/detail/ins_vel__type_support.c
[8.487s] -- Installing: /home/swayanshree/projects/Makara-AUV-ROS2/install/makara_interfaces/include/makara_interfaces/makara_interfaces/msg/detail/thruster_speeds__rosidl_typesupport_introspection_c.h
[8.487s] -- Installing: /home/swayanshree/projects/Makara-AUV-ROS2/install/makara_interfaces/include/makara_interfaces/makara_interfaces/msg/detail/pid__rosidl_typesupport_introspection_c.h
[8.487s] -- Installing: /home/swayanshree/projects/Makara-AUV-ROS2/install/makara_interfaces/include/makara_interfaces/makara_interfaces/msg/detail/move_cmd__rosidl_typesupport_introspection_c.h
[8.487s] -- Installing: /home/swayanshree/projects/Makara-AUV-ROS2/install/makara_interfaces/include/makara_interfaces/makara_interfaces/msg/detail/ins_vel__rosidl_typesupport_introspection_c.h
[8.488s] -- Installing: /home/swayanshree/projects/Makara-AUV-ROS2/install/makara_interfaces/include/makara_interfaces/makara_interfaces/msg/detail/position__type_support.c
[8.488s] -- Installing: /home/swayanshree/projects/Makara-AUV-ROS2/install/makara_interfaces/include/makara_interfaces/makara_interfaces/msg/detail/depth__rosidl_typesupport_introspection_c.h
[8.488s] -- Installing: /home/swayanshree/projects/Makara-AUV-ROS2/install/makara_interfaces/include/makara_interfaces/makara_interfaces/msg/detail/move_cmd__type_support.c
[8.488s] -- Installing: /home/swayanshree/projects/Makara-AUV-ROS2/install/makara_interfaces/include/makara_interfaces/makara_interfaces/msg/detail/thruster_forces__rosidl_typesupport_introspection_c.h
[8.488s] -- Installing: /home/swayanshree/projects/Makara-AUV-ROS2/install/makara_interfaces/include/makara_interfaces/makara_interfaces/msg/detail/combined__rosidl_typesupport_introspection_c.h
[8.488s] -- Installing: /home/swayanshree/projects/Makara-AUV-ROS2/install/makara_interfaces/include/makara_interfaces/makara_interfaces/msg/detail/pid__type_support.c
[8.488s] -- Installing: /home/swayanshree/projects/Makara-AUV-ROS2/install/makara_interfaces/include/makara_interfaces/makara_interfaces/msg/detail/depth__type_support.c
[8.488s] -- Installing: /home/swayanshree/projects/Makara-AUV-ROS2/install/makara_interfaces/include/makara_interfaces/makara_interfaces/msg/detail/position__rosidl_typesupport_introspection_c.h
[8.488s] -- Installing: /home/swayanshree/projects/Makara-AUV-ROS2/install/makara_interfaces/include/makara_interfaces/makara_interfaces/msg/detail/vector_nav_data__rosidl_typesupport_introspection_c.h
[8.488s] -- Installing: /home/swayanshree/projects/Makara-AUV-ROS2/install/makara_interfaces/include/makara_interfaces/makara_interfaces/msg/detail/combined__type_support.c
[8.488s] -- Installing: /home/swayanshree/projects/Makara-AUV-ROS2/install/makara_interfaces/include/makara_interfaces/makara_interfaces/msg/rosidl_typesupport_introspection_c__visibility_control.h
[8.488s] -- Installing: /home/swayanshree/projects/Makara-AUV-ROS2/install/makara_interfaces/lib/libmakara_interfaces__rosidl_typesupport_introspection_c.so
[8.488s] -- Set non-toolchain portion of runtime path of "/home/swayanshree/projects/Makara-AUV-ROS2/install/makara_interfaces/lib/libmakara_interfaces__rosidl_typesupport_introspection_c.so" to ""
[8.488s] -- Installing: /home/swayanshree/projects/Makara-AUV-ROS2/install/makara_interfaces/lib/libmakara_interfaces__rosidl_typesupport_c.so
[8.489s] -- Set non-toolchain portion of runtime path of "/home/swayanshree/projects/Makara-AUV-ROS2/install/makara_interfaces/lib/libmakara_interfaces__rosidl_typesupport_c.so" to ""
[8.489s] -- Up-to-date: /home/swayanshree/projects/Makara-AUV-ROS2/install/makara_interfaces/include/makara_interfaces/makara_interfaces
[8.489s] -- Up-to-date: /home/swayanshree/projects/Makara-AUV-ROS2/install/makara_interfaces/include/makara_interfaces/makara_interfaces/msg
[8.489s] -- Installing: /home/swayanshree/projects/Makara-AUV-ROS2/install/makara_interfaces/include/makara_interfaces/makara_interfaces/msg/thruster_forces.hpp
[8.489s] -- Installing: /home/swayanshree/projects/Makara-AUV-ROS2/install/makara_interfaces/include/makara_interfaces/makara_interfaces/msg/move_cmds.hpp
[8.489s] -- Installing: /home/swayanshree/projects/Makara-AUV-ROS2/install/makara_interfaces/include/makara_interfaces/makara_interfaces/msg/move_cmd.hpp
[8.489s] -- Up-to-date: /home/swayanshree/projects/Makara-AUV-ROS2/install/makara_interfaces/include/makara_interfaces/makara_interfaces/msg/detail
[8.489s] -- Installing: /home/swayanshree/projects/Makara-AUV-ROS2/install/makara_interfaces/include/makara_interfaces/makara_interfaces/msg/detail/ins_vel__builder.hpp
[8.489s] -- Installing: /home/swayanshree/projects/Makara-AUV-ROS2/install/makara_interfaces/include/makara_interfaces/makara_interfaces/msg/detail/move_cmds__builder.hpp
[8.489s] -- Installing: /home/swayanshree/projects/Makara-AUV-ROS2/install/makara_interfaces/include/makara_interfaces/makara_interfaces/msg/detail/battery_status__traits.hpp
[8.489s] -- Installing: /home/swayanshree/projects/Makara-AUV-ROS2/install/makara_interfaces/include/makara_interfaces/makara_interfaces/msg/detail/vector_nav_data__traits.hpp
[8.489s] -- Installing: /home/swayanshree/projects/Makara-AUV-ROS2/install/makara_interfaces/include/makara_interfaces/makara_interfaces/msg/detail/position__struct.hpp
[8.489s] -- Installing: /home/swayanshree/projects/Makara-AUV-ROS2/install/makara_interfaces/include/makara_interfaces/makara_interfaces/msg/detail/thruster_forces__struct.hpp
[8.489s] -- Installing: /home/swayanshree/projects/Makara-AUV-ROS2/install/makara_interfaces/include/makara_interfaces/makara_interfaces/msg/detail/move_cmd__builder.hpp
[8.489s] -- Installing: /home/swayanshree/projects/Makara-AUV-ROS2/install/makara_interfaces/include/makara_interfaces/makara_interfaces/msg/detail/move_cmd__traits.hpp
[8.489s] -- Installing: /home/swayanshree/projects/Makara-AUV-ROS2/install/makara_interfaces/include/makara_interfaces/makara_interfaces/msg/detail/thruster_forces__traits.hpp
[8.489s] -- Installing: /home/swayanshree/projects/Makara-AUV-ROS2/install/makara_interfaces/include/makara_interfaces/makara_interfaces/msg/detail/combined__builder.hpp
[8.489s] -- Installing: /home/swayanshree/projects/Makara-AUV-ROS2/install/makara_interfaces/include/makara_interfaces/makara_interfaces/msg/detail/battery_status__builder.hpp
[8.489s] -- Installing: /home/swayanshree/projects/Makara-AUV-ROS2/install/makara_interfaces/include/makara_interfaces/makara_interfaces/msg/detail/pid__type_support.hpp
[8.489s] -- Installing: /home/swayanshree/projects/Makara-AUV-ROS2/install/makara_interfaces/include/makara_interfaces/makara_interfaces/msg/detail/thruster_speeds__struct.hpp
[8.490s] -- Installing: /home/swayanshree/projects/Makara-AUV-ROS2/install/makara_interfaces/include/makara_interfaces/makara_interfaces/msg/detail/depth__struct.hpp
[8.490s] -- Installing: /home/swayanshree/projects/Makara-AUV-ROS2/install/makara_interfaces/include/makara_interfaces/makara_interfaces/msg/detail/depth__traits.hpp
[8.490s] -- Installing: /home/swayanshree/projects/Makara-AUV-ROS2/install/makara_interfaces/include/makara_interfaces/makara_interfaces/msg/detail/combined__traits.hpp
[8.490s] -- Installing: /home/swayanshree/projects/Makara-AUV-ROS2/install/makara_interfaces/include/makara_interfaces/makara_interfaces/msg/detail/position__type_support.hpp
[8.490s] -- Installing: /home/swayanshree/projects/Makara-AUV-ROS2/install/makara_interfaces/include/makara_interfaces/makara_interfaces/msg/detail/move_cmds__struct.hpp
[8.490s] -- Installing: /home/swayanshree/projects/Makara-AUV-ROS2/install/makara_interfaces/include/makara_interfaces/makara_interfaces/msg/detail/ins_vel__struct.hpp
[8.490s] -- Installing: /home/swayanshree/projects/Makara-AUV-ROS2/install/makara_interfaces/include/makara_interfaces/makara_interfaces/msg/detail/setpoint__type_support.hpp
[8.490s] -- Installing: /home/swayanshree/projects/Makara-AUV-ROS2/install/makara_interfaces/include/makara_interfaces/makara_interfaces/msg/detail/combined__type_support.hpp
[8.490s] -- Installing: /home/swayanshree/projects/Makara-AUV-ROS2/install/makara_interfaces/include/makara_interfaces/makara_interfaces/msg/detail/battery_status__struct.hpp
[8.490s] -- Installing: /home/swayanshree/projects/Makara-AUV-ROS2/install/makara_interfaces/include/makara_interfaces/makara_interfaces/msg/detail/position__traits.hpp
[8.490s] -- Installing: /home/swayanshree/projects/Makara-AUV-ROS2/install/makara_interfaces/include/makara_interfaces/makara_interfaces/msg/detail/move_cmds__type_support.hpp
[8.490s] -- Installing: /home/swayanshree/projects/Makara-AUV-ROS2/install/makara_interfaces/include/makara_interfaces/makara_interfaces/msg/detail/position__builder.hpp
[8.490s] -- Installing: /home/swayanshree/projects/Makara-AUV-ROS2/install/makara_interfaces/include/makara_interfaces/makara_interfaces/msg/detail/vector_nav_data__struct.hpp
[8.490s] -- Installing: /home/swayanshree/projects/Makara-AUV-ROS2/install/makara_interfaces/include/makara_interfaces/makara_interfaces/msg/detail/depth__type_support.hpp
[8.490s] -- Installing: /home/swayanshree/projects/Makara-AUV-ROS2/install/makara_interfaces/include/makara_interfaces/makara_interfaces/msg/detail/thruster_speeds__traits.hpp
[8.490s] -- Installing: /home/swayanshree/projects/Makara-AUV-ROS2/install/makara_interfaces/include/makara_interfaces/makara_interfaces/msg/detail/setpoint__struct.hpp
[8.490s] -- Installing: /home/swayanshree/projects/Makara-AUV-ROS2/install/makara_interfaces/include/makara_interfaces/makara_interfaces/msg/detail/setpoint__builder.hpp
[8.490s] -- Installing: /home/swayanshree/projects/Makara-AUV-ROS2/install/makara_interfaces/include/makara_interfaces/makara_interfaces/msg/detail/pid__traits.hpp
[8.490s] -- Installing: /home/swayanshree/projects/Makara-AUV-ROS2/install/makara_interfaces/include/makara_interfaces/makara_interfaces/msg/detail/combined__struct.hpp
[8.490s] -- Installing: /home/swayanshree/projects/Makara-AUV-ROS2/install/makara_interfaces/include/makara_interfaces/makara_interfaces/msg/detail/thruster_speeds__builder.hpp
[8.490s] -- Installing: /home/swayanshree/projects/Makara-AUV-ROS2/install/makara_interfaces/include/makara_interfaces/makara_interfaces/msg/detail/depth__builder.hpp
[8.490s] -- Installing: /home/swayanshree/projects/Makara-AUV-ROS2/install/makara_interfaces/include/makara_interfaces/makara_interfaces/msg/detail/battery_status__type_support.hpp
[8.490s] -- Installing: /home/swayanshree/projects/Makara-AUV-ROS2/install/makara_interfaces/include/makara_interfaces/makara_interfaces/msg/detail/thruster_forces__type_support.hpp
[8.490s] -- Installing: /home/swayanshree/projects/Makara-AUV-ROS2/install/makara_interfaces/include/makara_interfaces/makara_interfaces/msg/detail/move_cmds__traits.hpp
[8.491s] -- Installing: /home/swayanshree/projects/Makara-AUV-ROS2/install/makara_interfaces/include/makara_interfaces/makara_interfaces/msg/detail/pid__builder.hpp
[8.491s] -- Installing: /home/swayanshree/projects/Makara-AUV-ROS2/install/makara_interfaces/include/makara_interfaces/makara_interfaces/msg/detail/thruster_forces__builder.hpp
[8.491s] -- Installing: /home/swayanshree/projects/Makara-AUV-ROS2/install/makara_interfaces/include/makara_interfaces/makara_interfaces/msg/detail/setpoint__traits.hpp
[8.491s] -- Installing: /home/swayanshree/projects/Makara-AUV-ROS2/install/makara_interfaces/include/makara_interfaces/makara_interfaces/msg/detail/ins_vel__traits.hpp
[8.491s] -- Installing: /home/swayanshree/projects/Makara-AUV-ROS2/install/makara_interfaces/include/makara_interfaces/makara_interfaces/msg/detail/move_cmd__struct.hpp
[8.491s] -- Installing: /home/swayanshree/projects/Makara-AUV-ROS2/install/makara_interfaces/include/makara_interfaces/makara_interfaces/msg/detail/pid__struct.hpp
[8.491s] -- Installing: /home/swayanshree/projects/Makara-AUV-ROS2/install/makara_interfaces/include/makara_interfaces/makara_interfaces/msg/detail/vector_nav_data__builder.hpp
[8.491s] -- Installing: /home/swayanshree/projects/Makara-AUV-ROS2/install/makara_interfaces/include/makara_interfaces/makara_interfaces/msg/detail/vector_nav_data__type_support.hpp
[8.491s] -- Installing: /home/swayanshree/projects/Makara-AUV-ROS2/install/makara_interfaces/include/makara_interfaces/makara_interfaces/msg/detail/ins_vel__type_support.hpp
[8.491s] -- Installing: /home/swayanshree/projects/Makara-AUV-ROS2/install/makara_interfaces/include/makara_interfaces/makara_interfaces/msg/detail/move_cmd__type_support.hpp
[8.491s] -- Installing: /home/swayanshree/projects/Makara-AUV-ROS2/install/makara_interfaces/include/makara_interfaces/makara_interfaces/msg/detail/thruster_speeds__type_support.hpp
[8.491s] -- Installing: /home/swayanshree/projects/Makara-AUV-ROS2/install/makara_interfaces/include/makara_interfaces/makara_interfaces/msg/thruster_speeds.hpp
[8.491s] -- Installing: /home/swayanshree/projects/Makara-AUV-ROS2/install/makara_interfaces/include/makara_interfaces/makara_interfaces/msg/combined.hpp
[8.491s] -- Installing: /home/swayanshree/projects/Makara-AUV-ROS2/install/makara_interfaces/include/makara_interfaces/makara_interfaces/msg/depth.hpp
[8.491s] -- Installing: /home/swayanshree/projects/Makara-AUV-ROS2/install/makara_interfaces/include/makara_interfaces/makara_interfaces/msg/battery_status.hpp
[8.491s] -- Installing: /home/swayanshree/projects/Makara-AUV-ROS2/install/makara_interfaces/include/makara_interfaces/makara_interfaces/msg/position.hpp
[8.491s] -- Installing: /home/swayanshree/projects/Makara-AUV-ROS2/install/makara_interfaces/include/makara_interfaces/makara_interfaces/msg/ins_vel.hpp
[8.491s] -- Installing: /home/swayanshree/projects/Makara-AUV-ROS2/install/makara_interfaces/include/makara_interfaces/makara_interfaces/msg/setpoint.hpp
[8.491s] -- Installing: /home/swayanshree/projects/Makara-AUV-ROS2/install/makara_interfaces/include/makara_interfaces/makara_interfaces/msg/vector_nav_data.hpp
[8.491s] -- Installing: /home/swayanshree/projects/Makara-AUV-ROS2/install/makara_interfaces/include/makara_interfaces/makara_interfaces/msg/rosidl_generator_cpp__visibility_control.hpp
[8.491s] -- Installing: /home/swayanshree/projects/Makara-AUV-ROS2/install/makara_interfaces/include/makara_interfaces/makara_interfaces/msg/pid.hpp
[8.491s] -- Up-to-date: /home/swayanshree/projects/Makara-AUV-ROS2/install/makara_interfaces/include/makara_interfaces/makara_interfaces
[8.491s] -- Up-to-date: /home/swayanshree/projects/Makara-AUV-ROS2/install/makara_interfaces/include/makara_interfaces/makara_interfaces/msg
[8.491s] -- Installing: /home/swayanshree/projects/Makara-AUV-ROS2/install/makara_interfaces/include/makara_interfaces/makara_interfaces/msg/rosidl_typesupport_fastrtps_cpp__visibility_control.h
[8.491s] -- Up-to-date: /home/swayanshree/projects/Makara-AUV-ROS2/install/makara_interfaces/include/makara_interfaces/makara_interfaces/msg/detail
[8.492s] -- Installing: /home/swayanshree/projects/Makara-AUV-ROS2/install/makara_interfaces/include/makara_interfaces/makara_interfaces/msg/detail/move_cmd__rosidl_typesupport_fastrtps_cpp.hpp
[8.492s] -- Installing: /home/swayanshree/projects/Makara-AUV-ROS2/install/makara_interfaces/include/makara_interfaces/makara_interfaces/msg/detail/combined__rosidl_typesupport_fastrtps_cpp.hpp
[8.492s] -- Installing: /home/swayanshree/projects/Makara-AUV-ROS2/install/makara_interfaces/include/makara_interfaces/makara_interfaces/msg/detail/ins_vel__rosidl_typesupport_fastrtps_cpp.hpp
[8.492s] -- Installing: /home/swayanshree/projects/Makara-AUV-ROS2/install/makara_interfaces/include/makara_interfaces/makara_interfaces/msg/detail/position__rosidl_typesupport_fastrtps_cpp.hpp
[8.492s] -- Installing: /home/swayanshree/projects/Makara-AUV-ROS2/install/makara_interfaces/include/makara_interfaces/makara_interfaces/msg/detail/thruster_forces__rosidl_typesupport_fastrtps_cpp.hpp
[8.492s] -- Installing: /home/swayanshree/projects/Makara-AUV-ROS2/install/makara_interfaces/include/makara_interfaces/makara_interfaces/msg/detail/pid__rosidl_typesupport_fastrtps_cpp.hpp
[8.492s] -- Installing: /home/swayanshree/projects/Makara-AUV-ROS2/install/makara_interfaces/include/makara_interfaces/makara_interfaces/msg/detail/dds_fastrtps
[8.492s] -- Installing: /home/swayanshree/projects/Makara-AUV-ROS2/install/makara_interfaces/include/makara_interfaces/makara_interfaces/msg/detail/move_cmds__rosidl_typesupport_fastrtps_cpp.hpp
[8.492s] -- Installing: /home/swayanshree/projects/Makara-AUV-ROS2/install/makara_interfaces/include/makara_interfaces/makara_interfaces/msg/detail/thruster_speeds__rosidl_typesupport_fastrtps_cpp.hpp
[8.492s] -- Installing: /home/swayanshree/projects/Makara-AUV-ROS2/install/makara_interfaces/include/makara_interfaces/makara_interfaces/msg/detail/setpoint__rosidl_typesupport_fastrtps_cpp.hpp
[8.492s] -- Installing: /home/swayanshree/projects/Makara-AUV-ROS2/install/makara_interfaces/include/makara_interfaces/makara_interfaces/msg/detail/battery_status__rosidl_typesupport_fastrtps_cpp.hpp
[8.492s] -- Installing: /home/swayanshree/projects/Makara-AUV-ROS2/install/makara_interfaces/include/makara_interfaces/makara_interfaces/msg/detail/depth__rosidl_typesupport_fastrtps_cpp.hpp
[8.492s] -- Installing: /home/swayanshree/projects/Makara-AUV-ROS2/install/makara_interfaces/include/makara_interfaces/makara_interfaces/msg/detail/vector_nav_data__rosidl_typesupport_fastrtps_cpp.hpp
[8.492s] -- Installing: /home/swayanshree/projects/Makara-AUV-ROS2/install/makara_interfaces/lib/libmakara_interfaces__rosidl_typesupport_fastrtps_cpp.so
[8.492s] -- Set non-toolchain portion of runtime path of "/home/swayanshree/projects/Makara-AUV-ROS2/install/makara_interfaces/lib/libmakara_interfaces__rosidl_typesupport_fastrtps_cpp.so" to ""
[8.492s] -- Up-to-date: /home/swayanshree/projects/Makara-AUV-ROS2/install/makara_interfaces/include/makara_interfaces/makara_interfaces
[8.492s] -- Up-to-date: /home/swayanshree/projects/Makara-AUV-ROS2/install/makara_interfaces/include/makara_interfaces/makara_interfaces/msg
[8.492s] -- Up-to-date: /home/swayanshree/projects/Makara-AUV-ROS2/install/makara_interfaces/include/makara_interfaces/makara_interfaces/msg/detail
[8.492s] -- Installing: /home/swayanshree/projects/Makara-AUV-ROS2/install/makara_interfaces/include/makara_interfaces/makara_interfaces/msg/detail/battery_status__type_support.cpp
[8.492s] -- Installing: /home/swayanshree/projects/Makara-AUV-ROS2/install/makara_interfaces/include/makara_interfaces/makara_interfaces/msg/detail/combined__type_support.cpp
[8.492s] -- Installing: /home/swayanshree/projects/Makara-AUV-ROS2/install/makara_interfaces/include/makara_interfaces/makara_interfaces/msg/detail/vector_nav_data__type_support.cpp
[8.492s] -- Installing: /home/swayanshree/projects/Makara-AUV-ROS2/install/makara_interfaces/include/makara_interfaces/makara_interfaces/msg/detail/vector_nav_data__rosidl_typesupport_introspection_cpp.hpp
[8.492s] -- Installing: /home/swayanshree/projects/Makara-AUV-ROS2/install/makara_interfaces/include/makara_interfaces/makara_interfaces/msg/detail/thruster_forces__type_support.cpp
[8.492s] -- Installing: /home/swayanshree/projects/Makara-AUV-ROS2/install/makara_interfaces/include/makara_interfaces/makara_interfaces/msg/detail/move_cmds__type_support.cpp
[8.493s] -- Installing: /home/swayanshree/projects/Makara-AUV-ROS2/install/makara_interfaces/include/makara_interfaces/makara_interfaces/msg/detail/depth__rosidl_typesupport_introspection_cpp.hpp
[8.493s] -- Installing: /home/swayanshree/projects/Makara-AUV-ROS2/install/makara_interfaces/include/makara_interfaces/makara_interfaces/msg/detail/ins_vel__type_support.cpp
[8.493s] -- Installing: /home/swayanshree/projects/Makara-AUV-ROS2/install/makara_interfaces/include/makara_interfaces/makara_interfaces/msg/detail/combined__rosidl_typesupport_introspection_cpp.hpp
[8.493s] -- Installing: /home/swayanshree/projects/Makara-AUV-ROS2/install/makara_interfaces/include/makara_interfaces/makara_interfaces/msg/detail/thruster_speeds__rosidl_typesupport_introspection_cpp.hpp
[8.493s] -- Installing: /home/swayanshree/projects/Makara-AUV-ROS2/install/makara_interfaces/include/makara_interfaces/makara_interfaces/msg/detail/thruster_speeds__type_support.cpp
[8.493s] -- Installing: /home/swayanshree/projects/Makara-AUV-ROS2/install/makara_interfaces/include/makara_interfaces/makara_interfaces/msg/detail/pid__type_support.cpp
[8.493s] -- Installing: /home/swayanshree/projects/Makara-AUV-ROS2/install/makara_interfaces/include/makara_interfaces/makara_interfaces/msg/detail/depth__type_support.cpp
[8.493s] -- Installing: /home/swayanshree/projects/Makara-AUV-ROS2/install/makara_interfaces/include/makara_interfaces/makara_interfaces/msg/detail/setpoint__type_support.cpp
[8.493s] -- Installing: /home/swayanshree/projects/Makara-AUV-ROS2/install/makara_interfaces/include/makara_interfaces/makara_interfaces/msg/detail/ins_vel__rosidl_typesupport_introspection_cpp.hpp
[8.493s] -- Installing: /home/swayanshree/projects/Makara-AUV-ROS2/install/makara_interfaces/include/makara_interfaces/makara_interfaces/msg/detail/thruster_forces__rosidl_typesupport_introspection_cpp.hpp
[8.493s] -- Installing: /home/swayanshree/projects/Makara-AUV-ROS2/install/makara_interfaces/include/makara_interfaces/makara_interfaces/msg/detail/move_cmds__rosidl_typesupport_introspection_cpp.hpp
[8.493s] -- Installing: /home/swayanshree/projects/Makara-AUV-ROS2/install/makara_interfaces/include/makara_interfaces/makara_interfaces/msg/detail/position__type_support.cpp
[8.493s] -- Installing: /home/swayanshree/projects/Makara-AUV-ROS2/install/makara_interfaces/include/makara_interfaces/makara_interfaces/msg/detail/move_cmd__type_support.cpp
[8.493s] -- Installing: /home/swayanshree/projects/Makara-AUV-ROS2/install/makara_interfaces/include/makara_interfaces/makara_interfaces/msg/detail/move_cmd__rosidl_typesupport_introspection_cpp.hpp
[8.493s] -- Installing: /home/swayanshree/projects/Makara-AUV-ROS2/install/makara_interfaces/include/makara_interfaces/makara_interfaces/msg/detail/battery_status__rosidl_typesupport_introspection_cpp.hpp
[8.493s] -- Installing: /home/swayanshree/projects/Makara-AUV-ROS2/install/makara_interfaces/include/makara_interfaces/makara_interfaces/msg/detail/position__rosidl_typesupport_introspection_cpp.hpp
[8.493s] -- Installing: /home/swayanshree/projects/Makara-AUV-ROS2/install/makara_interfaces/include/makara_interfaces/makara_interfaces/msg/detail/pid__rosidl_typesupport_introspection_cpp.hpp
[8.493s] -- Installing: /home/swayanshree/projects/Makara-AUV-ROS2/install/makara_interfaces/include/makara_interfaces/makara_interfaces/msg/detail/setpoint__rosidl_typesupport_introspection_cpp.hpp
[8.493s] -- Installing: /home/swayanshree/projects/Makara-AUV-ROS2/install/makara_interfaces/lib/libmakara_interfaces__rosidl_typesupport_introspection_cpp.so
[8.493s] -- Set non-toolchain portion of runtime path of "/home/swayanshree/projects/Makara-AUV-ROS2/install/makara_interfaces/lib/libmakara_interfaces__rosidl_typesupport_introspection_cpp.so" to ""
[8.493s] -- Installing: /home/swayanshree/projects/Makara-AUV-ROS2/install/makara_interfaces/lib/libmakara_interfaces__rosidl_typesupport_cpp.so
[8.493s] -- Set non-toolchain portion of runtime path of "/home/swayanshree/projects/Makara-AUV-ROS2/install/makara_interfaces/lib/libmakara_interfaces__rosidl_typesupport_cpp.so" to ""
[8.493s] -- Installing: /home/swayanshree/projects/Makara-AUV-ROS2/install/makara_interfaces/share/makara_interfaces/environment/pythonpath.sh
[8.493s] -- Installing: /home/swayanshree/projects/Makara-AUV-ROS2/install/makara_interfaces/share/makara_interfaces/environment/pythonpath.dsv
[8.493s] -- Installing: /home/swayanshree/projects/Makara-AUV-ROS2/install/makara_interfaces/lib/python3.12/site-packages/makara_interfaces-0.0.0-py3.12.egg-info
[8.494s] -- Installing: /home/swayanshree/projects/Makara-AUV-ROS2/install/makara_interfaces/lib/python3.12/site-packages/makara_interfaces-0.0.0-py3.12.egg-info/PKG-INFO
[8.494s] -- Installing: /home/swayanshree/projects/Makara-AUV-ROS2/install/makara_interfaces/lib/python3.12/site-packages/makara_interfaces-0.0.0-py3.12.egg-info/dependency_links.txt
[8.494s] -- Installing: /home/swayanshree/projects/Makara-AUV-ROS2/install/makara_interfaces/lib/python3.12/site-packages/makara_interfaces-0.0.0-py3.12.egg-info/SOURCES.txt
[8.494s] -- Installing: /home/swayanshree/projects/Makara-AUV-ROS2/install/makara_interfaces/lib/python3.12/site-packages/makara_interfaces-0.0.0-py3.12.egg-info/top_level.txt
[8.494s] -- Installing: /home/swayanshree/projects/Makara-AUV-ROS2/install/makara_interfaces/lib/python3.12/site-packages/makara_interfaces
[8.494s] -- Installing: /home/swayanshree/projects/Makara-AUV-ROS2/install/makara_interfaces/lib/python3.12/site-packages/makara_interfaces/_makara_interfaces_s.ep.rosidl_typesupport_fastrtps_c.c
[8.494s] -- Installing: /home/swayanshree/projects/Makara-AUV-ROS2/install/makara_interfaces/lib/python3.12/site-packages/makara_interfaces/msg
[8.494s] -- Installing: /home/swayanshree/projects/Makara-AUV-ROS2/install/makara_interfaces/lib/python3.12/site-packages/makara_interfaces/msg/_depth.py
[8.494s] -- Installing: /home/swayanshree/projects/Makara-AUV-ROS2/install/makara_interfaces/lib/python3.12/site-packages/makara_interfaces/msg/_move_cmd.py
[8.494s] -- Installing: /home/swayanshree/projects/Makara-AUV-ROS2/install/makara_interfaces/lib/python3.12/site-packages/makara_interfaces/msg/_vector_nav_data_s.c
[8.494s] -- Installing: /home/swayanshree/projects/Makara-AUV-ROS2/install/makara_interfaces/lib/python3.12/site-packages/makara_interfaces/msg/_thruster_forces.py
[8.494s] -- Installing: /home/swayanshree/projects/Makara-AUV-ROS2/install/makara_interfaces/lib/python3.12/site-packages/makara_interfaces/msg/_battery_status.py
[8.494s] -- Installing: /home/swayanshree/projects/Makara-AUV-ROS2/install/makara_interfaces/lib/python3.12/site-packages/makara_interfaces/msg/_combined.py
[8.494s] -- Installing: /home/swayanshree/projects/Makara-AUV-ROS2/install/makara_interfaces/lib/python3.12/site-packages/makara_interfaces/msg/_vector_nav_data.py
[8.494s] -- Installing: /home/swayanshree/projects/Makara-AUV-ROS2/install/makara_interfaces/lib/python3.12/site-packages/makara_interfaces/msg/_pid_s.c
[8.494s] -- Installing: /home/swayanshree/projects/Makara-AUV-ROS2/install/makara_interfaces/lib/python3.12/site-packages/makara_interfaces/msg/_depth_s.c
[8.494s] -- Installing: /home/swayanshree/projects/Makara-AUV-ROS2/install/makara_interfaces/lib/python3.12/site-packages/makara_interfaces/msg/_combined_s.c
[8.494s] -- Installing: /home/swayanshree/projects/Makara-AUV-ROS2/install/makara_interfaces/lib/python3.12/site-packages/makara_interfaces/msg/_ins_vel_s.c
[8.494s] -- Installing: /home/swayanshree/projects/Makara-AUV-ROS2/install/makara_interfaces/lib/python3.12/site-packages/makara_interfaces/msg/_move_cmds_s.c
[8.494s] -- Installing: /home/swayanshree/projects/Makara-AUV-ROS2/install/makara_interfaces/lib/python3.12/site-packages/makara_interfaces/msg/_move_cmd_s.c
[8.494s] -- Installing: /home/swayanshree/projects/Makara-AUV-ROS2/install/makara_interfaces/lib/python3.12/site-packages/makara_interfaces/msg/_thruster_forces_s.c
[8.494s] -- Installing: /home/swayanshree/projects/Makara-AUV-ROS2/install/makara_interfaces/lib/python3.12/site-packages/makara_interfaces/msg/_ins_vel.py
[8.494s] -- Installing: /home/swayanshree/projects/Makara-AUV-ROS2/install/makara_interfaces/lib/python3.12/site-packages/makara_interfaces/msg/_move_cmds.py
[8.494s] -- Installing: /home/swayanshree/projects/Makara-AUV-ROS2/install/makara_interfaces/lib/python3.12/site-packages/makara_interfaces/msg/_thruster_speeds_s.c
[8.494s] -- Installing: /home/swayanshree/projects/Makara-AUV-ROS2/install/makara_interfaces/lib/python3.12/site-packages/makara_interfaces/msg/_pid.py
[8.495s] -- Installing: /home/swayanshree/projects/Makara-AUV-ROS2/install/makara_interfaces/lib/python3.12/site-packages/makara_interfaces/msg/_battery_status_s.c
[8.495s] -- Installing: /home/swayanshree/projects/Makara-AUV-ROS2/install/makara_interfaces/lib/python3.12/site-packages/makara_interfaces/msg/_setpoint.py
[8.495s] -- Installing: /home/swayanshree/projects/Makara-AUV-ROS2/install/makara_interfaces/lib/python3.12/site-packages/makara_interfaces/msg/_position_s.c
[8.495s] -- Installing: /home/swayanshree/projects/Makara-AUV-ROS2/install/makara_interfaces/lib/python3.12/site-packages/makara_interfaces/msg/_setpoint_s.c
[8.495s] -- Installing: /home/swayanshree/projects/Makara-AUV-ROS2/install/makara_interfaces/lib/python3.12/site-packages/makara_interfaces/msg/_position.py
[8.495s] -- Installing: /home/swayanshree/projects/Makara-AUV-ROS2/install/makara_interfaces/lib/python3.12/site-packages/makara_interfaces/msg/__init__.py
[8.495s] -- Installing: /home/swayanshree/projects/Makara-AUV-ROS2/install/makara_interfaces/lib/python3.12/site-packages/makara_interfaces/msg/_thruster_speeds.py
[8.495s] -- Installing: /home/swayanshree/projects/Makara-AUV-ROS2/install/makara_interfaces/lib/python3.12/site-packages/makara_interfaces/makara_interfaces_s__rosidl_typesupport_introspection_c.so
[8.495s] -- Installing: /home/swayanshree/projects/Makara-AUV-ROS2/install/makara_interfaces/lib/python3.12/site-packages/makara_interfaces/_makara_interfaces_s.ep.rosidl_typesupport_c.c
[8.495s] -- Installing: /home/swayanshree/projects/Makara-AUV-ROS2/install/makara_interfaces/lib/python3.12/site-packages/makara_interfaces/__init__.py
[8.495s] -- Installing: /home/swayanshree/projects/Makara-AUV-ROS2/install/makara_interfaces/lib/python3.12/site-packages/makara_interfaces/_makara_interfaces_s.ep.rosidl_typesupport_introspection_c.c
[8.495s] -- Installing: /home/swayanshree/projects/Makara-AUV-ROS2/install/makara_interfaces/lib/python3.12/site-packages/makara_interfaces/makara_interfaces_s__rosidl_typesupport_c.so
[8.495s] -- Installing: /home/swayanshree/projects/Makara-AUV-ROS2/install/makara_interfaces/lib/python3.12/site-packages/makara_interfaces/makara_interfaces_s__rosidl_typesupport_fastrtps_c.so
[8.530s] Listing '/home/swayanshree/projects/Makara-AUV-ROS2/install/makara_interfaces/lib/python3.12/site-packages/makara_interfaces'...
[8.530s] Compiling '/home/swayanshree/projects/Makara-AUV-ROS2/install/makara_interfaces/lib/python3.12/site-packages/makara_interfaces/__init__.py'...
[8.530s] Listing '/home/swayanshree/projects/Makara-AUV-ROS2/install/makara_interfaces/lib/python3.12/site-packages/makara_interfaces/msg'...
[8.530s] Compiling '/home/swayanshree/projects/Makara-AUV-ROS2/install/makara_interfaces/lib/python3.12/site-packages/makara_interfaces/msg/__init__.py'...
[8.530s] Compiling '/home/swayanshree/projects/Makara-AUV-ROS2/install/makara_interfaces/lib/python3.12/site-packages/makara_interfaces/msg/_battery_status.py'...
[8.530s] Compiling '/home/swayanshree/projects/Makara-AUV-ROS2/install/makara_interfaces/lib/python3.12/site-packages/makara_interfaces/msg/_combined.py'...
[8.530s] Compiling '/home/swayanshree/projects/Makara-AUV-ROS2/install/makara_interfaces/lib/python3.12/site-packages/makara_interfaces/msg/_depth.py'...
[8.530s] Compiling '/home/swayanshree/projects/Makara-AUV-ROS2/install/makara_interfaces/lib/python3.12/site-packages/makara_interfaces/msg/_ins_vel.py'...
[8.530s] Compiling '/home/swayanshree/projects/Makara-AUV-ROS2/install/makara_interfaces/lib/python3.12/site-packages/makara_interfaces/msg/_move_cmd.py'...
[8.530s] Compiling '/home/swayanshree/projects/Makara-AUV-ROS2/install/makara_interfaces/lib/python3.12/site-packages/makara_interfaces/msg/_move_cmds.py'...
[8.530s] Compiling '/home/swayanshree/projects/Makara-AUV-ROS2/install/makara_interfaces/lib/python3.12/site-packages/makara_interfaces/msg/_pid.py'...
[8.530s] Compiling '/home/swayanshree/projects/Makara-AUV-ROS2/install/makara_interfaces/lib/python3.12/site-packages/makara_interfaces/msg/_position.py'...
[8.531s] Compiling '/home/swayanshree/projects/Makara-AUV-ROS2/install/makara_interfaces/lib/python3.12/site-packages/makara_interfaces/msg/_setpoint.py'...
[8.531s] Compiling '/home/swayanshree/projects/Makara-AUV-ROS2/install/makara_interfaces/lib/python3.12/site-packages/makara_interfaces/msg/_thruster_forces.py'...
[8.531s] Compiling '/home/swayanshree/projects/Makara-AUV-ROS2/install/makara_interfaces/lib/python3.12/site-packages/makara_interfaces/msg/_thruster_speeds.py'...
[8.531s] Compiling '/home/swayanshree/projects/Makara-AUV-ROS2/install/makara_interfaces/lib/python3.12/site-packages/makara_interfaces/msg/_vector_nav_data.py'...
[8.533s] -- Installing: /home/swayanshree/projects/Makara-AUV-ROS2/install/makara_interfaces/lib/python3.12/site-packages/makara_interfaces/makara_interfaces_s__rosidl_typesupport_fastrtps_c.so
[8.534s] -- Set non-toolchain portion of runtime path of "/home/swayanshree/projects/Makara-AUV-ROS2/install/makara_interfaces/lib/python3.12/site-packages/makara_interfaces/makara_interfaces_s__rosidl_typesupport_fastrtps_c.so" to ""
[8.534s] -- Installing: /home/swayanshree/projects/Makara-AUV-ROS2/install/makara_interfaces/lib/python3.12/site-packages/makara_interfaces/makara_interfaces_s__rosidl_typesupport_introspection_c.so
[8.534s] -- Set non-toolchain portion of runtime path of "/home/swayanshree/projects/Makara-AUV-ROS2/install/makara_interfaces/lib/python3.12/site-packages/makara_interfaces/makara_interfaces_s__rosidl_typesupport_introspection_c.so" to ""
[8.534s] -- Installing: /home/swayanshree/projects/Makara-AUV-ROS2/install/makara_interfaces/lib/python3.12/site-packages/makara_interfaces/makara_interfaces_s__rosidl_typesupport_c.so
[8.534s] -- Set non-toolchain portion of runtime path of "/home/swayanshree/projects/Makara-AUV-ROS2/install/makara_interfaces/lib/python3.12/site-packages/makara_interfaces/makara_interfaces_s__rosidl_typesupport_c.so" to ""
[8.534s] -- Installing: /home/swayanshree/projects/Makara-AUV-ROS2/install/makara_interfaces/lib/libmakara_interfaces__rosidl_generator_py.so
[8.534s] -- Set non-toolchain portion of runtime path of "/home/swayanshree/projects/Makara-AUV-ROS2/install/makara_interfaces/lib/libmakara_interfaces__rosidl_generator_py.so" to ""
[8.534s] -- Installing: /home/swayanshree/projects/Makara-AUV-ROS2/install/makara_interfaces/share/makara_interfaces/msg/BatteryStatus.idl
[8.534s] -- Installing: /home/swayanshree/projects/Makara-AUV-ROS2/install/makara_interfaces/share/makara_interfaces/msg/Combined.idl
[8.535s] -- Installing: /home/swayanshree/projects/Makara-AUV-ROS2/install/makara_interfaces/share/makara_interfaces/msg/Depth.idl
[8.535s] -- Installing: /home/swayanshree/projects/Makara-AUV-ROS2/install/makara_interfaces/share/makara_interfaces/msg/InsVel.idl
[8.535s] -- Installing: /home/swayanshree/projects/Makara-AUV-ROS2/install/makara_interfaces/share/makara_interfaces/msg/MoveCmd.idl
[8.535s] -- Installing: /home/swayanshree/projects/Makara-AUV-ROS2/install/makara_interfaces/share/makara_interfaces/msg/MoveCmds.idl
[8.535s] -- Installing: /home/swayanshree/projects/Makara-AUV-ROS2/install/makara_interfaces/share/makara_interfaces/msg/PID.idl
[8.535s] -- Installing: /home/swayanshree/projects/Makara-AUV-ROS2/install/makara_interfaces/share/makara_interfaces/msg/Position.idl
[8.535s] -- Installing: /home/swayanshree/projects/Makara-AUV-ROS2/install/makara_interfaces/share/makara_interfaces/msg/Setpoint.idl
[8.535s] -- Installing: /home/swayanshree/projects/Makara-AUV-ROS2/install/makara_interfaces/share/makara_interfaces/msg/ThrusterSpeeds.idl
[8.535s] -- Installing: /home/swayanshree/projects/Makara-AUV-ROS2/install/makara_interfaces/share/makara_interfaces/msg/ThrusterForces.idl
[8.535s] -- Installing: /home/swayanshree/projects/Makara-AUV-ROS2/install/makara_interfaces/share/makara_interfaces/msg/VectorNavData.idl
[8.535s] -- Installing: /home/swayanshree/projects/Makara-AUV-ROS2/install/makara_interfaces/share/makara_interfaces/msg/BatteryStatus.msg
[8.536s] -- Installing: /home/swayanshree/projects/Makara-AUV-ROS2/install/makara_interfaces/share/makara_interfaces/msg/Combined.msg
[8.536s] -- Installing: /home/swayanshree/projects/Makara-AUV-ROS2/install/makara_interfaces/share/makara_interfaces/msg/Depth.msg
[8.536s] -- Installing: /home/swayanshree/projects/Makara-AUV-ROS2/install/makara_interfaces/share/makara_interfaces/msg/InsVel.msg
[8.536s] -- Installing: /home/swayanshree/projects/Makara-AUV-ROS2/install/makara_interfaces/share/makara_interfaces/msg/MoveCmd.msg
[8.536s] -- Installing: /home/swayanshree/projects/Makara-AUV-ROS2/install/makara_interfaces/share/makara_interfaces/msg/MoveCmds.msg
[8.536s] -- Installing: /home/swayanshree/projects/Makara-AUV-ROS2/install/makara_interfaces/share/makara_interfaces/msg/PID.msg
[8.536s] -- Installing: /home/swayanshree/projects/Makara-AUV-ROS2/install/makara_interfaces/share/makara_interfaces/msg/Position.msg
[8.536s] -- Installing: /home/swayanshree/projects/Makara-AUV-ROS2/install/makara_interfaces/share/makara_interfaces/msg/Setpoint.msg
[8.536s] -- Installing: /home/swayanshree/projects/Makara-AUV-ROS2/install/makara_interfaces/share/makara_interfaces/msg/ThrusterSpeeds.msg
[8.536s] -- Installing: /home/swayanshree/projects/Makara-AUV-ROS2/install/makara_interfaces/share/makara_interfaces/msg/ThrusterForces.msg
[8.536s] -- Installing: /home/swayanshree/projects/Makara-AUV-ROS2/install/makara_interfaces/share/makara_interfaces/msg/VectorNavData.msg
[8.537s] -- Installing: /home/swayanshree/projects/Makara-AUV-ROS2/install/makara_interfaces/share/ament_index/resource_index/package_run_dependencies/makara_interfaces
[8.537s] -- Installing: /home/swayanshree/projects/Makara-AUV-ROS2/install/makara_interfaces/share/ament_index/resource_index/parent_prefix_path/makara_interfaces
[8.537s] -- Installing: /home/swayanshree/projects/Makara-AUV-ROS2/install/makara_interfaces/share/makara_interfaces/environment/ament_prefix_path.sh
[8.537s] -- Installing: /home/swayanshree/projects/Makara-AUV-ROS2/install/makara_interfaces/share/makara_interfaces/environment/ament_prefix_path.dsv
[8.537s] -- Installing: /home/swayanshree/projects/Makara-AUV-ROS2/install/makara_interfaces/share/makara_interfaces/environment/path.sh
[8.537s] -- Installing: /home/swayanshree/projects/Makara-AUV-ROS2/install/makara_interfaces/share/makara_interfaces/environment/path.dsv
[8.537s] -- Installing: /home/swayanshree/projects/Makara-AUV-ROS2/install/makara_interfaces/share/makara_interfaces/local_setup.bash
[8.537s] -- Installing: /home/swayanshree/projects/Makara-AUV-ROS2/install/makara_interfaces/share/makara_interfaces/local_setup.sh
[8.537s] -- Installing: /home/swayanshree/projects/Makara-AUV-ROS2/install/makara_interfaces/share/makara_interfaces/local_setup.zsh
[8.537s] -- Installing: /home/swayanshree/projects/Makara-AUV-ROS2/install/makara_interfaces/share/makara_interfaces/local_setup.dsv
[8.538s] -- Installing: /home/swayanshree/projects/Makara-AUV-ROS2/install/makara_interfaces/share/makara_interfaces/package.dsv
[8.538s] -- Installing: /home/swayanshree/projects/Makara-AUV-ROS2/install/makara_interfaces/share/ament_index/resource_index/packages/makara_interfaces
[8.538s] -- Installing: /home/swayanshree/projects/Makara-AUV-ROS2/install/makara_interfaces/share/makara_interfaces/cmake/export_makara_interfaces__rosidl_generator_cExport.cmake
[8.538s] -- Installing: /home/swayanshree/projects/Makara-AUV-ROS2/install/makara_interfaces/share/makara_interfaces/cmake/export_makara_interfaces__rosidl_generator_cExport-noconfig.cmake
[8.538s] -- Installing: /home/swayanshree/projects/Makara-AUV-ROS2/install/makara_interfaces/share/makara_interfaces/cmake/export_makara_interfaces__rosidl_typesupport_fastrtps_cExport.cmake
[8.538s] -- Installing: /home/swayanshree/projects/Makara-AUV-ROS2/install/makara_interfaces/share/makara_interfaces/cmake/export_makara_interfaces__rosidl_typesupport_fastrtps_cExport-noconfig.cmake
[8.538s] -- Installing: /home/swayanshree/projects/Makara-AUV-ROS2/install/makara_interfaces/share/makara_interfaces/cmake/makara_interfaces__rosidl_typesupport_introspection_cExport.cmake
[8.538s] -- Installing: /home/swayanshree/projects/Makara-AUV-ROS2/install/makara_interfaces/share/makara_interfaces/cmake/makara_interfaces__rosidl_typesupport_introspection_cExport-noconfig.cmake
[8.538s] -- Installing: /home/swayanshree/projects/Makara-AUV-ROS2/install/makara_interfaces/share/makara_interfaces/cmake/makara_interfaces__rosidl_typesupport_cExport.cmake
[8.538s] -- Installing: /home/swayanshree/projects/Makara-AUV-ROS2/install/makara_interfaces/share/makara_interfaces/cmake/makara_interfaces__rosidl_typesupport_cExport-noconfig.cmake
[8.538s] -- Installing: /home/swayanshree/projects/Makara-AUV-ROS2/install/makara_interfaces/share/makara_interfaces/cmake/export_makara_interfaces__rosidl_generator_cppExport.cmake
[8.538s] -- Installing: /home/swayanshree/projects/Makara-AUV-ROS2/install/makara_interfaces/share/makara_interfaces/cmake/export_makara_interfaces__rosidl_typesupport_fastrtps_cppExport.cmake
[8.538s] -- Installing: /home/swayanshree/projects/Makara-AUV-ROS2/install/makara_interfaces/share/makara_interfaces/cmake/export_makara_interfaces__rosidl_typesupport_fastrtps_cppExport-noconfig.cmake
[8.538s] -- Installing: /home/swayanshree/projects/Makara-AUV-ROS2/install/makara_interfaces/share/makara_interfaces/cmake/makara_interfaces__rosidl_typesupport_introspection_cppExport.cmake
[8.539s] -- Installing: /home/swayanshree/projects/Makara-AUV-ROS2/install/makara_interfaces/share/makara_interfaces/cmake/makara_interfaces__rosidl_typesupport_introspection_cppExport-noconfig.cmake
[8.539s] -- Installing: /home/swayanshree/projects/Makara-AUV-ROS2/install/makara_interfaces/share/makara_interfaces/cmake/makara_interfaces__rosidl_typesupport_cppExport.cmake
[8.539s] -- Installing: /home/swayanshree/projects/Makara-AUV-ROS2/install/makara_interfaces/share/makara_interfaces/cmake/makara_interfaces__rosidl_typesupport_cppExport-noconfig.cmake
[8.539s] -- Installing: /home/swayanshree/projects/Makara-AUV-ROS2/install/makara_interfaces/share/makara_interfaces/cmake/export_makara_interfaces__rosidl_generator_pyExport.cmake
[8.539s] -- Installing: /home/swayanshree/projects/Makara-AUV-ROS2/install/makara_interfaces/share/makara_interfaces/cmake/export_makara_interfaces__rosidl_generator_pyExport-noconfig.cmake
[8.539s] -- Installing: /home/swayanshree/projects/Makara-AUV-ROS2/install/makara_interfaces/share/makara_interfaces/cmake/rosidl_cmake-extras.cmake
[8.539s] -- Installing: /home/swayanshree/projects/Makara-AUV-ROS2/install/makara_interfaces/share/makara_interfaces/cmake/ament_cmake_export_dependencies-extras.cmake
[8.539s] -- Installing: /home/swayanshree/projects/Makara-AUV-ROS2/install/makara_interfaces/share/makara_interfaces/cmake/ament_cmake_export_include_directories-extras.cmake
[8.539s] -- Installing: /home/swayanshree/projects/Makara-AUV-ROS2/install/makara_interfaces/share/makara_interfaces/cmake/ament_cmake_export_libraries-extras.cmake
[8.539s] -- Installing: /home/swayanshree/projects/Makara-AUV-ROS2/install/makara_interfaces/share/makara_interfaces/cmake/ament_cmake_export_targets-extras.cmake
[8.539s] -- Installing: /home/swayanshree/projects/Makara-AUV-ROS2/install/makara_interfaces/share/makara_interfaces/cmake/rosidl_cmake_export_typesupport_targets-extras.cmake
[8.539s] -- Installing: /home/swayanshree/projects/Makara-AUV-ROS2/install/makara_interfaces/share/makara_interfaces/cmake/rosidl_cmake_export_typesupport_libraries-extras.cmake
[8.540s] -- Installing: /home/swayanshree/projects/Makara-AUV-ROS2/install/makara_interfaces/share/makara_interfaces/cmake/makara_interfacesConfig.cmake
[8.540s] -- Installing: /home/swayanshree/projects/Makara-AUV-ROS2/install/makara_interfaces/share/makara_interfaces/cmake/makara_interfacesConfig-version.cmake
[8.540s] -- Installing: /home/swayanshree/projects/Makara-AUV-ROS2/install/makara_interfaces/share/makara_interfaces/package.xml
[8.540s] Invoked command in '/home/swayanshree/projects/Makara-AUV-ROS2/build/makara_interfaces' returned '0': CMAKE_PREFIX_PATH=${CMAKE_PREFIX_PATH}:/home/swayanshree/projects/Makara-AUV-ROS2/install/uuv_simulator:/home/swayanshree/projects/Makara-AUV-ROS2/install/makara_serial:/home/swayanshree/projects/Makara-AUV-ROS2/install/hammerhead_serial:/home/swayanshree/projects/Makara-AUV-ROS2/install/data_sync:/home/swayanshree/projects/Makara-AUV-ROS2/install/makara_vision:/home/swayanshree/projects/Makara-AUV-ROS2/install/makara_bringup:/opt/ros/jazzy DEBUGINFOD_URLS=https://debuginfod.ubuntu.com /usr/bin/cmake --install /home/swayanshree/projects/Makara-AUV-ROS2/build/makara_interfaces
