[1.226s] Invoking command in '/home/swayanshree/projects/Makara-AUV-ROS2/src/makara_vision': DEBUGINFOD_URLS=https://debuginfod.ubuntu.com PYTHONPATH=/home/swayanshree/projects/Makara-AUV-ROS2/build/makara_vision/prefix_override:/usr/lib/python3/dist-packages/colcon_core/task/python/colcon_distutils_commands:/home/swayanshree/projects/Makara-AUV-ROS2/install/makara_vision/lib/python3.12/site-packages:${PYTHONPATH} /usr/bin/python3 -W ignore:setup.py install is deprecated -W ignore:easy_install command is deprecated setup.py egg_info --egg-base ../../build/makara_vision build --build-base /home/swayanshree/projects/Makara-AUV-ROS2/build/makara_vision/build install --record /home/swayanshree/projects/Makara-AUV-ROS2/build/makara_vision/install.log --single-version-externally-managed install_data
[1.394s] running egg_info
[1.405s] writing ../../build/makara_vision/makara_vision.egg-info/PKG-INFO
[1.405s] writing dependency_links to ../../build/makara_vision/makara_vision.egg-info/dependency_links.txt
[1.405s] writing entry points to ../../build/makara_vision/makara_vision.egg-info/entry_points.txt
[1.405s] writing requirements to ../../build/makara_vision/makara_vision.egg-info/requires.txt
[1.405s] writing top-level names to ../../build/makara_vision/makara_vision.egg-info/top_level.txt
[1.426s] reading manifest file '../../build/makara_vision/makara_vision.egg-info/SOURCES.txt'
[1.427s] writing manifest file '../../build/makara_vision/makara_vision.egg-info/SOURCES.txt'
[1.427s] running build
[1.427s] running build_py
[1.427s] running install
[1.431s] running install_lib
[1.442s] running install_data
[1.442s] running install_egg_info
[1.454s] removing '/home/swayanshree/projects/Makara-AUV-ROS2/install/makara_vision/lib/python3.12/site-packages/makara_vision-0.0.0-py3.12.egg-info' (and everything under it)
[1.454s] Copying ../../build/makara_vision/makara_vision.egg-info to /home/swayanshree/projects/Makara-AUV-ROS2/install/makara_vision/lib/python3.12/site-packages/makara_vision-0.0.0-py3.12.egg-info
[1.455s] running install_scripts
[1.531s] Installing detector_node script to /home/swayanshree/projects/Makara-AUV-ROS2/install/makara_vision/lib/makara_vision
[1.531s] writing list of installed files to '/home/swayanshree/projects/Makara-AUV-ROS2/build/makara_vision/install.log'
[1.552s] Invoked command in '/home/swayanshree/projects/Makara-AUV-ROS2/src/makara_vision' returned '0': DEBUGINFOD_URLS=https://debuginfod.ubuntu.com PYTHONPATH=/home/swayanshree/projects/Makara-AUV-ROS2/build/makara_vision/prefix_override:/usr/lib/python3/dist-packages/colcon_core/task/python/colcon_distutils_commands:/home/swayanshree/projects/Makara-AUV-ROS2/install/makara_vision/lib/python3.12/site-packages:${PYTHONPATH} /usr/bin/python3 -W ignore:setup.py install is deprecated -W ignore:easy_install command is deprecated setup.py egg_info --egg-base ../../build/makara_vision build --build-base /home/swayanshree/projects/Makara-AUV-ROS2/build/makara_vision/build install --record /home/swayanshree/projects/Makara-AUV-ROS2/build/makara_vision/install.log --single-version-externally-managed install_data
