[0.028s] Invoking command in '/home/swayanshree/projects/Makara-AUV-ROS2/build/StateSpace': CMAKE_PREFIX_PATH=${CMAKE_PREFIX_PATH}:/home/swayanshree/projects/Makara-AUV-ROS2/install/uuv_sensor_ros_plugins:/home/swayanshree/projects/Makara-AUV-ROS2/install/uuv_gazebo_ros_plugins:/home/swayanshree/projects/Makara-AUV-ROS2/install/uuv_descriptions:/home/swayanshree/projects/Makara-AUV-ROS2/install/makara_vision:/home/swayanshree/projects/Makara-AUV-ROS2/install/makara_serial:/home/swayanshree/projects/Makara-AUV-ROS2/install/makara_bringup:/home/swayanshree/projects/Makara-AUV-ROS2/install/hammerhead_serial:/home/swayanshree/projects/Makara-AUV-ROS2/install/data_sync:/opt/ros/jazzy DEBUGINFOD_URLS=https://debuginfod.ubuntu.com /usr/bin/cmake --build /home/swayanshree/projects/Makara-AUV-ROS2/build/StateSpace -- -j16 -l16
[0.826s] Invoked command in '/home/swayanshree/projects/Makara-AUV-ROS2/build/StateSpace' returned '0': CMAKE_PREFIX_PATH=${CMAKE_PREFIX_PATH}:/home/swayanshree/projects/Makara-AUV-ROS2/install/uuv_sensor_ros_plugins:/home/swayanshree/projects/Makara-AUV-ROS2/install/uuv_gazebo_ros_plugins:/home/swayanshree/projects/Makara-AUV-ROS2/install/uuv_descriptions:/home/swayanshree/projects/Makara-AUV-ROS2/install/makara_vision:/home/swayanshree/projects/Makara-AUV-ROS2/install/makara_serial:/home/swayanshree/projects/Makara-AUV-ROS2/install/makara_bringup:/home/swayanshree/projects/Makara-AUV-ROS2/install/hammerhead_serial:/home/swayanshree/projects/Makara-AUV-ROS2/install/data_sync:/opt/ros/jazzy DEBUGINFOD_URLS=https://debuginfod.ubuntu.com /usr/bin/cmake --build /home/swayanshree/projects/Makara-AUV-ROS2/build/StateSpace -- -j16 -l16
[0.827s] Invoking command in '/home/swayanshree/projects/Makara-AUV-ROS2/build/StateSpace': CMAKE_PREFIX_PATH=${CMAKE_PREFIX_PATH}:/home/swayanshree/projects/Makara-AUV-ROS2/install/uuv_sensor_ros_plugins:/home/swayanshree/projects/Makara-AUV-ROS2/install/uuv_gazebo_ros_plugins:/home/swayanshree/projects/Makara-AUV-ROS2/install/uuv_descriptions:/home/swayanshree/projects/Makara-AUV-ROS2/install/makara_vision:/home/swayanshree/projects/Makara-AUV-ROS2/install/makara_serial:/home/swayanshree/projects/Makara-AUV-ROS2/install/makara_bringup:/home/swayanshree/projects/Makara-AUV-ROS2/install/hammerhead_serial:/home/swayanshree/projects/Makara-AUV-ROS2/install/data_sync:/opt/ros/jazzy DEBUGINFOD_URLS=https://debuginfod.ubuntu.com /usr/bin/cmake --install /home/swayanshree/projects/Makara-AUV-ROS2/build/StateSpace
[0.832s] -- Install configuration: ""
[0.836s] -- Up-to-date: /home/swayanshree/projects/Makara-AUV-ROS2/install/StateSpace/lib/StateSpace/complementary_filter.py
[0.837s] -- Up-to-date: /home/swayanshree/projects/Makara-AUV-ROS2/install/StateSpace/lib/StateSpace/ekf_node.py
[0.837s] -- Up-to-date: /home/swayanshree/projects/Makara-AUV-ROS2/install/StateSpace/lib/StateSpace/dummy_sensor_publisher.py
[0.837s] -- Up-to-date: /home/swayanshree/projects/Makara-AUV-ROS2/install/StateSpace/lib/StateSpace/thruster_controller.py
[0.837s] -- Up-to-date: /home/swayanshree/projects/Makara-AUV-ROS2/install/StateSpace/share/StateSpace/launch
[0.837s] -- Up-to-date: /home/swayanshree/projects/Makara-AUV-ROS2/install/StateSpace/share/StateSpace/launch/state_space_launch.py
[0.837s] -- Up-to-date: /home/swayanshree/projects/Makara-AUV-ROS2/install/StateSpace/share/ament_index/resource_index/package_run_dependencies/StateSpace
[0.837s] -- Up-to-date: /home/swayanshree/projects/Makara-AUV-ROS2/install/StateSpace/share/ament_index/resource_index/parent_prefix_path/StateSpace
[0.837s] -- Up-to-date: /home/swayanshree/projects/Makara-AUV-ROS2/install/StateSpace/share/StateSpace/environment/ament_prefix_path.sh
[0.838s] -- Up-to-date: /home/swayanshree/projects/Makara-AUV-ROS2/install/StateSpace/share/StateSpace/environment/ament_prefix_path.dsv
[0.838s] -- Up-to-date: /home/swayanshree/projects/Makara-AUV-ROS2/install/StateSpace/share/StateSpace/environment/path.sh
[0.838s] -- Up-to-date: /home/swayanshree/projects/Makara-AUV-ROS2/install/StateSpace/share/StateSpace/environment/path.dsv
[0.838s] -- Up-to-date: /home/swayanshree/projects/Makara-AUV-ROS2/install/StateSpace/share/StateSpace/local_setup.bash
[0.838s] -- Up-to-date: /home/swayanshree/projects/Makara-AUV-ROS2/install/StateSpace/share/StateSpace/local_setup.sh
[0.838s] -- Up-to-date: /home/swayanshree/projects/Makara-AUV-ROS2/install/StateSpace/share/StateSpace/local_setup.zsh
[0.838s] -- Up-to-date: /home/swayanshree/projects/Makara-AUV-ROS2/install/StateSpace/share/StateSpace/local_setup.dsv
[0.838s] -- Installing: /home/swayanshree/projects/Makara-AUV-ROS2/install/StateSpace/share/StateSpace/package.dsv
[0.839s] -- Up-to-date: /home/swayanshree/projects/Makara-AUV-ROS2/install/StateSpace/share/ament_index/resource_index/packages/StateSpace
[0.839s] -- Up-to-date: /home/swayanshree/projects/Makara-AUV-ROS2/install/StateSpace/share/StateSpace/cmake/StateSpaceConfig.cmake
[0.839s] -- Up-to-date: /home/swayanshree/projects/Makara-AUV-ROS2/install/StateSpace/share/StateSpace/cmake/StateSpaceConfig-version.cmake
[0.839s] -- Up-to-date: /home/swayanshree/projects/Makara-AUV-ROS2/install/StateSpace/share/StateSpace/package.xml
[0.887s] Invoked command in '/home/swayanshree/projects/Makara-AUV-ROS2/build/StateSpace' returned '0': CMAKE_PREFIX_PATH=${CMAKE_PREFIX_PATH}:/home/swayanshree/projects/Makara-AUV-ROS2/install/uuv_sensor_ros_plugins:/home/swayanshree/projects/Makara-AUV-ROS2/install/uuv_gazebo_ros_plugins:/home/swayanshree/projects/Makara-AUV-ROS2/install/uuv_descriptions:/home/swayanshree/projects/Makara-AUV-ROS2/install/makara_vision:/home/swayanshree/projects/Makara-AUV-ROS2/install/makara_serial:/home/swayanshree/projects/Makara-AUV-ROS2/install/makara_bringup:/home/swayanshree/projects/Makara-AUV-ROS2/install/hammerhead_serial:/home/swayanshree/projects/Makara-AUV-ROS2/install/data_sync:/opt/ros/jazzy DEBUGINFOD_URLS=https://debuginfod.ubuntu.com /usr/bin/cmake --install /home/swayanshree/projects/Makara-AUV-ROS2/build/StateSpace
