[0.542s] Invoking command in '/home/swayanshree/projects/Makara-AUV-ROS2/src/makara_serial': CMAKE_PREFIX_PATH=/home/swayanshree/projects/Makara-AUV-ROS2/install/makara_interfaces:/home/swayanshree/projects/Makara-AUV-ROS2/install/makara_control:/home/swayanshree/projects/Makara-AUV-ROS2/install/ardupilot_attitude_control:/home/swayanshree/projects/Makara-AUV-ROS2/install/hammerhead_interfaces:/home/swayanshree/projects/Makara-AUV-ROS2/install/bluerov2_description:/home/swayanshree/projects/Makara-AUV-ROS2/install/auv_description:/home/swayanshree/projects/Makara-AUV-ROS2/install/StateSpace:/opt/ros/jazzy/opt/gz_sim_vendor:/opt/ros/jazzy/opt/gz_sensors_vendor:/opt/ros/jazzy/opt/gz_physics_vendor:/opt/ros/jazzy/opt/sdformat_vendor:/opt/ros/jazzy/opt/gz_gui_vendor:/opt/ros/jazzy/opt/gz_transport_vendor:/opt/ros/jazzy/opt/gz_rendering_vendor:/opt/ros/jazzy/opt/gz_plugin_vendor:/opt/ros/jazzy/opt/gz_fuel_tools_vendor:/opt/ros/jazzy/opt/gz_msgs_vendor:/opt/ros/jazzy/opt/gz_common_vendor:/opt/ros/jazzy/opt/gz_math_vendor:/opt/ros/jazzy/opt/gz_utils_vendor:/opt/ros/jazzy/opt/gz_tools_vendor:/opt/ros/jazzy/opt/gz_ogre_next_vendor:/opt/ros/jazzy/opt/gz_dartsim_vendor:/opt/ros/jazzy/opt/gz_cmake_vendor DEBUGINFOD_URLS=https://debuginfod.ubuntu.com PYTHONPATH=/home/swayanshree/projects/Makara-AUV-ROS2/build/makara_serial/prefix_override:/usr/lib/python3/dist-packages/colcon_core/task/python/colcon_distutils_commands:/home/swayanshree/projects/Makara-AUV-ROS2/install/makara_serial/lib/python3.12/site-packages:/home/swayanshree/projects/Makara-AUV-ROS2/install/makara_interfaces/lib/python3.12/site-packages:/home/swayanshree/projects/Makara-AUV-ROS2/install/uuv_simulator/lib/python3.12/site-packages:/home/swayanshree/projects/Makara-AUV-ROS2/install/makara_serial/lib/python3.12/site-packages:/home/swayanshree/projects/Makara-AUV-ROS2/install/hammerhead_serial/lib/python3.12/site-packages:/home/swayanshree/projects/Makara-AUV-ROS2/install/data_sync/lib/python3.12/site-packages:/home/swayanshree/projects/Makara-AUV-ROS2/install/makara_vision/lib/python3.12/site-packages:/home/swayanshree/projects/Makara-AUV-ROS2/install/makara_bringup/lib/python3.12/site-packages:/home/swayanshree/projects/Makara-AUV-ROS2/install/hammerhead_interfaces/lib/python3.12/site-packages:/opt/ros/jazzy/lib/python3.12/site-packages /usr/bin/python3 -W ignore:setup.py install is deprecated -W ignore:easy_install command is deprecated setup.py egg_info --egg-base ../../build/makara_serial build --build-base /home/swayanshree/projects/Makara-AUV-ROS2/build/makara_serial/build install --record /home/swayanshree/projects/Makara-AUV-ROS2/build/makara_serial/install.log --single-version-externally-managed install_data
[0.698s] running egg_info
[0.699s] creating ../../build/makara_serial/makara_serial.egg-info
[0.710s] writing ../../build/makara_serial/makara_serial.egg-info/PKG-INFO
[0.710s] writing dependency_links to ../../build/makara_serial/makara_serial.egg-info/dependency_links.txt
[0.710s] writing entry points to ../../build/makara_serial/makara_serial.egg-info/entry_points.txt
[0.710s] writing requirements to ../../build/makara_serial/makara_serial.egg-info/requires.txt
[0.710s] writing top-level names to ../../build/makara_serial/makara_serial.egg-info/top_level.txt
[0.710s] writing manifest file '../../build/makara_serial/makara_serial.egg-info/SOURCES.txt'
[0.732s] reading manifest file '../../build/makara_serial/makara_serial.egg-info/SOURCES.txt'
[0.733s] writing manifest file '../../build/makara_serial/makara_serial.egg-info/SOURCES.txt'
[0.733s] running build
[0.733s] running build_py
[0.733s] creating /home/swayanshree/projects/Makara-AUV-ROS2/build/makara_serial/build
[0.733s] creating /home/swayanshree/projects/Makara-AUV-ROS2/build/makara_serial/build/lib
[0.733s] creating /home/swayanshree/projects/Makara-AUV-ROS2/build/makara_serial/build/lib/makara_serial
[0.733s] copying makara_serial/makara_serial_node.py -> /home/swayanshree/projects/Makara-AUV-ROS2/build/makara_serial/build/lib/makara_serial
[0.733s] copying makara_serial/__init__.py -> /home/swayanshree/projects/Makara-AUV-ROS2/build/makara_serial/build/lib/makara_serial
[0.733s] running install
[0.737s] running install_lib
[0.748s] creating /home/swayanshree/projects/Makara-AUV-ROS2/install/makara_serial/lib/python3.12/site-packages/makara_serial
[0.748s] copying /home/swayanshree/projects/Makara-AUV-ROS2/build/makara_serial/build/lib/makara_serial/makara_serial_node.py -> /home/swayanshree/projects/Makara-AUV-ROS2/install/makara_serial/lib/python3.12/site-packages/makara_serial
[0.748s] copying /home/swayanshree/projects/Makara-AUV-ROS2/build/makara_serial/build/lib/makara_serial/__init__.py -> /home/swayanshree/projects/Makara-AUV-ROS2/install/makara_serial/lib/python3.12/site-packages/makara_serial
[0.748s] byte-compiling /home/swayanshree/projects/Makara-AUV-ROS2/install/makara_serial/lib/python3.12/site-packages/makara_serial/makara_serial_node.py to makara_serial_node.cpython-312.pyc
[0.749s] byte-compiling /home/swayanshree/projects/Makara-AUV-ROS2/install/makara_serial/lib/python3.12/site-packages/makara_serial/__init__.py to __init__.cpython-312.pyc
[0.750s] running install_data
[0.750s] creating /home/swayanshree/projects/Makara-AUV-ROS2/install/makara_serial/share/ament_index
[0.750s] creating /home/swayanshree/projects/Makara-AUV-ROS2/install/makara_serial/share/ament_index/resource_index
[0.750s] creating /home/swayanshree/projects/Makara-AUV-ROS2/install/makara_serial/share/ament_index/resource_index/packages
[0.750s] copying resource/makara_serial -> /home/swayanshree/projects/Makara-AUV-ROS2/install/makara_serial/share/ament_index/resource_index/packages
[0.750s] copying package.xml -> /home/swayanshree/projects/Makara-AUV-ROS2/install/makara_serial/share/makara_serial
[0.750s] running install_egg_info
[0.761s] Copying ../../build/makara_serial/makara_serial.egg-info to /home/swayanshree/projects/Makara-AUV-ROS2/install/makara_serial/lib/python3.12/site-packages/makara_serial-0.0.0-py3.12.egg-info
[0.762s] running install_scripts
[0.834s] Installing makara_serial_node script to /home/swayanshree/projects/Makara-AUV-ROS2/install/makara_serial/lib/makara_serial
[0.834s] writing list of installed files to '/home/swayanshree/projects/Makara-AUV-ROS2/build/makara_serial/install.log'
[0.851s] Invoked command in '/home/swayanshree/projects/Makara-AUV-ROS2/src/makara_serial' returned '0': CMAKE_PREFIX_PATH=/home/swayanshree/projects/Makara-AUV-ROS2/install/makara_interfaces:/home/swayanshree/projects/Makara-AUV-ROS2/install/makara_control:/home/swayanshree/projects/Makara-AUV-ROS2/install/ardupilot_attitude_control:/home/swayanshree/projects/Makara-AUV-ROS2/install/hammerhead_interfaces:/home/swayanshree/projects/Makara-AUV-ROS2/install/bluerov2_description:/home/swayanshree/projects/Makara-AUV-ROS2/install/auv_description:/home/swayanshree/projects/Makara-AUV-ROS2/install/StateSpace:/opt/ros/jazzy/opt/gz_sim_vendor:/opt/ros/jazzy/opt/gz_sensors_vendor:/opt/ros/jazzy/opt/gz_physics_vendor:/opt/ros/jazzy/opt/sdformat_vendor:/opt/ros/jazzy/opt/gz_gui_vendor:/opt/ros/jazzy/opt/gz_transport_vendor:/opt/ros/jazzy/opt/gz_rendering_vendor:/opt/ros/jazzy/opt/gz_plugin_vendor:/opt/ros/jazzy/opt/gz_fuel_tools_vendor:/opt/ros/jazzy/opt/gz_msgs_vendor:/opt/ros/jazzy/opt/gz_common_vendor:/opt/ros/jazzy/opt/gz_math_vendor:/opt/ros/jazzy/opt/gz_utils_vendor:/opt/ros/jazzy/opt/gz_tools_vendor:/opt/ros/jazzy/opt/gz_ogre_next_vendor:/opt/ros/jazzy/opt/gz_dartsim_vendor:/opt/ros/jazzy/opt/gz_cmake_vendor DEBUGINFOD_URLS=https://debuginfod.ubuntu.com PYTHONPATH=/home/swayanshree/projects/Makara-AUV-ROS2/build/makara_serial/prefix_override:/usr/lib/python3/dist-packages/colcon_core/task/python/colcon_distutils_commands:/home/swayanshree/projects/Makara-AUV-ROS2/install/makara_serial/lib/python3.12/site-packages:/home/swayanshree/projects/Makara-AUV-ROS2/install/makara_interfaces/lib/python3.12/site-packages:/home/swayanshree/projects/Makara-AUV-ROS2/install/uuv_simulator/lib/python3.12/site-packages:/home/swayanshree/projects/Makara-AUV-ROS2/install/makara_serial/lib/python3.12/site-packages:/home/swayanshree/projects/Makara-AUV-ROS2/install/hammerhead_serial/lib/python3.12/site-packages:/home/swayanshree/projects/Makara-AUV-ROS2/install/data_sync/lib/python3.12/site-packages:/home/swayanshree/projects/Makara-AUV-ROS2/install/makara_vision/lib/python3.12/site-packages:/home/swayanshree/projects/Makara-AUV-ROS2/install/makara_bringup/lib/python3.12/site-packages:/home/swayanshree/projects/Makara-AUV-ROS2/install/hammerhead_interfaces/lib/python3.12/site-packages:/opt/ros/jazzy/lib/python3.12/site-packages /usr/bin/python3 -W ignore:setup.py install is deprecated -W ignore:easy_install command is deprecated setup.py egg_info --egg-base ../../build/makara_serial build --build-base /home/swayanshree/projects/Makara-AUV-ROS2/build/makara_serial/build install --record /home/swayanshree/projects/Makara-AUV-ROS2/build/makara_serial/install.log --single-version-externally-managed install_data
