[0.030s] Invoking command in '/home/swayanshree/projects/Makara-AUV-ROS2/build/makara_interfaces': CMAKE_PREFIX_PATH=${CMAKE_PREFIX_PATH}:/home/swayanshree/projects/Makara-AUV-ROS2/install/uuv_sensor_ros_plugins:/home/swayanshree/projects/Makara-AUV-ROS2/install/uuv_gazebo_ros_plugins:/home/swayanshree/projects/Makara-AUV-ROS2/install/uuv_descriptions:/home/swayanshree/projects/Makara-AUV-ROS2/install/makara_vision:/home/swayanshree/projects/Makara-AUV-ROS2/install/makara_serial:/home/swayanshree/projects/Makara-AUV-ROS2/install/makara_bringup:/home/swayanshree/projects/Makara-AUV-ROS2/install/hammerhead_serial:/home/swayanshree/projects/Makara-AUV-ROS2/install/data_sync:/opt/ros/jazzy DEBUGINFOD_URLS=https://debuginfod.ubuntu.com /usr/bin/cmake --build /home/swayanshree/projects/Makara-AUV-ROS2/build/makara_interfaces -- -j16 -l16
[0.689s] [  1%] Built target makara_interfaces__rosidl_generator_type_description
[0.689s] [  1%] Built target ament_cmake_python_copy_makara_interfaces
[0.689s] [ 27%] Built target makara_interfaces__rosidl_generator_c
[0.689s] [ 27%] Built target makara_interfaces__cpp
[0.689s] [ 37%] Built target makara_interfaces__rosidl_typesupport_introspection_c
[0.689s] [ 55%] Built target makara_interfaces__rosidl_typesupport_c
[0.689s] [ 56%] Built target makara_interfaces__rosidl_typesupport_introspection_cpp
[0.689s] [ 66%] Built target makara_interfaces__rosidl_typesupport_fastrtps_cpp
[0.689s] [ 76%] Built target makara_interfaces__rosidl_typesupport_fastrtps_c
[0.689s] [ 85%] Built target makara_interfaces__rosidl_typesupport_cpp
[0.689s] [ 85%] Built target makara_interfaces
[0.690s] [ 86%] Built target makara_interfaces__py
[0.690s] [ 95%] Built target makara_interfaces__rosidl_generator_py
[0.690s] [ 99%] Built target makara_interfaces_s__rosidl_typesupport_c
[0.690s] [ 99%] Built target makara_interfaces_s__rosidl_typesupport_introspection_c
[0.690s] [100%] Built target makara_interfaces_s__rosidl_typesupport_fastrtps_c
[0.690s] running egg_info
[0.690s] writing makara_interfaces.egg-info/PKG-INFO
[0.690s] writing dependency_links to makara_interfaces.egg-info/dependency_links.txt
[0.690s] writing top-level names to makara_interfaces.egg-info/top_level.txt
[0.690s] reading manifest file 'makara_interfaces.egg-info/SOURCES.txt'
[0.690s] writing manifest file 'makara_interfaces.egg-info/SOURCES.txt'
[0.690s] [100%] Built target ament_cmake_python_build_makara_interfaces_egg
[0.698s] Invoked command in '/home/swayanshree/projects/Makara-AUV-ROS2/build/makara_interfaces' returned '0': CMAKE_PREFIX_PATH=${CMAKE_PREFIX_PATH}:/home/swayanshree/projects/Makara-AUV-ROS2/install/uuv_sensor_ros_plugins:/home/swayanshree/projects/Makara-AUV-ROS2/install/uuv_gazebo_ros_plugins:/home/swayanshree/projects/Makara-AUV-ROS2/install/uuv_descriptions:/home/swayanshree/projects/Makara-AUV-ROS2/install/makara_vision:/home/swayanshree/projects/Makara-AUV-ROS2/install/makara_serial:/home/swayanshree/projects/Makara-AUV-ROS2/install/makara_bringup:/home/swayanshree/projects/Makara-AUV-ROS2/install/hammerhead_serial:/home/swayanshree/projects/Makara-AUV-ROS2/install/data_sync:/opt/ros/jazzy DEBUGINFOD_URLS=https://debuginfod.ubuntu.com /usr/bin/cmake --build /home/swayanshree/projects/Makara-AUV-ROS2/build/makara_interfaces -- -j16 -l16
[0.699s] Invoking command in '/home/swayanshree/projects/Makara-AUV-ROS2/build/makara_interfaces': CMAKE_PREFIX_PATH=${CMAKE_PREFIX_PATH}:/home/swayanshree/projects/Makara-AUV-ROS2/install/uuv_sensor_ros_plugins:/home/swayanshree/projects/Makara-AUV-ROS2/install/uuv_gazebo_ros_plugins:/home/swayanshree/projects/Makara-AUV-ROS2/install/uuv_descriptions:/home/swayanshree/projects/Makara-AUV-ROS2/install/makara_vision:/home/swayanshree/projects/Makara-AUV-ROS2/install/makara_serial:/home/swayanshree/projects/Makara-AUV-ROS2/install/makara_bringup:/home/swayanshree/projects/Makara-AUV-ROS2/install/hammerhead_serial:/home/swayanshree/projects/Makara-AUV-ROS2/install/data_sync:/opt/ros/jazzy DEBUGINFOD_URLS=https://debuginfod.ubuntu.com /usr/bin/cmake --install /home/swayanshree/projects/Makara-AUV-ROS2/build/makara_interfaces
[0.825s] -- Install configuration: ""
[0.825s] -- Up-to-date: /home/swayanshree/projects/Makara-AUV-ROS2/install/makara_interfaces/share/ament_index/resource_index/rosidl_interfaces/makara_interfaces
[0.826s] -- Up-to-date: /home/swayanshree/projects/Makara-AUV-ROS2/install/makara_interfaces/share/makara_interfaces/msg/BatteryStatus.json
[0.826s] -- Up-to-date: /home/swayanshree/projects/Makara-AUV-ROS2/install/makara_interfaces/share/makara_interfaces/msg/Combined.json
[0.826s] -- Up-to-date: /home/swayanshree/projects/Makara-AUV-ROS2/install/makara_interfaces/share/makara_interfaces/msg/Depth.json
[0.826s] -- Up-to-date: /home/swayanshree/projects/Makara-AUV-ROS2/install/makara_interfaces/share/makara_interfaces/msg/InsVel.json
[0.826s] -- Up-to-date: /home/swayanshree/projects/Makara-AUV-ROS2/install/makara_interfaces/share/makara_interfaces/msg/MoveCmd.json
[0.826s] -- Up-to-date: /home/swayanshree/projects/Makara-AUV-ROS2/install/makara_interfaces/share/makara_interfaces/msg/MoveCmds.json
[0.826s] -- Up-to-date: /home/swayanshree/projects/Makara-AUV-ROS2/install/makara_interfaces/share/makara_interfaces/msg/PID.json
[0.826s] -- Up-to-date: /home/swayanshree/projects/Makara-AUV-ROS2/install/makara_interfaces/share/makara_interfaces/msg/Position.json
[0.826s] -- Up-to-date: /home/swayanshree/projects/Makara-AUV-ROS2/install/makara_interfaces/share/makara_interfaces/msg/Setpoint.json
[0.826s] -- Up-to-date: /home/swayanshree/projects/Makara-AUV-ROS2/install/makara_interfaces/share/makara_interfaces/msg/ThrusterSpeeds.json
[0.826s] -- Up-to-date: /home/swayanshree/projects/Makara-AUV-ROS2/install/makara_interfaces/share/makara_interfaces/msg/ThrusterForces.json
[0.826s] -- Up-to-date: /home/swayanshree/projects/Makara-AUV-ROS2/install/makara_interfaces/share/makara_interfaces/msg/VectorNavData.json
[0.826s] -- Up-to-date: /home/swayanshree/projects/Makara-AUV-ROS2/install/makara_interfaces/include/makara_interfaces/makara_interfaces
[0.826s] -- Up-to-date: /home/swayanshree/projects/Makara-AUV-ROS2/install/makara_interfaces/include/makara_interfaces/makara_interfaces/msg
[0.826s] -- Up-to-date: /home/swayanshree/projects/Makara-AUV-ROS2/install/makara_interfaces/include/makara_interfaces/makara_interfaces/msg/position.h
[0.826s] -- Up-to-date: /home/swayanshree/projects/Makara-AUV-ROS2/install/makara_interfaces/include/makara_interfaces/makara_interfaces/msg/rosidl_generator_c__visibility_control.h
[0.826s] -- Up-to-date: /home/swayanshree/projects/Makara-AUV-ROS2/install/makara_interfaces/include/makara_interfaces/makara_interfaces/msg/ins_vel.h
[0.826s] -- Up-to-date: /home/swayanshree/projects/Makara-AUV-ROS2/install/makara_interfaces/include/makara_interfaces/makara_interfaces/msg/thruster_speeds.h
[0.826s] -- Up-to-date: /home/swayanshree/projects/Makara-AUV-ROS2/install/makara_interfaces/include/makara_interfaces/makara_interfaces/msg/move_cmds.h
[0.826s] -- Up-to-date: /home/swayanshree/projects/Makara-AUV-ROS2/install/makara_interfaces/include/makara_interfaces/makara_interfaces/msg/detail
[0.826s] -- Up-to-date: /home/swayanshree/projects/Makara-AUV-ROS2/install/makara_interfaces/include/makara_interfaces/makara_interfaces/msg/detail/ins_vel__functions.h
[0.826s] -- Installing: /home/swayanshree/projects/Makara-AUV-ROS2/install/makara_interfaces/include/makara_interfaces/makara_interfaces/msg/detail/thruster_speeds__type_support.c
[0.826s] -- Up-to-date: /home/swayanshree/projects/Makara-AUV-ROS2/install/makara_interfaces/include/makara_interfaces/makara_interfaces/msg/detail/vector_nav_data__type_support.h
[0.826s] -- Up-to-date: /home/swayanshree/projects/Makara-AUV-ROS2/install/makara_interfaces/include/makara_interfaces/makara_interfaces/msg/detail/ins_vel__description.c
[0.826s] -- Up-to-date: /home/swayanshree/projects/Makara-AUV-ROS2/install/makara_interfaces/include/makara_interfaces/makara_interfaces/msg/detail/move_cmd__type_support.h
[0.826s] -- Installing: /home/swayanshree/projects/Makara-AUV-ROS2/install/makara_interfaces/include/makara_interfaces/makara_interfaces/msg/detail/setpoint__type_support.c
[0.827s] -- Up-to-date: /home/swayanshree/projects/Makara-AUV-ROS2/install/makara_interfaces/include/makara_interfaces/makara_interfaces/msg/detail/pid__description.c
[0.827s] -- Up-to-date: /home/swayanshree/projects/Makara-AUV-ROS2/install/makara_interfaces/include/makara_interfaces/makara_interfaces/msg/detail/vector_nav_data__type_support.c
[0.827s] -- Up-to-date: /home/swayanshree/projects/Makara-AUV-ROS2/install/makara_interfaces/include/makara_interfaces/makara_interfaces/msg/detail/battery_status__type_support.h
[0.827s] -- Up-to-date: /home/swayanshree/projects/Makara-AUV-ROS2/install/makara_interfaces/include/makara_interfaces/makara_interfaces/msg/detail/position__functions.h
[0.827s] -- Installing: /home/swayanshree/projects/Makara-AUV-ROS2/install/makara_interfaces/include/makara_interfaces/makara_interfaces/msg/detail/thruster_forces__type_support.c
[0.828s] -- Up-to-date: /home/swayanshree/projects/Makara-AUV-ROS2/install/makara_interfaces/include/makara_interfaces/makara_interfaces/msg/detail/combined__struct.h
[0.828s] -- Up-to-date: /home/swayanshree/projects/Makara-AUV-ROS2/install/makara_interfaces/include/makara_interfaces/makara_interfaces/msg/detail/thruster_speeds__struct.h
[0.828s] -- Up-to-date: /home/swayanshree/projects/Makara-AUV-ROS2/install/makara_interfaces/include/makara_interfaces/makara_interfaces/msg/detail/vector_nav_data__functions.h
[0.828s] -- Up-to-date: /home/swayanshree/projects/Makara-AUV-ROS2/install/makara_interfaces/include/makara_interfaces/makara_interfaces/msg/detail/move_cmds__type_support.c
[0.828s] -- Up-to-date: /home/swayanshree/projects/Makara-AUV-ROS2/install/makara_interfaces/include/makara_interfaces/makara_interfaces/msg/detail/thruster_speeds__functions.h
[0.828s] -- Up-to-date: /home/swayanshree/projects/Makara-AUV-ROS2/install/makara_interfaces/include/makara_interfaces/makara_interfaces/msg/detail/battery_status__type_support.c
[0.828s] -- Up-to-date: /home/swayanshree/projects/Makara-AUV-ROS2/install/makara_interfaces/include/makara_interfaces/makara_interfaces/msg/detail/ins_vel__type_support.c
[0.828s] -- Up-to-date: /home/swayanshree/projects/Makara-AUV-ROS2/install/makara_interfaces/include/makara_interfaces/makara_interfaces/msg/detail/pid__struct.h
[0.828s] -- Up-to-date: /home/swayanshree/projects/Makara-AUV-ROS2/install/makara_interfaces/include/makara_interfaces/makara_interfaces/msg/detail/vector_nav_data__description.c
[0.828s] -- Up-to-date: /home/swayanshree/projects/Makara-AUV-ROS2/install/makara_interfaces/include/makara_interfaces/makara_interfaces/msg/detail/ins_vel__type_support.h
[0.828s] -- Up-to-date: /home/swayanshree/projects/Makara-AUV-ROS2/install/makara_interfaces/include/makara_interfaces/makara_interfaces/msg/detail/ins_vel__struct.h
[0.828s] -- Up-to-date: /home/swayanshree/projects/Makara-AUV-ROS2/install/makara_interfaces/include/makara_interfaces/makara_interfaces/msg/detail/setpoint__functions.c
[0.828s] -- Up-to-date: /home/swayanshree/projects/Makara-AUV-ROS2/install/makara_interfaces/include/makara_interfaces/makara_interfaces/msg/detail/setpoint__type_support.h
[0.828s] -- Up-to-date: /home/swayanshree/projects/Makara-AUV-ROS2/install/makara_interfaces/include/makara_interfaces/makara_interfaces/msg/detail/battery_status__functions.h
[0.828s] -- Up-to-date: /home/swayanshree/projects/Makara-AUV-ROS2/install/makara_interfaces/include/makara_interfaces/makara_interfaces/msg/detail/position__description.c
[0.828s] -- Up-to-date: /home/swayanshree/projects/Makara-AUV-ROS2/install/makara_interfaces/include/makara_interfaces/makara_interfaces/msg/detail/thruster_forces__functions.c
[0.828s] -- Up-to-date: /home/swayanshree/projects/Makara-AUV-ROS2/install/makara_interfaces/include/makara_interfaces/makara_interfaces/msg/detail/thruster_speeds__type_support.h
[0.828s] -- Up-to-date: /home/swayanshree/projects/Makara-AUV-ROS2/install/makara_interfaces/include/makara_interfaces/makara_interfaces/msg/detail/battery_status__description.c
[0.828s] -- Up-to-date: /home/swayanshree/projects/Makara-AUV-ROS2/install/makara_interfaces/include/makara_interfaces/makara_interfaces/msg/detail/combined__functions.c
[0.828s] -- Up-to-date: /home/swayanshree/projects/Makara-AUV-ROS2/install/makara_interfaces/include/makara_interfaces/makara_interfaces/msg/detail/move_cmd__functions.h
[0.828s] -- Up-to-date: /home/swayanshree/projects/Makara-AUV-ROS2/install/makara_interfaces/include/makara_interfaces/makara_interfaces/msg/detail/vector_nav_data__struct.h
[0.830s] -- Up-to-date: /home/swayanshree/projects/Makara-AUV-ROS2/install/makara_interfaces/include/makara_interfaces/makara_interfaces/msg/detail/combined__type_support.h
[0.830s] -- Up-to-date: /home/swayanshree/projects/Makara-AUV-ROS2/install/makara_interfaces/include/makara_interfaces/makara_interfaces/msg/detail/depth__functions.c
[0.830s] -- Up-to-date: /home/swayanshree/projects/Makara-AUV-ROS2/install/makara_interfaces/include/makara_interfaces/makara_interfaces/msg/detail/combined__description.c
[0.830s] -- Up-to-date: /home/swayanshree/projects/Makara-AUV-ROS2/install/makara_interfaces/include/makara_interfaces/makara_interfaces/msg/detail/thruster_speeds__functions.c
[0.830s] -- Up-to-date: /home/swayanshree/projects/Makara-AUV-ROS2/install/makara_interfaces/include/makara_interfaces/makara_interfaces/msg/detail/move_cmds__description.c
[0.830s] -- Up-to-date: /home/swayanshree/projects/Makara-AUV-ROS2/install/makara_interfaces/include/makara_interfaces/makara_interfaces/msg/detail/move_cmd__struct.h
[0.830s] -- Up-to-date: /home/swayanshree/projects/Makara-AUV-ROS2/install/makara_interfaces/include/makara_interfaces/makara_interfaces/msg/detail/position__type_support.c
[0.830s] -- Up-to-date: /home/swayanshree/projects/Makara-AUV-ROS2/install/makara_interfaces/include/makara_interfaces/makara_interfaces/msg/detail/move_cmds__struct.h
[0.830s] -- Up-to-date: /home/swayanshree/projects/Makara-AUV-ROS2/install/makara_interfaces/include/makara_interfaces/makara_interfaces/msg/detail/thruster_forces__type_support.h
[0.830s] -- Up-to-date: /home/swayanshree/projects/Makara-AUV-ROS2/install/makara_interfaces/include/makara_interfaces/makara_interfaces/msg/detail/thruster_forces__functions.h
[0.830s] -- Up-to-date: /home/swayanshree/projects/Makara-AUV-ROS2/install/makara_interfaces/include/makara_interfaces/makara_interfaces/msg/detail/depth__description.c
[0.830s] -- Up-to-date: /home/swayanshree/projects/Makara-AUV-ROS2/install/makara_interfaces/include/makara_interfaces/makara_interfaces/msg/detail/combined__functions.h
[0.830s] -- Up-to-date: /home/swayanshree/projects/Makara-AUV-ROS2/install/makara_interfaces/include/makara_interfaces/makara_interfaces/msg/detail/setpoint__functions.h
[0.830s] -- Up-to-date: /home/swayanshree/projects/Makara-AUV-ROS2/install/makara_interfaces/include/makara_interfaces/makara_interfaces/msg/detail/vector_nav_data__functions.c
[0.830s] -- Up-to-date: /home/swayanshree/projects/Makara-AUV-ROS2/install/makara_interfaces/include/makara_interfaces/makara_interfaces/msg/detail/move_cmd__type_support.c
[0.830s] -- Up-to-date: /home/swayanshree/projects/Makara-AUV-ROS2/install/makara_interfaces/include/makara_interfaces/makara_interfaces/msg/detail/move_cmds__type_support.h
[0.831s] -- Up-to-date: /home/swayanshree/projects/Makara-AUV-ROS2/install/makara_interfaces/include/makara_interfaces/makara_interfaces/msg/detail/pid__functions.c
[0.831s] -- Up-to-date: /home/swayanshree/projects/Makara-AUV-ROS2/install/makara_interfaces/include/makara_interfaces/makara_interfaces/msg/detail/position__struct.h
[0.831s] -- Up-to-date: /home/swayanshree/projects/Makara-AUV-ROS2/install/makara_interfaces/include/makara_interfaces/makara_interfaces/msg/detail/battery_status__struct.h
[0.831s] -- Up-to-date: /home/swayanshree/projects/Makara-AUV-ROS2/install/makara_interfaces/include/makara_interfaces/makara_interfaces/msg/detail/pid__type_support.h
[0.831s] -- Up-to-date: /home/swayanshree/projects/Makara-AUV-ROS2/install/makara_interfaces/include/makara_interfaces/makara_interfaces/msg/detail/position__functions.c
[0.831s] -- Up-to-date: /home/swayanshree/projects/Makara-AUV-ROS2/install/makara_interfaces/include/makara_interfaces/makara_interfaces/msg/detail/move_cmds__functions.h
[0.831s] -- Up-to-date: /home/swayanshree/projects/Makara-AUV-ROS2/install/makara_interfaces/include/makara_interfaces/makara_interfaces/msg/detail/move_cmds__functions.c
[0.831s] -- Up-to-date: /home/swayanshree/projects/Makara-AUV-ROS2/install/makara_interfaces/include/makara_interfaces/makara_interfaces/msg/detail/depth__struct.h
[0.831s] -- Up-to-date: /home/swayanshree/projects/Makara-AUV-ROS2/install/makara_interfaces/include/makara_interfaces/makara_interfaces/msg/detail/setpoint__description.c
[0.834s] -- Up-to-date: /home/swayanshree/projects/Makara-AUV-ROS2/install/makara_interfaces/include/makara_interfaces/makara_interfaces/msg/detail/depth__type_support.h
[0.834s] -- Up-to-date: /home/swayanshree/projects/Makara-AUV-ROS2/install/makara_interfaces/include/makara_interfaces/makara_interfaces/msg/detail/setpoint__struct.h
[0.834s] -- Up-to-date: /home/swayanshree/projects/Makara-AUV-ROS2/install/makara_interfaces/include/makara_interfaces/makara_interfaces/msg/detail/thruster_forces__struct.h
[0.834s] -- Up-to-date: /home/swayanshree/projects/Makara-AUV-ROS2/install/makara_interfaces/include/makara_interfaces/makara_interfaces/msg/detail/battery_status__functions.c
[0.834s] -- Up-to-date: /home/swayanshree/projects/Makara-AUV-ROS2/install/makara_interfaces/include/makara_interfaces/makara_interfaces/msg/detail/position__type_support.h
[0.834s] -- Up-to-date: /home/swayanshree/projects/Makara-AUV-ROS2/install/makara_interfaces/include/makara_interfaces/makara_interfaces/msg/detail/move_cmd__description.c
[0.834s] -- Up-to-date: /home/swayanshree/projects/Makara-AUV-ROS2/install/makara_interfaces/include/makara_interfaces/makara_interfaces/msg/detail/depth__functions.h
[0.834s] -- Up-to-date: /home/swayanshree/projects/Makara-AUV-ROS2/install/makara_interfaces/include/makara_interfaces/makara_interfaces/msg/detail/move_cmd__functions.c
[0.834s] -- Up-to-date: /home/swayanshree/projects/Makara-AUV-ROS2/install/makara_interfaces/include/makara_interfaces/makara_interfaces/msg/detail/pid__type_support.c
[0.834s] -- Up-to-date: /home/swayanshree/projects/Makara-AUV-ROS2/install/makara_interfaces/include/makara_interfaces/makara_interfaces/msg/detail/ins_vel__functions.c
[0.834s] -- Up-to-date: /home/swayanshree/projects/Makara-AUV-ROS2/install/makara_interfaces/include/makara_interfaces/makara_interfaces/msg/detail/pid__functions.h
[0.834s] -- Up-to-date: /home/swayanshree/projects/Makara-AUV-ROS2/install/makara_interfaces/include/makara_interfaces/makara_interfaces/msg/detail/thruster_speeds__description.c
[0.834s] -- Up-to-date: /home/swayanshree/projects/Makara-AUV-ROS2/install/makara_interfaces/include/makara_interfaces/makara_interfaces/msg/detail/depth__type_support.c
[0.834s] -- Up-to-date: /home/swayanshree/projects/Makara-AUV-ROS2/install/makara_interfaces/include/makara_interfaces/makara_interfaces/msg/detail/combined__type_support.c
[0.834s] -- Up-to-date: /home/swayanshree/projects/Makara-AUV-ROS2/install/makara_interfaces/include/makara_interfaces/makara_interfaces/msg/detail/thruster_forces__description.c
[0.834s] -- Up-to-date: /home/swayanshree/projects/Makara-AUV-ROS2/install/makara_interfaces/include/makara_interfaces/makara_interfaces/msg/vector_nav_data.h
[0.834s] -- Up-to-date: /home/swayanshree/projects/Makara-AUV-ROS2/install/makara_interfaces/include/makara_interfaces/makara_interfaces/msg/move_cmd.h
[0.834s] -- Up-to-date: /home/swayanshree/projects/Makara-AUV-ROS2/install/makara_interfaces/include/makara_interfaces/makara_interfaces/msg/battery_status.h
[0.834s] -- Up-to-date: /home/swayanshree/projects/Makara-AUV-ROS2/install/makara_interfaces/include/makara_interfaces/makara_interfaces/msg/setpoint.h
[0.834s] -- Up-to-date: /home/swayanshree/projects/Makara-AUV-ROS2/install/makara_interfaces/include/makara_interfaces/makara_interfaces/msg/combined.h
[0.834s] -- Up-to-date: /home/swayanshree/projects/Makara-AUV-ROS2/install/makara_interfaces/include/makara_interfaces/makara_interfaces/msg/pid.h
[0.834s] -- Up-to-date: /home/swayanshree/projects/Makara-AUV-ROS2/install/makara_interfaces/include/makara_interfaces/makara_interfaces/msg/depth.h
[0.834s] -- Up-to-date: /home/swayanshree/projects/Makara-AUV-ROS2/install/makara_interfaces/include/makara_interfaces/makara_interfaces/msg/thruster_forces.h
[0.834s] -- Up-to-date: /home/swayanshree/projects/Makara-AUV-ROS2/install/makara_interfaces/share/makara_interfaces/environment/library_path.sh
[0.834s] -- Up-to-date: /home/swayanshree/projects/Makara-AUV-ROS2/install/makara_interfaces/share/makara_interfaces/environment/library_path.dsv
[0.834s] -- Up-to-date: /home/swayanshree/projects/Makara-AUV-ROS2/install/makara_interfaces/lib/libmakara_interfaces__rosidl_generator_c.so
[0.834s] -- Up-to-date: /home/swayanshree/projects/Makara-AUV-ROS2/install/makara_interfaces/include/makara_interfaces/makara_interfaces
[0.834s] -- Up-to-date: /home/swayanshree/projects/Makara-AUV-ROS2/install/makara_interfaces/include/makara_interfaces/makara_interfaces/msg
[0.835s] -- Up-to-date: /home/swayanshree/projects/Makara-AUV-ROS2/install/makara_interfaces/include/makara_interfaces/makara_interfaces/msg/rosidl_typesupport_fastrtps_c__visibility_control.h
[0.835s] -- Up-to-date: /home/swayanshree/projects/Makara-AUV-ROS2/install/makara_interfaces/include/makara_interfaces/makara_interfaces/msg/detail
[0.835s] -- Up-to-date: /home/swayanshree/projects/Makara-AUV-ROS2/install/makara_interfaces/include/makara_interfaces/makara_interfaces/msg/detail/thruster_speeds__rosidl_typesupport_fastrtps_c.h
[0.835s] -- Up-to-date: /home/swayanshree/projects/Makara-AUV-ROS2/install/makara_interfaces/include/makara_interfaces/makara_interfaces/msg/detail/combined__rosidl_typesupport_fastrtps_c.h
[0.835s] -- Up-to-date: /home/swayanshree/projects/Makara-AUV-ROS2/install/makara_interfaces/include/makara_interfaces/makara_interfaces/msg/detail/setpoint__rosidl_typesupport_fastrtps_c.h
[0.835s] -- Up-to-date: /home/swayanshree/projects/Makara-AUV-ROS2/install/makara_interfaces/include/makara_interfaces/makara_interfaces/msg/detail/move_cmds__rosidl_typesupport_fastrtps_c.h
[0.835s] -- Up-to-date: /home/swayanshree/projects/Makara-AUV-ROS2/install/makara_interfaces/include/makara_interfaces/makara_interfaces/msg/detail/ins_vel__rosidl_typesupport_fastrtps_c.h
[0.835s] -- Up-to-date: /home/swayanshree/projects/Makara-AUV-ROS2/install/makara_interfaces/include/makara_interfaces/makara_interfaces/msg/detail/pid__rosidl_typesupport_fastrtps_c.h
[0.835s] -- Up-to-date: /home/swayanshree/projects/Makara-AUV-ROS2/install/makara_interfaces/include/makara_interfaces/makara_interfaces/msg/detail/thruster_forces__rosidl_typesupport_fastrtps_c.h
[0.835s] -- Up-to-date: /home/swayanshree/projects/Makara-AUV-ROS2/install/makara_interfaces/include/makara_interfaces/makara_interfaces/msg/detail/depth__rosidl_typesupport_fastrtps_c.h
[0.835s] -- Up-to-date: /home/swayanshree/projects/Makara-AUV-ROS2/install/makara_interfaces/include/makara_interfaces/makara_interfaces/msg/detail/vector_nav_data__rosidl_typesupport_fastrtps_c.h
[0.835s] -- Up-to-date: /home/swayanshree/projects/Makara-AUV-ROS2/install/makara_interfaces/include/makara_interfaces/makara_interfaces/msg/detail/battery_status__rosidl_typesupport_fastrtps_c.h
[0.835s] -- Up-to-date: /home/swayanshree/projects/Makara-AUV-ROS2/install/makara_interfaces/include/makara_interfaces/makara_interfaces/msg/detail/position__rosidl_typesupport_fastrtps_c.h
[0.835s] -- Up-to-date: /home/swayanshree/projects/Makara-AUV-ROS2/install/makara_interfaces/include/makara_interfaces/makara_interfaces/msg/detail/move_cmd__rosidl_typesupport_fastrtps_c.h
[0.835s] -- Up-to-date: /home/swayanshree/projects/Makara-AUV-ROS2/install/makara_interfaces/lib/libmakara_interfaces__rosidl_typesupport_fastrtps_c.so
[0.835s] -- Up-to-date: /home/swayanshree/projects/Makara-AUV-ROS2/install/makara_interfaces/include/makara_interfaces/makara_interfaces
[0.835s] -- Up-to-date: /home/swayanshree/projects/Makara-AUV-ROS2/install/makara_interfaces/include/makara_interfaces/makara_interfaces/msg
[0.835s] -- Up-to-date: /home/swayanshree/projects/Makara-AUV-ROS2/install/makara_interfaces/include/makara_interfaces/makara_interfaces/msg/detail
[0.835s] -- Installing: /home/swayanshree/projects/Makara-AUV-ROS2/install/makara_interfaces/include/makara_interfaces/makara_interfaces/msg/detail/thruster_speeds__type_support.c
[0.835s] -- Installing: /home/swayanshree/projects/Makara-AUV-ROS2/install/makara_interfaces/include/makara_interfaces/makara_interfaces/msg/detail/setpoint__type_support.c
[0.835s] -- Up-to-date: /home/swayanshree/projects/Makara-AUV-ROS2/install/makara_interfaces/include/makara_interfaces/makara_interfaces/msg/detail/vector_nav_data__type_support.c
[0.835s] -- Installing: /home/swayanshree/projects/Makara-AUV-ROS2/install/makara_interfaces/include/makara_interfaces/makara_interfaces/msg/detail/thruster_forces__type_support.c
[0.836s] -- Up-to-date: /home/swayanshree/projects/Makara-AUV-ROS2/install/makara_interfaces/include/makara_interfaces/makara_interfaces/msg/detail/move_cmds__rosidl_typesupport_introspection_c.h
[0.836s] -- Up-to-date: /home/swayanshree/projects/Makara-AUV-ROS2/install/makara_interfaces/include/makara_interfaces/makara_interfaces/msg/detail/move_cmds__type_support.c
[0.836s] -- Up-to-date: /home/swayanshree/projects/Makara-AUV-ROS2/install/makara_interfaces/include/makara_interfaces/makara_interfaces/msg/detail/setpoint__rosidl_typesupport_introspection_c.h
[0.836s] -- Up-to-date: /home/swayanshree/projects/Makara-AUV-ROS2/install/makara_interfaces/include/makara_interfaces/makara_interfaces/msg/detail/battery_status__rosidl_typesupport_introspection_c.h
[0.836s] -- Up-to-date: /home/swayanshree/projects/Makara-AUV-ROS2/install/makara_interfaces/include/makara_interfaces/makara_interfaces/msg/detail/battery_status__type_support.c
[0.836s] -- Up-to-date: /home/swayanshree/projects/Makara-AUV-ROS2/install/makara_interfaces/include/makara_interfaces/makara_interfaces/msg/detail/ins_vel__type_support.c
[0.836s] -- Up-to-date: /home/swayanshree/projects/Makara-AUV-ROS2/install/makara_interfaces/include/makara_interfaces/makara_interfaces/msg/detail/thruster_speeds__rosidl_typesupport_introspection_c.h
[0.836s] -- Up-to-date: /home/swayanshree/projects/Makara-AUV-ROS2/install/makara_interfaces/include/makara_interfaces/makara_interfaces/msg/detail/pid__rosidl_typesupport_introspection_c.h
[0.836s] -- Up-to-date: /home/swayanshree/projects/Makara-AUV-ROS2/install/makara_interfaces/include/makara_interfaces/makara_interfaces/msg/detail/move_cmd__rosidl_typesupport_introspection_c.h
[0.836s] -- Up-to-date: /home/swayanshree/projects/Makara-AUV-ROS2/install/makara_interfaces/include/makara_interfaces/makara_interfaces/msg/detail/ins_vel__rosidl_typesupport_introspection_c.h
[0.836s] -- Up-to-date: /home/swayanshree/projects/Makara-AUV-ROS2/install/makara_interfaces/include/makara_interfaces/makara_interfaces/msg/detail/position__type_support.c
[0.836s] -- Up-to-date: /home/swayanshree/projects/Makara-AUV-ROS2/install/makara_interfaces/include/makara_interfaces/makara_interfaces/msg/detail/depth__rosidl_typesupport_introspection_c.h
[0.836s] -- Up-to-date: /home/swayanshree/projects/Makara-AUV-ROS2/install/makara_interfaces/include/makara_interfaces/makara_interfaces/msg/detail/move_cmd__type_support.c
[0.836s] -- Up-to-date: /home/swayanshree/projects/Makara-AUV-ROS2/install/makara_interfaces/include/makara_interfaces/makara_interfaces/msg/detail/thruster_forces__rosidl_typesupport_introspection_c.h
[0.836s] -- Up-to-date: /home/swayanshree/projects/Makara-AUV-ROS2/install/makara_interfaces/include/makara_interfaces/makara_interfaces/msg/detail/combined__rosidl_typesupport_introspection_c.h
[0.836s] -- Up-to-date: /home/swayanshree/projects/Makara-AUV-ROS2/install/makara_interfaces/include/makara_interfaces/makara_interfaces/msg/detail/pid__type_support.c
[0.836s] -- Up-to-date: /home/swayanshree/projects/Makara-AUV-ROS2/install/makara_interfaces/include/makara_interfaces/makara_interfaces/msg/detail/depth__type_support.c
[0.836s] -- Up-to-date: /home/swayanshree/projects/Makara-AUV-ROS2/install/makara_interfaces/include/makara_interfaces/makara_interfaces/msg/detail/position__rosidl_typesupport_introspection_c.h
[0.836s] -- Up-to-date: /home/swayanshree/projects/Makara-AUV-ROS2/install/makara_interfaces/include/makara_interfaces/makara_interfaces/msg/detail/vector_nav_data__rosidl_typesupport_introspection_c.h
[0.836s] -- Up-to-date: /home/swayanshree/projects/Makara-AUV-ROS2/install/makara_interfaces/include/makara_interfaces/makara_interfaces/msg/detail/combined__type_support.c
[0.836s] -- Up-to-date: /home/swayanshree/projects/Makara-AUV-ROS2/install/makara_interfaces/include/makara_interfaces/makara_interfaces/msg/rosidl_typesupport_introspection_c__visibility_control.h
[0.836s] -- Up-to-date: /home/swayanshree/projects/Makara-AUV-ROS2/install/makara_interfaces/lib/libmakara_interfaces__rosidl_typesupport_introspection_c.so
[0.836s] -- Up-to-date: /home/swayanshree/projects/Makara-AUV-ROS2/install/makara_interfaces/lib/libmakara_interfaces__rosidl_typesupport_c.so
[0.836s] -- Up-to-date: /home/swayanshree/projects/Makara-AUV-ROS2/install/makara_interfaces/include/makara_interfaces/makara_interfaces
[0.837s] -- Up-to-date: /home/swayanshree/projects/Makara-AUV-ROS2/install/makara_interfaces/include/makara_interfaces/makara_interfaces/msg
[0.837s] -- Up-to-date: /home/swayanshree/projects/Makara-AUV-ROS2/install/makara_interfaces/include/makara_interfaces/makara_interfaces/msg/thruster_forces.hpp
[0.837s] -- Up-to-date: /home/swayanshree/projects/Makara-AUV-ROS2/install/makara_interfaces/include/makara_interfaces/makara_interfaces/msg/move_cmds.hpp
[0.837s] -- Up-to-date: /home/swayanshree/projects/Makara-AUV-ROS2/install/makara_interfaces/include/makara_interfaces/makara_interfaces/msg/move_cmd.hpp
[0.837s] -- Up-to-date: /home/swayanshree/projects/Makara-AUV-ROS2/install/makara_interfaces/include/makara_interfaces/makara_interfaces/msg/detail
[0.837s] -- Up-to-date: /home/swayanshree/projects/Makara-AUV-ROS2/install/makara_interfaces/include/makara_interfaces/makara_interfaces/msg/detail/ins_vel__builder.hpp
[0.837s] -- Up-to-date: /home/swayanshree/projects/Makara-AUV-ROS2/install/makara_interfaces/include/makara_interfaces/makara_interfaces/msg/detail/move_cmds__builder.hpp
[0.837s] -- Up-to-date: /home/swayanshree/projects/Makara-AUV-ROS2/install/makara_interfaces/include/makara_interfaces/makara_interfaces/msg/detail/battery_status__traits.hpp
[0.837s] -- Up-to-date: /home/swayanshree/projects/Makara-AUV-ROS2/install/makara_interfaces/include/makara_interfaces/makara_interfaces/msg/detail/vector_nav_data__traits.hpp
[0.837s] -- Up-to-date: /home/swayanshree/projects/Makara-AUV-ROS2/install/makara_interfaces/include/makara_interfaces/makara_interfaces/msg/detail/position__struct.hpp
[0.837s] -- Up-to-date: /home/swayanshree/projects/Makara-AUV-ROS2/install/makara_interfaces/include/makara_interfaces/makara_interfaces/msg/detail/thruster_forces__struct.hpp
[0.837s] -- Up-to-date: /home/swayanshree/projects/Makara-AUV-ROS2/install/makara_interfaces/include/makara_interfaces/makara_interfaces/msg/detail/move_cmd__builder.hpp
[0.837s] -- Up-to-date: /home/swayanshree/projects/Makara-AUV-ROS2/install/makara_interfaces/include/makara_interfaces/makara_interfaces/msg/detail/move_cmd__traits.hpp
[0.838s] -- Up-to-date: /home/swayanshree/projects/Makara-AUV-ROS2/install/makara_interfaces/include/makara_interfaces/makara_interfaces/msg/detail/thruster_forces__traits.hpp
[0.838s] -- Up-to-date: /home/swayanshree/projects/Makara-AUV-ROS2/install/makara_interfaces/include/makara_interfaces/makara_interfaces/msg/detail/combined__builder.hpp
[0.838s] -- Up-to-date: /home/swayanshree/projects/Makara-AUV-ROS2/install/makara_interfaces/include/makara_interfaces/makara_interfaces/msg/detail/battery_status__builder.hpp
[0.838s] -- Up-to-date: /home/swayanshree/projects/Makara-AUV-ROS2/install/makara_interfaces/include/makara_interfaces/makara_interfaces/msg/detail/pid__type_support.hpp
[0.838s] -- Up-to-date: /home/swayanshree/projects/Makara-AUV-ROS2/install/makara_interfaces/include/makara_interfaces/makara_interfaces/msg/detail/thruster_speeds__struct.hpp
[0.838s] -- Up-to-date: /home/swayanshree/projects/Makara-AUV-ROS2/install/makara_interfaces/include/makara_interfaces/makara_interfaces/msg/detail/depth__struct.hpp
[0.838s] -- Up-to-date: /home/swayanshree/projects/Makara-AUV-ROS2/install/makara_interfaces/include/makara_interfaces/makara_interfaces/msg/detail/depth__traits.hpp
[0.838s] -- Up-to-date: /home/swayanshree/projects/Makara-AUV-ROS2/install/makara_interfaces/include/makara_interfaces/makara_interfaces/msg/detail/combined__traits.hpp
[0.838s] -- Up-to-date: /home/swayanshree/projects/Makara-AUV-ROS2/install/makara_interfaces/include/makara_interfaces/makara_interfaces/msg/detail/position__type_support.hpp
[0.838s] -- Up-to-date: /home/swayanshree/projects/Makara-AUV-ROS2/install/makara_interfaces/include/makara_interfaces/makara_interfaces/msg/detail/move_cmds__struct.hpp
[0.838s] -- Up-to-date: /home/swayanshree/projects/Makara-AUV-ROS2/install/makara_interfaces/include/makara_interfaces/makara_interfaces/msg/detail/ins_vel__struct.hpp
[0.838s] -- Up-to-date: /home/swayanshree/projects/Makara-AUV-ROS2/install/makara_interfaces/include/makara_interfaces/makara_interfaces/msg/detail/setpoint__type_support.hpp
[0.838s] -- Up-to-date: /home/swayanshree/projects/Makara-AUV-ROS2/install/makara_interfaces/include/makara_interfaces/makara_interfaces/msg/detail/combined__type_support.hpp
[0.838s] -- Up-to-date: /home/swayanshree/projects/Makara-AUV-ROS2/install/makara_interfaces/include/makara_interfaces/makara_interfaces/msg/detail/battery_status__struct.hpp
[0.838s] -- Up-to-date: /home/swayanshree/projects/Makara-AUV-ROS2/install/makara_interfaces/include/makara_interfaces/makara_interfaces/msg/detail/position__traits.hpp
[0.838s] -- Up-to-date: /home/swayanshree/projects/Makara-AUV-ROS2/install/makara_interfaces/include/makara_interfaces/makara_interfaces/msg/detail/move_cmds__type_support.hpp
[0.838s] -- Up-to-date: /home/swayanshree/projects/Makara-AUV-ROS2/install/makara_interfaces/include/makara_interfaces/makara_interfaces/msg/detail/position__builder.hpp
[0.838s] -- Up-to-date: /home/swayanshree/projects/Makara-AUV-ROS2/install/makara_interfaces/include/makara_interfaces/makara_interfaces/msg/detail/vector_nav_data__struct.hpp
[0.838s] -- Up-to-date: /home/swayanshree/projects/Makara-AUV-ROS2/install/makara_interfaces/include/makara_interfaces/makara_interfaces/msg/detail/depth__type_support.hpp
[0.839s] -- Up-to-date: /home/swayanshree/projects/Makara-AUV-ROS2/install/makara_interfaces/include/makara_interfaces/makara_interfaces/msg/detail/thruster_speeds__traits.hpp
[0.839s] -- Up-to-date: /home/swayanshree/projects/Makara-AUV-ROS2/install/makara_interfaces/include/makara_interfaces/makara_interfaces/msg/detail/setpoint__struct.hpp
[0.839s] -- Up-to-date: /home/swayanshree/projects/Makara-AUV-ROS2/install/makara_interfaces/include/makara_interfaces/makara_interfaces/msg/detail/setpoint__builder.hpp
[0.839s] -- Up-to-date: /home/swayanshree/projects/Makara-AUV-ROS2/install/makara_interfaces/include/makara_interfaces/makara_interfaces/msg/detail/pid__traits.hpp
[0.839s] -- Up-to-date: /home/swayanshree/projects/Makara-AUV-ROS2/install/makara_interfaces/include/makara_interfaces/makara_interfaces/msg/detail/combined__struct.hpp
[0.839s] -- Up-to-date: /home/swayanshree/projects/Makara-AUV-ROS2/install/makara_interfaces/include/makara_interfaces/makara_interfaces/msg/detail/thruster_speeds__builder.hpp
[0.839s] -- Up-to-date: /home/swayanshree/projects/Makara-AUV-ROS2/install/makara_interfaces/include/makara_interfaces/makara_interfaces/msg/detail/depth__builder.hpp
[0.839s] -- Up-to-date: /home/swayanshree/projects/Makara-AUV-ROS2/install/makara_interfaces/include/makara_interfaces/makara_interfaces/msg/detail/battery_status__type_support.hpp
[0.839s] -- Up-to-date: /home/swayanshree/projects/Makara-AUV-ROS2/install/makara_interfaces/include/makara_interfaces/makara_interfaces/msg/detail/thruster_forces__type_support.hpp
[0.839s] -- Up-to-date: /home/swayanshree/projects/Makara-AUV-ROS2/install/makara_interfaces/include/makara_interfaces/makara_interfaces/msg/detail/move_cmds__traits.hpp
[0.839s] -- Up-to-date: /home/swayanshree/projects/Makara-AUV-ROS2/install/makara_interfaces/include/makara_interfaces/makara_interfaces/msg/detail/pid__builder.hpp
[0.839s] -- Up-to-date: /home/swayanshree/projects/Makara-AUV-ROS2/install/makara_interfaces/include/makara_interfaces/makara_interfaces/msg/detail/thruster_forces__builder.hpp
[0.839s] -- Up-to-date: /home/swayanshree/projects/Makara-AUV-ROS2/install/makara_interfaces/include/makara_interfaces/makara_interfaces/msg/detail/setpoint__traits.hpp
[0.839s] -- Up-to-date: /home/swayanshree/projects/Makara-AUV-ROS2/install/makara_interfaces/include/makara_interfaces/makara_interfaces/msg/detail/ins_vel__traits.hpp
[0.839s] -- Up-to-date: /home/swayanshree/projects/Makara-AUV-ROS2/install/makara_interfaces/include/makara_interfaces/makara_interfaces/msg/detail/move_cmd__struct.hpp
[0.839s] -- Up-to-date: /home/swayanshree/projects/Makara-AUV-ROS2/install/makara_interfaces/include/makara_interfaces/makara_interfaces/msg/detail/pid__struct.hpp
[0.839s] -- Up-to-date: /home/swayanshree/projects/Makara-AUV-ROS2/install/makara_interfaces/include/makara_interfaces/makara_interfaces/msg/detail/vector_nav_data__builder.hpp
[0.839s] -- Up-to-date: /home/swayanshree/projects/Makara-AUV-ROS2/install/makara_interfaces/include/makara_interfaces/makara_interfaces/msg/detail/vector_nav_data__type_support.hpp
[0.839s] -- Up-to-date: /home/swayanshree/projects/Makara-AUV-ROS2/install/makara_interfaces/include/makara_interfaces/makara_interfaces/msg/detail/ins_vel__type_support.hpp
[0.840s] -- Up-to-date: /home/swayanshree/projects/Makara-AUV-ROS2/install/makara_interfaces/include/makara_interfaces/makara_interfaces/msg/detail/move_cmd__type_support.hpp
[0.840s] -- Up-to-date: /home/swayanshree/projects/Makara-AUV-ROS2/install/makara_interfaces/include/makara_interfaces/makara_interfaces/msg/detail/thruster_speeds__type_support.hpp
[0.840s] -- Up-to-date: /home/swayanshree/projects/Makara-AUV-ROS2/install/makara_interfaces/include/makara_interfaces/makara_interfaces/msg/thruster_speeds.hpp
[0.840s] -- Up-to-date: /home/swayanshree/projects/Makara-AUV-ROS2/install/makara_interfaces/include/makara_interfaces/makara_interfaces/msg/combined.hpp
[0.840s] -- Up-to-date: /home/swayanshree/projects/Makara-AUV-ROS2/install/makara_interfaces/include/makara_interfaces/makara_interfaces/msg/depth.hpp
[0.840s] -- Up-to-date: /home/swayanshree/projects/Makara-AUV-ROS2/install/makara_interfaces/include/makara_interfaces/makara_interfaces/msg/battery_status.hpp
[0.840s] -- Up-to-date: /home/swayanshree/projects/Makara-AUV-ROS2/install/makara_interfaces/include/makara_interfaces/makara_interfaces/msg/position.hpp
[0.840s] -- Up-to-date: /home/swayanshree/projects/Makara-AUV-ROS2/install/makara_interfaces/include/makara_interfaces/makara_interfaces/msg/ins_vel.hpp
[0.840s] -- Up-to-date: /home/swayanshree/projects/Makara-AUV-ROS2/install/makara_interfaces/include/makara_interfaces/makara_interfaces/msg/setpoint.hpp
[0.840s] -- Up-to-date: /home/swayanshree/projects/Makara-AUV-ROS2/install/makara_interfaces/include/makara_interfaces/makara_interfaces/msg/vector_nav_data.hpp
[0.840s] -- Up-to-date: /home/swayanshree/projects/Makara-AUV-ROS2/install/makara_interfaces/include/makara_interfaces/makara_interfaces/msg/rosidl_generator_cpp__visibility_control.hpp
[0.840s] -- Up-to-date: /home/swayanshree/projects/Makara-AUV-ROS2/install/makara_interfaces/include/makara_interfaces/makara_interfaces/msg/pid.hpp
[0.840s] -- Up-to-date: /home/swayanshree/projects/Makara-AUV-ROS2/install/makara_interfaces/include/makara_interfaces/makara_interfaces
[0.840s] -- Up-to-date: /home/swayanshree/projects/Makara-AUV-ROS2/install/makara_interfaces/include/makara_interfaces/makara_interfaces/msg
[0.840s] -- Up-to-date: /home/swayanshree/projects/Makara-AUV-ROS2/install/makara_interfaces/include/makara_interfaces/makara_interfaces/msg/rosidl_typesupport_fastrtps_cpp__visibility_control.h
[0.840s] -- Up-to-date: /home/swayanshree/projects/Makara-AUV-ROS2/install/makara_interfaces/include/makara_interfaces/makara_interfaces/msg/detail
[0.841s] -- Up-to-date: /home/swayanshree/projects/Makara-AUV-ROS2/install/makara_interfaces/include/makara_interfaces/makara_interfaces/msg/detail/move_cmd__rosidl_typesupport_fastrtps_cpp.hpp
[0.841s] -- Up-to-date: /home/swayanshree/projects/Makara-AUV-ROS2/install/makara_interfaces/include/makara_interfaces/makara_interfaces/msg/detail/combined__rosidl_typesupport_fastrtps_cpp.hpp
[0.841s] -- Up-to-date: /home/swayanshree/projects/Makara-AUV-ROS2/install/makara_interfaces/include/makara_interfaces/makara_interfaces/msg/detail/ins_vel__rosidl_typesupport_fastrtps_cpp.hpp
[0.841s] -- Up-to-date: /home/swayanshree/projects/Makara-AUV-ROS2/install/makara_interfaces/include/makara_interfaces/makara_interfaces/msg/detail/position__rosidl_typesupport_fastrtps_cpp.hpp
[0.841s] -- Up-to-date: /home/swayanshree/projects/Makara-AUV-ROS2/install/makara_interfaces/include/makara_interfaces/makara_interfaces/msg/detail/thruster_forces__rosidl_typesupport_fastrtps_cpp.hpp
[0.841s] -- Up-to-date: /home/swayanshree/projects/Makara-AUV-ROS2/install/makara_interfaces/include/makara_interfaces/makara_interfaces/msg/detail/pid__rosidl_typesupport_fastrtps_cpp.hpp
[0.841s] -- Up-to-date: /home/swayanshree/projects/Makara-AUV-ROS2/install/makara_interfaces/include/makara_interfaces/makara_interfaces/msg/detail/dds_fastrtps
[0.841s] -- Up-to-date: /home/swayanshree/projects/Makara-AUV-ROS2/install/makara_interfaces/include/makara_interfaces/makara_interfaces/msg/detail/move_cmds__rosidl_typesupport_fastrtps_cpp.hpp
[0.841s] -- Up-to-date: /home/swayanshree/projects/Makara-AUV-ROS2/install/makara_interfaces/include/makara_interfaces/makara_interfaces/msg/detail/thruster_speeds__rosidl_typesupport_fastrtps_cpp.hpp
[0.842s] -- Up-to-date: /home/swayanshree/projects/Makara-AUV-ROS2/install/makara_interfaces/include/makara_interfaces/makara_interfaces/msg/detail/setpoint__rosidl_typesupport_fastrtps_cpp.hpp
[0.842s] -- Up-to-date: /home/swayanshree/projects/Makara-AUV-ROS2/install/makara_interfaces/include/makara_interfaces/makara_interfaces/msg/detail/battery_status__rosidl_typesupport_fastrtps_cpp.hpp
[0.842s] -- Up-to-date: /home/swayanshree/projects/Makara-AUV-ROS2/install/makara_interfaces/include/makara_interfaces/makara_interfaces/msg/detail/depth__rosidl_typesupport_fastrtps_cpp.hpp
[0.842s] -- Up-to-date: /home/swayanshree/projects/Makara-AUV-ROS2/install/makara_interfaces/include/makara_interfaces/makara_interfaces/msg/detail/vector_nav_data__rosidl_typesupport_fastrtps_cpp.hpp
[0.842s] -- Up-to-date: /home/swayanshree/projects/Makara-AUV-ROS2/install/makara_interfaces/lib/libmakara_interfaces__rosidl_typesupport_fastrtps_cpp.so
[0.842s] -- Up-to-date: /home/swayanshree/projects/Makara-AUV-ROS2/install/makara_interfaces/include/makara_interfaces/makara_interfaces
[0.842s] -- Up-to-date: /home/swayanshree/projects/Makara-AUV-ROS2/install/makara_interfaces/include/makara_interfaces/makara_interfaces/msg
[0.842s] -- Up-to-date: /home/swayanshree/projects/Makara-AUV-ROS2/install/makara_interfaces/include/makara_interfaces/makara_interfaces/msg/detail
[0.842s] -- Up-to-date: /home/swayanshree/projects/Makara-AUV-ROS2/install/makara_interfaces/include/makara_interfaces/makara_interfaces/msg/detail/battery_status__type_support.cpp
[0.842s] -- Up-to-date: /home/swayanshree/projects/Makara-AUV-ROS2/install/makara_interfaces/include/makara_interfaces/makara_interfaces/msg/detail/combined__type_support.cpp
[0.842s] -- Up-to-date: /home/swayanshree/projects/Makara-AUV-ROS2/install/makara_interfaces/include/makara_interfaces/makara_interfaces/msg/detail/vector_nav_data__type_support.cpp
[0.842s] -- Up-to-date: /home/swayanshree/projects/Makara-AUV-ROS2/install/makara_interfaces/include/makara_interfaces/makara_interfaces/msg/detail/vector_nav_data__rosidl_typesupport_introspection_cpp.hpp
[0.842s] -- Up-to-date: /home/swayanshree/projects/Makara-AUV-ROS2/install/makara_interfaces/include/makara_interfaces/makara_interfaces/msg/detail/thruster_forces__type_support.cpp
[0.842s] -- Up-to-date: /home/swayanshree/projects/Makara-AUV-ROS2/install/makara_interfaces/include/makara_interfaces/makara_interfaces/msg/detail/move_cmds__type_support.cpp
[0.842s] -- Up-to-date: /home/swayanshree/projects/Makara-AUV-ROS2/install/makara_interfaces/include/makara_interfaces/makara_interfaces/msg/detail/depth__rosidl_typesupport_introspection_cpp.hpp
[0.842s] -- Up-to-date: /home/swayanshree/projects/Makara-AUV-ROS2/install/makara_interfaces/include/makara_interfaces/makara_interfaces/msg/detail/ins_vel__type_support.cpp
[0.842s] -- Up-to-date: /home/swayanshree/projects/Makara-AUV-ROS2/install/makara_interfaces/include/makara_interfaces/makara_interfaces/msg/detail/combined__rosidl_typesupport_introspection_cpp.hpp
[0.842s] -- Up-to-date: /home/swayanshree/projects/Makara-AUV-ROS2/install/makara_interfaces/include/makara_interfaces/makara_interfaces/msg/detail/thruster_speeds__rosidl_typesupport_introspection_cpp.hpp
[0.842s] -- Up-to-date: /home/swayanshree/projects/Makara-AUV-ROS2/install/makara_interfaces/include/makara_interfaces/makara_interfaces/msg/detail/thruster_speeds__type_support.cpp
[0.842s] -- Up-to-date: /home/swayanshree/projects/Makara-AUV-ROS2/install/makara_interfaces/include/makara_interfaces/makara_interfaces/msg/detail/pid__type_support.cpp
[0.843s] -- Up-to-date: /home/swayanshree/projects/Makara-AUV-ROS2/install/makara_interfaces/include/makara_interfaces/makara_interfaces/msg/detail/depth__type_support.cpp
[0.843s] -- Up-to-date: /home/swayanshree/projects/Makara-AUV-ROS2/install/makara_interfaces/include/makara_interfaces/makara_interfaces/msg/detail/setpoint__type_support.cpp
[0.843s] -- Up-to-date: /home/swayanshree/projects/Makara-AUV-ROS2/install/makara_interfaces/include/makara_interfaces/makara_interfaces/msg/detail/ins_vel__rosidl_typesupport_introspection_cpp.hpp
[0.843s] -- Up-to-date: /home/swayanshree/projects/Makara-AUV-ROS2/install/makara_interfaces/include/makara_interfaces/makara_interfaces/msg/detail/thruster_forces__rosidl_typesupport_introspection_cpp.hpp
[0.843s] -- Up-to-date: /home/swayanshree/projects/Makara-AUV-ROS2/install/makara_interfaces/include/makara_interfaces/makara_interfaces/msg/detail/move_cmds__rosidl_typesupport_introspection_cpp.hpp
[0.843s] -- Up-to-date: /home/swayanshree/projects/Makara-AUV-ROS2/install/makara_interfaces/include/makara_interfaces/makara_interfaces/msg/detail/position__type_support.cpp
[0.843s] -- Up-to-date: /home/swayanshree/projects/Makara-AUV-ROS2/install/makara_interfaces/include/makara_interfaces/makara_interfaces/msg/detail/move_cmd__type_support.cpp
[0.843s] -- Up-to-date: /home/swayanshree/projects/Makara-AUV-ROS2/install/makara_interfaces/include/makara_interfaces/makara_interfaces/msg/detail/move_cmd__rosidl_typesupport_introspection_cpp.hpp
[0.843s] -- Up-to-date: /home/swayanshree/projects/Makara-AUV-ROS2/install/makara_interfaces/include/makara_interfaces/makara_interfaces/msg/detail/battery_status__rosidl_typesupport_introspection_cpp.hpp
[0.843s] -- Up-to-date: /home/swayanshree/projects/Makara-AUV-ROS2/install/makara_interfaces/include/makara_interfaces/makara_interfaces/msg/detail/position__rosidl_typesupport_introspection_cpp.hpp
[0.843s] -- Up-to-date: /home/swayanshree/projects/Makara-AUV-ROS2/install/makara_interfaces/include/makara_interfaces/makara_interfaces/msg/detail/pid__rosidl_typesupport_introspection_cpp.hpp
[0.843s] -- Up-to-date: /home/swayanshree/projects/Makara-AUV-ROS2/install/makara_interfaces/include/makara_interfaces/makara_interfaces/msg/detail/setpoint__rosidl_typesupport_introspection_cpp.hpp
[0.843s] -- Up-to-date: /home/swayanshree/projects/Makara-AUV-ROS2/install/makara_interfaces/lib/libmakara_interfaces__rosidl_typesupport_introspection_cpp.so
[0.843s] -- Up-to-date: /home/swayanshree/projects/Makara-AUV-ROS2/install/makara_interfaces/lib/libmakara_interfaces__rosidl_typesupport_cpp.so
[0.843s] -- Up-to-date: /home/swayanshree/projects/Makara-AUV-ROS2/install/makara_interfaces/share/makara_interfaces/environment/pythonpath.sh
[0.843s] -- Up-to-date: /home/swayanshree/projects/Makara-AUV-ROS2/install/makara_interfaces/share/makara_interfaces/environment/pythonpath.dsv
[0.843s] -- Up-to-date: /home/swayanshree/projects/Makara-AUV-ROS2/install/makara_interfaces/lib/python3.12/site-packages/makara_interfaces-0.0.0-py3.12.egg-info
[0.843s] -- Installing: /home/swayanshree/projects/Makara-AUV-ROS2/install/makara_interfaces/lib/python3.12/site-packages/makara_interfaces-0.0.0-py3.12.egg-info/PKG-INFO
[0.843s] -- Installing: /home/swayanshree/projects/Makara-AUV-ROS2/install/makara_interfaces/lib/python3.12/site-packages/makara_interfaces-0.0.0-py3.12.egg-info/dependency_links.txt
[0.843s] -- Installing: /home/swayanshree/projects/Makara-AUV-ROS2/install/makara_interfaces/lib/python3.12/site-packages/makara_interfaces-0.0.0-py3.12.egg-info/SOURCES.txt
[0.843s] -- Installing: /home/swayanshree/projects/Makara-AUV-ROS2/install/makara_interfaces/lib/python3.12/site-packages/makara_interfaces-0.0.0-py3.12.egg-info/top_level.txt
[0.843s] -- Up-to-date: /home/swayanshree/projects/Makara-AUV-ROS2/install/makara_interfaces/lib/python3.12/site-packages/makara_interfaces
[0.843s] -- Up-to-date: /home/swayanshree/projects/Makara-AUV-ROS2/install/makara_interfaces/lib/python3.12/site-packages/makara_interfaces/_makara_interfaces_s.ep.rosidl_typesupport_fastrtps_c.c
[0.843s] -- Up-to-date: /home/swayanshree/projects/Makara-AUV-ROS2/install/makara_interfaces/lib/python3.12/site-packages/makara_interfaces/msg
[0.843s] -- Up-to-date: /home/swayanshree/projects/Makara-AUV-ROS2/install/makara_interfaces/lib/python3.12/site-packages/makara_interfaces/msg/_depth.py
[0.843s] -- Up-to-date: /home/swayanshree/projects/Makara-AUV-ROS2/install/makara_interfaces/lib/python3.12/site-packages/makara_interfaces/msg/_move_cmd.py
[0.843s] -- Up-to-date: /home/swayanshree/projects/Makara-AUV-ROS2/install/makara_interfaces/lib/python3.12/site-packages/makara_interfaces/msg/_vector_nav_data_s.c
[0.843s] -- Up-to-date: /home/swayanshree/projects/Makara-AUV-ROS2/install/makara_interfaces/lib/python3.12/site-packages/makara_interfaces/msg/_thruster_forces.py
[0.843s] -- Up-to-date: /home/swayanshree/projects/Makara-AUV-ROS2/install/makara_interfaces/lib/python3.12/site-packages/makara_interfaces/msg/_battery_status.py
[0.843s] -- Up-to-date: /home/swayanshree/projects/Makara-AUV-ROS2/install/makara_interfaces/lib/python3.12/site-packages/makara_interfaces/msg/_combined.py
[0.843s] -- Up-to-date: /home/swayanshree/projects/Makara-AUV-ROS2/install/makara_interfaces/lib/python3.12/site-packages/makara_interfaces/msg/_vector_nav_data.py
[0.843s] -- Up-to-date: /home/swayanshree/projects/Makara-AUV-ROS2/install/makara_interfaces/lib/python3.12/site-packages/makara_interfaces/msg/_pid_s.c
[0.844s] -- Up-to-date: /home/swayanshree/projects/Makara-AUV-ROS2/install/makara_interfaces/lib/python3.12/site-packages/makara_interfaces/msg/_depth_s.c
[0.844s] -- Up-to-date: /home/swayanshree/projects/Makara-AUV-ROS2/install/makara_interfaces/lib/python3.12/site-packages/makara_interfaces/msg/_combined_s.c
[0.844s] -- Up-to-date: /home/swayanshree/projects/Makara-AUV-ROS2/install/makara_interfaces/lib/python3.12/site-packages/makara_interfaces/msg/_ins_vel_s.c
[0.844s] -- Up-to-date: /home/swayanshree/projects/Makara-AUV-ROS2/install/makara_interfaces/lib/python3.12/site-packages/makara_interfaces/msg/_move_cmds_s.c
[0.844s] -- Up-to-date: /home/swayanshree/projects/Makara-AUV-ROS2/install/makara_interfaces/lib/python3.12/site-packages/makara_interfaces/msg/_move_cmd_s.c
[0.844s] -- Up-to-date: /home/swayanshree/projects/Makara-AUV-ROS2/install/makara_interfaces/lib/python3.12/site-packages/makara_interfaces/msg/_thruster_forces_s.c
[0.844s] -- Up-to-date: /home/swayanshree/projects/Makara-AUV-ROS2/install/makara_interfaces/lib/python3.12/site-packages/makara_interfaces/msg/_ins_vel.py
[0.844s] -- Up-to-date: /home/swayanshree/projects/Makara-AUV-ROS2/install/makara_interfaces/lib/python3.12/site-packages/makara_interfaces/msg/_move_cmds.py
[0.844s] -- Up-to-date: /home/swayanshree/projects/Makara-AUV-ROS2/install/makara_interfaces/lib/python3.12/site-packages/makara_interfaces/msg/_thruster_speeds_s.c
[0.844s] -- Up-to-date: /home/swayanshree/projects/Makara-AUV-ROS2/install/makara_interfaces/lib/python3.12/site-packages/makara_interfaces/msg/_pid.py
[0.844s] -- Up-to-date: /home/swayanshree/projects/Makara-AUV-ROS2/install/makara_interfaces/lib/python3.12/site-packages/makara_interfaces/msg/_battery_status_s.c
[0.844s] -- Up-to-date: /home/swayanshree/projects/Makara-AUV-ROS2/install/makara_interfaces/lib/python3.12/site-packages/makara_interfaces/msg/_setpoint.py
[0.844s] -- Up-to-date: /home/swayanshree/projects/Makara-AUV-ROS2/install/makara_interfaces/lib/python3.12/site-packages/makara_interfaces/msg/_position_s.c
[0.844s] -- Up-to-date: /home/swayanshree/projects/Makara-AUV-ROS2/install/makara_interfaces/lib/python3.12/site-packages/makara_interfaces/msg/_setpoint_s.c
[0.844s] -- Up-to-date: /home/swayanshree/projects/Makara-AUV-ROS2/install/makara_interfaces/lib/python3.12/site-packages/makara_interfaces/msg/_position.py
[0.844s] -- Up-to-date: /home/swayanshree/projects/Makara-AUV-ROS2/install/makara_interfaces/lib/python3.12/site-packages/makara_interfaces/msg/__init__.py
[0.844s] -- Up-to-date: /home/swayanshree/projects/Makara-AUV-ROS2/install/makara_interfaces/lib/python3.12/site-packages/makara_interfaces/msg/_thruster_speeds.py
[0.844s] -- Up-to-date: /home/swayanshree/projects/Makara-AUV-ROS2/install/makara_interfaces/lib/python3.12/site-packages/makara_interfaces/makara_interfaces_s__rosidl_typesupport_introspection_c.so
[0.844s] -- Up-to-date: /home/swayanshree/projects/Makara-AUV-ROS2/install/makara_interfaces/lib/python3.12/site-packages/makara_interfaces/_makara_interfaces_s.ep.rosidl_typesupport_c.c
[0.844s] -- Up-to-date: /home/swayanshree/projects/Makara-AUV-ROS2/install/makara_interfaces/lib/python3.12/site-packages/makara_interfaces/__init__.py
[0.844s] -- Up-to-date: /home/swayanshree/projects/Makara-AUV-ROS2/install/makara_interfaces/lib/python3.12/site-packages/makara_interfaces/_makara_interfaces_s.ep.rosidl_typesupport_introspection_c.c
[0.844s] -- Up-to-date: /home/swayanshree/projects/Makara-AUV-ROS2/install/makara_interfaces/lib/python3.12/site-packages/makara_interfaces/makara_interfaces_s__rosidl_typesupport_c.so
[0.844s] -- Up-to-date: /home/swayanshree/projects/Makara-AUV-ROS2/install/makara_interfaces/lib/python3.12/site-packages/makara_interfaces/makara_interfaces_s__rosidl_typesupport_fastrtps_c.so
[0.857s] Listing '/home/swayanshree/projects/Makara-AUV-ROS2/install/makara_interfaces/lib/python3.12/site-packages/makara_interfaces'...
[0.858s] Listing '/home/swayanshree/projects/Makara-AUV-ROS2/install/makara_interfaces/lib/python3.12/site-packages/makara_interfaces/msg'...
[0.861s] -- Up-to-date: /home/swayanshree/projects/Makara-AUV-ROS2/install/makara_interfaces/lib/python3.12/site-packages/makara_interfaces/makara_interfaces_s__rosidl_typesupport_fastrtps_c.so
[0.862s] -- Up-to-date: /home/swayanshree/projects/Makara-AUV-ROS2/install/makara_interfaces/lib/python3.12/site-packages/makara_interfaces/makara_interfaces_s__rosidl_typesupport_introspection_c.so
[0.864s] -- Up-to-date: /home/swayanshree/projects/Makara-AUV-ROS2/install/makara_interfaces/lib/python3.12/site-packages/makara_interfaces/makara_interfaces_s__rosidl_typesupport_c.so
[0.864s] -- Up-to-date: /home/swayanshree/projects/Makara-AUV-ROS2/install/makara_interfaces/lib/libmakara_interfaces__rosidl_generator_py.so
[0.864s] -- Up-to-date: /home/swayanshree/projects/Makara-AUV-ROS2/install/makara_interfaces/share/makara_interfaces/msg/BatteryStatus.idl
[0.864s] -- Up-to-date: /home/swayanshree/projects/Makara-AUV-ROS2/install/makara_interfaces/share/makara_interfaces/msg/Combined.idl
[0.864s] -- Up-to-date: /home/swayanshree/projects/Makara-AUV-ROS2/install/makara_interfaces/share/makara_interfaces/msg/Depth.idl
[0.864s] -- Up-to-date: /home/swayanshree/projects/Makara-AUV-ROS2/install/makara_interfaces/share/makara_interfaces/msg/InsVel.idl
[0.864s] -- Up-to-date: /home/swayanshree/projects/Makara-AUV-ROS2/install/makara_interfaces/share/makara_interfaces/msg/MoveCmd.idl
[0.864s] -- Up-to-date: /home/swayanshree/projects/Makara-AUV-ROS2/install/makara_interfaces/share/makara_interfaces/msg/MoveCmds.idl
[0.864s] -- Up-to-date: /home/swayanshree/projects/Makara-AUV-ROS2/install/makara_interfaces/share/makara_interfaces/msg/PID.idl
[0.864s] -- Up-to-date: /home/swayanshree/projects/Makara-AUV-ROS2/install/makara_interfaces/share/makara_interfaces/msg/Position.idl
[0.864s] -- Up-to-date: /home/swayanshree/projects/Makara-AUV-ROS2/install/makara_interfaces/share/makara_interfaces/msg/Setpoint.idl
[0.865s] -- Up-to-date: /home/swayanshree/projects/Makara-AUV-ROS2/install/makara_interfaces/share/makara_interfaces/msg/ThrusterSpeeds.idl
[0.865s] -- Up-to-date: /home/swayanshree/projects/Makara-AUV-ROS2/install/makara_interfaces/share/makara_interfaces/msg/ThrusterForces.idl
[0.865s] -- Up-to-date: /home/swayanshree/projects/Makara-AUV-ROS2/install/makara_interfaces/share/makara_interfaces/msg/VectorNavData.idl
[0.865s] -- Up-to-date: /home/swayanshree/projects/Makara-AUV-ROS2/install/makara_interfaces/share/makara_interfaces/msg/BatteryStatus.msg
[0.865s] -- Up-to-date: /home/swayanshree/projects/Makara-AUV-ROS2/install/makara_interfaces/share/makara_interfaces/msg/Combined.msg
[0.865s] -- Up-to-date: /home/swayanshree/projects/Makara-AUV-ROS2/install/makara_interfaces/share/makara_interfaces/msg/Depth.msg
[0.865s] -- Up-to-date: /home/swayanshree/projects/Makara-AUV-ROS2/install/makara_interfaces/share/makara_interfaces/msg/InsVel.msg
[0.865s] -- Up-to-date: /home/swayanshree/projects/Makara-AUV-ROS2/install/makara_interfaces/share/makara_interfaces/msg/MoveCmd.msg
[0.865s] -- Up-to-date: /home/swayanshree/projects/Makara-AUV-ROS2/install/makara_interfaces/share/makara_interfaces/msg/MoveCmds.msg
[0.865s] -- Up-to-date: /home/swayanshree/projects/Makara-AUV-ROS2/install/makara_interfaces/share/makara_interfaces/msg/PID.msg
[0.865s] -- Up-to-date: /home/swayanshree/projects/Makara-AUV-ROS2/install/makara_interfaces/share/makara_interfaces/msg/Position.msg
[0.865s] -- Up-to-date: /home/swayanshree/projects/Makara-AUV-ROS2/install/makara_interfaces/share/makara_interfaces/msg/Setpoint.msg
[0.866s] -- Up-to-date: /home/swayanshree/projects/Makara-AUV-ROS2/install/makara_interfaces/share/makara_interfaces/msg/ThrusterSpeeds.msg
[0.866s] -- Up-to-date: /home/swayanshree/projects/Makara-AUV-ROS2/install/makara_interfaces/share/makara_interfaces/msg/ThrusterForces.msg
[0.867s] -- Up-to-date: /home/swayanshree/projects/Makara-AUV-ROS2/install/makara_interfaces/share/makara_interfaces/msg/VectorNavData.msg
[0.867s] -- Up-to-date: /home/swayanshree/projects/Makara-AUV-ROS2/install/makara_interfaces/share/ament_index/resource_index/package_run_dependencies/makara_interfaces
[0.867s] -- Up-to-date: /home/swayanshree/projects/Makara-AUV-ROS2/install/makara_interfaces/share/ament_index/resource_index/parent_prefix_path/makara_interfaces
[0.867s] -- Up-to-date: /home/swayanshree/projects/Makara-AUV-ROS2/install/makara_interfaces/share/makara_interfaces/environment/ament_prefix_path.sh
[0.867s] -- Up-to-date: /home/swayanshree/projects/Makara-AUV-ROS2/install/makara_interfaces/share/makara_interfaces/environment/ament_prefix_path.dsv
[0.868s] -- Up-to-date: /home/swayanshree/projects/Makara-AUV-ROS2/install/makara_interfaces/share/makara_interfaces/environment/path.sh
[0.869s] -- Up-to-date: /home/swayanshree/projects/Makara-AUV-ROS2/install/makara_interfaces/share/makara_interfaces/environment/path.dsv
[0.869s] -- Up-to-date: /home/swayanshree/projects/Makara-AUV-ROS2/install/makara_interfaces/share/makara_interfaces/local_setup.bash
[0.870s] -- Up-to-date: /home/swayanshree/projects/Makara-AUV-ROS2/install/makara_interfaces/share/makara_interfaces/local_setup.sh
[0.870s] -- Up-to-date: /home/swayanshree/projects/Makara-AUV-ROS2/install/makara_interfaces/share/makara_interfaces/local_setup.zsh
[0.871s] -- Up-to-date: /home/swayanshree/projects/Makara-AUV-ROS2/install/makara_interfaces/share/makara_interfaces/local_setup.dsv
[0.871s] -- Installing: /home/swayanshree/projects/Makara-AUV-ROS2/install/makara_interfaces/share/makara_interfaces/package.dsv
[0.871s] -- Up-to-date: /home/swayanshree/projects/Makara-AUV-ROS2/install/makara_interfaces/share/ament_index/resource_index/packages/makara_interfaces
[0.871s] -- Up-to-date: /home/swayanshree/projects/Makara-AUV-ROS2/install/makara_interfaces/share/makara_interfaces/cmake/export_makara_interfaces__rosidl_generator_cExport.cmake
[0.871s] -- Up-to-date: /home/swayanshree/projects/Makara-AUV-ROS2/install/makara_interfaces/share/makara_interfaces/cmake/export_makara_interfaces__rosidl_generator_cExport-noconfig.cmake
[0.872s] -- Up-to-date: /home/swayanshree/projects/Makara-AUV-ROS2/install/makara_interfaces/share/makara_interfaces/cmake/export_makara_interfaces__rosidl_typesupport_fastrtps_cExport.cmake
[0.872s] -- Up-to-date: /home/swayanshree/projects/Makara-AUV-ROS2/install/makara_interfaces/share/makara_interfaces/cmake/export_makara_interfaces__rosidl_typesupport_fastrtps_cExport-noconfig.cmake
[0.873s] -- Up-to-date: /home/swayanshree/projects/Makara-AUV-ROS2/install/makara_interfaces/share/makara_interfaces/cmake/makara_interfaces__rosidl_typesupport_introspection_cExport.cmake
[0.873s] -- Up-to-date: /home/swayanshree/projects/Makara-AUV-ROS2/install/makara_interfaces/share/makara_interfaces/cmake/makara_interfaces__rosidl_typesupport_introspection_cExport-noconfig.cmake
[0.873s] -- Up-to-date: /home/swayanshree/projects/Makara-AUV-ROS2/install/makara_interfaces/share/makara_interfaces/cmake/makara_interfaces__rosidl_typesupport_cExport.cmake
[0.873s] -- Up-to-date: /home/swayanshree/projects/Makara-AUV-ROS2/install/makara_interfaces/share/makara_interfaces/cmake/makara_interfaces__rosidl_typesupport_cExport-noconfig.cmake
[0.873s] -- Up-to-date: /home/swayanshree/projects/Makara-AUV-ROS2/install/makara_interfaces/share/makara_interfaces/cmake/export_makara_interfaces__rosidl_generator_cppExport.cmake
[0.874s] -- Up-to-date: /home/swayanshree/projects/Makara-AUV-ROS2/install/makara_interfaces/share/makara_interfaces/cmake/export_makara_interfaces__rosidl_typesupport_fastrtps_cppExport.cmake
[0.874s] -- Up-to-date: /home/swayanshree/projects/Makara-AUV-ROS2/install/makara_interfaces/share/makara_interfaces/cmake/export_makara_interfaces__rosidl_typesupport_fastrtps_cppExport-noconfig.cmake
[0.874s] -- Up-to-date: /home/swayanshree/projects/Makara-AUV-ROS2/install/makara_interfaces/share/makara_interfaces/cmake/makara_interfaces__rosidl_typesupport_introspection_cppExport.cmake
[0.874s] -- Up-to-date: /home/swayanshree/projects/Makara-AUV-ROS2/install/makara_interfaces/share/makara_interfaces/cmake/makara_interfaces__rosidl_typesupport_introspection_cppExport-noconfig.cmake
[0.875s] -- Up-to-date: /home/swayanshree/projects/Makara-AUV-ROS2/install/makara_interfaces/share/makara_interfaces/cmake/makara_interfaces__rosidl_typesupport_cppExport.cmake
[0.875s] -- Up-to-date: /home/swayanshree/projects/Makara-AUV-ROS2/install/makara_interfaces/share/makara_interfaces/cmake/makara_interfaces__rosidl_typesupport_cppExport-noconfig.cmake
[0.877s] -- Up-to-date: /home/swayanshree/projects/Makara-AUV-ROS2/install/makara_interfaces/share/makara_interfaces/cmake/export_makara_interfaces__rosidl_generator_pyExport.cmake
[0.877s] -- Up-to-date: /home/swayanshree/projects/Makara-AUV-ROS2/install/makara_interfaces/share/makara_interfaces/cmake/export_makara_interfaces__rosidl_generator_pyExport-noconfig.cmake
[0.877s] -- Up-to-date: /home/swayanshree/projects/Makara-AUV-ROS2/install/makara_interfaces/share/makara_interfaces/cmake/rosidl_cmake-extras.cmake
[0.877s] -- Up-to-date: /home/swayanshree/projects/Makara-AUV-ROS2/install/makara_interfaces/share/makara_interfaces/cmake/ament_cmake_export_dependencies-extras.cmake
[0.878s] -- Up-to-date: /home/swayanshree/projects/Makara-AUV-ROS2/install/makara_interfaces/share/makara_interfaces/cmake/ament_cmake_export_include_directories-extras.cmake
[0.878s] -- Up-to-date: /home/swayanshree/projects/Makara-AUV-ROS2/install/makara_interfaces/share/makara_interfaces/cmake/ament_cmake_export_libraries-extras.cmake
[0.878s] -- Up-to-date: /home/swayanshree/projects/Makara-AUV-ROS2/install/makara_interfaces/share/makara_interfaces/cmake/ament_cmake_export_targets-extras.cmake
[0.879s] -- Up-to-date: /home/swayanshree/projects/Makara-AUV-ROS2/install/makara_interfaces/share/makara_interfaces/cmake/rosidl_cmake_export_typesupport_targets-extras.cmake
[0.879s] -- Up-to-date: /home/swayanshree/projects/Makara-AUV-ROS2/install/makara_interfaces/share/makara_interfaces/cmake/rosidl_cmake_export_typesupport_libraries-extras.cmake
[0.879s] -- Up-to-date: /home/swayanshree/projects/Makara-AUV-ROS2/install/makara_interfaces/share/makara_interfaces/cmake/makara_interfacesConfig.cmake
[0.879s] -- Up-to-date: /home/swayanshree/projects/Makara-AUV-ROS2/install/makara_interfaces/share/makara_interfaces/cmake/makara_interfacesConfig-version.cmake
[0.879s] -- Up-to-date: /home/swayanshree/projects/Makara-AUV-ROS2/install/makara_interfaces/share/makara_interfaces/package.xml
[0.890s] Invoked command in '/home/swayanshree/projects/Makara-AUV-ROS2/build/makara_interfaces' returned '0': CMAKE_PREFIX_PATH=${CMAKE_PREFIX_PATH}:/home/swayanshree/projects/Makara-AUV-ROS2/install/uuv_sensor_ros_plugins:/home/swayanshree/projects/Makara-AUV-ROS2/install/uuv_gazebo_ros_plugins:/home/swayanshree/projects/Makara-AUV-ROS2/install/uuv_descriptions:/home/swayanshree/projects/Makara-AUV-ROS2/install/makara_vision:/home/swayanshree/projects/Makara-AUV-ROS2/install/makara_serial:/home/swayanshree/projects/Makara-AUV-ROS2/install/makara_bringup:/home/swayanshree/projects/Makara-AUV-ROS2/install/hammerhead_serial:/home/swayanshree/projects/Makara-AUV-ROS2/install/data_sync:/opt/ros/jazzy DEBUGINFOD_URLS=https://debuginfod.ubuntu.com /usr/bin/cmake --install /home/swayanshree/projects/Makara-AUV-ROS2/build/makara_interfaces
