-- Install configuration: ""
-- Up-to-date: /home/swayanshree/projects/Makara-AUV-ROS2/install/StateSpace/lib/StateSpace/complementary_filter.py
-- Up-to-date: /home/swayanshree/projects/Makara-AUV-ROS2/install/StateSpace/lib/StateSpace/ekf_node.py
-- Up-to-date: /home/swayanshree/projects/Makara-AUV-ROS2/install/StateSpace/lib/StateSpace/dummy_sensor_publisher.py
-- Up-to-date: /home/swayanshree/projects/Makara-AUV-ROS2/install/StateSpace/lib/StateSpace/thruster_controller.py
-- Up-to-date: /home/swayanshree/projects/Makara-AUV-ROS2/install/StateSpace/share/StateSpace/launch
-- Up-to-date: /home/swayanshree/projects/Makara-AUV-ROS2/install/StateSpace/share/StateSpace/launch/state_space_launch.py
-- Up-to-date: /home/swayanshree/projects/Makara-AUV-ROS2/install/StateSpace/share/ament_index/resource_index/package_run_dependencies/StateSpace
-- Up-to-date: /home/swayanshree/projects/Makara-AUV-ROS2/install/StateSpace/share/ament_index/resource_index/parent_prefix_path/StateSpace
-- Up-to-date: /home/swayanshree/projects/Makara-AUV-ROS2/install/StateSpace/share/StateSpace/environment/ament_prefix_path.sh
-- Up-to-date: /home/swayanshree/projects/Makara-AUV-ROS2/install/StateSpace/share/StateSpace/environment/ament_prefix_path.dsv
-- Up-to-date: /home/swayanshree/projects/Makara-AUV-ROS2/install/StateSpace/share/StateSpace/environment/path.sh
-- Up-to-date: /home/swayanshree/projects/Makara-AUV-ROS2/install/StateSpace/share/StateSpace/environment/path.dsv
-- Up-to-date: /home/swayanshree/projects/Makara-AUV-ROS2/install/StateSpace/share/StateSpace/local_setup.bash
-- Up-to-date: /home/swayanshree/projects/Makara-AUV-ROS2/install/StateSpace/share/StateSpace/local_setup.sh
-- Up-to-date: /home/swayanshree/projects/Makara-AUV-ROS2/install/StateSpace/share/StateSpace/local_setup.zsh
-- Up-to-date: /home/swayanshree/projects/Makara-AUV-ROS2/install/StateSpace/share/StateSpace/local_setup.dsv
-- Up-to-date: /home/swayanshree/projects/Makara-AUV-ROS2/install/StateSpace/share/StateSpace/package.dsv
-- Up-to-date: /home/swayanshree/projects/Makara-AUV-ROS2/install/StateSpace/share/ament_index/resource_index/packages/StateSpace
-- Up-to-date: /home/swayanshree/projects/Makara-AUV-ROS2/install/StateSpace/share/StateSpace/cmake/StateSpaceConfig.cmake
-- Up-to-date: /home/swayanshree/projects/Makara-AUV-ROS2/install/StateSpace/share/StateSpace/cmake/StateSpaceConfig-version.cmake
-- Up-to-date: /home/swayanshree/projects/Makara-AUV-ROS2/install/StateSpace/share/StateSpace/package.xml
