[0.023s] Invoking command in '/home/swayanshree/projects/Makara-AUV-ROS2/build/StateSpace': CMAKE_PREFIX_PATH=${CMAKE_PREFIX_PATH}:/opt/ros/jazzy DEBUGINFOD_URLS=https://debuginfod.ubuntu.com /usr/bin/cmake --build /home/swayanshree/projects/Makara-AUV-ROS2/build/StateSpace -- -j16 -l16
[0.671s] Invoked command in '/home/swayanshree/projects/Makara-AUV-ROS2/build/StateSpace' returned '0': CMAKE_PREFIX_PATH=${CMAKE_PREFIX_PATH}:/opt/ros/jazzy DEBUGINFOD_URLS=https://debuginfod.ubuntu.com /usr/bin/cmake --build /home/swayanshree/projects/Makara-AUV-ROS2/build/StateSpace -- -j16 -l16
[0.672s] Invoking command in '/home/swayanshree/projects/Makara-AUV-ROS2/build/StateSpace': CMAKE_PREFIX_PATH=${CMAKE_PREFIX_PATH}:/opt/ros/jazzy DEBUGINFOD_URLS=https://debuginfod.ubuntu.com /usr/bin/cmake --install /home/swayanshree/projects/Makara-AUV-ROS2/build/StateSpace
[0.794s] -- Install configuration: ""
[0.795s] -- Up-to-date: /home/swayanshree/projects/Makara-AUV-ROS2/install/StateSpace/lib/StateSpace/complementary_filter.py
[0.795s] -- Up-to-date: /home/swayanshree/projects/Makara-AUV-ROS2/install/StateSpace/lib/StateSpace/ekf_node.py
[0.795s] -- Up-to-date: /home/swayanshree/projects/Makara-AUV-ROS2/install/StateSpace/lib/StateSpace/dummy_sensor_publisher.py
[0.795s] -- Up-to-date: /home/swayanshree/projects/Makara-AUV-ROS2/install/StateSpace/lib/StateSpace/thruster_controller.py
[0.795s] -- Up-to-date: /home/swayanshree/projects/Makara-AUV-ROS2/install/StateSpace/share/StateSpace/launch
[0.795s] -- Up-to-date: /home/swayanshree/projects/Makara-AUV-ROS2/install/StateSpace/share/StateSpace/launch/state_space_launch.py
[0.795s] -- Up-to-date: /home/swayanshree/projects/Makara-AUV-ROS2/install/StateSpace/share/ament_index/resource_index/package_run_dependencies/StateSpace
[0.795s] -- Up-to-date: /home/swayanshree/projects/Makara-AUV-ROS2/install/StateSpace/share/ament_index/resource_index/parent_prefix_path/StateSpace
[0.795s] -- Up-to-date: /home/swayanshree/projects/Makara-AUV-ROS2/install/StateSpace/share/StateSpace/environment/ament_prefix_path.sh
[0.795s] -- Up-to-date: /home/swayanshree/projects/Makara-AUV-ROS2/install/StateSpace/share/StateSpace/environment/ament_prefix_path.dsv
[0.795s] -- Up-to-date: /home/swayanshree/projects/Makara-AUV-ROS2/install/StateSpace/share/StateSpace/environment/path.sh
[0.795s] -- Up-to-date: /home/swayanshree/projects/Makara-AUV-ROS2/install/StateSpace/share/StateSpace/environment/path.dsv
[0.795s] -- Up-to-date: /home/swayanshree/projects/Makara-AUV-ROS2/install/StateSpace/share/StateSpace/local_setup.bash
[0.795s] -- Up-to-date: /home/swayanshree/projects/Makara-AUV-ROS2/install/StateSpace/share/StateSpace/local_setup.sh
[0.795s] -- Up-to-date: /home/swayanshree/projects/Makara-AUV-ROS2/install/StateSpace/share/StateSpace/local_setup.zsh
[0.795s] -- Up-to-date: /home/swayanshree/projects/Makara-AUV-ROS2/install/StateSpace/share/StateSpace/local_setup.dsv
[0.795s] -- Up-to-date: /home/swayanshree/projects/Makara-AUV-ROS2/install/StateSpace/share/StateSpace/package.dsv
[0.795s] -- Up-to-date: /home/swayanshree/projects/Makara-AUV-ROS2/install/StateSpace/share/ament_index/resource_index/packages/StateSpace
[0.795s] -- Up-to-date: /home/swayanshree/projects/Makara-AUV-ROS2/install/StateSpace/share/StateSpace/cmake/StateSpaceConfig.cmake
[0.795s] -- Up-to-date: /home/swayanshree/projects/Makara-AUV-ROS2/install/StateSpace/share/StateSpace/cmake/StateSpaceConfig-version.cmake
[0.795s] -- Up-to-date: /home/swayanshree/projects/Makara-AUV-ROS2/install/StateSpace/share/StateSpace/package.xml
[0.824s] Invoked command in '/home/swayanshree/projects/Makara-AUV-ROS2/build/StateSpace' returned '0': CMAKE_PREFIX_PATH=${CMAKE_PREFIX_PATH}:/opt/ros/jazzy DEBUGINFOD_URLS=https://debuginfod.ubuntu.com /usr/bin/cmake --install /home/swayanshree/projects/Makara-AUV-ROS2/build/StateSpace
